Archive member included to satisfy reference by file (symbol)

C:/ti/pdk_am335x_1_0_17/packages/ti/board/lib/evmAM335x/a8/release/ti.board.aa8fg(evmAM335x.oa8fg)
                              C:/ti/pdk_am335x_1_0_17/packages/ti/board/obj/evmAM335x/armv7/adc_test.o (Board_init)
C:/ti/pdk_am335x_1_0_17/packages/ti/board/lib/evmAM335x/a8/release/ti.board.aa8fg(evmAM335x_lld_init.oa8fg)
                              C:/ti/pdk_am335x_1_0_17/packages/ti/board/lib/evmAM335x/a8/release/ti.board.aa8fg(evmAM335x.oa8fg) (Board_uartStdioInit)
C:/ti/pdk_am335x_1_0_17/packages/ti/board/lib/evmAM335x/a8/release/ti.board.aa8fg(evmAM335x_pinmux.oa8fg)
                              C:/ti/pdk_am335x_1_0_17/packages/ti/board/lib/evmAM335x/a8/release/ti.board.aa8fg(evmAM335x.oa8fg) (Board_pinmuxConfig)
C:/ti/pdk_am335x_1_0_17/packages/ti/board/lib/evmAM335x/a8/release/ti.board.aa8fg(am335x_chipdb.oa8fg)
                              C:/ti/pdk_am335x_1_0_17/packages/ti/board/lib/evmAM335x/a8/release/ti.board.aa8fg(evmAM335x_pinmux.oa8fg) (CHIPDBBaseAddress)
C:/ti/pdk_am335x_1_0_17/packages/ti/board/lib/evmAM335x/a8/release/ti.board.aa8fg(am335x_prcm.oa8fg)
                              C:/ti/pdk_am335x_1_0_17/packages/ti/board/lib/evmAM335x/a8/release/ti.board.aa8fg(evmAM335x.oa8fg) (PRCMModuleEnable)
C:/ti/pdk_am335x_1_0_17/packages/ti/board/lib/evmAM335x/a8/release/ti.board.aa8fg(hw_am335x_chipdb.oa8fg)
                              C:/ti/pdk_am335x_1_0_17/packages/ti/board/lib/evmAM335x/a8/release/ti.board.aa8fg(am335x_chipdb.oa8fg) (CHIPDBSpeedGradeProcID)
C:/ti/pdk_am335x_1_0_17/packages/ti/board/lib/evmAM335x/a8/release/ti.board.aa8fg(hw_am335x_chipdb_baseaddr.oa8fg)
                              C:/ti/pdk_am335x_1_0_17/packages/ti/board/lib/evmAM335x/a8/release/ti.board.aa8fg(am335x_chipdb.oa8fg) (gChipDBBaseAddrTable)
C:/ti/pdk_am335x_1_0_17/packages/ti/board/lib/evmAM335x/a8/release/ti.board.aa8fg(hw_am335x_chipdb_interrupt.oa8fg)
                              C:/ti/pdk_am335x_1_0_17/packages/ti/board/lib/evmAM335x/a8/release/ti.board.aa8fg(am335x_chipdb.oa8fg) (gChipDBInterruptTables)
C:/ti/pdk_am335x_1_0_17/packages/ti/board/lib/evmAM335x/a8/release/ti.board.aa8fg(am335x_gpevm_pinmux_data.oa8fg)
                              C:/ti/pdk_am335x_1_0_17/packages/ti/board/lib/evmAM335x/a8/release/ti.board.aa8fg(evmAM335x_pinmux.oa8fg) (gGpevmPinmuxData)
C:/ti/pdk_am335x_1_0_17/packages/ti/board/lib/evmAM335x/a8/release/ti.board.aa8fg(evmAM335x_info.oa8fg)
                              C:/ti/pdk_am335x_1_0_17/packages/ti/board/lib/evmAM335x/a8/release/ti.board.aa8fg(evmAM335x_pinmux.oa8fg) (Board_getProfileInfo)
C:/ti/pdk_am335x_1_0_17/packages/ti/drv/uart/lib/am335x/a8/release/ti.drv.uart.aa8fg(UART_stdio.oa8fg)
                              C:/ti/pdk_am335x_1_0_17/packages/ti/board/lib/evmAM335x/a8/release/ti.board.aa8fg(evmAM335x_lld_init.oa8fg) (UART_stdioInit)
C:/ti/pdk_am335x_1_0_17/packages/ti/drv/uart/lib/am335x/a8/release/ti.drv.uart.aa8fg(UART_ascii_utils.oa8fg)
                              C:/ti/pdk_am335x_1_0_17/packages/ti/drv/uart/lib/am335x/a8/release/ti.drv.uart.aa8fg(UART_stdio.oa8fg) (UART_ASCIIUtils_charToDigit)
C:/ti/pdk_am335x_1_0_17/packages/ti/drv/uart/lib/am335x/a8/release/ti.drv.uart.aa8fg(UART_drv.oa8fg)
                              C:/ti/pdk_am335x_1_0_17/packages/ti/drv/uart/lib/am335x/a8/release/ti.drv.uart.aa8fg(UART_stdio.oa8fg) (UART_close)
C:/ti/pdk_am335x_1_0_17/packages/ti/drv/uart/lib/am335x/a8/release/ti.drv.uart.aa8fg(UART_soc.oa8fg)
                              C:/ti/pdk_am335x_1_0_17/packages/ti/drv/uart/lib/am335x/a8/release/ti.drv.uart.aa8fg(UART_drv.oa8fg) (UART_config)
C:/ti/pdk_am335x_1_0_17/packages/ti/drv/uart/lib/am335x/a8/release/ti.drv.uart.aa8fg(UART_v2.oa8fg)
                              C:/ti/pdk_am335x_1_0_17/packages/ti/drv/uart/lib/am335x/a8/release/ti.drv.uart.aa8fg(UART_soc.oa8fg) (UART_v2_FxnTable)
C:/ti/pdk_am335x_1_0_17/packages/ti/drv/uart/lib/am335x/a8/release/ti.drv.uart.aa8fg(UART_v1.oa8fg)
                              C:/ti/pdk_am335x_1_0_17/packages/ti/drv/uart/lib/am335x/a8/release/ti.drv.uart.aa8fg(UART_soc.oa8fg) (UART_FxnTable_v1)
C:/ti/pdk_am335x_1_0_17/packages/ti/drv/i2c/lib/am335x/a8/release/ti.drv.i2c.aa8fg(I2C_drv.oa8fg)
                              C:/ti/pdk_am335x_1_0_17/packages/ti/board/lib/evmAM335x/a8/release/ti.board.aa8fg(evmAM335x_info.oa8fg) (I2C_close)
C:/ti/pdk_am335x_1_0_17/packages/ti/drv/i2c/lib/am335x/a8/release/ti.drv.i2c.aa8fg(I2C_soc.oa8fg)
                              C:/ti/pdk_am335x_1_0_17/packages/ti/board/lib/evmAM335x/a8/release/ti.board.aa8fg(evmAM335x_lld_init.oa8fg) (I2C_config)
C:/ti/pdk_am335x_1_0_17/packages/ti/drv/i2c/lib/am335x/a8/release/ti.drv.i2c.aa8fg(I2C_v2.oa8fg)
                              C:/ti/pdk_am335x_1_0_17/packages/ti/drv/i2c/lib/am335x/a8/release/ti.drv.i2c.aa8fg(I2C_soc.oa8fg) (I2C_v2_FxnTable)
C:/ti/pdk_am335x_1_0_17/packages/ti/drv/i2c/lib/am335x/a8/release/ti.drv.i2c.aa8fg(I2C_v1.oa8fg)
[...]
Memory Configuration

Name             Origin             Length             Attributes
DDR0             0x80000000         0x40000000
DDR0_MEMTEST     0x80000000         0x00010000
DIAG_MEM         0x402f0400         0x0001fc00         xrwl
SBL_MEM          0x402f0400         0x0001fc00         xrwl
OCMC_RAM         0x40300000         0x00010000         xrwl
*default*        0x00000000         0xffffffff

Linker script and memory map

LOAD C:/ti/pdk_am335x_1_0_17/packages/ti/board/obj/evmAM335x/armv7/adc_test.o
LOAD C:/ti/pdk_am335x_1_0_17/packages/ti/board/obj/evmAM335x/armv7/diag_entry.ao
LOAD C:/ti/pdk_am335x_1_0_17/packages/ti/board/obj/evmAM335x/armv7/intc.o
LOAD C:/ti/pdk_am335x_1_0_17/packages/ti/board/obj/evmAM335x/armv7/cpu.o
LOAD C:/ti/pdk_am335x_1_0_17/packages/ti/board/obj/evmAM335x/armv7/diag_common_cfg.o
LOAD C:/ti/pdk_am335x_1_0_17/packages/ti/board/obj/evmAM335x/armv7/tsc_adc_ss.o

.startcode      0x80000000      0x154
                0x80000000                . = ALIGN (0x4)
 *diag_entry.ao(.text)
 .text          0x80000000      0x154 C:/ti/pdk_am335x_1_0_17/packages/ti/board/obj/evmAM335x/armv7/diag_entry.ao
                0x80000000                Entry
                0x800000bc                SVC_Handler
                0x800000e4                IRQHandler
                0x80000124                FIQHandler
                0x80000128                AbortHandler
                0x80000128                UndefInstHandler

.text           0x80000154     0x78f4
                0x80000154                . = ALIGN (0x4)
 *(.text*)
 .text          0x80000154      0x2ec C:/ti/pdk_am335x_1_0_17/packages/ti/board/obj/evmAM335x/armv7/adc_test.o
                0x80000190                BoardDiag_ADCTest
 .text.startup  0x80000440       0x30 C:/ti/pdk_am335x_1_0_17/packages/ti/board/obj/evmAM335x/armv7/adc_test.o
                0x80000440                main
 .text          0x80000470      0x2bc C:/ti/pdk_am335x_1_0_17/packages/ti/board/obj/evmAM335x/armv7/intc.o
                0x80000488                INTCInit
                0x80000508                INTCConfigIntr
                0x8000059c                INTCEnableIntr
                0x800005d4                INTCDisableIntr
                0x8000060c                INTCEnableCpuIntr
                0x80000634                INTCDisableCpuIntr
                0x80000638                INTCClearIntr
                0x80000668                INTCTriggerSWIntr
                0x80000694                INTCSaveContext
                0x8000069c                INTCRestoreContext
                0x800006a4                INTCCommonIntrHandler
 .text          0x8000072c       0x90 C:/ti/pdk_am335x_1_0_17/packages/ti/board/obj/evmAM335x/armv7/cpu.o
                0x8000072c                CPUSwitchToPrivilegedMode
                0x80000734                CPUSwitchToUserMode
                0x80000748                CPUAbortHandler
                0x8000074c                CPUIntrStatus
                0x80000758                CPUIntrDisable
                0x80000790                CPUIntrEnable
 .text          0x800007bc       0x6c C:/ti/pdk_am335x_1_0_17/packages/ti/board/obj/evmAM335x/armv7/diag_common_cfg.o
                0x800007bc                VectorBaseAddrSet
                0x800007cc                CopyVectorTable
                0x80000810                start_boot
                0x80000820                DIAG_init
 .text          0x80000828      0x7dc C:/ti/pdk_am335x_1_0_17/packages/ti/board/obj/evmAM335x/armv7/tsc_adc_ss.o
                0x80000828                TSCADCGetRevision
                0x80000834                TSCADCClkDivConfig
                0x8000086c                TSCADCSetHwEventMap
                0x80000888                TSCADCSetMode
                0x800008e8                TSCADCStepIdTagEnable
                0x8000090c                TSCADCStepConfigWrProtectEnable
                0x80000930                TSCADCTsIdleStepConfig
                0x80000a38                TSCADCTsChargeStepConfig
                0x80000b40                TSCADCTsChargeStepDelay
                0x80000b5c                TSCADCStepConfig
                0x80000c6c                TSCADCStepFifoConfig
                0x80000cc8                TSCADCStepMode
                0x80000cec                TSCADCStepSamplesAvg
                0x80000d10                TSCADCStepDelayConfig
                0x80000d48                TSCADCStepEnable
                0x80000d70                TSCADCDmaFifoEnable
                0x80000db0                TSCADCAfePowerDown
                0x80000dcc                TSCADCAfePowerUp
                0x80000de0                TSCADCStepRangeCheckEnable
                0x80000e0c                TSCADCGetFifoStepId
                0x80000e2c                TSCADCGetFifoData
                0x80000e48                TSCADCGetFifoWordCount
                0x80000e64                TSCADCIntrClear
                0x80000e70                TSCADCIntrStatus
                0x80000e7c                TSCADCIntrEnable
                0x80000e94                TSCADCIntrDisable
                0x80000eac                TSCADCIntrTrigger
                0x80000ec4                TSCADCIntrRawStatus
                0x80000ed0                TSCADCStatus
                0x80000edc                TSCADCEnable
                0x80000f00                TSCADCSetIdleMode
                0x80000f1c                TSCADCTsWakeupPenEventEnable
                0x80000f40                TSCADCHwPreemptEnable
                0x80000f64                TSCADCSetBias
                0x80000f80                TSCADCSetRange
                0x80000fbc                TSCADCMiscConfig
                0x80000ff0                TSCADCIsDMAFIFOEnabled
 .text.Board_moduleClockInit
                0x80001004      0x1d8 C:/ti/pdk_am335x_1_0_17/packages/ti/board/lib/evmAM335x/a8/release/ti.board.aa8fg(evmAM335x.oa8fg)
                0x80001004                Board_moduleClockInit
 .text.Board_init
                0x800011dc       0x58 C:/ti/pdk_am335x_1_0_17/packages/ti/board/lib/evmAM335x/a8/release/ti.board.aa8fg(evmAM335x.oa8fg)
                0x800011dc                Board_init
 .text.Board_uartStdioInit
                0x80001234       0x1c C:/ti/pdk_am335x_1_0_17/packages/ti/board/lib/evmAM335x/a8/release/ti.board.aa8fg(evmAM335x_lld_init.oa8fg)
                0x80001234                Board_uartStdioInit
 .text.Board_internalInitI2C
                0x80001250       0x6c C:/ti/pdk_am335x_1_0_17/packages/ti/board/lib/evmAM335x/a8/release/ti.board.aa8fg(evmAM335x_lld_init.oa8fg)
                0x80001250                Board_internalInitI2C
 .text.PINMUXModuleConfig
                0x800012bc      0x128 C:/ti/pdk_am335x_1_0_17/packages/ti/board/lib/evmAM335x/a8/release/ti.board.aa8fg(evmAM335x_pinmux.oa8fg)
                0x800012bc                PINMUXModuleConfig
 .text.Board_pinmuxConfig
                0x800013e4      0x15c C:/ti/pdk_am335x_1_0_17/packages/ti/board/lib/evmAM335x/a8/release/ti.board.aa8fg(evmAM335x_pinmux.oa8fg)
                0x800013e4                Board_pinmuxConfig
 .text.CHIPDBBaseAddress
                0x80001540       0x38 C:/ti/pdk_am335x_1_0_17/packages/ti/board/lib/evmAM335x/a8/release/ti.board.aa8fg(am335x_chipdb.oa8fg)
                0x80001540                CHIPDBBaseAddress
 .text.PRCMModuleEnable
                0x80001578     0x11ec C:/ti/pdk_am335x_1_0_17/packages/ti/board/lib/evmAM335x/a8/release/ti.board.aa8fg(am335x_prcm.oa8fg)
                0x80001578                PRCMModuleEnable
 .text.Board_getProfileInfo
                0x80002764       0xd0 C:/ti/pdk_am335x_1_0_17/packages/ti/board/lib/evmAM335x/a8/release/ti.board.aa8fg(evmAM335x_info.oa8fg)
                0x80002764                Board_getProfileInfo
 .text.uart_console_putc
                0x80002834       0x58 C:/ti/pdk_am335x_1_0_17/packages/ti/drv/uart/lib/am335x/a8/release/ti.drv.uart.aa8fg(UART_stdio.oa8fg)
 .text.UART_stdioInit
                0x8000288c       0x90 C:/ti/pdk_am335x_1_0_17/packages/ti/drv/uart/lib/am335x/a8/release/ti.drv.uart.aa8fg(UART_stdio.oa8fg)
                0x8000288c                UART_stdioInit
 .text.UART_dataWrite
                0x8000291c       0x5c C:/ti/pdk_am335x_1_0_17/packages/ti/drv/uart/lib/am335x/a8/release/ti.drv.uart.aa8fg(UART_stdio.oa8fg)
                0x8000291c                UART_dataWrite
 .text.UART_convertVal.constprop.0
                0x80002978      0x16c C:/ti/pdk_am335x_1_0_17/packages/ti/drv/uart/lib/am335x/a8/release/ti.drv.uart.aa8fg(UART_stdio.oa8fg)
 .text.UART_printf
                0x80002ae4      0x2d4 C:/ti/pdk_am335x_1_0_17/packages/ti/drv/uart/lib/am335x/a8/release/ti.drv.uart.aa8fg(UART_stdio.oa8fg)
                0x80002ae4                UART_printf
 .text.UART_init
                0x80002db8       0x6c C:/ti/pdk_am335x_1_0_17/packages/ti/drv/uart/lib/am335x/a8/release/ti.drv.uart.aa8fg(UART_drv.oa8fg)
                0x80002db8                UART_init
 .text.UART_open
                0x80002e24       0x20 C:/ti/pdk_am335x_1_0_17/packages/ti/drv/uart/lib/am335x/a8/release/ti.drv.uart.aa8fg(UART_drv.oa8fg)
                0x80002e24                UART_open
 .text.UART_Params_init
                0x80002e44       0x2c C:/ti/pdk_am335x_1_0_17/packages/ti/drv/uart/lib/am335x/a8/release/ti.drv.uart.aa8fg(UART_drv.oa8fg)
                0x80002e44                UART_Params_init
 .text.UART_write
                0x80002e70        0xc C:/ti/pdk_am335x_1_0_17/packages/ti/drv/uart/lib/am335x/a8/release/ti.drv.uart.aa8fg(UART_drv.oa8fg)
                0x80002e70                UART_write
 .text.UART_writePolling
                0x80002e7c        0xc C:/ti/pdk_am335x_1_0_17/packages/ti/drv/uart/lib/am335x/a8/release/ti.drv.uart.aa8fg(UART_drv.oa8fg)
                0x80002e7c                UART_writePolling
 .text.UART_init_v1
                0x80002e88       0x10 C:/ti/pdk_am335x_1_0_17/packages/ti/drv/uart/lib/am335x/a8/release/ti.drv.uart.aa8fg(UART_v1.oa8fg)
 .text.UART_control_v1
                0x80002e98        0x8 C:/ti/pdk_am335x_1_0_17/packages/ti/drv/uart/lib/am335x/a8/release/ti.drv.uart.aa8fg(UART_v1.oa8fg)
 .text.UART_open_v1
                0x80002ea0      0x31c C:/ti/pdk_am335x_1_0_17/packages/ti/drv/uart/lib/am335x/a8/release/ti.drv.uart.aa8fg(UART_v1.oa8fg)
 .text.UART_close_v1
                0x800031bc       0xb8 C:/ti/pdk_am335x_1_0_17/packages/ti/drv/uart/lib/am335x/a8/release/ti.drv.uart.aa8fg(UART_v1.oa8fg)
 .text.UART_writeCancelNoCB.isra.0
                0x80003274       0x78 C:/ti/pdk_am335x_1_0_17/packages/ti/drv/uart/lib/am335x/a8/release/ti.drv.uart.aa8fg(UART_v1.oa8fg)
 .text.UART_writeCancel_v1
                0x800032ec       0x48 C:/ti/pdk_am335x_1_0_17/packages/ti/drv/uart/lib/am335x/a8/release/ti.drv.uart.aa8fg(UART_v1.oa8fg)
 .text.UART_readCancelNoCB.isra.2
                0x80003334       0x8c C:/ti/pdk_am335x_1_0_17/packages/ti/drv/uart/lib/am335x/a8/release/ti.drv.uart.aa8fg(UART_v1.oa8fg)
 .text.UART_charPut_v1.isra.4
                0x800033c0       0x5c C:/ti/pdk_am335x_1_0_17/packages/ti/drv/uart/lib/am335x/a8/release/ti.drv.uart.aa8fg(UART_v1.oa8fg)
 .text.UART_writePolling_v1
                0x8000341c       0xc0 C:/ti/pdk_am335x_1_0_17/packages/ti/drv/uart/lib/am335x/a8/release/ti.drv.uart.aa8fg(UART_v1.oa8fg)
 .text.UART_write2_v1
                0x800034dc      0x264 C:/ti/pdk_am335x_1_0_17/packages/ti/drv/uart/lib/am335x/a8/release/ti.drv.uart.aa8fg(UART_v1.oa8fg)
 .text.UART_write_v1
                0x80003740       0x7c C:/ti/pdk_am335x_1_0_17/packages/ti/drv/uart/lib/am335x/a8/release/ti.drv.uart.aa8fg(UART_v1.oa8fg)
 .text.UART_readPolling_v1
                0x800037bc      0x12c C:/ti/pdk_am335x_1_0_17/packages/ti/drv/uart/lib/am335x/a8/release/ti.drv.uart.aa8fg(UART_v1.oa8fg)
 .text.UART_v1_callback
                0x800038e8       0x98 C:/ti/pdk_am335x_1_0_17/packages/ti/drv/uart/lib/am335x/a8/release/ti.drv.uart.aa8fg(UART_v1.oa8fg)
                0x800038e8                UART_v1_callback
 .text.UART_read2_v1
                0x80003980      0x274 C:/ti/pdk_am335x_1_0_17/packages/ti/drv/uart/lib/am335x/a8/release/ti.drv.uart.aa8fg(UART_v1.oa8fg)
 .text.UART_read_v1
                0x80003bf4       0x7c C:/ti/pdk_am335x_1_0_17/packages/ti/drv/uart/lib/am335x/a8/release/ti.drv.uart.aa8fg(UART_v1.oa8fg)
 .text.UART_readCancel_v1
                0x80003c70       0x34 C:/ti/pdk_am335x_1_0_17/packages/ti/drv/uart/lib/am335x/a8/release/ti.drv.uart.aa8fg(UART_v1.oa8fg)
 .text.UART_v1_hwiIntFxn
                0x80003ca4      0x544 C:/ti/pdk_am335x_1_0_17/packages/ti/drv/uart/lib/am335x/a8/release/ti.drv.uart.aa8fg(UART_v1.oa8fg)
 .text.I2C_close
                0x800041e8       0x14 C:/ti/pdk_am335x_1_0_17/packages/ti/drv/i2c/lib/am335x/a8/release/ti.drv.i2c.aa8fg(I2C_drv.oa8fg)
                0x800041e8                I2C_close
 .text.I2C_init
                0x800041fc       0x6c C:/ti/pdk_am335x_1_0_17/packages/ti/drv/i2c/lib/am335x/a8/release/ti.drv.i2c.aa8fg(I2C_drv.oa8fg)
                0x800041fc                I2C_init
 .text.I2C_open
                0x80004268       0x20 C:/ti/pdk_am335x_1_0_17/packages/ti/drv/i2c/lib/am335x/a8/release/ti.drv.i2c.aa8fg(I2C_drv.oa8fg)
                0x80004268                I2C_open
 .text.I2C_Params_init
                0x80004288       0x14 C:/ti/pdk_am335x_1_0_17/packages/ti/drv/i2c/lib/am335x/a8/release/ti.drv.i2c.aa8fg(I2C_drv.oa8fg)
                0x80004288                I2C_Params_init
 .text.I2C_transfer
                0x8000429c       0x2c C:/ti/pdk_am335x_1_0_17/packages/ti/drv/i2c/lib/am335x/a8/release/ti.drv.i2c.aa8fg(I2C_drv.oa8fg)
                0x8000429c                I2C_transfer
 .text.I2C_init_v1
                0x800042c8       0x14 C:/ti/pdk_am335x_1_0_17/packages/ti/drv/i2c/lib/am335x/a8/release/ti.drv.i2c.aa8fg(I2C_v1.oa8fg)
 .text.I2C_close_v1
                0x800042dc       0x98 C:/ti/pdk_am335x_1_0_17/packages/ti/drv/i2c/lib/am335x/a8/release/ti.drv.i2c.aa8fg(I2C_v1.oa8fg)
 .text.I2C_open_v1
                0x80004374      0x224 C:/ti/pdk_am335x_1_0_17/packages/ti/drv/i2c/lib/am335x/a8/release/ti.drv.i2c.aa8fg(I2C_v1.oa8fg)
 .text.I2C_transfer_Callback_v1
                0x80004598       0x14 C:/ti/pdk_am335x_1_0_17/packages/ti/drv/i2c/lib/am335x/a8/release/ti.drv.i2c.aa8fg(I2C_v1.oa8fg)
 .text.I2C_v1_waitForPin.isra.2
                0x800045ac       0xcc C:/ti/pdk_am335x_1_0_17/packages/ti/drv/i2c/lib/am335x/a8/release/ti.drv.i2c.aa8fg(I2C_v1.oa8fg)
 .text.I2C_primeTransfer_v1
                0x80004678      0x524 C:/ti/pdk_am335x_1_0_17/packages/ti/drv/i2c/lib/am335x/a8/release/ti.drv.i2c.aa8fg(I2C_v1.oa8fg)
 .text.I2C_v1_complete_curr_transfer
                0x80004b9c       0x8c C:/ti/pdk_am335x_1_0_17/packages/ti/drv/i2c/lib/am335x/a8/release/ti.drv.i2c.aa8fg(I2C_v1.oa8fg)
 .text.I2C_v1_hwiFxn
                0x80004c28      0x528 C:/ti/pdk_am335x_1_0_17/packages/ti/drv/i2c/lib/am335x/a8/release/ti.drv.i2c.aa8fg(I2C_v1.oa8fg)
 .text.I2C_v1_resetCtrl
                0x80005150      0x164 C:/ti/pdk_am335x_1_0_17/packages/ti/drv/i2c/lib/am335x/a8/release/ti.drv.i2c.aa8fg(I2C_v1.oa8fg)
 .text.I2C_v1_recoverBus
                0x800052b4      0x11c C:/ti/pdk_am335x_1_0_17/packages/ti/drv/i2c/lib/am335x/a8/release/ti.drv.i2c.aa8fg(I2C_v1.oa8fg)
 .text.I2C_transfer_v1
                0x800053d0      0x18c C:/ti/pdk_am335x_1_0_17/packages/ti/drv/i2c/lib/am335x/a8/release/ti.drv.i2c.aa8fg(I2C_v1.oa8fg)
 .text.I2C_v1_waitForBb.constprop.5
                0x8000555c       0xbc C:/ti/pdk_am335x_1_0_17/packages/ti/drv/i2c/lib/am335x/a8/release/ti.drv.i2c.aa8fg(I2C_v1.oa8fg)
 .text.I2C_v1_control
                0x80005618      0x238 C:/ti/pdk_am335x_1_0_17/packages/ti/drv/i2c/lib/am335x/a8/release/ti.drv.i2c.aa8fg(I2C_v1.oa8fg)
 .text.I2CMasterInitExpClk
                0x80005850       0xd0 C:/ti/pdk_am335x_1_0_17/packages/ti/csl/lib/am335x/a8/release/ti.csl.aa8fg(i2c.oa8fg)
                0x80005850                I2CMasterInitExpClk
 .text.I2CMasterEnable
                0x80005920       0x1c C:/ti/pdk_am335x_1_0_17/packages/ti/csl/lib/am335x/a8/release/ti.csl.aa8fg(i2c.oa8fg)
                0x80005920                I2CMasterEnable
 .text.I2CMasterEnableFreeRun
                0x8000593c       0x1c C:/ti/pdk_am335x_1_0_17/packages/ti/csl/lib/am335x/a8/release/ti.csl.aa8fg(i2c.oa8fg)
                0x8000593c                I2CMasterEnableFreeRun
 .text.I2CMasterSetSysTest
                0x80005958        0xc C:/ti/pdk_am335x_1_0_17/packages/ti/csl/lib/am335x/a8/release/ti.csl.aa8fg(i2c.oa8fg)
                0x80005958                I2CMasterSetSysTest
 .text.I2CMasterGetSysTest
                0x80005964        0xc C:/ti/pdk_am335x_1_0_17/packages/ti/csl/lib/am335x/a8/release/ti.csl.aa8fg(i2c.oa8fg)
                0x80005964                I2CMasterGetSysTest
 .text.I2CMasterDisable
                0x80005970       0x14 C:/ti/pdk_am335x_1_0_17/packages/ti/csl/lib/am335x/a8/release/ti.csl.aa8fg(i2c.oa8fg)
                0x80005970                I2CMasterDisable
 .text.I2CMasterBusBusy
                0x80005984       0x10 C:/ti/pdk_am335x_1_0_17/packages/ti/csl/lib/am335x/a8/release/ti.csl.aa8fg(i2c.oa8fg)
                0x80005984                I2CMasterBusBusy
 .text.I2CMasterControl
                0x80005994       0x10 C:/ti/pdk_am335x_1_0_17/packages/ti/csl/lib/am335x/a8/release/ti.csl.aa8fg(i2c.oa8fg)
                0x80005994                I2CMasterControl
 .text.I2CMasterStart
                0x800059a4       0x1c C:/ti/pdk_am335x_1_0_17/packages/ti/csl/lib/am335x/a8/release/ti.csl.aa8fg(i2c.oa8fg)
                0x800059a4                I2CMasterStart
 .text.I2CMasterStop
                0x800059c0       0x1c C:/ti/pdk_am335x_1_0_17/packages/ti/csl/lib/am335x/a8/release/ti.csl.aa8fg(i2c.oa8fg)
                0x800059c0                I2CMasterStop
 .text.I2CMasterIntEnableEx
                0x800059dc       0x18 C:/ti/pdk_am335x_1_0_17/packages/ti/csl/lib/am335x/a8/release/ti.csl.aa8fg(i2c.oa8fg)
                0x800059dc                I2CMasterIntEnableEx
 .text.I2CSlaveIntEnableEx
                0x800059f4        0x4 C:/ti/pdk_am335x_1_0_17/packages/ti/csl/lib/am335x/a8/release/ti.csl.aa8fg(i2c.oa8fg)
                0x800059f4                I2CSlaveIntEnableEx
 .text.I2CMasterIntDisableEx
                0x800059f8        0xc C:/ti/pdk_am335x_1_0_17/packages/ti/csl/lib/am335x/a8/release/ti.csl.aa8fg(i2c.oa8fg)
                0x800059f8                I2CMasterIntDisableEx
 .text.I2CSlaveIntDisableEx
                0x80005a04        0xc C:/ti/pdk_am335x_1_0_17/packages/ti/csl/lib/am335x/a8/release/ti.csl.aa8fg(i2c.oa8fg)
                0x80005a04                I2CSlaveIntDisableEx
 .text.I2CMasterIntStatus
                0x80005a10        0xc C:/ti/pdk_am335x_1_0_17/packages/ti/csl/lib/am335x/a8/release/ti.csl.aa8fg(i2c.oa8fg)
                0x80005a10                I2CMasterIntStatus
 .text.I2CMasterIntRawStatus
                0x80005a1c        0xc C:/ti/pdk_am335x_1_0_17/packages/ti/csl/lib/am335x/a8/release/ti.csl.aa8fg(i2c.oa8fg)
                0x80005a1c                I2CMasterIntRawStatus
 .text.I2CSlaveIntRawStatus
                0x80005a28        0xc C:/ti/pdk_am335x_1_0_17/packages/ti/csl/lib/am335x/a8/release/ti.csl.aa8fg(i2c.oa8fg)
                0x80005a28                I2CSlaveIntRawStatus
 .text.I2CMasterIntRawStatusEx
                0x80005a34       0x10 C:/ti/pdk_am335x_1_0_17/packages/ti/csl/lib/am335x/a8/release/ti.csl.aa8fg(i2c.oa8fg)
                0x80005a34                I2CMasterIntRawStatusEx
 .text.I2CMasterIntClearEx
                0x80005a44        0xc C:/ti/pdk_am335x_1_0_17/packages/ti/csl/lib/am335x/a8/release/ti.csl.aa8fg(i2c.oa8fg)
                0x80005a44                I2CMasterIntClearEx
 .text.I2CSlaveIntClearEx
                0x80005a50        0xc C:/ti/pdk_am335x_1_0_17/packages/ti/csl/lib/am335x/a8/release/ti.csl.aa8fg(i2c.oa8fg)
                0x80005a50                I2CSlaveIntClearEx
 .text.I2CGetEnabledIntStatus
                0x80005a5c       0x10 C:/ti/pdk_am335x_1_0_17/packages/ti/csl/lib/am335x/a8/release/ti.csl.aa8fg(i2c.oa8fg)
                0x80005a5c                I2CGetEnabledIntStatus
 .text.I2CMasterSlaveAddrSet
                0x80005a6c        0xc C:/ti/pdk_am335x_1_0_17/packages/ti/csl/lib/am335x/a8/release/ti.csl.aa8fg(i2c.oa8fg)
                0x80005a6c                I2CMasterSlaveAddrSet
 .text.I2CSetDataCount
                0x80005a78        0xc C:/ti/pdk_am335x_1_0_17/packages/ti/csl/lib/am335x/a8/release/ti.csl.aa8fg(i2c.oa8fg)
                0x80005a78                I2CSetDataCount
 .text.I2CDataCountGet
                0x80005a84        0xc C:/ti/pdk_am335x_1_0_17/packages/ti/csl/lib/am335x/a8/release/ti.csl.aa8fg(i2c.oa8fg)
                0x80005a84                I2CDataCountGet
 .text.I2CFIFOClear
                0x80005a90       0x24 C:/ti/pdk_am335x_1_0_17/packages/ti/csl/lib/am335x/a8/release/ti.csl.aa8fg(i2c.oa8fg)
                0x80005a90                I2CFIFOClear
 .text.I2CBufferStatus
                0x80005ab4       0x4c C:/ti/pdk_am335x_1_0_17/packages/ti/csl/lib/am335x/a8/release/ti.csl.aa8fg(i2c.oa8fg)
                0x80005ab4                I2CBufferStatus
 .text.I2COwnAddressSet
                0x80005b00       0x4c C:/ti/pdk_am335x_1_0_17/packages/ti/csl/lib/am335x/a8/release/ti.csl.aa8fg(i2c.oa8fg)
                0x80005b00                I2COwnAddressSet
 .text.I2CSoftReset
                0x80005b4c       0x1c C:/ti/pdk_am335x_1_0_17/packages/ti/csl/lib/am335x/a8/release/ti.csl.aa8fg(i2c.oa8fg)
                0x80005b4c                I2CSoftReset
 .text.I2CAutoIdleDisable
                0x80005b68       0x14 C:/ti/pdk_am335x_1_0_17/packages/ti/csl/lib/am335x/a8/release/ti.csl.aa8fg(i2c.oa8fg)
                0x80005b68                I2CAutoIdleDisable
 .text.I2CSystemStatusGet
                0x80005b7c       0x10 C:/ti/pdk_am335x_1_0_17/packages/ti/csl/lib/am335x/a8/release/ti.csl.aa8fg(i2c.oa8fg)
                0x80005b7c                I2CSystemStatusGet
 .text.I2CMasterDataPut
                0x80005b8c        0xc C:/ti/pdk_am335x_1_0_17/packages/ti/csl/lib/am335x/a8/release/ti.csl.aa8fg(i2c.oa8fg)
                0x80005b8c                I2CMasterDataPut
 .text.I2CMasterDataGet
                0x80005b98       0x10 C:/ti/pdk_am335x_1_0_17/packages/ti/csl/lib/am335x/a8/release/ti.csl.aa8fg(i2c.oa8fg)
                0x80005b98                I2CMasterDataGet
 .text.I2CSlaveDataGet
                0x80005ba8       0x10 C:/ti/pdk_am335x_1_0_17/packages/ti/csl/lib/am335x/a8/release/ti.csl.aa8fg(i2c.oa8fg)
                0x80005ba8                I2CSlaveDataGet
 .text.I2CSyscInit
                0x80005bb8        0xc C:/ti/pdk_am335x_1_0_17/packages/ti/csl/lib/am335x/a8/release/ti.csl.aa8fg(i2c.oa8fg)
                0x80005bb8                I2CSyscInit
 .text.I2CConfig
                0x80005bc4        0xc C:/ti/pdk_am335x_1_0_17/packages/ti/csl/lib/am335x/a8/release/ti.csl.aa8fg(i2c.oa8fg)
                0x80005bc4                I2CConfig
 .text.UARTOperatingModeSelect
                0x80005bd0       0x28 C:/ti/pdk_am335x_1_0_17/packages/ti/csl/lib/am335x/a8/release/ti.csl.aa8fg(uart.oa8fg)
                0x80005bd0                UARTOperatingModeSelect
 .text.UARTDivisorValCompute
                0x80005bf8       0x6c C:/ti/pdk_am335x_1_0_17/packages/ti/csl/lib/am335x/a8/release/ti.csl.aa8fg(uart.oa8fg)
                0x80005bf8                UARTDivisorValCompute
 .text.UARTDivisorLatchWrite
                0x80005c64      0x1e4 C:/ti/pdk_am335x_1_0_17/packages/ti/csl/lib/am335x/a8/release/ti.csl.aa8fg(uart.oa8fg)
                0x80005c64                UARTDivisorLatchWrite
 .text.UARTDivisorLatchDisable
                0x80005e48       0x14 C:/ti/pdk_am335x_1_0_17/packages/ti/csl/lib/am335x/a8/release/ti.csl.aa8fg(uart.oa8fg)
                0x80005e48                UARTDivisorLatchDisable
 .text.UARTBreakCtl
                0x80005e5c       0x1c C:/ti/pdk_am335x_1_0_17/packages/ti/csl/lib/am335x/a8/release/ti.csl.aa8fg(uart.oa8fg)
                0x80005e5c                UARTBreakCtl
 .text.UARTLineCharacConfig
                0x80005e78       0x28 C:/ti/pdk_am335x_1_0_17/packages/ti/csl/lib/am335x/a8/release/ti.csl.aa8fg(uart.oa8fg)
                0x80005e78                UARTLineCharacConfig
 .text.UARTFIFORegisterWrite
                0x80005ea0       0xbc C:/ti/pdk_am335x_1_0_17/packages/ti/csl/lib/am335x/a8/release/ti.csl.aa8fg(uart.oa8fg)
                0x80005ea0                UARTFIFORegisterWrite
 .text.UARTSubConfigTCRTLRModeEn
                0x80005f5c       0xb4 C:/ti/pdk_am335x_1_0_17/packages/ti/csl/lib/am335x/a8/release/ti.csl.aa8fg(uart.oa8fg)
                0x80005f5c                UARTSubConfigTCRTLRModeEn
 .text.UARTTCRTLRBitValRestore
                0x80006010       0xa8 C:/ti/pdk_am335x_1_0_17/packages/ti/csl/lib/am335x/a8/release/ti.csl.aa8fg(uart.oa8fg)
                0x80006010                UARTTCRTLRBitValRestore
 .text.UARTFIFOConfig
                0x800060b8      0x288 C:/ti/pdk_am335x_1_0_17/packages/ti/csl/lib/am335x/a8/release/ti.csl.aa8fg(uart.oa8fg)
                0x800060b8                UARTFIFOConfig
 .text.UARTIntEnable
                0x80006340       0xc0 C:/ti/pdk_am335x_1_0_17/packages/ti/csl/lib/am335x/a8/release/ti.csl.aa8fg(uart.oa8fg)
                0x80006340                UARTIntEnable
 .text.UARTIntDisable
                0x80006400       0xcc C:/ti/pdk_am335x_1_0_17/packages/ti/csl/lib/am335x/a8/release/ti.csl.aa8fg(uart.oa8fg)
                0x80006400                UARTIntDisable
 .text.UARTInt2Enable
                0x800064cc       0x1c C:/ti/pdk_am335x_1_0_17/packages/ti/csl/lib/am335x/a8/release/ti.csl.aa8fg(uart.oa8fg)
                0x800064cc                UARTInt2Enable
 .text.UARTInt2Disable
                0x800064e8       0x1c C:/ti/pdk_am335x_1_0_17/packages/ti/csl/lib/am335x/a8/release/ti.csl.aa8fg(uart.oa8fg)
                0x800064e8                UARTInt2Disable
 .text.UARTReadStatus
                0x80006504       0x34 C:/ti/pdk_am335x_1_0_17/packages/ti/csl/lib/am335x/a8/release/ti.csl.aa8fg(uart.oa8fg)
                0x80006504                UARTReadStatus
 .text.UARTCharPutNonBlocking
                0x80006538       0x48 C:/ti/pdk_am335x_1_0_17/packages/ti/csl/lib/am335x/a8/release/ti.csl.aa8fg(uart.oa8fg)
                0x80006538                UARTCharPutNonBlocking
 .text.UARTCharPut
                0x80006580       0x48 C:/ti/pdk_am335x_1_0_17/packages/ti/csl/lib/am335x/a8/release/ti.csl.aa8fg(uart.oa8fg)
                0x80006580                UARTCharPut
 .text.UARTFIFOCharPut
                0x800065c8        0xc C:/ti/pdk_am335x_1_0_17/packages/ti/csl/lib/am335x/a8/release/ti.csl.aa8fg(uart.oa8fg)
                0x800065c8                UARTFIFOCharPut
 .text.UARTIntIdentityGet
                0x800065d4       0x34 C:/ti/pdk_am335x_1_0_17/packages/ti/csl/lib/am335x/a8/release/ti.csl.aa8fg(uart.oa8fg)
                0x800065d4                UARTIntIdentityGet
 .text.UARTInt2StatusGet
                0x80006608       0x10 C:/ti/pdk_am335x_1_0_17/packages/ti/csl/lib/am335x/a8/release/ti.csl.aa8fg(uart.oa8fg)
                0x80006608                UARTInt2StatusGet
 .text.UARTLoopbackModeControl
                0x80006618       0x1c C:/ti/pdk_am335x_1_0_17/packages/ti/csl/lib/am335x/a8/release/ti.csl.aa8fg(uart.oa8fg)
                0x80006618                UARTLoopbackModeControl
 .text.UARTTxFIFOFullStatusGet
                0x80006634       0x10 C:/ti/pdk_am335x_1_0_17/packages/ti/csl/lib/am335x/a8/release/ti.csl.aa8fg(uart.oa8fg)
                0x80006634                UARTTxFIFOFullStatusGet
 .text.UARTIsTransmitterEmpty
                0x80006644       0x40 C:/ti/pdk_am335x_1_0_17/packages/ti/csl/lib/am335x/a8/release/ti.csl.aa8fg(uart.oa8fg)
                0x80006644                UARTIsTransmitterEmpty
 .text.UARTCharGetNonBlocking2
                0x80006684       0x4c C:/ti/pdk_am335x_1_0_17/packages/ti/csl/lib/am335x/a8/release/ti.csl.aa8fg(uart.oa8fg)
                0x80006684                UARTCharGetNonBlocking2
 .text.HwiP_create
                0x800066d0       0x44 C:/ti/pdk_am335x_1_0_17/packages/ti/osal/lib/nonos/am335x/a8/release/ti.osal.aa8fg(HwiP_nonos.oa8fg)
                0x800066d0                HwiP_create
 .text.HwiP_delete
                0x80006714       0x70 C:/ti/pdk_am335x_1_0_17/packages/ti/osal/lib/nonos/am335x/a8/release/ti.osal.aa8fg(HwiP_nonos.oa8fg)
                0x80006714                HwiP_delete
 .text.HwiP_disable
                0x80006784        0x4 C:/ti/pdk_am335x_1_0_17/packages/ti/osal/lib/nonos/am335x/a8/release/ti.osal.aa8fg(HwiP_nonos.oa8fg)
                0x80006784                HwiP_disable
 .text.HwiP_disableInterrupt
                0x80006788        0x4 C:/ti/pdk_am335x_1_0_17/packages/ti/osal/lib/nonos/am335x/a8/release/ti.osal.aa8fg(HwiP_nonos.oa8fg)
                0x80006788                HwiP_disableInterrupt
 .text.HwiP_enableInterrupt
                0x8000678c        0x4 C:/ti/pdk_am335x_1_0_17/packages/ti/osal/lib/nonos/am335x/a8/release/ti.osal.aa8fg(HwiP_nonos.oa8fg)
                0x8000678c                HwiP_enableInterrupt
 .text.HwiP_Params_init
                0x80006790       0x24 C:/ti/pdk_am335x_1_0_17/packages/ti/osal/lib/nonos/am335x/a8/release/ti.osal.aa8fg(HwiP_nonos.oa8fg)
                0x80006790                HwiP_Params_init
 .text.HwiP_restore
                0x800067b4        0x4 C:/ti/pdk_am335x_1_0_17/packages/ti/osal/lib/nonos/am335x/a8/release/ti.osal.aa8fg(HwiP_nonos.oa8fg)
                0x800067b4                HwiP_restore
 .text.Osal_DebugP_assert
                0x800067b8       0x20 C:/ti/pdk_am335x_1_0_17/packages/ti/osal/lib/nonos/am335x/a8/release/ti.osal.aa8fg(Utils_nonos.oa8fg)
                0x800067b8                Osal_DebugP_assert
 .text.Osal_getThreadType
                0x800067d8        0x8 C:/ti/pdk_am335x_1_0_17/packages/ti/osal/lib/nonos/am335x/a8/release/ti.osal.aa8fg(Utils_nonos.oa8fg)
                0x800067d8                Osal_getThreadType
 .text.SemaphoreP_create
                0x800067e0      0x150 C:/ti/pdk_am335x_1_0_17/packages/ti/osal/lib/nonos/am335x/a8/release/ti.osal.aa8fg(SemaphoreP_nonos.oa8fg)
                0x800067e0                SemaphoreP_create
 .text.SemaphoreP_delete
                0x80006930       0x74 C:/ti/pdk_am335x_1_0_17/packages/ti/osal/lib/nonos/am335x/a8/release/ti.osal.aa8fg(SemaphoreP_nonos.oa8fg)
                0x80006930                SemaphoreP_delete
 .text.SemaphoreP_Params_init
                0x800069a4       0x48 C:/ti/pdk_am335x_1_0_17/packages/ti/osal/lib/nonos/am335x/a8/release/ti.osal.aa8fg(SemaphoreP_nonos.oa8fg)
                0x800069a4                SemaphoreP_Params_init
 .text.SemaphoreP_pend
                0x800069ec       0xa4 C:/ti/pdk_am335x_1_0_17/packages/ti/osal/lib/nonos/am335x/a8/release/ti.osal.aa8fg(SemaphoreP_nonos.oa8fg)
                0x800069ec                SemaphoreP_pend
 .text.SemaphoreP_post
                0x80006a90       0x68 C:/ti/pdk_am335x_1_0_17/packages/ti/osal/lib/nonos/am335x/a8/release/ti.osal.aa8fg(SemaphoreP_nonos.oa8fg)
                0x80006a90                SemaphoreP_post
 .text.Osal_RegisterInterrupt_initParams
                0x80006af8       0x40 C:/ti/pdk_am335x_1_0_17/packages/ti/osal/lib/nonos/am335x/a8/release/ti.osal.aa8fg(RegisterIntr_nonos.oa8fg)
                0x80006af8                Osal_RegisterInterrupt_initParams
 .text.Osal_RegisterInterrupt
                0x80006b38       0x7c C:/ti/pdk_am335x_1_0_17/packages/ti/osal/lib/nonos/am335x/a8/release/ti.osal.aa8fg(RegisterIntr_nonos.oa8fg)
                0x80006b38                Osal_RegisterInterrupt
 .text.Osal_DeleteInterrupt
                0x80006bb4       0x20 C:/ti/pdk_am335x_1_0_17/packages/ti/osal/lib/nonos/am335x/a8/release/ti.osal.aa8fg(RegisterIntr_nonos.oa8fg)
                0x80006bb4                Osal_DeleteInterrupt
 .text.Osal_EnableInterrupt
                0x80006bd4        0x8 C:/ti/pdk_am335x_1_0_17/packages/ti/osal/lib/nonos/am335x/a8/release/ti.osal.aa8fg(RegisterIntr_nonos.oa8fg)
                0x80006bd4                Osal_EnableInterrupt
 .text.Osal_DisableInterrupt
                0x80006bdc        0x8 C:/ti/pdk_am335x_1_0_17/packages/ti/osal/lib/nonos/am335x/a8/release/ti.osal.aa8fg(RegisterIntr_nonos.oa8fg)
                0x80006bdc                Osal_DisableInterrupt
 .text.OsalArch_ISRStub
                0x80006be4        0xc C:/ti/pdk_am335x_1_0_17/packages/ti/osal/lib/nonos/am335x/a8/release/ti.osal.aa8fg(Arch_util.oa8fg)
 .text.OsalArch_enableInterrupt
                0x80006bf0        0x4 C:/ti/pdk_am335x_1_0_17/packages/ti/osal/lib/nonos/am335x/a8/release/ti.osal.aa8fg(Arch_util.oa8fg)
                0x80006bf0                OsalArch_enableInterrupt
 .text.OsalArch_disableInterrupt
                0x80006bf4        0x4 C:/ti/pdk_am335x_1_0_17/packages/ti/osal/lib/nonos/am335x/a8/release/ti.osal.aa8fg(Arch_util.oa8fg)
                0x80006bf4                OsalArch_disableInterrupt
 .text.OsalArch_globalDisableInterrupt
                0x80006bf8        0x4 C:/ti/pdk_am335x_1_0_17/packages/ti/osal/lib/nonos/am335x/a8/release/ti.osal.aa8fg(Arch_util.oa8fg)
                0x80006bf8                OsalArch_globalDisableInterrupt
 .text.OsalArch_globalRestoreInterrupt
                0x80006bfc        0x4 C:/ti/pdk_am335x_1_0_17/packages/ti/osal/lib/nonos/am335x/a8/release/ti.osal.aa8fg(Arch_util.oa8fg)
                0x80006bfc                OsalArch_globalRestoreInterrupt
 .text.OsalArch_HwiPCreate
                0x80006c00      0x1d8 C:/ti/pdk_am335x_1_0_17/packages/ti/osal/lib/nonos/am335x/a8/release/ti.osal.aa8fg(Arch_util.oa8fg)
                0x80006c00                OsalArch_HwiPCreate
 .text.OsalArch_HwiPDelete
                0x80006dd8       0x28 C:/ti/pdk_am335x_1_0_17/packages/ti/osal/lib/nonos/am335x/a8/release/ti.osal.aa8fg(Arch_util.oa8fg)
                0x80006dd8                OsalArch_HwiPDelete
 .text.Delay_32kFClk
                0x80006e00       0xa0 C:/ti/pdk_am335x_1_0_17/packages/ti/osal/lib/nonos/am335x/a8/release/ti.osal.aa8fg(delay.oa8fg)
                0x80006e00                Delay_32kFClk
 .text.Osal_delay
                0x80006ea0       0x20 C:/ti/pdk_am335x_1_0_17/packages/ti/osal/lib/nonos/am335x/a8/release/ti.osal.aa8fg(delay.oa8fg)
                0x80006ea0                Osal_delay
 .text.TIMEREnable
                0x80006ec0       0x5c C:/ti/pdk_am335x_1_0_17/packages/ti/csl/lib/am335x/a8/release/ti.csl.aa8fg(timer.oa8fg)
                0x80006ec0                TIMEREnable
 .text.TIMERDisable
                0x80006f1c       0x54 C:/ti/pdk_am335x_1_0_17/packages/ti/csl/lib/am335x/a8/release/ti.csl.aa8fg(timer.oa8fg)
                0x80006f1c                TIMERDisable
 .text.TIMERModeConfigure
                0x80006f70       0xb0 C:/ti/pdk_am335x_1_0_17/packages/ti/csl/lib/am335x/a8/release/ti.csl.aa8fg(timer.oa8fg)
                0x80006f70                TIMERModeConfigure
 .text.TIMERCounterSet
                0x80007020       0x4c C:/ti/pdk_am335x_1_0_17/packages/ti/csl/lib/am335x/a8/release/ti.csl.aa8fg(timer.oa8fg)
                0x80007020                TIMERCounterSet
 .text.TIMERCounterGet
                0x8000706c       0x38 C:/ti/pdk_am335x_1_0_17/packages/ti/csl/lib/am335x/a8/release/ti.csl.aa8fg(timer.oa8fg)
                0x8000706c                TIMERCounterGet
 .text.TIMERReloadSet
                0x800070a4       0x4c C:/ti/pdk_am335x_1_0_17/packages/ti/csl/lib/am335x/a8/release/ti.csl.aa8fg(timer.oa8fg)
                0x800070a4                TIMERReloadSet
 .text.TIMERIntDisable
                0x800070f0       0x34 C:/ti/pdk_am335x_1_0_17/packages/ti/csl/lib/am335x/a8/release/ti.csl.aa8fg(timer.oa8fg)
                0x800070f0                TIMERIntDisable
 .text          0x80007124      0x114 c:/ti/gcc-arm-none-eabi-7-2018-q2-update/bin/../lib/gcc/arm-none-eabi/7.3.1/hard\libgcc.a(_udivsi3.o)
                0x80007124                __aeabi_uidiv
                0x80007124                __udivsi3
                0x80007218                __aeabi_uidivmod
 .text          0x80007238      0x148 c:/ti/gcc-arm-none-eabi-7-2018-q2-update/bin/../lib/gcc/arm-none-eabi/7.3.1/hard\libgcc.a(_divsi3.o)
                0x80007238                __divsi3
                0x80007238                __aeabi_idiv
                0x80007360                __aeabi_idivmod
 .text          0x80007380        0x4 c:/ti/gcc-arm-none-eabi-7-2018-q2-update/bin/../lib/gcc/arm-none-eabi/7.3.1/hard\libgcc.a(_dvmd_tls.o)
                0x80007380                __aeabi_idiv0
                0x80007380                __aeabi_ldiv0
 *(.rodata*)
 .rodata.str1.4
                0x80007384      0x13a C:/ti/pdk_am335x_1_0_17/packages/ti/board/obj/evmAM335x/armv7/adc_test.o
 *fill*         0x800074be        0x2 
 .rodata        0x800074c0       0x38 C:/ti/pdk_am335x_1_0_17/packages/ti/board/obj/evmAM335x/armv7/diag_common_cfg.o
 .rodata.gChipDBResourceIDMap
                0x800074f8      0x244 C:/ti/pdk_am335x_1_0_17/packages/ti/board/lib/evmAM335x/a8/release/ti.board.aa8fg(hw_am335x_chipdb.oa8fg)
                0x800074f8                gChipDBResourceIDMap
 .rodata.gChipDBBaseAddrTable
                0x8000773c      0x200 C:/ti/pdk_am335x_1_0_17/packages/ti/board/lib/evmAM335x/a8/release/ti.board.aa8fg(hw_am335x_chipdb_baseaddr.oa8fg)
                0x8000773c                gChipDBBaseAddrTable
 .rodata.UART_convertVal.constprop.0.str1.4
                0x8000793c       0x11 C:/ti/pdk_am335x_1_0_17/packages/ti/drv/uart/lib/am335x/a8/release/ti.drv.uart.aa8fg(UART_stdio.oa8fg)
 *fill*         0x8000794d        0x3 
 .rodata.UART_printf.str1.4
                0x80007950        0xa C:/ti/pdk_am335x_1_0_17/packages/ti/drv/uart/lib/am335x/a8/release/ti.drv.uart.aa8fg(UART_stdio.oa8fg)
 *fill*         0x8000795a        0x2 
 .rodata.UART_stdioInit2.str1.4
                0x8000795c        0xa C:/ti/pdk_am335x_1_0_17/packages/ti/drv/uart/lib/am335x/a8/release/ti.drv.uart.aa8fg(UART_stdio.oa8fg)
 *fill*         0x80007966        0x2 
 .rodata.UART_defaultParams
                0x80007968       0x2c C:/ti/pdk_am335x_1_0_17/packages/ti/drv/uart/lib/am335x/a8/release/ti.drv.uart.aa8fg(UART_drv.oa8fg)
                0x80007968                UART_defaultParams
 .rodata.CSWTCH.11
                0x80007994       0x10 C:/ti/pdk_am335x_1_0_17/packages/ti/drv/uart/lib/am335x/a8/release/ti.drv.uart.aa8fg(UART_v1.oa8fg)
 .rodata.CSWTCH.13
                0x800079a4        0xc C:/ti/pdk_am335x_1_0_17/packages/ti/drv/uart/lib/am335x/a8/release/ti.drv.uart.aa8fg(UART_v1.oa8fg)
 .rodata.UART_FxnTable_v1
                0x800079b0       0x30 C:/ti/pdk_am335x_1_0_17/packages/ti/drv/uart/lib/am335x/a8/release/ti.drv.uart.aa8fg(UART_v1.oa8fg)
                0x800079b0                UART_FxnTable_v1
 .rodata.UART_open_v1.str1.4
                0x800079e0        0xe C:/ti/pdk_am335x_1_0_17/packages/ti/drv/uart/lib/am335x/a8/release/ti.drv.uart.aa8fg(UART_v1.oa8fg)
 *fill*         0x800079ee        0x2 
 .rodata.CSWTCH.36
                0x800079f0        0xc C:/ti/pdk_am335x_1_0_17/packages/ti/drv/i2c/lib/am335x/a8/release/ti.drv.i2c.aa8fg(I2C_v1.oa8fg)
 .rodata.I2C_v1_FxnTable
                0x800079fc       0x14 C:/ti/pdk_am335x_1_0_17/packages/ti/drv/i2c/lib/am335x/a8/release/ti.drv.i2c.aa8fg(I2C_v1.oa8fg)
                0x800079fc                I2C_v1_FxnTable
 .rodata.HwiP_delete.str1.4
                0x80007a10       0x17 C:/ti/pdk_am335x_1_0_17/packages/ti/osal/lib/nonos/am335x/a8/release/ti.osal.aa8fg(HwiP_nonos.oa8fg)
 *fill*         0x80007a27        0x1 
 .rodata.SemaphoreP_delete.str1.4
                0x80007a28       0x20 C:/ti/pdk_am335x_1_0_17/packages/ti/osal/lib/nonos/am335x/a8/release/ti.osal.aa8fg(SemaphoreP_nonos.oa8fg)
                                 0x1d (size before relaxing)

.glue_7         0x80007a48        0x0
 .glue_7        0x80007a48        0x0 linker stubs

.glue_7t        0x80007a48        0x0
 .glue_7t       0x80007a48        0x0 linker stubs

.vfp11_veneer   0x80007a48        0x0
 .vfp11_veneer  0x80007a48        0x0 linker stubs

.v4_bx          0x80007a48        0x0
 .v4_bx         0x80007a48        0x0 linker stubs

.iplt           0x80007a48        0x0
 .iplt          0x80007a48        0x0 C:/ti/pdk_am335x_1_0_17/packages/ti/board/obj/evmAM335x/armv7/adc_test.o

.rel.dyn        0x80007a48        0x0
 .rel.iplt      0x80007a48        0x0 C:/ti/pdk_am335x_1_0_17/packages/ti/board/obj/evmAM335x/armv7/adc_test.o

.data           0x80007a48      0x8ac
                0x80007a48                . = ALIGN (0x4)
 *(.data*)
 .data.gCpsw0PinCfg
                0x80007a48       0x98 C:/ti/pdk_am335x_1_0_17/packages/ti/board/lib/evmAM335x/a8/release/ti.board.aa8fg(am335x_gpevm_pinmux_data.oa8fg)
 .data.gCpswPinCfg
                0x80007ae0       0x10 C:/ti/pdk_am335x_1_0_17/packages/ti/board/lib/evmAM335x/a8/release/ti.board.aa8fg(am335x_gpevm_pinmux_data.oa8fg)
 .data.gDcan1PinCfg
                0x80007af0       0x18 C:/ti/pdk_am335x_1_0_17/packages/ti/board/lib/evmAM335x/a8/release/ti.board.aa8fg(am335x_gpevm_pinmux_data.oa8fg)
 .data.gDcanPinCfg
                0x80007b08       0x10 C:/ti/pdk_am335x_1_0_17/packages/ti/board/lib/evmAM335x/a8/release/ti.board.aa8fg(am335x_gpevm_pinmux_data.oa8fg)
 .data.gGpevmPinmuxData
                0x80007b18       0x68 C:/ti/pdk_am335x_1_0_17/packages/ti/board/lib/evmAM335x/a8/release/ti.board.aa8fg(am335x_gpevm_pinmux_data.oa8fg)
                0x80007b18                gGpevmPinmuxData
 .data.gGpio0PinCfg
                0x80007b80       0x18 C:/ti/pdk_am335x_1_0_17/packages/ti/board/lib/evmAM335x/a8/release/ti.board.aa8fg(am335x_gpevm_pinmux_data.oa8fg)
 .data.gGpio1PinCfg
                0x80007b98       0x10 C:/ti/pdk_am335x_1_0_17/packages/ti/board/lib/evmAM335x/a8/release/ti.board.aa8fg(am335x_gpevm_pinmux_data.oa8fg)
 .data.gGpioPinCfg
                0x80007ba8       0x18 C:/ti/pdk_am335x_1_0_17/packages/ti/board/lib/evmAM335x/a8/release/ti.board.aa8fg(am335x_gpevm_pinmux_data.oa8fg)
 .data.gGpmc0PinCfg
                0x80007bc0       0xc0 C:/ti/pdk_am335x_1_0_17/packages/ti/board/lib/evmAM335x/a8/release/ti.board.aa8fg(am335x_gpevm_pinmux_data.oa8fg)
 .data.gGpmcPinCfg
                0x80007c80       0x10 C:/ti/pdk_am335x_1_0_17/packages/ti/board/lib/evmAM335x/a8/release/ti.board.aa8fg(am335x_gpevm_pinmux_data.oa8fg)
 .data.gI2c0PinCfg
                0x80007c90       0x18 C:/ti/pdk_am335x_1_0_17/packages/ti/board/lib/evmAM335x/a8/release/ti.board.aa8fg(am335x_gpevm_pinmux_data.oa8fg)
 .data.gI2c1PinCfg
                0x80007ca8       0x18 C:/ti/pdk_am335x_1_0_17/packages/ti/board/lib/evmAM335x/a8/release/ti.board.aa8fg(am335x_gpevm_pinmux_data.oa8fg)
 .data.gI2cPinCfg
                0x80007cc0       0x18 C:/ti/pdk_am335x_1_0_17/packages/ti/board/lib/evmAM335x/a8/release/ti.board.aa8fg(am335x_gpevm_pinmux_data.oa8fg)
 .data.gLcdc0PinCfg
                0x80007cd8       0xf0 C:/ti/pdk_am335x_1_0_17/packages/ti/board/lib/evmAM335x/a8/release/ti.board.aa8fg(am335x_gpevm_pinmux_data.oa8fg)
 .data.gLcdcPinCfg
                0x80007dc8       0x10 C:/ti/pdk_am335x_1_0_17/packages/ti/board/lib/evmAM335x/a8/release/ti.board.aa8fg(am335x_gpevm_pinmux_data.oa8fg)
 .data.gMcasp0PinCfg
                0x80007dd8       0x48 C:/ti/pdk_am335x_1_0_17/packages/ti/board/lib/evmAM335x/a8/release/ti.board.aa8fg(am335x_gpevm_pinmux_data.oa8fg)
 .data.gMcaspPinCfg
                0x80007e20       0x10 C:/ti/pdk_am335x_1_0_17/packages/ti/board/lib/evmAM335x/a8/release/ti.board.aa8fg(am335x_gpevm_pinmux_data.oa8fg)
 .data.gMcspi0PinCfg
                0x80007e30       0x28 C:/ti/pdk_am335x_1_0_17/packages/ti/board/lib/evmAM335x/a8/release/ti.board.aa8fg(am335x_gpevm_pinmux_data.oa8fg)
 .data.gMcspiPinCfg
                0x80007e58       0x10 C:/ti/pdk_am335x_1_0_17/packages/ti/board/lib/evmAM335x/a8/release/ti.board.aa8fg(am335x_gpevm_pinmux_data.oa8fg)
 .data.gMmcsd0PinCfg
                0x80007e68       0x40 C:/ti/pdk_am335x_1_0_17/packages/ti/board/lib/evmAM335x/a8/release/ti.board.aa8fg(am335x_gpevm_pinmux_data.oa8fg)
 .data.gMmcsdPinCfg
                0x80007ea8       0x10 C:/ti/pdk_am335x_1_0_17/packages/ti/board/lib/evmAM335x/a8/release/ti.board.aa8fg(am335x_gpevm_pinmux_data.oa8fg)
 .data.gPwmss2PinCfg
                0x80007eb8       0x10 C:/ti/pdk_am335x_1_0_17/packages/ti/board/lib/evmAM335x/a8/release/ti.board.aa8fg(am335x_gpevm_pinmux_data.oa8fg)
 .data.gPwmssPinCfg
                0x80007ec8       0x10 C:/ti/pdk_am335x_1_0_17/packages/ti/board/lib/evmAM335x/a8/release/ti.board.aa8fg(am335x_gpevm_pinmux_data.oa8fg)
 .data.gUart0PinCfg
                0x80007ed8       0x18 C:/ti/pdk_am335x_1_0_17/packages/ti/board/lib/evmAM335x/a8/release/ti.board.aa8fg(am335x_gpevm_pinmux_data.oa8fg)
 .data.gUartPinCfg
                0x80007ef0       0x10 C:/ti/pdk_am335x_1_0_17/packages/ti/board/lib/evmAM335x/a8/release/ti.board.aa8fg(am335x_gpevm_pinmux_data.oa8fg)
 .data.gUsb0PinCfg
                0x80007f00       0x10 C:/ti/pdk_am335x_1_0_17/packages/ti/board/lib/evmAM335x/a8/release/ti.board.aa8fg(am335x_gpevm_pinmux_data.oa8fg)
 .data.gUsb1PinCfg
                0x80007f10       0x10 C:/ti/pdk_am335x_1_0_17/packages/ti/board/lib/evmAM335x/a8/release/ti.board.aa8fg(am335x_gpevm_pinmux_data.oa8fg)
 .data.gUsbPinCfg
                0x80007f20       0x18 C:/ti/pdk_am335x_1_0_17/packages/ti/board/lib/evmAM335x/a8/release/ti.board.aa8fg(am335x_gpevm_pinmux_data.oa8fg)
 .data.UART_count
                0x80007f38        0x4 C:/ti/pdk_am335x_1_0_17/packages/ti/drv/uart/lib/am335x/a8/release/ti.drv.uart.aa8fg(UART_drv.oa8fg)
 .data.UART_config
                0x80007f3c       0xa8 C:/ti/pdk_am335x_1_0_17/packages/ti/drv/uart/lib/am335x/a8/release/ti.drv.uart.aa8fg(UART_soc.oa8fg)
                0x80007f3c                UART_config
 .data.uartInitCfg
                0x80007fe4      0x1c8 C:/ti/pdk_am335x_1_0_17/packages/ti/drv/uart/lib/am335x/a8/release/ti.drv.uart.aa8fg(UART_soc.oa8fg)
                0x80007fe4                uartInitCfg
 .data.I2C_count
                0x800081ac        0x4 C:/ti/pdk_am335x_1_0_17/packages/ti/drv/i2c/lib/am335x/a8/release/ti.drv.i2c.aa8fg(I2C_drv.oa8fg)
 .data.I2C_config
                0x800081b0       0xa8 C:/ti/pdk_am335x_1_0_17/packages/ti/drv/i2c/lib/am335x/a8/release/ti.drv.i2c.aa8fg(I2C_soc.oa8fg)
                0x800081b0                I2C_config
 .data.i2cInitCfg
                0x80008258       0x78 C:/ti/pdk_am335x_1_0_17/packages/ti/drv/i2c/lib/am335x/a8/release/ti.drv.i2c.aa8fg(I2C_soc.oa8fg)
                0x80008258                i2cInitCfg
 .data.Osal_DebugP_Assert_Val
                0x800082d0        0x1 C:/ti/pdk_am335x_1_0_17/packages/ti/osal/lib/nonos/am335x/a8/release/ti.osal.aa8fg(Utils_nonos.oa8fg)
                0x800082d0                Osal_DebugP_Assert_Val
 *fill*         0x800082d1        0x3 
 .data.gOsal_HwAttrs
                0x800082d4       0x20 C:/ti/pdk_am335x_1_0_17/packages/ti/osal/lib/nonos/am335x/a8/release/ti.osal.aa8fg(Utils_nonos.oa8fg)
                0x800082d4                gOsal_HwAttrs

.igot.plt       0x800082f4        0x0
 .igot.plt      0x800082f4        0x0 C:/ti/pdk_am335x_1_0_17/packages/ti/board/obj/evmAM335x/armv7/adc_test.o

.bss            0x800082f4      0xe1c
                0x800082f4                . = ALIGN (0x4)
                0x800082f4                _bss_start = .
 *(.bss*)
 .bss           0x800082f4       0x18 C:/ti/pdk_am335x_1_0_17/packages/ti/board/obj/evmAM335x/armv7/adc_test.o
 .bss           0x8000830c      0x408 C:/ti/pdk_am335x_1_0_17/packages/ti/board/obj/evmAM335x/armv7/intc.o
 .bss.uart_stdio
                0x80008714        0x8 C:/ti/pdk_am335x_1_0_17/packages/ti/drv/uart/lib/am335x/a8/release/ti.drv.uart.aa8fg(UART_stdio.oa8fg)
                0x80008714                uart_stdio
 .bss.gOsalHwiAllocCnt
                0x8000871c        0x4 C:/ti/pdk_am335x_1_0_17/packages/ti/osal/lib/nonos/am335x/a8/release/ti.osal.aa8fg(Utils_nonos.oa8fg)
                0x8000871c                gOsalHwiAllocCnt
 .bss.gOsalHwiPeak
                0x80008720        0x4 C:/ti/pdk_am335x_1_0_17/packages/ti/osal/lib/nonos/am335x/a8/release/ti.osal.aa8fg(Utils_nonos.oa8fg)
                0x80008720                gOsalHwiPeak
 .bss.gOsalSemAllocCnt
                0x80008724        0x4 C:/ti/pdk_am335x_1_0_17/packages/ti/osal/lib/nonos/am335x/a8/release/ti.osal.aa8fg(Utils_nonos.oa8fg)
                0x80008724                gOsalSemAllocCnt
 .bss.gOsalSemPeak
                0x80008728        0x4 C:/ti/pdk_am335x_1_0_17/packages/ti/osal/lib/nonos/am335x/a8/release/ti.osal.aa8fg(Utils_nonos.oa8fg)
                0x80008728                gOsalSemPeak
 .bss.hwiStructs
                0x8000872c       0xa0 C:/ti/pdk_am335x_1_0_17/packages/ti/osal/lib/nonos/am335x/a8/release/ti.osal.aa8fg(Arch_util.oa8fg)
 .bss.gTimerFirstTime
                0x800087cc        0x4 C:/ti/pdk_am335x_1_0_17/packages/ti/osal/lib/nonos/am335x/a8/release/ti.osal.aa8fg(delay.oa8fg)
 *(COMMON)
 COMMON         0x800087d0        0x4 C:/ti/pdk_am335x_1_0_17/packages/ti/board/lib/evmAM335x/a8/release/ti.board.aa8fg(evmAM335x.oa8fg)
                0x800087d0                Board_obj
 COMMON         0x800087d4      0x6d8 C:/ti/pdk_am335x_1_0_17/packages/ti/drv/uart/lib/am335x/a8/release/ti.drv.uart.aa8fg(UART_soc.oa8fg)
                0x800087d4                UartObjects
                0x80008b7c                UartObjects2
 COMMON         0x80008eac      0x124 C:/ti/pdk_am335x_1_0_17/packages/ti/drv/i2c/lib/am335x/a8/release/ti.drv.i2c.aa8fg(I2C_soc.oa8fg)
                0x80008eac                I2cObjects2
                0x80008ef8                I2cObjects
 COMMON         0x80008fd0      0x140 C:/ti/pdk_am335x_1_0_17/packages/ti/osal/lib/nonos/am335x/a8/release/ti.osal.aa8fg(SemaphoreP_nonos.oa8fg)
                0x80008fd0                semStructs
                0x80009110                _bss_end = .

.heap           0x80009110    0x10000
                0x80009110                . = ALIGN (0x4)
                0x80009110                __end__ = .
                0x80009110                end = __end__
                0x80009110                __HeapBase = __end__
 *(.heap*)
                0x80019110                . = (. + 0x10000)
 *fill*         0x80009110    0x10000 
                0x80019110                __HeapLimit = .

.stack          0x80019110     0x1000
                0x80019110                . = ALIGN (0x8)
                0x80019110                __StackLimit = .
 *(.stack*)
                0x8001a110                . = (. + 0x1000)
 *fill*         0x80019110     0x1000 
                0x8001a110                __StackTop = .
                0x8001a110                _stack = __StackTop
START GROUP
LOAD c:/ti/gcc-arm-none-eabi-7-2018-q2-update/bin/../lib/gcc/arm-none-eabi/7.3.1/../../../../arm-none-eabi/lib/hard\libc.a
LOAD c:/ti/gcc-arm-none-eabi-7-2018-q2-update/bin/../lib/gcc/arm-none-eabi/7.3.1/../../../../arm-none-eabi/lib/hard\librdimon.a
LOAD c:/ti/gcc-arm-none-eabi-7-2018-q2-update/bin/../lib/gcc/arm-none-eabi/7.3.1/../../../../arm-none-eabi/lib/hard\libm.a
LOAD c:/ti/gcc-arm-none-eabi-7-2018-q2-update/bin/../lib/gcc/arm-none-eabi/7.3.1/../../../../arm-none-eabi/lib/hard\libnosys.a
LOAD C:/ti/pdk_am335x_1_0_17/packages/ti/board/lib/evmAM335x/a8/release/ti.board.aa8fg
LOAD C:/ti/pdk_am335x_1_0_17/packages/ti/osal/lib/nonos/am335x/a8/release/ti.osal.aa8fg
LOAD C:/ti/pdk_am335x_1_0_17/packages/ti/drv/uart/lib/am335x/a8/release/ti.drv.uart.aa8fg
LOAD C:/ti/pdk_am335x_1_0_17/packages/ti/drv/i2c/lib/am335x/a8/release/ti.drv.i2c.aa8fg
LOAD C:/ti/pdk_am335x_1_0_17/packages/ti/csl/lib/am335x/a8/release/ti.csl.aa8fg
END GROUP
START GROUP
LOAD c:/ti/gcc-arm-none-eabi-7-2018-q2-update/bin/../lib/gcc/arm-none-eabi/7.3.1/hard\libgcc.a
LOAD c:/ti/gcc-arm-none-eabi-7-2018-q2-update/bin/../lib/gcc/arm-none-eabi/7.3.1/../../../../arm-none-eabi/lib/hard\libc.a
END GROUP
OUTPUT(C:/ti/pdk_am335x_1_0_17/packages/ti/board/bin/evmAM335x/armv7/adc_diagExample_evmAM335x_armv7.out elf32-littlearm)

.debug_info     0x00000000     0x483c
 .debug_info    0x00000000      0xec9 C:/ti/pdk_am335x_1_0_17/packages/ti/board/obj/evmAM335x/armv7/adc_test.o
 .debug_info    0x00000ec9       0x26 C:/ti/pdk_am335x_1_0_17/packages/ti/board/obj/evmAM335x/armv7/diag_entry.ao
 .debug_info    0x00000eef      0xd94 C:/ti/pdk_am335x_1_0_17/packages/ti/board/obj/evmAM335x/armv7/intc.o
 .debug_info    0x00001c83      0x96e C:/ti/pdk_am335x_1_0_17/packages/ti/board/obj/evmAM335x/armv7/cpu.o
 .debug_info    0x000025f1      0x184 C:/ti/pdk_am335x_1_0_17/packages/ti/board/obj/evmAM335x/armv7/diag_common_cfg.o
 .debug_info    0x00002775     0x20c7 C:/ti/pdk_am335x_1_0_17/packages/ti/board/obj/evmAM335x/armv7/tsc_adc_ss.o

.debug_abbrev   0x00000000      0xcaf
 .debug_abbrev  0x00000000      0x302 C:/ti/pdk_am335x_1_0_17/packages/ti/board/obj/evmAM335x/armv7/adc_test.o
 .debug_abbrev  0x00000302       0x14 C:/ti/pdk_am335x_1_0_17/packages/ti/board/obj/evmAM335x/armv7/diag_entry.ao
 .debug_abbrev  0x00000316      0x303 C:/ti/pdk_am335x_1_0_17/packages/ti/board/obj/evmAM335x/armv7/intc.o
 .debug_abbrev  0x00000619      0x1e8 C:/ti/pdk_am335x_1_0_17/packages/ti/board/obj/evmAM335x/armv7/cpu.o
 .debug_abbrev  0x00000801      0x103 C:/ti/pdk_am335x_1_0_17/packages/ti/board/obj/evmAM335x/armv7/diag_common_cfg.o
 .debug_abbrev  0x00000904      0x3ab C:/ti/pdk_am335x_1_0_17/packages/ti/board/obj/evmAM335x/armv7/tsc_adc_ss.o

.debug_loc      0x00000000      0xaa5
 .debug_loc     0x00000000       0xa6 C:/ti/pdk_am335x_1_0_17/packages/ti/board/obj/evmAM335x/armv7/adc_test.o
 .debug_loc     0x000000a6      0x157 C:/ti/pdk_am335x_1_0_17/packages/ti/board/obj/evmAM335x/armv7/intc.o
 .debug_loc     0x000001fd      0x8a8 C:/ti/pdk_am335x_1_0_17/packages/ti/board/obj/evmAM335x/armv7/tsc_adc_ss.o

.debug_aranges  0x00000000       0xc8
 .debug_aranges
                0x00000000       0x28 C:/ti/pdk_am335x_1_0_17/packages/ti/board/obj/evmAM335x/armv7/adc_test.o
 .debug_aranges
                0x00000028       0x20 C:/ti/pdk_am335x_1_0_17/packages/ti/board/obj/evmAM335x/armv7/diag_entry.ao
 .debug_aranges
                0x00000048       0x20 C:/ti/pdk_am335x_1_0_17/packages/ti/board/obj/evmAM335x/armv7/intc.o
 .debug_aranges
                0x00000068       0x20 C:/ti/pdk_am335x_1_0_17/packages/ti/board/obj/evmAM335x/armv7/cpu.o
 .debug_aranges
                0x00000088       0x20 C:/ti/pdk_am335x_1_0_17/packages/ti/board/obj/evmAM335x/armv7/diag_common_cfg.o
 .debug_aranges
                0x000000a8       0x20 C:/ti/pdk_am335x_1_0_17/packages/ti/board/obj/evmAM335x/armv7/tsc_adc_ss.o

.debug_ranges   0x00000000      0x228
 .debug_ranges  0x00000000       0x78 C:/ti/pdk_am335x_1_0_17/packages/ti/board/obj/evmAM335x/armv7/adc_test.o
 .debug_ranges  0x00000078      0x1b0 C:/ti/pdk_am335x_1_0_17/packages/ti/board/obj/evmAM335x/armv7/tsc_adc_ss.o

.debug_line     0x00000000     0x1007
 .debug_line    0x00000000      0x322 C:/ti/pdk_am335x_1_0_17/packages/ti/board/obj/evmAM335x/armv7/adc_test.o
 .debug_line    0x00000322       0xe0 C:/ti/pdk_am335x_1_0_17/packages/ti/board/obj/evmAM335x/armv7/diag_entry.ao
 .debug_line    0x00000402      0x2d4 C:/ti/pdk_am335x_1_0_17/packages/ti/board/obj/evmAM335x/armv7/intc.o
 .debug_line    0x000006d6      0x1b9 C:/ti/pdk_am335x_1_0_17/packages/ti/board/obj/evmAM335x/armv7/cpu.o
 .debug_line    0x0000088f      0x175 C:/ti/pdk_am335x_1_0_17/packages/ti/board/obj/evmAM335x/armv7/diag_common_cfg.o
 .debug_line    0x00000a04      0x603 C:/ti/pdk_am335x_1_0_17/packages/ti/board/obj/evmAM335x/armv7/tsc_adc_ss.o

.debug_str      0x00000000     0x1588
 .debug_str     0x00000000      0xd0b C:/ti/pdk_am335x_1_0_17/packages/ti/board/obj/evmAM335x/armv7/adc_test.o
                                0xd74 (size before relaxing)
 .debug_str     0x00000d0b       0x8b C:/ti/pdk_am335x_1_0_17/packages/ti/board/obj/evmAM335x/armv7/diag_entry.ao
 .debug_str     0x00000d96      0x1fe C:/ti/pdk_am335x_1_0_17/packages/ti/board/obj/evmAM335x/armv7/intc.o
                                0x85b (size before relaxing)
 .debug_str     0x00000f94       0xae C:/ti/pdk_am335x_1_0_17/packages/ti/board/obj/evmAM335x/armv7/cpu.o
                                0x63a (size before relaxing)
 .debug_str     0x00001042       0xa9 C:/ti/pdk_am335x_1_0_17/packages/ti/board/obj/evmAM335x/armv7/diag_common_cfg.o
                                0x275 (size before relaxing)
 .debug_str     0x000010eb      0x49d C:/ti/pdk_am335x_1_0_17/packages/ti/board/obj/evmAM335x/armv7/tsc_adc_ss.o
                                0xbc4 (size before relaxing)

.comment        0x00000000       0x7f
 .comment       0x00000000       0x7f C:/ti/pdk_am335x_1_0_17/packages/ti/board/obj/evmAM335x/armv7/adc_test.o
                                 0x80 (size before relaxing)
 .comment       0x0000007f       0x80 C:/ti/pdk_am335x_1_0_17/packages/ti/board/obj/evmAM335x/armv7/intc.o
 .comment       0x0000007f       0x80 C:/ti/pdk_am335x_1_0_17/packages/ti/board/obj/evmAM335x/armv7/cpu.o
 .comment       0x0000007f       0x80 C:/ti/pdk_am335x_1_0_17/packages/ti/board/obj/evmAM335x/armv7/diag_common_cfg.o
 .comment       0x0000007f       0x80 C:/ti/pdk_am335x_1_0_17/packages/ti/board/obj/evmAM335x/armv7/tsc_adc_ss.o
 .comment       0x0000007f       0x80 C:/ti/pdk_am335x_1_0_17/packages/ti/board/lib/evmAM335x/a8/release/ti.board.aa8fg(evmAM335x.oa8fg)
 .comment       0x0000007f       0x80 C:/ti/pdk_am335x_1_0_17/packages/ti/board/lib/evmAM335x/a8/release/ti.board.aa8fg(evmAM335x_lld_init.oa8fg)
 .comment       0x0000007f       0x80 C:/ti/pdk_am335x_1_0_17/packages/ti/board/lib/evmAM335x/a8/release/ti.board.aa8fg(evmAM335x_pinmux.oa8fg)
 .comment       0x0000007f       0x80 C:/ti/pdk_am335x_1_0_17/packages/ti/board/lib/evmAM335x/a8/release/ti.board.aa8fg(am335x_chipdb.oa8fg)
 .comment       0x0000007f       0x80 C:/ti/pdk_am335x_1_0_17/packages/ti/board/lib/evmAM335x/a8/release/ti.board.aa8fg(am335x_prcm.oa8fg)
 .comment       0x0000007f       0x80 C:/ti/pdk_am335x_1_0_17/packages/ti/board/lib/evmAM335x/a8/release/ti.board.aa8fg(hw_am335x_chipdb.oa8fg)
 .comment       0x0000007f       0x80 C:/ti/pdk_am335x_1_0_17/packages/ti/board/lib/evmAM335x/a8/release/ti.board.aa8fg(hw_am335x_chipdb_baseaddr.oa8fg)
 .comment       0x0000007f       0x80 C:/ti/pdk_am335x_1_0_17/packages/ti/board/lib/evmAM335x/a8/release/ti.board.aa8fg(am335x_gpevm_pinmux_data.oa8fg)
 .comment       0x0000007f       0x80 C:/ti/pdk_am335x_1_0_17/packages/ti/board/lib/evmAM335x/a8/release/ti.board.aa8fg(evmAM335x_info.oa8fg)
 .comment       0x0000007f       0x80 C:/ti/pdk_am335x_1_0_17/packages/ti/drv/uart/lib/am335x/a8/release/ti.drv.uart.aa8fg(UART_stdio.oa8fg)
 .comment       0x0000007f       0x80 C:/ti/pdk_am335x_1_0_17/packages/ti/drv/uart/lib/am335x/a8/release/ti.drv.uart.aa8fg(UART_drv.oa8fg)
 .comment       0x0000007f       0x80 C:/ti/pdk_am335x_1_0_17/packages/ti/drv/uart/lib/am335x/a8/release/ti.drv.uart.aa8fg(UART_soc.oa8fg)
 .comment       0x0000007f       0x80 C:/ti/pdk_am335x_1_0_17/packages/ti/drv/uart/lib/am335x/a8/release/ti.drv.uart.aa8fg(UART_v1.oa8fg)
 .comment       0x0000007f       0x80 C:/ti/pdk_am335x_1_0_17/packages/ti/drv/i2c/lib/am335x/a8/release/ti.drv.i2c.aa8fg(I2C_drv.oa8fg)
 .comment       0x0000007f       0x80 C:/ti/pdk_am335x_1_0_17/packages/ti/drv/i2c/lib/am335x/a8/release/ti.drv.i2c.aa8fg(I2C_soc.oa8fg)
 .comment       0x0000007f       0x80 C:/ti/pdk_am335x_1_0_17/packages/ti/drv/i2c/lib/am335x/a8/release/ti.drv.i2c.aa8fg(I2C_v1.oa8fg)
 .comment       0x0000007f       0x80 C:/ti/pdk_am335x_1_0_17/packages/ti/csl/lib/am335x/a8/release/ti.csl.aa8fg(i2c.oa8fg)
 .comment       0x0000007f       0x80 C:/ti/pdk_am335x_1_0_17/packages/ti/csl/lib/am335x/a8/release/ti.csl.aa8fg(uart.oa8fg)
 .comment       0x0000007f       0x80 C:/ti/pdk_am335x_1_0_17/packages/ti/osal/lib/nonos/am335x/a8/release/ti.osal.aa8fg(HwiP_nonos.oa8fg)
 .comment       0x0000007f       0x80 C:/ti/pdk_am335x_1_0_17/packages/ti/osal/lib/nonos/am335x/a8/release/ti.osal.aa8fg(Utils_nonos.oa8fg)
 .comment       0x0000007f       0x80 C:/ti/pdk_am335x_1_0_17/packages/ti/osal/lib/nonos/am335x/a8/release/ti.osal.aa8fg(SemaphoreP_nonos.oa8fg)
 .comment       0x0000007f       0x80 C:/ti/pdk_am335x_1_0_17/packages/ti/osal/lib/nonos/am335x/a8/release/ti.osal.aa8fg(RegisterIntr_nonos.oa8fg)
 .comment       0x0000007f       0x80 C:/ti/pdk_am335x_1_0_17/packages/ti/osal/lib/nonos/am335x/a8/release/ti.osal.aa8fg(Arch_util.oa8fg)
 .comment       0x0000007f       0x80 C:/ti/pdk_am335x_1_0_17/packages/ti/osal/lib/nonos/am335x/a8/release/ti.osal.aa8fg(delay.oa8fg)
 .comment       0x0000007f       0x80 C:/ti/pdk_am335x_1_0_17/packages/ti/csl/lib/am335x/a8/release/ti.csl.aa8fg(timer.oa8fg)

.ARM.attributes
                0x00000000       0x35
 .ARM.attributes
                0x00000000       0x35 C:/ti/pdk_am335x_1_0_17/packages/ti/board/obj/evmAM335x/armv7/adc_test.o
 .ARM.attributes
                0x00000035       0x21 C:/ti/pdk_am335x_1_0_17/packages/ti/board/obj/evmAM335x/armv7/diag_entry.ao
 .ARM.attributes
                0x00000056       0x35 C:/ti/pdk_am335x_1_0_17/packages/ti/board/obj/evmAM335x/armv7/intc.o
 .ARM.attributes
                0x0000008b       0x35 C:/ti/pdk_am335x_1_0_17/packages/ti/board/obj/evmAM335x/armv7/cpu.o
 .ARM.attributes
                0x000000c0       0x35 C:/ti/pdk_am335x_1_0_17/packages/ti/board/obj/evmAM335x/armv7/diag_common_cfg.o
 .ARM.attributes
                0x000000f5       0x35 C:/ti/pdk_am335x_1_0_17/packages/ti/board/obj/evmAM335x/armv7/tsc_adc_ss.o
 .ARM.attributes
                0x0000012a       0x3d C:/ti/pdk_am335x_1_0_17/packages/ti/board/lib/evmAM335x/a8/release/ti.board.aa8fg(evmAM335x.oa8fg)
 .ARM.attributes
                0x00000167       0x3d C:/ti/pdk_am335x_1_0_17/packages/ti/board/lib/evmAM335x/a8/release/ti.board.aa8fg(evmAM335x_lld_init.oa8fg)
 .ARM.attributes
                0x000001a4       0x3d C:/ti/pdk_am335x_1_0_17/packages/ti/board/lib/evmAM335x/a8/release/ti.board.aa8fg(evmAM335x_pinmux.oa8fg)
 .ARM.attributes
                0x000001e1       0x3d C:/ti/pdk_am335x_1_0_17/packages/ti/board/lib/evmAM335x/a8/release/ti.board.aa8fg(am335x_chipdb.oa8fg)
 .ARM.attributes
                0x0000021e       0x3d C:/ti/pdk_am335x_1_0_17/packages/ti/board/lib/evmAM335x/a8/release/ti.board.aa8fg(am335x_prcm.oa8fg)
 .ARM.attributes
                0x0000025b       0x3d C:/ti/pdk_am335x_1_0_17/packages/ti/board/lib/evmAM335x/a8/release/ti.board.aa8fg(hw_am335x_chipdb.oa8fg)
 .ARM.attributes
                0x00000298       0x3d C:/ti/pdk_am335x_1_0_17/packages/ti/board/lib/evmAM335x/a8/release/ti.board.aa8fg(hw_am335x_chipdb_baseaddr.oa8fg)
 .ARM.attributes
                0x000002d5       0x3d C:/ti/pdk_am335x_1_0_17/packages/ti/board/lib/evmAM335x/a8/release/ti.board.aa8fg(am335x_gpevm_pinmux_data.oa8fg)
 .ARM.attributes
                0x00000312       0x3d C:/ti/pdk_am335x_1_0_17/packages/ti/board/lib/evmAM335x/a8/release/ti.board.aa8fg(evmAM335x_info.oa8fg)
 .ARM.attributes
                0x0000034f       0x3d C:/ti/pdk_am335x_1_0_17/packages/ti/drv/uart/lib/am335x/a8/release/ti.drv.uart.aa8fg(UART_stdio.oa8fg)
 .ARM.attributes
                0x0000038c       0x3d C:/ti/pdk_am335x_1_0_17/packages/ti/drv/uart/lib/am335x/a8/release/ti.drv.uart.aa8fg(UART_drv.oa8fg)
 .ARM.attributes
                0x000003c9       0x3d C:/ti/pdk_am335x_1_0_17/packages/ti/drv/uart/lib/am335x/a8/release/ti.drv.uart.aa8fg(UART_soc.oa8fg)
 .ARM.attributes
                0x00000406       0x3d C:/ti/pdk_am335x_1_0_17/packages/ti/drv/uart/lib/am335x/a8/release/ti.drv.uart.aa8fg(UART_v1.oa8fg)
 .ARM.attributes
                0x00000443       0x3d C:/ti/pdk_am335x_1_0_17/packages/ti/drv/i2c/lib/am335x/a8/release/ti.drv.i2c.aa8fg(I2C_drv.oa8fg)
 .ARM.attributes
                0x00000480       0x3d C:/ti/pdk_am335x_1_0_17/packages/ti/drv/i2c/lib/am335x/a8/release/ti.drv.i2c.aa8fg(I2C_soc.oa8fg)
 .ARM.attributes
                0x000004bd       0x3d C:/ti/pdk_am335x_1_0_17/packages/ti/drv/i2c/lib/am335x/a8/release/ti.drv.i2c.aa8fg(I2C_v1.oa8fg)
 .ARM.attributes
                0x000004fa       0x3d C:/ti/pdk_am335x_1_0_17/packages/ti/csl/lib/am335x/a8/release/ti.csl.aa8fg(i2c.oa8fg)
 .ARM.attributes
                0x00000537       0x3d C:/ti/pdk_am335x_1_0_17/packages/ti/csl/lib/am335x/a8/release/ti.csl.aa8fg(uart.oa8fg)
 .ARM.attributes
                0x00000574       0x3d C:/ti/pdk_am335x_1_0_17/packages/ti/osal/lib/nonos/am335x/a8/release/ti.osal.aa8fg(HwiP_nonos.oa8fg)
 .ARM.attributes
                0x000005b1       0x3d C:/ti/pdk_am335x_1_0_17/packages/ti/osal/lib/nonos/am335x/a8/release/ti.osal.aa8fg(Utils_nonos.oa8fg)
 .ARM.attributes
                0x000005ee       0x3d C:/ti/pdk_am335x_1_0_17/packages/ti/osal/lib/nonos/am335x/a8/release/ti.osal.aa8fg(SemaphoreP_nonos.oa8fg)
 .ARM.attributes
                0x0000062b       0x3d C:/ti/pdk_am335x_1_0_17/packages/ti/osal/lib/nonos/am335x/a8/release/ti.osal.aa8fg(RegisterIntr_nonos.oa8fg)
 .ARM.attributes
                0x00000668       0x3d C:/ti/pdk_am335x_1_0_17/packages/ti/osal/lib/nonos/am335x/a8/release/ti.osal.aa8fg(Arch_util.oa8fg)
 .ARM.attributes
                0x000006a5       0x3d C:/ti/pdk_am335x_1_0_17/packages/ti/osal/lib/nonos/am335x/a8/release/ti.osal.aa8fg(delay.oa8fg)
 .ARM.attributes
                0x000006e2       0x3d C:/ti/pdk_am335x_1_0_17/packages/ti/csl/lib/am335x/a8/release/ti.csl.aa8fg(timer.oa8fg)
 .ARM.attributes
                0x0000071f       0x18 c:/ti/gcc-arm-none-eabi-7-2018-q2-update/bin/../lib/gcc/arm-none-eabi/7.3.1/hard\libgcc.a(_udivsi3.o)
 .ARM.attributes
                0x00000737       0x18 c:/ti/gcc-arm-none-eabi-7-2018-q2-update/bin/../lib/gcc/arm-none-eabi/7.3.1/hard\libgcc.a(_divsi3.o)
 .ARM.attributes
                0x0000074f       0x18 c:/ti/gcc-arm-none-eabi-7-2018-q2-update/bin/../lib/gcc/arm-none-eabi/7.3.1/hard\libgcc.a(_dvmd_tls.o)

.debug_frame    0x00000000      0x520
 .debug_frame   0x00000000       0x6c C:/ti/pdk_am335x_1_0_17/packages/ti/board/obj/evmAM335x/armv7/adc_test.o
 .debug_frame   0x0000006c      0x100 C:/ti/pdk_am335x_1_0_17/packages/ti/board/obj/evmAM335x/armv7/intc.o
 .debug_frame   0x0000016c       0x80 C:/ti/pdk_am335x_1_0_17/packages/ti/board/obj/evmAM335x/armv7/cpu.o
 .debug_frame   0x000001ec       0x64 C:/ti/pdk_am335x_1_0_17/packages/ti/board/obj/evmAM335x/armv7/diag_common_cfg.o
 .debug_frame   0x00000250      0x290 C:/ti/pdk_am335x_1_0_17/packages/ti/board/obj/evmAM335x/armv7/tsc_adc_ss.o
 .debug_frame   0x000004e0       0x20 c:/ti/gcc-arm-none-eabi-7-2018-q2-update/bin/../lib/gcc/arm-none-eabi/7.3.1/hard\libgcc.a(_udivsi3.o)
 .debug_frame   0x00000500       0x20 c:/ti/gcc-arm-none-eabi-7-2018-q2-update/bin/../lib/gcc/arm-none-eabi/7.3.1/hard\libgcc.a(_divsi3.o)
