Archive member included to satisfy reference by file (symbol)

c:/ti/gcc-arm-none-eabi-7-2018-q2-update/bin/../lib/gcc/arm-none-eabi/7.3.1/../../../../arm-none-eabi/lib/hard\libc.a(lib_a-strncmp.o)
                              C:/ti/pdk_am335x_1_0_17/packages/ti/board/obj/evmAM335x/armv7/pmic_test.o (strncmp)
C:/ti/pdk_am335x_1_0_17/packages/ti/board/lib/evmAM335x/a8/release/ti.board.aa8fg(evmAM335x.oa8fg)
                              C:/ti/pdk_am335x_1_0_17/packages/ti/board/obj/evmAM335x/armv7/pmic_test.o (Board_init)
C:/ti/pdk_am335x_1_0_17/packages/ti/board/lib/evmAM335x/a8/release/ti.board.aa8fg(evmAM335x_info.oa8fg)
                              C:/ti/pdk_am335x_1_0_17/packages/ti/board/obj/evmAM335x/armv7/pmic_test.o (Board_getIDInfo)
C:/ti/pdk_am335x_1_0_17/packages/ti/board/lib/evmAM335x/a8/release/ti.board.aa8fg(evmAM335x_lld_init.oa8fg)
                              C:/ti/pdk_am335x_1_0_17/packages/ti/board/lib/evmAM335x/a8/release/ti.board.aa8fg(evmAM335x.oa8fg) (Board_uartStdioInit)
C:/ti/pdk_am335x_1_0_17/packages/ti/board/lib/evmAM335x/a8/release/ti.board.aa8fg(evmAM335x_pinmux.oa8fg)
                              C:/ti/pdk_am335x_1_0_17/packages/ti/board/lib/evmAM335x/a8/release/ti.board.aa8fg(evmAM335x.oa8fg) (Board_pinmuxConfig)
C:/ti/pdk_am335x_1_0_17/packages/ti/board/lib/evmAM335x/a8/release/ti.board.aa8fg(am335x_chipdb.oa8fg)
                              C:/ti/pdk_am335x_1_0_17/packages/ti/board/lib/evmAM335x/a8/release/ti.board.aa8fg(evmAM335x_pinmux.oa8fg) (CHIPDBBaseAddress)
C:/ti/pdk_am335x_1_0_17/packages/ti/board/lib/evmAM335x/a8/release/ti.board.aa8fg(am335x_prcm.oa8fg)
                              C:/ti/pdk_am335x_1_0_17/packages/ti/board/lib/evmAM335x/a8/release/ti.board.aa8fg(evmAM335x.oa8fg) (PRCMModuleEnable)
C:/ti/pdk_am335x_1_0_17/packages/ti/board/lib/evmAM335x/a8/release/ti.board.aa8fg(hw_am335x_chipdb.oa8fg)
                              C:/ti/pdk_am335x_1_0_17/packages/ti/board/lib/evmAM335x/a8/release/ti.board.aa8fg(am335x_chipdb.oa8fg) (CHIPDBSpeedGradeProcID)
C:/ti/pdk_am335x_1_0_17/packages/ti/board/lib/evmAM335x/a8/release/ti.board.aa8fg(hw_am335x_chipdb_baseaddr.oa8fg)
                              C:/ti/pdk_am335x_1_0_17/packages/ti/board/lib/evmAM335x/a8/release/ti.board.aa8fg(am335x_chipdb.oa8fg) (gChipDBBaseAddrTable)
C:/ti/pdk_am335x_1_0_17/packages/ti/board/lib/evmAM335x/a8/release/ti.board.aa8fg(hw_am335x_chipdb_interrupt.oa8fg)
                              C:/ti/pdk_am335x_1_0_17/packages/ti/board/lib/evmAM335x/a8/release/ti.board.aa8fg(am335x_chipdb.oa8fg) (gChipDBInterruptTables)
C:/ti/pdk_am335x_1_0_17/packages/ti/board/lib/evmAM335x/a8/release/ti.board.aa8fg(am335x_gpevm_pinmux_data.oa8fg)
                              C:/ti/pdk_am335x_1_0_17/packages/ti/board/lib/evmAM335x/a8/release/ti.board.aa8fg(evmAM335x_pinmux.oa8fg) (gGpevmPinmuxData)
C:/ti/pdk_am335x_1_0_17/packages/ti/drv/uart/lib/am335x/a8/release/ti.drv.uart.aa8fg(UART_stdio.oa8fg)
                              C:/ti/pdk_am335x_1_0_17/packages/ti/board/lib/evmAM335x/a8/release/ti.board.aa8fg(evmAM335x_lld_init.oa8fg) (UART_stdioInit)
C:/ti/pdk_am335x_1_0_17/packages/ti/drv/uart/lib/am335x/a8/release/ti.drv.uart.aa8fg(UART_ascii_utils.oa8fg)
                              C:/ti/pdk_am335x_1_0_17/packages/ti/drv/uart/lib/am335x/a8/release/ti.drv.uart.aa8fg(UART_stdio.oa8fg) (UART_ASCIIUtils_charToDigit)
C:/ti/pdk_am335x_1_0_17/packages/ti/drv/uart/lib/am335x/a8/release/ti.drv.uart.aa8fg(UART_drv.oa8fg)
                              C:/ti/pdk_am335x_1_0_17/packages/ti/drv/uart/lib/am335x/a8/release/ti.drv.uart.aa8fg(UART_stdio.oa8fg) (UART_close)
C:/ti/pdk_am335x_1_0_17/packages/ti/drv/uart/lib/am335x/a8/release/ti.drv.uart.aa8fg(UART_soc.oa8fg)
                              C:/ti/pdk_am335x_1_0_17/packages/ti/drv/uart/lib/am335x/a8/release/ti.drv.uart.aa8fg(UART_drv.oa8fg) (UART_config)
C:/ti/pdk_am335x_1_0_17/packages/ti/drv/uart/lib/am335x/a8/release/ti.drv.uart.aa8fg(UART_v2.oa8fg)
                              C:/ti/pdk_am335x_1_0_17/packages/ti/drv/uart/lib/am335x/a8/release/ti.drv.uart.aa8fg(UART_soc.oa8fg) (UART_v2_FxnTable)
C:/ti/pdk_am335x_1_0_17/packages/ti/drv/uart/lib/am335x/a8/release/ti.drv.uart.aa8fg(UART_v1.oa8fg)
                              C:/ti/pdk_am335x_1_0_17/packages/ti/drv/uart/lib/am335x/a8/release/ti.drv.uart.aa8fg(UART_soc.oa8fg) (UART_FxnTable_v1)
C:/ti/pdk_am335x_1_0_17/packages/ti/drv/i2c/lib/am335x/a8/release/ti.drv.i2c.aa8fg(I2C_drv.oa8fg)
                              C:/ti/pdk_am335x_1_0_17/packages/ti/board/obj/evmAM335x/armv7/pmic_test.o (I2C_close)
C:/ti/pdk_am335x_1_0_17/packages/ti/drv/i2c/lib/am335x/a8/release/ti.drv.i2c.aa8fg(I2C_soc.oa8fg)
                              C:/ti/pdk_am335x_1_0_17/packages/ti/board/obj/evmAM335x/armv7/pmic_test.o (I2C_config)
C:/ti/pdk_am335x_1_0_17/packages/ti/drv/i2c/lib/am335x/a8/release/ti.drv.i2c.aa8fg(I2C_v2.oa8fg)
[...]
Memory Configuration

Name             Origin             Length             Attributes
DDR0             0x80000000         0x40000000
DDR0_MEMTEST     0x80000000         0x00010000
DIAG_MEM         0x402f0400         0x0001fc00         xrwl
SBL_MEM          0x402f0400         0x0001fc00         xrwl
OCMC_RAM         0x40300000         0x00010000         xrwl
*default*        0x00000000         0xffffffff

Linker script and memory map

LOAD C:/ti/pdk_am335x_1_0_17/packages/ti/board/obj/evmAM335x/armv7/pmic_test.o
LOAD C:/ti/pdk_am335x_1_0_17/packages/ti/board/obj/evmAM335x/armv7/diag_entry.ao
LOAD C:/ti/pdk_am335x_1_0_17/packages/ti/board/obj/evmAM335x/armv7/intc.o
LOAD C:/ti/pdk_am335x_1_0_17/packages/ti/board/obj/evmAM335x/armv7/cpu.o
LOAD C:/ti/pdk_am335x_1_0_17/packages/ti/board/obj/evmAM335x/armv7/diag_common_cfg.o

.startcode      0x80000000      0x154
                0x80000000                . = ALIGN (0x4)
 *diag_entry.ao(.text)
 .text          0x80000000      0x154 C:/ti/pdk_am335x_1_0_17/packages/ti/board/obj/evmAM335x/armv7/diag_entry.ao
                0x80000000                Entry
                0x800000bc                SVC_Handler
                0x800000e4                IRQHandler
                0x80000124                FIQHandler
                0x80000128                AbortHandler
                0x80000128                UndefInstHandler

.text           0x80000154     0x7628
                0x80000154                . = ALIGN (0x4)
 *(.text*)
 .text          0x80000154      0x4cc C:/ti/pdk_am335x_1_0_17/packages/ti/board/obj/evmAM335x/armv7/pmic_test.o
                0x80000154                setPmicVoltage
                0x800001a4                readPmicVoltage
                0x800001ec                getPmicId
                0x80000298                Get_PmicData
                0x80000470                pmic_test
                0x80000604                AppDelay
 .text.startup  0x80000620       0x14 C:/ti/pdk_am335x_1_0_17/packages/ti/board/obj/evmAM335x/armv7/pmic_test.o
                0x80000620                main
 .text          0x80000634      0x2bc C:/ti/pdk_am335x_1_0_17/packages/ti/board/obj/evmAM335x/armv7/intc.o
                0x8000064c                INTCInit
                0x800006cc                INTCConfigIntr
                0x80000760                INTCEnableIntr
                0x80000798                INTCDisableIntr
                0x800007d0                INTCEnableCpuIntr
                0x800007f8                INTCDisableCpuIntr
                0x800007fc                INTCClearIntr
                0x8000082c                INTCTriggerSWIntr
                0x80000858                INTCSaveContext
                0x80000860                INTCRestoreContext
                0x80000868                INTCCommonIntrHandler
 .text          0x800008f0       0x90 C:/ti/pdk_am335x_1_0_17/packages/ti/board/obj/evmAM335x/armv7/cpu.o
                0x800008f0                CPUSwitchToPrivilegedMode
                0x800008f8                CPUSwitchToUserMode
                0x8000090c                CPUAbortHandler
                0x80000910                CPUIntrStatus
                0x8000091c                CPUIntrDisable
                0x80000954                CPUIntrEnable
 .text          0x80000980       0x6c C:/ti/pdk_am335x_1_0_17/packages/ti/board/obj/evmAM335x/armv7/diag_common_cfg.o
                0x80000980                VectorBaseAddrSet
                0x80000990                CopyVectorTable
                0x800009d4                start_boot
                0x800009e4                DIAG_init
 .text.strncmp  0x800009ec      0x100 c:/ti/gcc-arm-none-eabi-7-2018-q2-update/bin/../lib/gcc/arm-none-eabi/7.3.1/../../../../arm-none-eabi/lib/hard\libc.a(lib_a-strncmp.o)
                0x800009ec                strncmp
 .text.Board_moduleClockInit
                0x80000aec      0x1d8 C:/ti/pdk_am335x_1_0_17/packages/ti/board/lib/evmAM335x/a8/release/ti.board.aa8fg(evmAM335x.oa8fg)
                0x80000aec                Board_moduleClockInit
 .text.Board_init
                0x80000cc4       0x58 C:/ti/pdk_am335x_1_0_17/packages/ti/board/lib/evmAM335x/a8/release/ti.board.aa8fg(evmAM335x.oa8fg)
                0x80000cc4                Board_init
 .text.Board_getIDInfo
                0x80000d1c      0x16c C:/ti/pdk_am335x_1_0_17/packages/ti/board/lib/evmAM335x/a8/release/ti.board.aa8fg(evmAM335x_info.oa8fg)
                0x80000d1c                Board_getIDInfo
 .text.Board_getProfileInfo
                0x80000e88       0xd0 C:/ti/pdk_am335x_1_0_17/packages/ti/board/lib/evmAM335x/a8/release/ti.board.aa8fg(evmAM335x_info.oa8fg)
                0x80000e88                Board_getProfileInfo
 .text.Board_uartStdioInit
                0x80000f58       0x1c C:/ti/pdk_am335x_1_0_17/packages/ti/board/lib/evmAM335x/a8/release/ti.board.aa8fg(evmAM335x_lld_init.oa8fg)
                0x80000f58                Board_uartStdioInit
 .text.Board_internalInitI2C
                0x80000f74       0x6c C:/ti/pdk_am335x_1_0_17/packages/ti/board/lib/evmAM335x/a8/release/ti.board.aa8fg(evmAM335x_lld_init.oa8fg)
                0x80000f74                Board_internalInitI2C
 .text.PINMUXModuleConfig
                0x80000fe0      0x128 C:/ti/pdk_am335x_1_0_17/packages/ti/board/lib/evmAM335x/a8/release/ti.board.aa8fg(evmAM335x_pinmux.oa8fg)
                0x80000fe0                PINMUXModuleConfig
 .text.Board_pinmuxConfig
                0x80001108      0x15c C:/ti/pdk_am335x_1_0_17/packages/ti/board/lib/evmAM335x/a8/release/ti.board.aa8fg(evmAM335x_pinmux.oa8fg)
                0x80001108                Board_pinmuxConfig
 .text.CHIPDBBaseAddress
                0x80001264       0x38 C:/ti/pdk_am335x_1_0_17/packages/ti/board/lib/evmAM335x/a8/release/ti.board.aa8fg(am335x_chipdb.oa8fg)
                0x80001264                CHIPDBBaseAddress
 .text.PRCMModuleEnable
                0x8000129c     0x11ec C:/ti/pdk_am335x_1_0_17/packages/ti/board/lib/evmAM335x/a8/release/ti.board.aa8fg(am335x_prcm.oa8fg)
                0x8000129c                PRCMModuleEnable
 .text.uart_console_putc
                0x80002488       0x58 C:/ti/pdk_am335x_1_0_17/packages/ti/drv/uart/lib/am335x/a8/release/ti.drv.uart.aa8fg(UART_stdio.oa8fg)
 .text.UART_stdioInit
                0x800024e0       0x90 C:/ti/pdk_am335x_1_0_17/packages/ti/drv/uart/lib/am335x/a8/release/ti.drv.uart.aa8fg(UART_stdio.oa8fg)
                0x800024e0                UART_stdioInit
 .text.UART_dataWrite
                0x80002570       0x5c C:/ti/pdk_am335x_1_0_17/packages/ti/drv/uart/lib/am335x/a8/release/ti.drv.uart.aa8fg(UART_stdio.oa8fg)
                0x80002570                UART_dataWrite
 .text.UART_convertVal.constprop.0
                0x800025cc      0x16c C:/ti/pdk_am335x_1_0_17/packages/ti/drv/uart/lib/am335x/a8/release/ti.drv.uart.aa8fg(UART_stdio.oa8fg)
 .text.UART_printf
                0x80002738      0x2d4 C:/ti/pdk_am335x_1_0_17/packages/ti/drv/uart/lib/am335x/a8/release/ti.drv.uart.aa8fg(UART_stdio.oa8fg)
                0x80002738                UART_printf
 .text.UART_init
                0x80002a0c       0x6c C:/ti/pdk_am335x_1_0_17/packages/ti/drv/uart/lib/am335x/a8/release/ti.drv.uart.aa8fg(UART_drv.oa8fg)
                0x80002a0c                UART_init
 .text.UART_open
                0x80002a78       0x20 C:/ti/pdk_am335x_1_0_17/packages/ti/drv/uart/lib/am335x/a8/release/ti.drv.uart.aa8fg(UART_drv.oa8fg)
                0x80002a78                UART_open
 .text.UART_Params_init
                0x80002a98       0x2c C:/ti/pdk_am335x_1_0_17/packages/ti/drv/uart/lib/am335x/a8/release/ti.drv.uart.aa8fg(UART_drv.oa8fg)
                0x80002a98                UART_Params_init
 .text.UART_write
                0x80002ac4        0xc C:/ti/pdk_am335x_1_0_17/packages/ti/drv/uart/lib/am335x/a8/release/ti.drv.uart.aa8fg(UART_drv.oa8fg)
                0x80002ac4                UART_write
 .text.UART_writePolling
                0x80002ad0        0xc C:/ti/pdk_am335x_1_0_17/packages/ti/drv/uart/lib/am335x/a8/release/ti.drv.uart.aa8fg(UART_drv.oa8fg)
                0x80002ad0                UART_writePolling
 .text.UART_init_v1
                0x80002adc       0x10 C:/ti/pdk_am335x_1_0_17/packages/ti/drv/uart/lib/am335x/a8/release/ti.drv.uart.aa8fg(UART_v1.oa8fg)
 .text.UART_control_v1
                0x80002aec        0x8 C:/ti/pdk_am335x_1_0_17/packages/ti/drv/uart/lib/am335x/a8/release/ti.drv.uart.aa8fg(UART_v1.oa8fg)
 .text.UART_open_v1
                0x80002af4      0x31c C:/ti/pdk_am335x_1_0_17/packages/ti/drv/uart/lib/am335x/a8/release/ti.drv.uart.aa8fg(UART_v1.oa8fg)
 .text.UART_close_v1
                0x80002e10       0xb8 C:/ti/pdk_am335x_1_0_17/packages/ti/drv/uart/lib/am335x/a8/release/ti.drv.uart.aa8fg(UART_v1.oa8fg)
 .text.UART_writeCancelNoCB.isra.0
                0x80002ec8       0x78 C:/ti/pdk_am335x_1_0_17/packages/ti/drv/uart/lib/am335x/a8/release/ti.drv.uart.aa8fg(UART_v1.oa8fg)
 .text.UART_writeCancel_v1
                0x80002f40       0x48 C:/ti/pdk_am335x_1_0_17/packages/ti/drv/uart/lib/am335x/a8/release/ti.drv.uart.aa8fg(UART_v1.oa8fg)
 .text.UART_readCancelNoCB.isra.2
                0x80002f88       0x8c C:/ti/pdk_am335x_1_0_17/packages/ti/drv/uart/lib/am335x/a8/release/ti.drv.uart.aa8fg(UART_v1.oa8fg)
 .text.UART_charPut_v1.isra.4
                0x80003014       0x5c C:/ti/pdk_am335x_1_0_17/packages/ti/drv/uart/lib/am335x/a8/release/ti.drv.uart.aa8fg(UART_v1.oa8fg)
 .text.UART_writePolling_v1
                0x80003070       0xc0 C:/ti/pdk_am335x_1_0_17/packages/ti/drv/uart/lib/am335x/a8/release/ti.drv.uart.aa8fg(UART_v1.oa8fg)
 .text.UART_write2_v1
                0x80003130      0x264 C:/ti/pdk_am335x_1_0_17/packages/ti/drv/uart/lib/am335x/a8/release/ti.drv.uart.aa8fg(UART_v1.oa8fg)
 .text.UART_write_v1
                0x80003394       0x7c C:/ti/pdk_am335x_1_0_17/packages/ti/drv/uart/lib/am335x/a8/release/ti.drv.uart.aa8fg(UART_v1.oa8fg)
 .text.UART_readPolling_v1
                0x80003410      0x12c C:/ti/pdk_am335x_1_0_17/packages/ti/drv/uart/lib/am335x/a8/release/ti.drv.uart.aa8fg(UART_v1.oa8fg)
 .text.UART_v1_callback
                0x8000353c       0x98 C:/ti/pdk_am335x_1_0_17/packages/ti/drv/uart/lib/am335x/a8/release/ti.drv.uart.aa8fg(UART_v1.oa8fg)
                0x8000353c                UART_v1_callback
 .text.UART_read2_v1
                0x800035d4      0x274 C:/ti/pdk_am335x_1_0_17/packages/ti/drv/uart/lib/am335x/a8/release/ti.drv.uart.aa8fg(UART_v1.oa8fg)
 .text.UART_read_v1
                0x80003848       0x7c C:/ti/pdk_am335x_1_0_17/packages/ti/drv/uart/lib/am335x/a8/release/ti.drv.uart.aa8fg(UART_v1.oa8fg)
 .text.UART_readCancel_v1
                0x800038c4       0x34 C:/ti/pdk_am335x_1_0_17/packages/ti/drv/uart/lib/am335x/a8/release/ti.drv.uart.aa8fg(UART_v1.oa8fg)
 .text.UART_v1_hwiIntFxn
                0x800038f8      0x544 C:/ti/pdk_am335x_1_0_17/packages/ti/drv/uart/lib/am335x/a8/release/ti.drv.uart.aa8fg(UART_v1.oa8fg)
 .text.I2C_close
                0x80003e3c       0x14 C:/ti/pdk_am335x_1_0_17/packages/ti/drv/i2c/lib/am335x/a8/release/ti.drv.i2c.aa8fg(I2C_drv.oa8fg)
                0x80003e3c                I2C_close
 .text.I2C_init
                0x80003e50       0x6c C:/ti/pdk_am335x_1_0_17/packages/ti/drv/i2c/lib/am335x/a8/release/ti.drv.i2c.aa8fg(I2C_drv.oa8fg)
                0x80003e50                I2C_init
 .text.I2C_open
                0x80003ebc       0x20 C:/ti/pdk_am335x_1_0_17/packages/ti/drv/i2c/lib/am335x/a8/release/ti.drv.i2c.aa8fg(I2C_drv.oa8fg)
                0x80003ebc                I2C_open
 .text.I2C_Params_init
                0x80003edc       0x14 C:/ti/pdk_am335x_1_0_17/packages/ti/drv/i2c/lib/am335x/a8/release/ti.drv.i2c.aa8fg(I2C_drv.oa8fg)
                0x80003edc                I2C_Params_init
 .text.I2C_transfer
                0x80003ef0       0x2c C:/ti/pdk_am335x_1_0_17/packages/ti/drv/i2c/lib/am335x/a8/release/ti.drv.i2c.aa8fg(I2C_drv.oa8fg)
                0x80003ef0                I2C_transfer
 .text.I2C_init_v1
                0x80003f1c       0x14 C:/ti/pdk_am335x_1_0_17/packages/ti/drv/i2c/lib/am335x/a8/release/ti.drv.i2c.aa8fg(I2C_v1.oa8fg)
 .text.I2C_close_v1
                0x80003f30       0x98 C:/ti/pdk_am335x_1_0_17/packages/ti/drv/i2c/lib/am335x/a8/release/ti.drv.i2c.aa8fg(I2C_v1.oa8fg)
 .text.I2C_open_v1
                0x80003fc8      0x224 C:/ti/pdk_am335x_1_0_17/packages/ti/drv/i2c/lib/am335x/a8/release/ti.drv.i2c.aa8fg(I2C_v1.oa8fg)
 .text.I2C_transfer_Callback_v1
                0x800041ec       0x14 C:/ti/pdk_am335x_1_0_17/packages/ti/drv/i2c/lib/am335x/a8/release/ti.drv.i2c.aa8fg(I2C_v1.oa8fg)
 .text.I2C_v1_waitForPin.isra.2
                0x80004200       0xcc C:/ti/pdk_am335x_1_0_17/packages/ti/drv/i2c/lib/am335x/a8/release/ti.drv.i2c.aa8fg(I2C_v1.oa8fg)
 .text.I2C_primeTransfer_v1
                0x800042cc      0x524 C:/ti/pdk_am335x_1_0_17/packages/ti/drv/i2c/lib/am335x/a8/release/ti.drv.i2c.aa8fg(I2C_v1.oa8fg)
 .text.I2C_v1_complete_curr_transfer
                0x800047f0       0x8c C:/ti/pdk_am335x_1_0_17/packages/ti/drv/i2c/lib/am335x/a8/release/ti.drv.i2c.aa8fg(I2C_v1.oa8fg)
 .text.I2C_v1_hwiFxn
                0x8000487c      0x528 C:/ti/pdk_am335x_1_0_17/packages/ti/drv/i2c/lib/am335x/a8/release/ti.drv.i2c.aa8fg(I2C_v1.oa8fg)
 .text.I2C_v1_resetCtrl
                0x80004da4      0x164 C:/ti/pdk_am335x_1_0_17/packages/ti/drv/i2c/lib/am335x/a8/release/ti.drv.i2c.aa8fg(I2C_v1.oa8fg)
 .text.I2C_v1_recoverBus
                0x80004f08      0x11c C:/ti/pdk_am335x_1_0_17/packages/ti/drv/i2c/lib/am335x/a8/release/ti.drv.i2c.aa8fg(I2C_v1.oa8fg)
 .text.I2C_transfer_v1
                0x80005024      0x18c C:/ti/pdk_am335x_1_0_17/packages/ti/drv/i2c/lib/am335x/a8/release/ti.drv.i2c.aa8fg(I2C_v1.oa8fg)
 .text.I2C_v1_waitForBb.constprop.5
                0x800051b0       0xbc C:/ti/pdk_am335x_1_0_17/packages/ti/drv/i2c/lib/am335x/a8/release/ti.drv.i2c.aa8fg(I2C_v1.oa8fg)
 .text.I2C_v1_control
                0x8000526c      0x238 C:/ti/pdk_am335x_1_0_17/packages/ti/drv/i2c/lib/am335x/a8/release/ti.drv.i2c.aa8fg(I2C_v1.oa8fg)
 .text.I2CMasterInitExpClk
                0x800054a4       0xd0 C:/ti/pdk_am335x_1_0_17/packages/ti/csl/lib/am335x/a8/release/ti.csl.aa8fg(i2c.oa8fg)
                0x800054a4                I2CMasterInitExpClk
 .text.I2CMasterEnable
                0x80005574       0x1c C:/ti/pdk_am335x_1_0_17/packages/ti/csl/lib/am335x/a8/release/ti.csl.aa8fg(i2c.oa8fg)
                0x80005574                I2CMasterEnable
 .text.I2CMasterEnableFreeRun
                0x80005590       0x1c C:/ti/pdk_am335x_1_0_17/packages/ti/csl/lib/am335x/a8/release/ti.csl.aa8fg(i2c.oa8fg)
                0x80005590                I2CMasterEnableFreeRun
 .text.I2CMasterSetSysTest
                0x800055ac        0xc C:/ti/pdk_am335x_1_0_17/packages/ti/csl/lib/am335x/a8/release/ti.csl.aa8fg(i2c.oa8fg)
                0x800055ac                I2CMasterSetSysTest
 .text.I2CMasterGetSysTest
                0x800055b8        0xc C:/ti/pdk_am335x_1_0_17/packages/ti/csl/lib/am335x/a8/release/ti.csl.aa8fg(i2c.oa8fg)
                0x800055b8                I2CMasterGetSysTest
 .text.I2CMasterDisable
                0x800055c4       0x14 C:/ti/pdk_am335x_1_0_17/packages/ti/csl/lib/am335x/a8/release/ti.csl.aa8fg(i2c.oa8fg)
                0x800055c4                I2CMasterDisable
 .text.I2CMasterBusBusy
                0x800055d8       0x10 C:/ti/pdk_am335x_1_0_17/packages/ti/csl/lib/am335x/a8/release/ti.csl.aa8fg(i2c.oa8fg)
                0x800055d8                I2CMasterBusBusy
 .text.I2CMasterControl
                0x800055e8       0x10 C:/ti/pdk_am335x_1_0_17/packages/ti/csl/lib/am335x/a8/release/ti.csl.aa8fg(i2c.oa8fg)
                0x800055e8                I2CMasterControl
 .text.I2CMasterStart
                0x800055f8       0x1c C:/ti/pdk_am335x_1_0_17/packages/ti/csl/lib/am335x/a8/release/ti.csl.aa8fg(i2c.oa8fg)
                0x800055f8                I2CMasterStart
 .text.I2CMasterStop
                0x80005614       0x1c C:/ti/pdk_am335x_1_0_17/packages/ti/csl/lib/am335x/a8/release/ti.csl.aa8fg(i2c.oa8fg)
                0x80005614                I2CMasterStop
 .text.I2CMasterIntEnableEx
                0x80005630       0x18 C:/ti/pdk_am335x_1_0_17/packages/ti/csl/lib/am335x/a8/release/ti.csl.aa8fg(i2c.oa8fg)
                0x80005630                I2CMasterIntEnableEx
 .text.I2CSlaveIntEnableEx
                0x80005648        0x4 C:/ti/pdk_am335x_1_0_17/packages/ti/csl/lib/am335x/a8/release/ti.csl.aa8fg(i2c.oa8fg)
                0x80005648                I2CSlaveIntEnableEx
 .text.I2CMasterIntDisableEx
                0x8000564c        0xc C:/ti/pdk_am335x_1_0_17/packages/ti/csl/lib/am335x/a8/release/ti.csl.aa8fg(i2c.oa8fg)
                0x8000564c                I2CMasterIntDisableEx
 .text.I2CSlaveIntDisableEx
                0x80005658        0xc C:/ti/pdk_am335x_1_0_17/packages/ti/csl/lib/am335x/a8/release/ti.csl.aa8fg(i2c.oa8fg)
                0x80005658                I2CSlaveIntDisableEx
 .text.I2CMasterIntStatus
                0x80005664        0xc C:/ti/pdk_am335x_1_0_17/packages/ti/csl/lib/am335x/a8/release/ti.csl.aa8fg(i2c.oa8fg)
                0x80005664                I2CMasterIntStatus
 .text.I2CMasterIntRawStatus
                0x80005670        0xc C:/ti/pdk_am335x_1_0_17/packages/ti/csl/lib/am335x/a8/release/ti.csl.aa8fg(i2c.oa8fg)
                0x80005670                I2CMasterIntRawStatus
 .text.I2CSlaveIntRawStatus
                0x8000567c        0xc C:/ti/pdk_am335x_1_0_17/packages/ti/csl/lib/am335x/a8/release/ti.csl.aa8fg(i2c.oa8fg)
                0x8000567c                I2CSlaveIntRawStatus
 .text.I2CMasterIntRawStatusEx
                0x80005688       0x10 C:/ti/pdk_am335x_1_0_17/packages/ti/csl/lib/am335x/a8/release/ti.csl.aa8fg(i2c.oa8fg)
                0x80005688                I2CMasterIntRawStatusEx
 .text.I2CMasterIntClearEx
                0x80005698        0xc C:/ti/pdk_am335x_1_0_17/packages/ti/csl/lib/am335x/a8/release/ti.csl.aa8fg(i2c.oa8fg)
                0x80005698                I2CMasterIntClearEx
 .text.I2CSlaveIntClearEx
                0x800056a4        0xc C:/ti/pdk_am335x_1_0_17/packages/ti/csl/lib/am335x/a8/release/ti.csl.aa8fg(i2c.oa8fg)
                0x800056a4                I2CSlaveIntClearEx
 .text.I2CGetEnabledIntStatus
                0x800056b0       0x10 C:/ti/pdk_am335x_1_0_17/packages/ti/csl/lib/am335x/a8/release/ti.csl.aa8fg(i2c.oa8fg)
                0x800056b0                I2CGetEnabledIntStatus
 .text.I2CMasterSlaveAddrSet
                0x800056c0        0xc C:/ti/pdk_am335x_1_0_17/packages/ti/csl/lib/am335x/a8/release/ti.csl.aa8fg(i2c.oa8fg)
                0x800056c0                I2CMasterSlaveAddrSet
 .text.I2CSetDataCount
                0x800056cc        0xc C:/ti/pdk_am335x_1_0_17/packages/ti/csl/lib/am335x/a8/release/ti.csl.aa8fg(i2c.oa8fg)
                0x800056cc                I2CSetDataCount
 .text.I2CDataCountGet
                0x800056d8        0xc C:/ti/pdk_am335x_1_0_17/packages/ti/csl/lib/am335x/a8/release/ti.csl.aa8fg(i2c.oa8fg)
                0x800056d8                I2CDataCountGet
 .text.I2CFIFOClear
                0x800056e4       0x24 C:/ti/pdk_am335x_1_0_17/packages/ti/csl/lib/am335x/a8/release/ti.csl.aa8fg(i2c.oa8fg)
                0x800056e4                I2CFIFOClear
 .text.I2CBufferStatus
                0x80005708       0x4c C:/ti/pdk_am335x_1_0_17/packages/ti/csl/lib/am335x/a8/release/ti.csl.aa8fg(i2c.oa8fg)
                0x80005708                I2CBufferStatus
 .text.I2COwnAddressSet
                0x80005754       0x4c C:/ti/pdk_am335x_1_0_17/packages/ti/csl/lib/am335x/a8/release/ti.csl.aa8fg(i2c.oa8fg)
                0x80005754                I2COwnAddressSet
 .text.I2CSoftReset
                0x800057a0       0x1c C:/ti/pdk_am335x_1_0_17/packages/ti/csl/lib/am335x/a8/release/ti.csl.aa8fg(i2c.oa8fg)
                0x800057a0                I2CSoftReset
 .text.I2CAutoIdleDisable
                0x800057bc       0x14 C:/ti/pdk_am335x_1_0_17/packages/ti/csl/lib/am335x/a8/release/ti.csl.aa8fg(i2c.oa8fg)
                0x800057bc                I2CAutoIdleDisable
 .text.I2CSystemStatusGet
                0x800057d0       0x10 C:/ti/pdk_am335x_1_0_17/packages/ti/csl/lib/am335x/a8/release/ti.csl.aa8fg(i2c.oa8fg)
                0x800057d0                I2CSystemStatusGet
 .text.I2CMasterDataPut
                0x800057e0        0xc C:/ti/pdk_am335x_1_0_17/packages/ti/csl/lib/am335x/a8/release/ti.csl.aa8fg(i2c.oa8fg)
                0x800057e0                I2CMasterDataPut
 .text.I2CMasterDataGet
                0x800057ec       0x10 C:/ti/pdk_am335x_1_0_17/packages/ti/csl/lib/am335x/a8/release/ti.csl.aa8fg(i2c.oa8fg)
                0x800057ec                I2CMasterDataGet
 .text.I2CSlaveDataGet
                0x800057fc       0x10 C:/ti/pdk_am335x_1_0_17/packages/ti/csl/lib/am335x/a8/release/ti.csl.aa8fg(i2c.oa8fg)
                0x800057fc                I2CSlaveDataGet
 .text.I2CSyscInit
                0x8000580c        0xc C:/ti/pdk_am335x_1_0_17/packages/ti/csl/lib/am335x/a8/release/ti.csl.aa8fg(i2c.oa8fg)
                0x8000580c                I2CSyscInit
 .text.I2CConfig
                0x80005818        0xc C:/ti/pdk_am335x_1_0_17/packages/ti/csl/lib/am335x/a8/release/ti.csl.aa8fg(i2c.oa8fg)
                0x80005818                I2CConfig
 .text.UARTOperatingModeSelect
                0x80005824       0x28 C:/ti/pdk_am335x_1_0_17/packages/ti/csl/lib/am335x/a8/release/ti.csl.aa8fg(uart.oa8fg)
                0x80005824                UARTOperatingModeSelect
 .text.UARTDivisorValCompute
                0x8000584c       0x6c C:/ti/pdk_am335x_1_0_17/packages/ti/csl/lib/am335x/a8/release/ti.csl.aa8fg(uart.oa8fg)
                0x8000584c                UARTDivisorValCompute
 .text.UARTDivisorLatchWrite
                0x800058b8      0x1e4 C:/ti/pdk_am335x_1_0_17/packages/ti/csl/lib/am335x/a8/release/ti.csl.aa8fg(uart.oa8fg)
                0x800058b8                UARTDivisorLatchWrite
 .text.UARTDivisorLatchDisable
                0x80005a9c       0x14 C:/ti/pdk_am335x_1_0_17/packages/ti/csl/lib/am335x/a8/release/ti.csl.aa8fg(uart.oa8fg)
                0x80005a9c                UARTDivisorLatchDisable
 .text.UARTBreakCtl
                0x80005ab0       0x1c C:/ti/pdk_am335x_1_0_17/packages/ti/csl/lib/am335x/a8/release/ti.csl.aa8fg(uart.oa8fg)
                0x80005ab0                UARTBreakCtl
 .text.UARTLineCharacConfig
                0x80005acc       0x28 C:/ti/pdk_am335x_1_0_17/packages/ti/csl/lib/am335x/a8/release/ti.csl.aa8fg(uart.oa8fg)
                0x80005acc                UARTLineCharacConfig
 .text.UARTFIFORegisterWrite
                0x80005af4       0xbc C:/ti/pdk_am335x_1_0_17/packages/ti/csl/lib/am335x/a8/release/ti.csl.aa8fg(uart.oa8fg)
                0x80005af4                UARTFIFORegisterWrite
 .text.UARTSubConfigTCRTLRModeEn
                0x80005bb0       0xb4 C:/ti/pdk_am335x_1_0_17/packages/ti/csl/lib/am335x/a8/release/ti.csl.aa8fg(uart.oa8fg)
                0x80005bb0                UARTSubConfigTCRTLRModeEn
 .text.UARTTCRTLRBitValRestore
                0x80005c64       0xa8 C:/ti/pdk_am335x_1_0_17/packages/ti/csl/lib/am335x/a8/release/ti.csl.aa8fg(uart.oa8fg)
                0x80005c64                UARTTCRTLRBitValRestore
 .text.UARTFIFOConfig
                0x80005d0c      0x288 C:/ti/pdk_am335x_1_0_17/packages/ti/csl/lib/am335x/a8/release/ti.csl.aa8fg(uart.oa8fg)
                0x80005d0c                UARTFIFOConfig
 .text.UARTIntEnable
                0x80005f94       0xc0 C:/ti/pdk_am335x_1_0_17/packages/ti/csl/lib/am335x/a8/release/ti.csl.aa8fg(uart.oa8fg)
                0x80005f94                UARTIntEnable
 .text.UARTIntDisable
                0x80006054       0xcc C:/ti/pdk_am335x_1_0_17/packages/ti/csl/lib/am335x/a8/release/ti.csl.aa8fg(uart.oa8fg)
                0x80006054                UARTIntDisable
 .text.UARTInt2Enable
                0x80006120       0x1c C:/ti/pdk_am335x_1_0_17/packages/ti/csl/lib/am335x/a8/release/ti.csl.aa8fg(uart.oa8fg)
                0x80006120                UARTInt2Enable
 .text.UARTInt2Disable
                0x8000613c       0x1c C:/ti/pdk_am335x_1_0_17/packages/ti/csl/lib/am335x/a8/release/ti.csl.aa8fg(uart.oa8fg)
                0x8000613c                UARTInt2Disable
 .text.UARTReadStatus
                0x80006158       0x34 C:/ti/pdk_am335x_1_0_17/packages/ti/csl/lib/am335x/a8/release/ti.csl.aa8fg(uart.oa8fg)
                0x80006158                UARTReadStatus
 .text.UARTCharPutNonBlocking
                0x8000618c       0x48 C:/ti/pdk_am335x_1_0_17/packages/ti/csl/lib/am335x/a8/release/ti.csl.aa8fg(uart.oa8fg)
                0x8000618c                UARTCharPutNonBlocking
 .text.UARTCharPut
                0x800061d4       0x48 C:/ti/pdk_am335x_1_0_17/packages/ti/csl/lib/am335x/a8/release/ti.csl.aa8fg(uart.oa8fg)
                0x800061d4                UARTCharPut
 .text.UARTFIFOCharPut
                0x8000621c        0xc C:/ti/pdk_am335x_1_0_17/packages/ti/csl/lib/am335x/a8/release/ti.csl.aa8fg(uart.oa8fg)
                0x8000621c                UARTFIFOCharPut
 .text.UARTIntIdentityGet
                0x80006228       0x34 C:/ti/pdk_am335x_1_0_17/packages/ti/csl/lib/am335x/a8/release/ti.csl.aa8fg(uart.oa8fg)
                0x80006228                UARTIntIdentityGet
 .text.UARTInt2StatusGet
                0x8000625c       0x10 C:/ti/pdk_am335x_1_0_17/packages/ti/csl/lib/am335x/a8/release/ti.csl.aa8fg(uart.oa8fg)
                0x8000625c                UARTInt2StatusGet
 .text.UARTLoopbackModeControl
                0x8000626c       0x1c C:/ti/pdk_am335x_1_0_17/packages/ti/csl/lib/am335x/a8/release/ti.csl.aa8fg(uart.oa8fg)
                0x8000626c                UARTLoopbackModeControl
 .text.UARTTxFIFOFullStatusGet
                0x80006288       0x10 C:/ti/pdk_am335x_1_0_17/packages/ti/csl/lib/am335x/a8/release/ti.csl.aa8fg(uart.oa8fg)
                0x80006288                UARTTxFIFOFullStatusGet
 .text.UARTIsTransmitterEmpty
                0x80006298       0x40 C:/ti/pdk_am335x_1_0_17/packages/ti/csl/lib/am335x/a8/release/ti.csl.aa8fg(uart.oa8fg)
                0x80006298                UARTIsTransmitterEmpty
 .text.UARTCharGetNonBlocking2
                0x800062d8       0x4c C:/ti/pdk_am335x_1_0_17/packages/ti/csl/lib/am335x/a8/release/ti.csl.aa8fg(uart.oa8fg)
                0x800062d8                UARTCharGetNonBlocking2
 .text.HwiP_create
                0x80006324       0x44 C:/ti/pdk_am335x_1_0_17/packages/ti/osal/lib/nonos/am335x/a8/release/ti.osal.aa8fg(HwiP_nonos.oa8fg)
                0x80006324                HwiP_create
 .text.HwiP_delete
                0x80006368       0x70 C:/ti/pdk_am335x_1_0_17/packages/ti/osal/lib/nonos/am335x/a8/release/ti.osal.aa8fg(HwiP_nonos.oa8fg)
                0x80006368                HwiP_delete
 .text.HwiP_disable
                0x800063d8        0x4 C:/ti/pdk_am335x_1_0_17/packages/ti/osal/lib/nonos/am335x/a8/release/ti.osal.aa8fg(HwiP_nonos.oa8fg)
                0x800063d8                HwiP_disable
 .text.HwiP_disableInterrupt
                0x800063dc        0x4 C:/ti/pdk_am335x_1_0_17/packages/ti/osal/lib/nonos/am335x/a8/release/ti.osal.aa8fg(HwiP_nonos.oa8fg)
                0x800063dc                HwiP_disableInterrupt
 .text.HwiP_enableInterrupt
                0x800063e0        0x4 C:/ti/pdk_am335x_1_0_17/packages/ti/osal/lib/nonos/am335x/a8/release/ti.osal.aa8fg(HwiP_nonos.oa8fg)
                0x800063e0                HwiP_enableInterrupt
 .text.HwiP_Params_init
                0x800063e4       0x24 C:/ti/pdk_am335x_1_0_17/packages/ti/osal/lib/nonos/am335x/a8/release/ti.osal.aa8fg(HwiP_nonos.oa8fg)
                0x800063e4                HwiP_Params_init
 .text.HwiP_restore
                0x80006408        0x4 C:/ti/pdk_am335x_1_0_17/packages/ti/osal/lib/nonos/am335x/a8/release/ti.osal.aa8fg(HwiP_nonos.oa8fg)
                0x80006408                HwiP_restore
 .text.Osal_DebugP_assert
                0x8000640c       0x20 C:/ti/pdk_am335x_1_0_17/packages/ti/osal/lib/nonos/am335x/a8/release/ti.osal.aa8fg(Utils_nonos.oa8fg)
                0x8000640c                Osal_DebugP_assert
 .text.Osal_getThreadType
                0x8000642c        0x8 C:/ti/pdk_am335x_1_0_17/packages/ti/osal/lib/nonos/am335x/a8/release/ti.osal.aa8fg(Utils_nonos.oa8fg)
                0x8000642c                Osal_getThreadType
 .text.SemaphoreP_create
                0x80006434      0x150 C:/ti/pdk_am335x_1_0_17/packages/ti/osal/lib/nonos/am335x/a8/release/ti.osal.aa8fg(SemaphoreP_nonos.oa8fg)
                0x80006434                SemaphoreP_create
 .text.SemaphoreP_delete
                0x80006584       0x74 C:/ti/pdk_am335x_1_0_17/packages/ti/osal/lib/nonos/am335x/a8/release/ti.osal.aa8fg(SemaphoreP_nonos.oa8fg)
                0x80006584                SemaphoreP_delete
 .text.SemaphoreP_Params_init
                0x800065f8       0x48 C:/ti/pdk_am335x_1_0_17/packages/ti/osal/lib/nonos/am335x/a8/release/ti.osal.aa8fg(SemaphoreP_nonos.oa8fg)
                0x800065f8                SemaphoreP_Params_init
 .text.SemaphoreP_pend
                0x80006640       0xa4 C:/ti/pdk_am335x_1_0_17/packages/ti/osal/lib/nonos/am335x/a8/release/ti.osal.aa8fg(SemaphoreP_nonos.oa8fg)
                0x80006640                SemaphoreP_pend
 .text.SemaphoreP_post
                0x800066e4       0x68 C:/ti/pdk_am335x_1_0_17/packages/ti/osal/lib/nonos/am335x/a8/release/ti.osal.aa8fg(SemaphoreP_nonos.oa8fg)
                0x800066e4                SemaphoreP_post
 .text.Osal_RegisterInterrupt_initParams
                0x8000674c       0x40 C:/ti/pdk_am335x_1_0_17/packages/ti/osal/lib/nonos/am335x/a8/release/ti.osal.aa8fg(RegisterIntr_nonos.oa8fg)
                0x8000674c                Osal_RegisterInterrupt_initParams
 .text.Osal_RegisterInterrupt
                0x8000678c       0x7c C:/ti/pdk_am335x_1_0_17/packages/ti/osal/lib/nonos/am335x/a8/release/ti.osal.aa8fg(RegisterIntr_nonos.oa8fg)
                0x8000678c                Osal_RegisterInterrupt
 .text.Osal_DeleteInterrupt
                0x80006808       0x20 C:/ti/pdk_am335x_1_0_17/packages/ti/osal/lib/nonos/am335x/a8/release/ti.osal.aa8fg(RegisterIntr_nonos.oa8fg)
                0x80006808                Osal_DeleteInterrupt
 .text.Osal_EnableInterrupt
                0x80006828        0x8 C:/ti/pdk_am335x_1_0_17/packages/ti/osal/lib/nonos/am335x/a8/release/ti.osal.aa8fg(RegisterIntr_nonos.oa8fg)
                0x80006828                Osal_EnableInterrupt
 .text.Osal_DisableInterrupt
                0x80006830        0x8 C:/ti/pdk_am335x_1_0_17/packages/ti/osal/lib/nonos/am335x/a8/release/ti.osal.aa8fg(RegisterIntr_nonos.oa8fg)
                0x80006830                Osal_DisableInterrupt
 .text.OsalArch_ISRStub
                0x80006838        0xc C:/ti/pdk_am335x_1_0_17/packages/ti/osal/lib/nonos/am335x/a8/release/ti.osal.aa8fg(Arch_util.oa8fg)
 .text.OsalArch_enableInterrupt
                0x80006844        0x4 C:/ti/pdk_am335x_1_0_17/packages/ti/osal/lib/nonos/am335x/a8/release/ti.osal.aa8fg(Arch_util.oa8fg)
                0x80006844                OsalArch_enableInterrupt
 .text.OsalArch_disableInterrupt
                0x80006848        0x4 C:/ti/pdk_am335x_1_0_17/packages/ti/osal/lib/nonos/am335x/a8/release/ti.osal.aa8fg(Arch_util.oa8fg)
                0x80006848                OsalArch_disableInterrupt
 .text.OsalArch_globalDisableInterrupt
                0x8000684c        0x4 C:/ti/pdk_am335x_1_0_17/packages/ti/osal/lib/nonos/am335x/a8/release/ti.osal.aa8fg(Arch_util.oa8fg)
                0x8000684c                OsalArch_globalDisableInterrupt
 .text.OsalArch_globalRestoreInterrupt
                0x80006850        0x4 C:/ti/pdk_am335x_1_0_17/packages/ti/osal/lib/nonos/am335x/a8/release/ti.osal.aa8fg(Arch_util.oa8fg)
                0x80006850                OsalArch_globalRestoreInterrupt
 .text.OsalArch_HwiPCreate
                0x80006854      0x1d8 C:/ti/pdk_am335x_1_0_17/packages/ti/osal/lib/nonos/am335x/a8/release/ti.osal.aa8fg(Arch_util.oa8fg)
                0x80006854                OsalArch_HwiPCreate
 .text.OsalArch_HwiPDelete
                0x80006a2c       0x28 C:/ti/pdk_am335x_1_0_17/packages/ti/osal/lib/nonos/am335x/a8/release/ti.osal.aa8fg(Arch_util.oa8fg)
                0x80006a2c                OsalArch_HwiPDelete
 .text.Delay_32kFClk
                0x80006a54       0xa0 C:/ti/pdk_am335x_1_0_17/packages/ti/osal/lib/nonos/am335x/a8/release/ti.osal.aa8fg(delay.oa8fg)
                0x80006a54                Delay_32kFClk
 .text.Osal_delay
                0x80006af4       0x20 C:/ti/pdk_am335x_1_0_17/packages/ti/osal/lib/nonos/am335x/a8/release/ti.osal.aa8fg(delay.oa8fg)
                0x80006af4                Osal_delay
 .text.TIMEREnable
                0x80006b14       0x5c C:/ti/pdk_am335x_1_0_17/packages/ti/csl/lib/am335x/a8/release/ti.csl.aa8fg(timer.oa8fg)
                0x80006b14                TIMEREnable
 .text.TIMERDisable
                0x80006b70       0x54 C:/ti/pdk_am335x_1_0_17/packages/ti/csl/lib/am335x/a8/release/ti.csl.aa8fg(timer.oa8fg)
                0x80006b70                TIMERDisable
 .text.TIMERModeConfigure
                0x80006bc4       0xb0 C:/ti/pdk_am335x_1_0_17/packages/ti/csl/lib/am335x/a8/release/ti.csl.aa8fg(timer.oa8fg)
                0x80006bc4                TIMERModeConfigure
 .text.TIMERCounterSet
                0x80006c74       0x4c C:/ti/pdk_am335x_1_0_17/packages/ti/csl/lib/am335x/a8/release/ti.csl.aa8fg(timer.oa8fg)
                0x80006c74                TIMERCounterSet
 .text.TIMERCounterGet
                0x80006cc0       0x38 C:/ti/pdk_am335x_1_0_17/packages/ti/csl/lib/am335x/a8/release/ti.csl.aa8fg(timer.oa8fg)
                0x80006cc0                TIMERCounterGet
 .text.TIMERReloadSet
                0x80006cf8       0x4c C:/ti/pdk_am335x_1_0_17/packages/ti/csl/lib/am335x/a8/release/ti.csl.aa8fg(timer.oa8fg)
                0x80006cf8                TIMERReloadSet
 .text.TIMERIntDisable
                0x80006d44       0x34 C:/ti/pdk_am335x_1_0_17/packages/ti/csl/lib/am335x/a8/release/ti.csl.aa8fg(timer.oa8fg)
                0x80006d44                TIMERIntDisable
 .text          0x80006d78      0x114 c:/ti/gcc-arm-none-eabi-7-2018-q2-update/bin/../lib/gcc/arm-none-eabi/7.3.1/hard\libgcc.a(_udivsi3.o)
                0x80006d78                __aeabi_uidiv
                0x80006d78                __udivsi3
                0x80006e6c                __aeabi_uidivmod
 .text          0x80006e8c      0x148 c:/ti/gcc-arm-none-eabi-7-2018-q2-update/bin/../lib/gcc/arm-none-eabi/7.3.1/hard\libgcc.a(_divsi3.o)
                0x80006e8c                __divsi3
                0x80006e8c                __aeabi_idiv
                0x80006fb4                __aeabi_idivmod
 .text          0x80006fd4        0x4 c:/ti/gcc-arm-none-eabi-7-2018-q2-update/bin/../lib/gcc/arm-none-eabi/7.3.1/hard\libgcc.a(_dvmd_tls.o)
                0x80006fd4                __aeabi_idiv0
                0x80006fd4                __aeabi_ldiv0
 *(.rodata*)
 .rodata.str1.4
                0x80006fd8      0x21a C:/ti/pdk_am335x_1_0_17/packages/ti/board/obj/evmAM335x/armv7/pmic_test.o
 *fill*         0x800071f2        0x2 
 .rodata        0x800071f4       0x38 C:/ti/pdk_am335x_1_0_17/packages/ti/board/obj/evmAM335x/armv7/diag_common_cfg.o
 .rodata.gChipDBResourceIDMap
                0x8000722c      0x244 C:/ti/pdk_am335x_1_0_17/packages/ti/board/lib/evmAM335x/a8/release/ti.board.aa8fg(hw_am335x_chipdb.oa8fg)
                0x8000722c                gChipDBResourceIDMap
 .rodata.gChipDBBaseAddrTable
                0x80007470      0x200 C:/ti/pdk_am335x_1_0_17/packages/ti/board/lib/evmAM335x/a8/release/ti.board.aa8fg(hw_am335x_chipdb_baseaddr.oa8fg)
                0x80007470                gChipDBBaseAddrTable
 .rodata.UART_convertVal.constprop.0.str1.4
                0x80007670       0x11 C:/ti/pdk_am335x_1_0_17/packages/ti/drv/uart/lib/am335x/a8/release/ti.drv.uart.aa8fg(UART_stdio.oa8fg)
 *fill*         0x80007681        0x3 
 .rodata.UART_printf.str1.4
                0x80007684        0xa C:/ti/pdk_am335x_1_0_17/packages/ti/drv/uart/lib/am335x/a8/release/ti.drv.uart.aa8fg(UART_stdio.oa8fg)
 *fill*         0x8000768e        0x2 
 .rodata.UART_stdioInit2.str1.4
                0x80007690        0xa C:/ti/pdk_am335x_1_0_17/packages/ti/drv/uart/lib/am335x/a8/release/ti.drv.uart.aa8fg(UART_stdio.oa8fg)
 *fill*         0x8000769a        0x2 
 .rodata.UART_defaultParams
                0x8000769c       0x2c C:/ti/pdk_am335x_1_0_17/packages/ti/drv/uart/lib/am335x/a8/release/ti.drv.uart.aa8fg(UART_drv.oa8fg)
                0x8000769c                UART_defaultParams
 .rodata.CSWTCH.11
                0x800076c8       0x10 C:/ti/pdk_am335x_1_0_17/packages/ti/drv/uart/lib/am335x/a8/release/ti.drv.uart.aa8fg(UART_v1.oa8fg)
 .rodata.CSWTCH.13
                0x800076d8        0xc C:/ti/pdk_am335x_1_0_17/packages/ti/drv/uart/lib/am335x/a8/release/ti.drv.uart.aa8fg(UART_v1.oa8fg)
 .rodata.UART_FxnTable_v1
                0x800076e4       0x30 C:/ti/pdk_am335x_1_0_17/packages/ti/drv/uart/lib/am335x/a8/release/ti.drv.uart.aa8fg(UART_v1.oa8fg)
                0x800076e4                UART_FxnTable_v1
 .rodata.UART_open_v1.str1.4
                0x80007714        0xe C:/ti/pdk_am335x_1_0_17/packages/ti/drv/uart/lib/am335x/a8/release/ti.drv.uart.aa8fg(UART_v1.oa8fg)
 *fill*         0x80007722        0x2 
 .rodata.CSWTCH.36
                0x80007724        0xc C:/ti/pdk_am335x_1_0_17/packages/ti/drv/i2c/lib/am335x/a8/release/ti.drv.i2c.aa8fg(I2C_v1.oa8fg)
 .rodata.I2C_v1_FxnTable
                0x80007730       0x14 C:/ti/pdk_am335x_1_0_17/packages/ti/drv/i2c/lib/am335x/a8/release/ti.drv.i2c.aa8fg(I2C_v1.oa8fg)
                0x80007730                I2C_v1_FxnTable
 .rodata.HwiP_delete.str1.4
                0x80007744       0x17 C:/ti/pdk_am335x_1_0_17/packages/ti/osal/lib/nonos/am335x/a8/release/ti.osal.aa8fg(HwiP_nonos.oa8fg)
 *fill*         0x8000775b        0x1 
 .rodata.SemaphoreP_delete.str1.4
                0x8000775c       0x20 C:/ti/pdk_am335x_1_0_17/packages/ti/osal/lib/nonos/am335x/a8/release/ti.osal.aa8fg(SemaphoreP_nonos.oa8fg)
                                 0x1d (size before relaxing)

.glue_7         0x8000777c        0x0
 .glue_7        0x8000777c        0x0 linker stubs

.glue_7t        0x8000777c        0x0
 .glue_7t       0x8000777c        0x0 linker stubs

.vfp11_veneer   0x8000777c        0x0
 .vfp11_veneer  0x8000777c        0x0 linker stubs

.v4_bx          0x8000777c        0x0
 .v4_bx         0x8000777c        0x0 linker stubs

.iplt           0x8000777c        0x0
 .iplt          0x8000777c        0x0 C:/ti/pdk_am335x_1_0_17/packages/ti/board/obj/evmAM335x/armv7/pmic_test.o

.rel.dyn        0x8000777c        0x0
 .rel.iplt      0x8000777c        0x0 C:/ti/pdk_am335x_1_0_17/packages/ti/board/obj/evmAM335x/armv7/pmic_test.o

.data           0x8000777c      0x8dc
                0x8000777c                . = ALIGN (0x4)
 *(.data*)
 .data          0x8000777c       0x30 C:/ti/pdk_am335x_1_0_17/packages/ti/board/obj/evmAM335x/armv7/pmic_test.o
                0x8000777c                tps659037
                0x80007784                tps65910
                0x8000778c                tps65941_pmicA
                0x80007794                tps65218
                0x8000779c                tps65917
                0x800077a4                tps65941_pmicB
 .data.gCpsw0PinCfg
                0x800077ac       0x98 C:/ti/pdk_am335x_1_0_17/packages/ti/board/lib/evmAM335x/a8/release/ti.board.aa8fg(am335x_gpevm_pinmux_data.oa8fg)
 .data.gCpswPinCfg
                0x80007844       0x10 C:/ti/pdk_am335x_1_0_17/packages/ti/board/lib/evmAM335x/a8/release/ti.board.aa8fg(am335x_gpevm_pinmux_data.oa8fg)
 .data.gDcan1PinCfg
                0x80007854       0x18 C:/ti/pdk_am335x_1_0_17/packages/ti/board/lib/evmAM335x/a8/release/ti.board.aa8fg(am335x_gpevm_pinmux_data.oa8fg)
 .data.gDcanPinCfg
                0x8000786c       0x10 C:/ti/pdk_am335x_1_0_17/packages/ti/board/lib/evmAM335x/a8/release/ti.board.aa8fg(am335x_gpevm_pinmux_data.oa8fg)
 .data.gGpevmPinmuxData
                0x8000787c       0x68 C:/ti/pdk_am335x_1_0_17/packages/ti/board/lib/evmAM335x/a8/release/ti.board.aa8fg(am335x_gpevm_pinmux_data.oa8fg)
                0x8000787c                gGpevmPinmuxData
 .data.gGpio0PinCfg
                0x800078e4       0x18 C:/ti/pdk_am335x_1_0_17/packages/ti/board/lib/evmAM335x/a8/release/ti.board.aa8fg(am335x_gpevm_pinmux_data.oa8fg)
 .data.gGpio1PinCfg
                0x800078fc       0x10 C:/ti/pdk_am335x_1_0_17/packages/ti/board/lib/evmAM335x/a8/release/ti.board.aa8fg(am335x_gpevm_pinmux_data.oa8fg)
 .data.gGpioPinCfg
                0x8000790c       0x18 C:/ti/pdk_am335x_1_0_17/packages/ti/board/lib/evmAM335x/a8/release/ti.board.aa8fg(am335x_gpevm_pinmux_data.oa8fg)
 .data.gGpmc0PinCfg
                0x80007924       0xc0 C:/ti/pdk_am335x_1_0_17/packages/ti/board/lib/evmAM335x/a8/release/ti.board.aa8fg(am335x_gpevm_pinmux_data.oa8fg)
 .data.gGpmcPinCfg
                0x800079e4       0x10 C:/ti/pdk_am335x_1_0_17/packages/ti/board/lib/evmAM335x/a8/release/ti.board.aa8fg(am335x_gpevm_pinmux_data.oa8fg)
 .data.gI2c0PinCfg
                0x800079f4       0x18 C:/ti/pdk_am335x_1_0_17/packages/ti/board/lib/evmAM335x/a8/release/ti.board.aa8fg(am335x_gpevm_pinmux_data.oa8fg)
 .data.gI2c1PinCfg
                0x80007a0c       0x18 C:/ti/pdk_am335x_1_0_17/packages/ti/board/lib/evmAM335x/a8/release/ti.board.aa8fg(am335x_gpevm_pinmux_data.oa8fg)
 .data.gI2cPinCfg
                0x80007a24       0x18 C:/ti/pdk_am335x_1_0_17/packages/ti/board/lib/evmAM335x/a8/release/ti.board.aa8fg(am335x_gpevm_pinmux_data.oa8fg)
 .data.gLcdc0PinCfg
                0x80007a3c       0xf0 C:/ti/pdk_am335x_1_0_17/packages/ti/board/lib/evmAM335x/a8/release/ti.board.aa8fg(am335x_gpevm_pinmux_data.oa8fg)
 .data.gLcdcPinCfg
                0x80007b2c       0x10 C:/ti/pdk_am335x_1_0_17/packages/ti/board/lib/evmAM335x/a8/release/ti.board.aa8fg(am335x_gpevm_pinmux_data.oa8fg)
 .data.gMcasp0PinCfg
                0x80007b3c       0x48 C:/ti/pdk_am335x_1_0_17/packages/ti/board/lib/evmAM335x/a8/release/ti.board.aa8fg(am335x_gpevm_pinmux_data.oa8fg)
 .data.gMcaspPinCfg
                0x80007b84       0x10 C:/ti/pdk_am335x_1_0_17/packages/ti/board/lib/evmAM335x/a8/release/ti.board.aa8fg(am335x_gpevm_pinmux_data.oa8fg)
 .data.gMcspi0PinCfg
                0x80007b94       0x28 C:/ti/pdk_am335x_1_0_17/packages/ti/board/lib/evmAM335x/a8/release/ti.board.aa8fg(am335x_gpevm_pinmux_data.oa8fg)
 .data.gMcspiPinCfg
                0x80007bbc       0x10 C:/ti/pdk_am335x_1_0_17/packages/ti/board/lib/evmAM335x/a8/release/ti.board.aa8fg(am335x_gpevm_pinmux_data.oa8fg)
 .data.gMmcsd0PinCfg
                0x80007bcc       0x40 C:/ti/pdk_am335x_1_0_17/packages/ti/board/lib/evmAM335x/a8/release/ti.board.aa8fg(am335x_gpevm_pinmux_data.oa8fg)
 .data.gMmcsdPinCfg
                0x80007c0c       0x10 C:/ti/pdk_am335x_1_0_17/packages/ti/board/lib/evmAM335x/a8/release/ti.board.aa8fg(am335x_gpevm_pinmux_data.oa8fg)
 .data.gPwmss2PinCfg
                0x80007c1c       0x10 C:/ti/pdk_am335x_1_0_17/packages/ti/board/lib/evmAM335x/a8/release/ti.board.aa8fg(am335x_gpevm_pinmux_data.oa8fg)
 .data.gPwmssPinCfg
                0x80007c2c       0x10 C:/ti/pdk_am335x_1_0_17/packages/ti/board/lib/evmAM335x/a8/release/ti.board.aa8fg(am335x_gpevm_pinmux_data.oa8fg)
 .data.gUart0PinCfg
                0x80007c3c       0x18 C:/ti/pdk_am335x_1_0_17/packages/ti/board/lib/evmAM335x/a8/release/ti.board.aa8fg(am335x_gpevm_pinmux_data.oa8fg)
 .data.gUartPinCfg
                0x80007c54       0x10 C:/ti/pdk_am335x_1_0_17/packages/ti/board/lib/evmAM335x/a8/release/ti.board.aa8fg(am335x_gpevm_pinmux_data.oa8fg)
 .data.gUsb0PinCfg
                0x80007c64       0x10 C:/ti/pdk_am335x_1_0_17/packages/ti/board/lib/evmAM335x/a8/release/ti.board.aa8fg(am335x_gpevm_pinmux_data.oa8fg)
 .data.gUsb1PinCfg
                0x80007c74       0x10 C:/ti/pdk_am335x_1_0_17/packages/ti/board/lib/evmAM335x/a8/release/ti.board.aa8fg(am335x_gpevm_pinmux_data.oa8fg)
 .data.gUsbPinCfg
                0x80007c84       0x18 C:/ti/pdk_am335x_1_0_17/packages/ti/board/lib/evmAM335x/a8/release/ti.board.aa8fg(am335x_gpevm_pinmux_data.oa8fg)
 .data.UART_count
                0x80007c9c        0x4 C:/ti/pdk_am335x_1_0_17/packages/ti/drv/uart/lib/am335x/a8/release/ti.drv.uart.aa8fg(UART_drv.oa8fg)
 .data.UART_config
                0x80007ca0       0xa8 C:/ti/pdk_am335x_1_0_17/packages/ti/drv/uart/lib/am335x/a8/release/ti.drv.uart.aa8fg(UART_soc.oa8fg)
                0x80007ca0                UART_config
 .data.uartInitCfg
                0x80007d48      0x1c8 C:/ti/pdk_am335x_1_0_17/packages/ti/drv/uart/lib/am335x/a8/release/ti.drv.uart.aa8fg(UART_soc.oa8fg)
                0x80007d48                uartInitCfg
 .data.I2C_count
                0x80007f10        0x4 C:/ti/pdk_am335x_1_0_17/packages/ti/drv/i2c/lib/am335x/a8/release/ti.drv.i2c.aa8fg(I2C_drv.oa8fg)
 .data.I2C_config
                0x80007f14       0xa8 C:/ti/pdk_am335x_1_0_17/packages/ti/drv/i2c/lib/am335x/a8/release/ti.drv.i2c.aa8fg(I2C_soc.oa8fg)
                0x80007f14                I2C_config
 .data.i2cInitCfg
                0x80007fbc       0x78 C:/ti/pdk_am335x_1_0_17/packages/ti/drv/i2c/lib/am335x/a8/release/ti.drv.i2c.aa8fg(I2C_soc.oa8fg)
                0x80007fbc                i2cInitCfg
 .data.Osal_DebugP_Assert_Val
                0x80008034        0x1 C:/ti/pdk_am335x_1_0_17/packages/ti/osal/lib/nonos/am335x/a8/release/ti.osal.aa8fg(Utils_nonos.oa8fg)
                0x80008034                Osal_DebugP_Assert_Val
 *fill*         0x80008035        0x3 
 .data.gOsal_HwAttrs
                0x80008038       0x20 C:/ti/pdk_am335x_1_0_17/packages/ti/osal/lib/nonos/am335x/a8/release/ti.osal.aa8fg(Utils_nonos.oa8fg)
                0x80008038                gOsal_HwAttrs

.igot.plt       0x80008058        0x0
 .igot.plt      0x80008058        0x0 C:/ti/pdk_am335x_1_0_17/packages/ti/board/obj/evmAM335x/armv7/pmic_test.o

.bss            0x80008058      0xe08
                0x80008058                . = ALIGN (0x4)
                0x80008058                _bss_start = .
 *(.bss*)
 .bss           0x80008058        0x4 C:/ti/pdk_am335x_1_0_17/packages/ti/board/obj/evmAM335x/armv7/pmic_test.o
                0x80008058                numPmic
 .bss           0x8000805c      0x408 C:/ti/pdk_am335x_1_0_17/packages/ti/board/obj/evmAM335x/armv7/intc.o
 .bss.uart_stdio
                0x80008464        0x8 C:/ti/pdk_am335x_1_0_17/packages/ti/drv/uart/lib/am335x/a8/release/ti.drv.uart.aa8fg(UART_stdio.oa8fg)
                0x80008464                uart_stdio
 .bss.gOsalHwiAllocCnt
                0x8000846c        0x4 C:/ti/pdk_am335x_1_0_17/packages/ti/osal/lib/nonos/am335x/a8/release/ti.osal.aa8fg(Utils_nonos.oa8fg)
                0x8000846c                gOsalHwiAllocCnt
 .bss.gOsalHwiPeak
                0x80008470        0x4 C:/ti/pdk_am335x_1_0_17/packages/ti/osal/lib/nonos/am335x/a8/release/ti.osal.aa8fg(Utils_nonos.oa8fg)
                0x80008470                gOsalHwiPeak
 .bss.gOsalSemAllocCnt
                0x80008474        0x4 C:/ti/pdk_am335x_1_0_17/packages/ti/osal/lib/nonos/am335x/a8/release/ti.osal.aa8fg(Utils_nonos.oa8fg)
                0x80008474                gOsalSemAllocCnt
 .bss.gOsalSemPeak
                0x80008478        0x4 C:/ti/pdk_am335x_1_0_17/packages/ti/osal/lib/nonos/am335x/a8/release/ti.osal.aa8fg(Utils_nonos.oa8fg)
                0x80008478                gOsalSemPeak
 .bss.hwiStructs
                0x8000847c       0xa0 C:/ti/pdk_am335x_1_0_17/packages/ti/osal/lib/nonos/am335x/a8/release/ti.osal.aa8fg(Arch_util.oa8fg)
 .bss.gTimerFirstTime
                0x8000851c        0x4 C:/ti/pdk_am335x_1_0_17/packages/ti/osal/lib/nonos/am335x/a8/release/ti.osal.aa8fg(delay.oa8fg)
 *(COMMON)
 COMMON         0x80008520        0x4 C:/ti/pdk_am335x_1_0_17/packages/ti/board/lib/evmAM335x/a8/release/ti.board.aa8fg(evmAM335x.oa8fg)
                0x80008520                Board_obj
 COMMON         0x80008524      0x6d8 C:/ti/pdk_am335x_1_0_17/packages/ti/drv/uart/lib/am335x/a8/release/ti.drv.uart.aa8fg(UART_soc.oa8fg)
                0x80008524                UartObjects
                0x800088cc                UartObjects2
 COMMON         0x80008bfc      0x124 C:/ti/pdk_am335x_1_0_17/packages/ti/drv/i2c/lib/am335x/a8/release/ti.drv.i2c.aa8fg(I2C_soc.oa8fg)
                0x80008bfc                I2cObjects2
                0x80008c48                I2cObjects
 COMMON         0x80008d20      0x140 C:/ti/pdk_am335x_1_0_17/packages/ti/osal/lib/nonos/am335x/a8/release/ti.osal.aa8fg(SemaphoreP_nonos.oa8fg)
                0x80008d20                semStructs
                0x80008e60                _bss_end = .

.heap           0x80008e60    0x10000
                0x80008e60                . = ALIGN (0x4)
                0x80008e60                __end__ = .
                0x80008e60                end = __end__
                0x80008e60                __HeapBase = __end__
 *(.heap*)
                0x80018e60                . = (. + 0x10000)
 *fill*         0x80008e60    0x10000 
                0x80018e60                __HeapLimit = .

.stack          0x80018e60     0x1000
                0x80018e60                . = ALIGN (0x8)
                0x80018e60                __StackLimit = .
 *(.stack*)
                0x80019e60                . = (. + 0x1000)
 *fill*         0x80018e60     0x1000 
                0x80019e60                __StackTop = .
                0x80019e60                _stack = __StackTop
START GROUP
LOAD c:/ti/gcc-arm-none-eabi-7-2018-q2-update/bin/../lib/gcc/arm-none-eabi/7.3.1/../../../../arm-none-eabi/lib/hard\libc.a
LOAD c:/ti/gcc-arm-none-eabi-7-2018-q2-update/bin/../lib/gcc/arm-none-eabi/7.3.1/../../../../arm-none-eabi/lib/hard\librdimon.a
LOAD c:/ti/gcc-arm-none-eabi-7-2018-q2-update/bin/../lib/gcc/arm-none-eabi/7.3.1/../../../../arm-none-eabi/lib/hard\libm.a
LOAD c:/ti/gcc-arm-none-eabi-7-2018-q2-update/bin/../lib/gcc/arm-none-eabi/7.3.1/../../../../arm-none-eabi/lib/hard\libnosys.a
LOAD C:/ti/pdk_am335x_1_0_17/packages/ti/board/lib/evmAM335x/a8/release/ti.board.aa8fg
LOAD C:/ti/pdk_am335x_1_0_17/packages/ti/osal/lib/nonos/am335x/a8/release/ti.osal.aa8fg
LOAD C:/ti/pdk_am335x_1_0_17/packages/ti/drv/uart/lib/am335x/a8/release/ti.drv.uart.aa8fg
LOAD C:/ti/pdk_am335x_1_0_17/packages/ti/drv/i2c/lib/am335x/a8/release/ti.drv.i2c.aa8fg
LOAD C:/ti/pdk_am335x_1_0_17/packages/ti/csl/lib/am335x/a8/release/ti.csl.aa8fg
END GROUP
START GROUP
LOAD c:/ti/gcc-arm-none-eabi-7-2018-q2-update/bin/../lib/gcc/arm-none-eabi/7.3.1/hard\libgcc.a
LOAD c:/ti/gcc-arm-none-eabi-7-2018-q2-update/bin/../lib/gcc/arm-none-eabi/7.3.1/../../../../arm-none-eabi/lib/hard\libc.a
END GROUP
OUTPUT(C:/ti/pdk_am335x_1_0_17/packages/ti/board/bin/evmAM335x/armv7/pmic_diagExample_evmAM335x_armv7.out elf32-littlearm)

.debug_info     0x00000000     0x2bae
 .debug_info    0x00000000     0x1302 C:/ti/pdk_am335x_1_0_17/packages/ti/board/obj/evmAM335x/armv7/pmic_test.o
 .debug_info    0x00001302       0x26 C:/ti/pdk_am335x_1_0_17/packages/ti/board/obj/evmAM335x/armv7/diag_entry.ao
 .debug_info    0x00001328      0xd94 C:/ti/pdk_am335x_1_0_17/packages/ti/board/obj/evmAM335x/armv7/intc.o
 .debug_info    0x000020bc      0x96e C:/ti/pdk_am335x_1_0_17/packages/ti/board/obj/evmAM335x/armv7/cpu.o
 .debug_info    0x00002a2a      0x184 C:/ti/pdk_am335x_1_0_17/packages/ti/board/obj/evmAM335x/armv7/diag_common_cfg.o

.debug_abbrev   0x00000000      0x992
 .debug_abbrev  0x00000000      0x390 C:/ti/pdk_am335x_1_0_17/packages/ti/board/obj/evmAM335x/armv7/pmic_test.o
 .debug_abbrev  0x00000390       0x14 C:/ti/pdk_am335x_1_0_17/packages/ti/board/obj/evmAM335x/armv7/diag_entry.ao
 .debug_abbrev  0x000003a4      0x303 C:/ti/pdk_am335x_1_0_17/packages/ti/board/obj/evmAM335x/armv7/intc.o
 .debug_abbrev  0x000006a7      0x1e8 C:/ti/pdk_am335x_1_0_17/packages/ti/board/obj/evmAM335x/armv7/cpu.o
 .debug_abbrev  0x0000088f      0x103 C:/ti/pdk_am335x_1_0_17/packages/ti/board/obj/evmAM335x/armv7/diag_common_cfg.o

.debug_loc      0x00000000      0x310
 .debug_loc     0x00000000      0x1b9 C:/ti/pdk_am335x_1_0_17/packages/ti/board/obj/evmAM335x/armv7/pmic_test.o
 .debug_loc     0x000001b9      0x157 C:/ti/pdk_am335x_1_0_17/packages/ti/board/obj/evmAM335x/armv7/intc.o

.debug_aranges  0x00000000       0xa8
 .debug_aranges
                0x00000000       0x28 C:/ti/pdk_am335x_1_0_17/packages/ti/board/obj/evmAM335x/armv7/pmic_test.o
 .debug_aranges
                0x00000028       0x20 C:/ti/pdk_am335x_1_0_17/packages/ti/board/obj/evmAM335x/armv7/diag_entry.ao
 .debug_aranges
                0x00000048       0x20 C:/ti/pdk_am335x_1_0_17/packages/ti/board/obj/evmAM335x/armv7/intc.o
 .debug_aranges
                0x00000068       0x20 C:/ti/pdk_am335x_1_0_17/packages/ti/board/obj/evmAM335x/armv7/cpu.o
 .debug_aranges
                0x00000088       0x20 C:/ti/pdk_am335x_1_0_17/packages/ti/board/obj/evmAM335x/armv7/diag_common_cfg.o

.debug_ranges   0x00000000       0x30
 .debug_ranges  0x00000000       0x30 C:/ti/pdk_am335x_1_0_17/packages/ti/board/obj/evmAM335x/armv7/pmic_test.o

.debug_line     0x00000000      0xb24
 .debug_line    0x00000000      0x442 C:/ti/pdk_am335x_1_0_17/packages/ti/board/obj/evmAM335x/armv7/pmic_test.o
 .debug_line    0x00000442       0xe0 C:/ti/pdk_am335x_1_0_17/packages/ti/board/obj/evmAM335x/armv7/diag_entry.ao
 .debug_line    0x00000522      0x2d4 C:/ti/pdk_am335x_1_0_17/packages/ti/board/obj/evmAM335x/armv7/intc.o
 .debug_line    0x000007f6      0x1b9 C:/ti/pdk_am335x_1_0_17/packages/ti/board/obj/evmAM335x/armv7/cpu.o
 .debug_line    0x000009af      0x175 C:/ti/pdk_am335x_1_0_17/packages/ti/board/obj/evmAM335x/armv7/diag_common_cfg.o

.debug_str      0x00000000     0x111e
 .debug_str     0x00000000      0xc5b C:/ti/pdk_am335x_1_0_17/packages/ti/board/obj/evmAM335x/armv7/pmic_test.o
                                0xd09 (size before relaxing)
 .debug_str     0x00000c5b       0x8b C:/ti/pdk_am335x_1_0_17/packages/ti/board/obj/evmAM335x/armv7/diag_entry.ao
 .debug_str     0x00000ce6      0x2e1 C:/ti/pdk_am335x_1_0_17/packages/ti/board/obj/evmAM335x/armv7/intc.o
                                0x85b (size before relaxing)
 .debug_str     0x00000fc7       0xae C:/ti/pdk_am335x_1_0_17/packages/ti/board/obj/evmAM335x/armv7/cpu.o
                                0x63a (size before relaxing)
 .debug_str     0x00001075       0xa9 C:/ti/pdk_am335x_1_0_17/packages/ti/board/obj/evmAM335x/armv7/diag_common_cfg.o
                                0x275 (size before relaxing)

.comment        0x00000000       0x7f
 .comment       0x00000000       0x7f C:/ti/pdk_am335x_1_0_17/packages/ti/board/obj/evmAM335x/armv7/pmic_test.o
                                 0x80 (size before relaxing)
 .comment       0x0000007f       0x80 C:/ti/pdk_am335x_1_0_17/packages/ti/board/obj/evmAM335x/armv7/intc.o
 .comment       0x0000007f       0x80 C:/ti/pdk_am335x_1_0_17/packages/ti/board/obj/evmAM335x/armv7/cpu.o
 .comment       0x0000007f       0x80 C:/ti/pdk_am335x_1_0_17/packages/ti/board/obj/evmAM335x/armv7/diag_common_cfg.o
 .comment       0x0000007f       0x80 C:/ti/pdk_am335x_1_0_17/packages/ti/board/lib/evmAM335x/a8/release/ti.board.aa8fg(evmAM335x.oa8fg)
 .comment       0x0000007f       0x80 C:/ti/pdk_am335x_1_0_17/packages/ti/board/lib/evmAM335x/a8/release/ti.board.aa8fg(evmAM335x_info.oa8fg)
 .comment       0x0000007f       0x80 C:/ti/pdk_am335x_1_0_17/packages/ti/board/lib/evmAM335x/a8/release/ti.board.aa8fg(evmAM335x_lld_init.oa8fg)
 .comment       0x0000007f       0x80 C:/ti/pdk_am335x_1_0_17/packages/ti/board/lib/evmAM335x/a8/release/ti.board.aa8fg(evmAM335x_pinmux.oa8fg)
 .comment       0x0000007f       0x80 C:/ti/pdk_am335x_1_0_17/packages/ti/board/lib/evmAM335x/a8/release/ti.board.aa8fg(am335x_chipdb.oa8fg)
 .comment       0x0000007f       0x80 C:/ti/pdk_am335x_1_0_17/packages/ti/board/lib/evmAM335x/a8/release/ti.board.aa8fg(am335x_prcm.oa8fg)
 .comment       0x0000007f       0x80 C:/ti/pdk_am335x_1_0_17/packages/ti/board/lib/evmAM335x/a8/release/ti.board.aa8fg(hw_am335x_chipdb.oa8fg)
 .comment       0x0000007f       0x80 C:/ti/pdk_am335x_1_0_17/packages/ti/board/lib/evmAM335x/a8/release/ti.board.aa8fg(hw_am335x_chipdb_baseaddr.oa8fg)
 .comment       0x0000007f       0x80 C:/ti/pdk_am335x_1_0_17/packages/ti/board/lib/evmAM335x/a8/release/ti.board.aa8fg(am335x_gpevm_pinmux_data.oa8fg)
 .comment       0x0000007f       0x80 C:/ti/pdk_am335x_1_0_17/packages/ti/drv/uart/lib/am335x/a8/release/ti.drv.uart.aa8fg(UART_stdio.oa8fg)
 .comment       0x0000007f       0x80 C:/ti/pdk_am335x_1_0_17/packages/ti/drv/uart/lib/am335x/a8/release/ti.drv.uart.aa8fg(UART_drv.oa8fg)
 .comment       0x0000007f       0x80 C:/ti/pdk_am335x_1_0_17/packages/ti/drv/uart/lib/am335x/a8/release/ti.drv.uart.aa8fg(UART_soc.oa8fg)
 .comment       0x0000007f       0x80 C:/ti/pdk_am335x_1_0_17/packages/ti/drv/uart/lib/am335x/a8/release/ti.drv.uart.aa8fg(UART_v1.oa8fg)
 .comment       0x0000007f       0x80 C:/ti/pdk_am335x_1_0_17/packages/ti/drv/i2c/lib/am335x/a8/release/ti.drv.i2c.aa8fg(I2C_drv.oa8fg)
 .comment       0x0000007f       0x80 C:/ti/pdk_am335x_1_0_17/packages/ti/drv/i2c/lib/am335x/a8/release/ti.drv.i2c.aa8fg(I2C_soc.oa8fg)
 .comment       0x0000007f       0x80 C:/ti/pdk_am335x_1_0_17/packages/ti/drv/i2c/lib/am335x/a8/release/ti.drv.i2c.aa8fg(I2C_v1.oa8fg)
 .comment       0x0000007f       0x80 C:/ti/pdk_am335x_1_0_17/packages/ti/csl/lib/am335x/a8/release/ti.csl.aa8fg(i2c.oa8fg)
 .comment       0x0000007f       0x80 C:/ti/pdk_am335x_1_0_17/packages/ti/csl/lib/am335x/a8/release/ti.csl.aa8fg(uart.oa8fg)
 .comment       0x0000007f       0x80 C:/ti/pdk_am335x_1_0_17/packages/ti/osal/lib/nonos/am335x/a8/release/ti.osal.aa8fg(HwiP_nonos.oa8fg)
 .comment       0x0000007f       0x80 C:/ti/pdk_am335x_1_0_17/packages/ti/osal/lib/nonos/am335x/a8/release/ti.osal.aa8fg(Utils_nonos.oa8fg)
 .comment       0x0000007f       0x80 C:/ti/pdk_am335x_1_0_17/packages/ti/osal/lib/nonos/am335x/a8/release/ti.osal.aa8fg(SemaphoreP_nonos.oa8fg)
 .comment       0x0000007f       0x80 C:/ti/pdk_am335x_1_0_17/packages/ti/osal/lib/nonos/am335x/a8/release/ti.osal.aa8fg(RegisterIntr_nonos.oa8fg)
 .comment       0x0000007f       0x80 C:/ti/pdk_am335x_1_0_17/packages/ti/osal/lib/nonos/am335x/a8/release/ti.osal.aa8fg(Arch_util.oa8fg)
 .comment       0x0000007f       0x80 C:/ti/pdk_am335x_1_0_17/packages/ti/osal/lib/nonos/am335x/a8/release/ti.osal.aa8fg(delay.oa8fg)
 .comment       0x0000007f       0x80 C:/ti/pdk_am335x_1_0_17/packages/ti/csl/lib/am335x/a8/release/ti.csl.aa8fg(timer.oa8fg)

.ARM.attributes
                0x00000000       0x35
 .ARM.attributes
                0x00000000       0x35 C:/ti/pdk_am335x_1_0_17/packages/ti/board/obj/evmAM335x/armv7/pmic_test.o
 .ARM.attributes
                0x00000035       0x21 C:/ti/pdk_am335x_1_0_17/packages/ti/board/obj/evmAM335x/armv7/diag_entry.ao
 .ARM.attributes
                0x00000056       0x35 C:/ti/pdk_am335x_1_0_17/packages/ti/board/obj/evmAM335x/armv7/intc.o
 .ARM.attributes
                0x0000008b       0x35 C:/ti/pdk_am335x_1_0_17/packages/ti/board/obj/evmAM335x/armv7/cpu.o
 .ARM.attributes
                0x000000c0       0x35 C:/ti/pdk_am335x_1_0_17/packages/ti/board/obj/evmAM335x/armv7/diag_common_cfg.o
 .ARM.attributes
                0x000000f5       0x34 c:/ti/gcc-arm-none-eabi-7-2018-q2-update/bin/../lib/gcc/arm-none-eabi/7.3.1/../../../../arm-none-eabi/lib/hard\libc.a(lib_a-strncmp.o)
 .ARM.attributes
                0x00000129       0x3d C:/ti/pdk_am335x_1_0_17/packages/ti/board/lib/evmAM335x/a8/release/ti.board.aa8fg(evmAM335x.oa8fg)
 .ARM.attributes
                0x00000166       0x3d C:/ti/pdk_am335x_1_0_17/packages/ti/board/lib/evmAM335x/a8/release/ti.board.aa8fg(evmAM335x_info.oa8fg)
 .ARM.attributes
                0x000001a3       0x3d C:/ti/pdk_am335x_1_0_17/packages/ti/board/lib/evmAM335x/a8/release/ti.board.aa8fg(evmAM335x_lld_init.oa8fg)
 .ARM.attributes
                0x000001e0       0x3d C:/ti/pdk_am335x_1_0_17/packages/ti/board/lib/evmAM335x/a8/release/ti.board.aa8fg(evmAM335x_pinmux.oa8fg)
 .ARM.attributes
                0x0000021d       0x3d C:/ti/pdk_am335x_1_0_17/packages/ti/board/lib/evmAM335x/a8/release/ti.board.aa8fg(am335x_chipdb.oa8fg)
 .ARM.attributes
                0x0000025a       0x3d C:/ti/pdk_am335x_1_0_17/packages/ti/board/lib/evmAM335x/a8/release/ti.board.aa8fg(am335x_prcm.oa8fg)
 .ARM.attributes
                0x00000297       0x3d C:/ti/pdk_am335x_1_0_17/packages/ti/board/lib/evmAM335x/a8/release/ti.board.aa8fg(hw_am335x_chipdb.oa8fg)
 .ARM.attributes
                0x000002d4       0x3d C:/ti/pdk_am335x_1_0_17/packages/ti/board/lib/evmAM335x/a8/release/ti.board.aa8fg(hw_am335x_chipdb_baseaddr.oa8fg)
 .ARM.attributes
                0x00000311       0x3d C:/ti/pdk_am335x_1_0_17/packages/ti/board/lib/evmAM335x/a8/release/ti.board.aa8fg(am335x_gpevm_pinmux_data.oa8fg)
 .ARM.attributes
                0x0000034e       0x3d C:/ti/pdk_am335x_1_0_17/packages/ti/drv/uart/lib/am335x/a8/release/ti.drv.uart.aa8fg(UART_stdio.oa8fg)
 .ARM.attributes
                0x0000038b       0x3d C:/ti/pdk_am335x_1_0_17/packages/ti/drv/uart/lib/am335x/a8/release/ti.drv.uart.aa8fg(UART_drv.oa8fg)
 .ARM.attributes
                0x000003c8       0x3d C:/ti/pdk_am335x_1_0_17/packages/ti/drv/uart/lib/am335x/a8/release/ti.drv.uart.aa8fg(UART_soc.oa8fg)
 .ARM.attributes
                0x00000405       0x3d C:/ti/pdk_am335x_1_0_17/packages/ti/drv/uart/lib/am335x/a8/release/ti.drv.uart.aa8fg(UART_v1.oa8fg)
 .ARM.attributes
                0x00000442       0x3d C:/ti/pdk_am335x_1_0_17/packages/ti/drv/i2c/lib/am335x/a8/release/ti.drv.i2c.aa8fg(I2C_drv.oa8fg)
 .ARM.attributes
                0x0000047f       0x3d C:/ti/pdk_am335x_1_0_17/packages/ti/drv/i2c/lib/am335x/a8/release/ti.drv.i2c.aa8fg(I2C_soc.oa8fg)
 .ARM.attributes
                0x000004bc       0x3d C:/ti/pdk_am335x_1_0_17/packages/ti/drv/i2c/lib/am335x/a8/release/ti.drv.i2c.aa8fg(I2C_v1.oa8fg)
 .ARM.attributes
                0x000004f9       0x3d C:/ti/pdk_am335x_1_0_17/packages/ti/csl/lib/am335x/a8/release/ti.csl.aa8fg(i2c.oa8fg)
 .ARM.attributes
                0x00000536       0x3d C:/ti/pdk_am335x_1_0_17/packages/ti/csl/lib/am335x/a8/release/ti.csl.aa8fg(uart.oa8fg)
 .ARM.attributes
                0x00000573       0x3d C:/ti/pdk_am335x_1_0_17/packages/ti/osal/lib/nonos/am335x/a8/release/ti.osal.aa8fg(HwiP_nonos.oa8fg)
 .ARM.attributes
                0x000005b0       0x3d C:/ti/pdk_am335x_1_0_17/packages/ti/osal/lib/nonos/am335x/a8/release/ti.osal.aa8fg(Utils_nonos.oa8fg)
 .ARM.attributes
                0x000005ed       0x3d C:/ti/pdk_am335x_1_0_17/packages/ti/osal/lib/nonos/am335x/a8/release/ti.osal.aa8fg(SemaphoreP_nonos.oa8fg)
 .ARM.attributes
                0x0000062a       0x3d C:/ti/pdk_am335x_1_0_17/packages/ti/osal/lib/nonos/am335x/a8/release/ti.osal.aa8fg(RegisterIntr_nonos.oa8fg)
 .ARM.attributes
                0x00000667       0x3d C:/ti/pdk_am335x_1_0_17/packages/ti/osal/lib/nonos/am335x/a8/release/ti.osal.aa8fg(Arch_util.oa8fg)
 .ARM.attributes
                0x000006a4       0x3d C:/ti/pdk_am335x_1_0_17/packages/ti/osal/lib/nonos/am335x/a8/release/ti.osal.aa8fg(delay.oa8fg)
 .ARM.attributes
                0x000006e1       0x3d C:/ti/pdk_am335x_1_0_17/packages/ti/csl/lib/am335x/a8/release/ti.csl.aa8fg(timer.oa8fg)
 .ARM.attributes
                0x0000071e       0x18 c:/ti/gcc-arm-none-eabi-7-2018-q2-update/bin/../lib/gcc/arm-none-eabi/7.3.1/hard\libgcc.a(_udivsi3.o)
 .ARM.attributes
                0x00000736       0x18 c:/ti/gcc-arm-none-eabi-7-2018-q2-update/bin/../lib/gcc/arm-none-eabi/7.3.1/hard\libgcc.a(_divsi3.o)
 .ARM.attributes
                0x0000074e       0x18 c:/ti/gcc-arm-none-eabi-7-2018-q2-update/bin/../lib/gcc/arm-none-eabi/7.3.1/hard\libgcc.a(_dvmd_tls.o)

.debug_frame    0x00000000      0x34c
 .debug_frame   0x00000000       0xdc C:/ti/pdk_am335x_1_0_17/packages/ti/board/obj/evmAM335x/armv7/pmic_test.o
 .debug_frame   0x000000dc      0x100 C:/ti/pdk_am335x_1_0_17/packages/ti/board/obj/evmAM335x/armv7/intc.o
 .debug_frame   0x000001dc       0x80 C:/ti/pdk_am335x_1_0_17/packages/ti/board/obj/evmAM335x/armv7/cpu.o
 .debug_frame   0x0000025c       0x64 C:/ti/pdk_am335x_1_0_17/packages/ti/board/obj/evmAM335x/armv7/diag_common_cfg.o
 .debug_frame   0x000002c0       0x4c c:/ti/gcc-arm-none-eabi-7-2018-q2-update/bin/../lib/gcc/arm-none-eabi/7.3.1/../../../../arm-none-eabi/lib/hard\libc.a(lib_a-strncmp.o)
 .debug_frame   0x0000030c       0x20 c:/ti/gcc-arm-none-eabi-7-2018-q2-update/bin/../lib/gcc/arm-none-eabi/7.3.1/hard\libgcc.a(_udivsi3.o)
 .debug_frame   0x0000032c       0x20 c:/ti/gcc-arm-none-eabi-7-2018-q2-update/bin/../lib/gcc/arm-none-eabi/7.3.1/hard\libgcc.a(_divsi3.o)
