Archive member included to satisfy reference by file (symbol)

C:/ti/pdk_am335x_1_0_17/packages/ti/board/lib/bbbAM335x/a8/release/ti.board.aa8fg(bbbAM335x.oa8fg)
                              C:/ti/pdk_am335x_1_0_17/packages/ti/board/obj/bbbAM335x/armv7/led_test.o (Board_init)
C:/ti/pdk_am335x_1_0_17/packages/ti/board/lib/bbbAM335x/a8/release/ti.board.aa8fg(bbbAM335x_lld_init.oa8fg)
                              C:/ti/pdk_am335x_1_0_17/packages/ti/board/lib/bbbAM335x/a8/release/ti.board.aa8fg(bbbAM335x.oa8fg) (Board_uartStdioInit)
C:/ti/pdk_am335x_1_0_17/packages/ti/board/lib/bbbAM335x/a8/release/ti.board.aa8fg(bbbAM335x_pinmux.oa8fg)
                              C:/ti/pdk_am335x_1_0_17/packages/ti/board/lib/bbbAM335x/a8/release/ti.board.aa8fg(bbbAM335x.oa8fg) (Board_pinmuxConfig)
C:/ti/pdk_am335x_1_0_17/packages/ti/board/lib/bbbAM335x/a8/release/ti.board.aa8fg(am335x_chipdb.oa8fg)
                              C:/ti/pdk_am335x_1_0_17/packages/ti/board/lib/bbbAM335x/a8/release/ti.board.aa8fg(bbbAM335x_pinmux.oa8fg) (CHIPDBBaseAddress)
C:/ti/pdk_am335x_1_0_17/packages/ti/board/lib/bbbAM335x/a8/release/ti.board.aa8fg(am335x_prcm.oa8fg)
                              C:/ti/pdk_am335x_1_0_17/packages/ti/board/lib/bbbAM335x/a8/release/ti.board.aa8fg(bbbAM335x.oa8fg) (PRCMModuleEnable)
C:/ti/pdk_am335x_1_0_17/packages/ti/board/lib/bbbAM335x/a8/release/ti.board.aa8fg(hw_am335x_chipdb.oa8fg)
                              C:/ti/pdk_am335x_1_0_17/packages/ti/board/lib/bbbAM335x/a8/release/ti.board.aa8fg(am335x_chipdb.oa8fg) (CHIPDBSpeedGradeProcID)
C:/ti/pdk_am335x_1_0_17/packages/ti/board/lib/bbbAM335x/a8/release/ti.board.aa8fg(hw_am335x_chipdb_baseaddr.oa8fg)
                              C:/ti/pdk_am335x_1_0_17/packages/ti/board/lib/bbbAM335x/a8/release/ti.board.aa8fg(am335x_chipdb.oa8fg) (gChipDBBaseAddrTable)
C:/ti/pdk_am335x_1_0_17/packages/ti/board/lib/bbbAM335x/a8/release/ti.board.aa8fg(hw_am335x_chipdb_interrupt.oa8fg)
                              C:/ti/pdk_am335x_1_0_17/packages/ti/board/lib/bbbAM335x/a8/release/ti.board.aa8fg(am335x_chipdb.oa8fg) (gChipDBInterruptTables)
C:/ti/pdk_am335x_1_0_17/packages/ti/board/lib/bbbAM335x/a8/release/ti.board.aa8fg(am335x_beagleboneblack_pinmux_data.oa8fg)
                              C:/ti/pdk_am335x_1_0_17/packages/ti/board/lib/bbbAM335x/a8/release/ti.board.aa8fg(bbbAM335x_pinmux.oa8fg) (gBbbPinmuxData)
C:/ti/pdk_am335x_1_0_17/packages/ti/drv/uart/lib/am335x/a8/release/ti.drv.uart.aa8fg(UART_stdio.oa8fg)
                              C:/ti/pdk_am335x_1_0_17/packages/ti/board/lib/bbbAM335x/a8/release/ti.board.aa8fg(bbbAM335x_lld_init.oa8fg) (UART_stdioInit)
C:/ti/pdk_am335x_1_0_17/packages/ti/drv/uart/lib/am335x/a8/release/ti.drv.uart.aa8fg(UART_ascii_utils.oa8fg)
                              C:/ti/pdk_am335x_1_0_17/packages/ti/drv/uart/lib/am335x/a8/release/ti.drv.uart.aa8fg(UART_stdio.oa8fg) (UART_ASCIIUtils_charToDigit)
C:/ti/pdk_am335x_1_0_17/packages/ti/drv/uart/lib/am335x/a8/release/ti.drv.uart.aa8fg(UART_drv.oa8fg)
                              C:/ti/pdk_am335x_1_0_17/packages/ti/drv/uart/lib/am335x/a8/release/ti.drv.uart.aa8fg(UART_stdio.oa8fg) (UART_close)
C:/ti/pdk_am335x_1_0_17/packages/ti/drv/uart/lib/am335x/a8/release/ti.drv.uart.aa8fg(UART_soc.oa8fg)
                              C:/ti/pdk_am335x_1_0_17/packages/ti/drv/uart/lib/am335x/a8/release/ti.drv.uart.aa8fg(UART_drv.oa8fg) (UART_config)
C:/ti/pdk_am335x_1_0_17/packages/ti/drv/uart/lib/am335x/a8/release/ti.drv.uart.aa8fg(UART_v2.oa8fg)
                              C:/ti/pdk_am335x_1_0_17/packages/ti/drv/uart/lib/am335x/a8/release/ti.drv.uart.aa8fg(UART_soc.oa8fg) (UART_v2_FxnTable)
C:/ti/pdk_am335x_1_0_17/packages/ti/drv/uart/lib/am335x/a8/release/ti.drv.uart.aa8fg(UART_v1.oa8fg)
                              C:/ti/pdk_am335x_1_0_17/packages/ti/drv/uart/lib/am335x/a8/release/ti.drv.uart.aa8fg(UART_soc.oa8fg) (UART_FxnTable_v1)
C:/ti/pdk_am335x_1_0_17/packages/ti/drv/gpio/lib/am335x/a8/release/ti.drv.gpio.aa8fg(GPIO_drv.oa8fg)
                              C:/ti/pdk_am335x_1_0_17/packages/ti/board/obj/bbbAM335x/armv7/led_test.o (GPIO_init)
C:/ti/pdk_am335x_1_0_17/packages/ti/drv/gpio/lib/am335x/a8/release/ti.drv.gpio.aa8fg(GPIO_soc.oa8fg)
                              C:/ti/pdk_am335x_1_0_17/packages/ti/drv/gpio/lib/am335x/a8/release/ti.drv.gpio.aa8fg(GPIO_drv.oa8fg) (GPIO_config)
C:/ti/pdk_am335x_1_0_17/packages/ti/drv/gpio/lib/am335x/a8/release/ti.drv.gpio.aa8fg(GPIO_v1.oa8fg)
                              C:/ti/pdk_am335x_1_0_17/packages/ti/drv/gpio/lib/am335x/a8/release/ti.drv.gpio.aa8fg(GPIO_soc.oa8fg) (GPIO_FxnTable_v1)
C:/ti/pdk_am335x_1_0_17/packages/ti/drv/i2c/lib/am335x/a8/release/ti.drv.i2c.aa8fg(I2C_drv.oa8fg)
                              C:/ti/pdk_am335x_1_0_17/packages/ti/board/lib/bbbAM335x/a8/release/ti.board.aa8fg(bbbAM335x_lld_init.oa8fg) (I2C_init)
C:/ti/pdk_am335x_1_0_17/packages/ti/drv/i2c/lib/am335x/a8/release/ti.drv.i2c.aa8fg(I2C_soc.oa8fg)
[...]
Memory Configuration

Name             Origin             Length             Attributes
DDR0             0x80000000         0x40000000
DDR0_MEMTEST     0x80000000         0x00010000
DIAG_MEM         0x402f0400         0x0001fc00         xrwl
SBL_MEM          0x402f0400         0x0001fc00         xrwl
OCMC_RAM         0x40300000         0x00010000         xrwl
*default*        0x00000000         0xffffffff

Linker script and memory map

LOAD C:/ti/pdk_am335x_1_0_17/packages/ti/board/obj/bbbAM335x/armv7/led_test.o
LOAD C:/ti/pdk_am335x_1_0_17/packages/ti/board/obj/bbbAM335x/armv7/GPIO_LED_config.o
LOAD C:/ti/pdk_am335x_1_0_17/packages/ti/board/obj/bbbAM335x/armv7/diag_entry.ao
LOAD C:/ti/pdk_am335x_1_0_17/packages/ti/board/obj/bbbAM335x/armv7/intc.o
LOAD C:/ti/pdk_am335x_1_0_17/packages/ti/board/obj/bbbAM335x/armv7/cpu.o
LOAD C:/ti/pdk_am335x_1_0_17/packages/ti/board/obj/bbbAM335x/armv7/diag_common_cfg.o

.startcode      0x80000000      0x154
                0x80000000                . = ALIGN (0x4)
 *diag_entry.ao(.text)
 .text          0x80000000      0x154 C:/ti/pdk_am335x_1_0_17/packages/ti/board/obj/bbbAM335x/armv7/diag_entry.ao
                0x80000000                Entry
                0x800000bc                SVC_Handler
                0x800000e4                IRQHandler
                0x80000124                FIQHandler
                0x80000128                AbortHandler
                0x80000128                UndefInstHandler

.text           0x80000154     0x67c0
                0x80000154                . = ALIGN (0x4)
 *(.text*)
 .text          0x80000154      0x1a4 C:/ti/pdk_am335x_1_0_17/packages/ti/board/obj/bbbAM335x/armv7/led_test.o
                0x800002d8                BoardDiag_AppDelay
                0x800002f4                BoardDiag_gpioLedFunctionalTest
 .text.startup  0x800002f8       0x30 C:/ti/pdk_am335x_1_0_17/packages/ti/board/obj/bbbAM335x/armv7/led_test.o
                0x800002f8                main
 .text          0x80000328      0x2bc C:/ti/pdk_am335x_1_0_17/packages/ti/board/obj/bbbAM335x/armv7/intc.o
                0x80000340                INTCInit
                0x800003c0                INTCConfigIntr
                0x80000454                INTCEnableIntr
                0x8000048c                INTCDisableIntr
                0x800004c4                INTCEnableCpuIntr
                0x800004ec                INTCDisableCpuIntr
                0x800004f0                INTCClearIntr
                0x80000520                INTCTriggerSWIntr
                0x8000054c                INTCSaveContext
                0x80000554                INTCRestoreContext
                0x8000055c                INTCCommonIntrHandler
 .text          0x800005e4       0x90 C:/ti/pdk_am335x_1_0_17/packages/ti/board/obj/bbbAM335x/armv7/cpu.o
                0x800005e4                CPUSwitchToPrivilegedMode
                0x800005ec                CPUSwitchToUserMode
                0x80000600                CPUAbortHandler
                0x80000604                CPUIntrStatus
                0x80000610                CPUIntrDisable
                0x80000648                CPUIntrEnable
 .text          0x80000674       0x6c C:/ti/pdk_am335x_1_0_17/packages/ti/board/obj/bbbAM335x/armv7/diag_common_cfg.o
                0x80000674                VectorBaseAddrSet
                0x80000684                CopyVectorTable
                0x800006c8                start_boot
                0x800006d8                DIAG_init
 .text.Board_moduleClockInit
                0x800006e0      0x148 C:/ti/pdk_am335x_1_0_17/packages/ti/board/lib/bbbAM335x/a8/release/ti.board.aa8fg(bbbAM335x.oa8fg)
                0x800006e0                Board_moduleClockInit
 .text.Board_init
                0x80000828       0x58 C:/ti/pdk_am335x_1_0_17/packages/ti/board/lib/bbbAM335x/a8/release/ti.board.aa8fg(bbbAM335x.oa8fg)
                0x80000828                Board_init
 .text.Board_uartStdioInit
                0x80000880       0x1c C:/ti/pdk_am335x_1_0_17/packages/ti/board/lib/bbbAM335x/a8/release/ti.board.aa8fg(bbbAM335x_lld_init.oa8fg)
                0x80000880                Board_uartStdioInit
 .text.PINMUXModuleConfig
                0x8000089c      0x128 C:/ti/pdk_am335x_1_0_17/packages/ti/board/lib/bbbAM335x/a8/release/ti.board.aa8fg(bbbAM335x_pinmux.oa8fg)
                0x8000089c                PINMUXModuleConfig
 .text.Board_pinmuxConfig
                0x800009c4       0xcc C:/ti/pdk_am335x_1_0_17/packages/ti/board/lib/bbbAM335x/a8/release/ti.board.aa8fg(bbbAM335x_pinmux.oa8fg)
                0x800009c4                Board_pinmuxConfig
 .text.CHIPDBBaseAddress
                0x80000a90       0x38 C:/ti/pdk_am335x_1_0_17/packages/ti/board/lib/bbbAM335x/a8/release/ti.board.aa8fg(am335x_chipdb.oa8fg)
                0x80000a90                CHIPDBBaseAddress
 .text.PRCMModuleEnable
                0x80000ac8     0x11ec C:/ti/pdk_am335x_1_0_17/packages/ti/board/lib/bbbAM335x/a8/release/ti.board.aa8fg(am335x_prcm.oa8fg)
                0x80000ac8                PRCMModuleEnable
 .text.uart_console_putc
                0x80001cb4       0x58 C:/ti/pdk_am335x_1_0_17/packages/ti/drv/uart/lib/am335x/a8/release/ti.drv.uart.aa8fg(UART_stdio.oa8fg)
 .text.UART_stdioInit
                0x80001d0c       0x90 C:/ti/pdk_am335x_1_0_17/packages/ti/drv/uart/lib/am335x/a8/release/ti.drv.uart.aa8fg(UART_stdio.oa8fg)
                0x80001d0c                UART_stdioInit
 .text.UART_dataWrite
                0x80001d9c       0x5c C:/ti/pdk_am335x_1_0_17/packages/ti/drv/uart/lib/am335x/a8/release/ti.drv.uart.aa8fg(UART_stdio.oa8fg)
                0x80001d9c                UART_dataWrite
 .text.UART_convertVal.constprop.0
                0x80001df8      0x16c C:/ti/pdk_am335x_1_0_17/packages/ti/drv/uart/lib/am335x/a8/release/ti.drv.uart.aa8fg(UART_stdio.oa8fg)
 .text.UART_printf
                0x80001f64      0x2d4 C:/ti/pdk_am335x_1_0_17/packages/ti/drv/uart/lib/am335x/a8/release/ti.drv.uart.aa8fg(UART_stdio.oa8fg)
                0x80001f64                UART_printf
 .text.UART_scanFmt
                0x80002238      0x760 C:/ti/pdk_am335x_1_0_17/packages/ti/drv/uart/lib/am335x/a8/release/ti.drv.uart.aa8fg(UART_stdio.oa8fg)
                0x80002238                UART_scanFmt
 .text.UART_ASCIIUtils_charToDigit
                0x80002998       0x7c C:/ti/pdk_am335x_1_0_17/packages/ti/drv/uart/lib/am335x/a8/release/ti.drv.uart.aa8fg(UART_ascii_utils.oa8fg)
                0x80002998                UART_ASCIIUtils_charToDigit
 .text.UART_init
                0x80002a14       0x6c C:/ti/pdk_am335x_1_0_17/packages/ti/drv/uart/lib/am335x/a8/release/ti.drv.uart.aa8fg(UART_drv.oa8fg)
                0x80002a14                UART_init
 .text.UART_open
                0x80002a80       0x20 C:/ti/pdk_am335x_1_0_17/packages/ti/drv/uart/lib/am335x/a8/release/ti.drv.uart.aa8fg(UART_drv.oa8fg)
                0x80002a80                UART_open
 .text.UART_Params_init
                0x80002aa0       0x2c C:/ti/pdk_am335x_1_0_17/packages/ti/drv/uart/lib/am335x/a8/release/ti.drv.uart.aa8fg(UART_drv.oa8fg)
                0x80002aa0                UART_Params_init
 .text.UART_readPolling
                0x80002acc        0xc C:/ti/pdk_am335x_1_0_17/packages/ti/drv/uart/lib/am335x/a8/release/ti.drv.uart.aa8fg(UART_drv.oa8fg)
                0x80002acc                UART_readPolling
 .text.UART_write
                0x80002ad8        0xc C:/ti/pdk_am335x_1_0_17/packages/ti/drv/uart/lib/am335x/a8/release/ti.drv.uart.aa8fg(UART_drv.oa8fg)
                0x80002ad8                UART_write
 .text.UART_writePolling
                0x80002ae4        0xc C:/ti/pdk_am335x_1_0_17/packages/ti/drv/uart/lib/am335x/a8/release/ti.drv.uart.aa8fg(UART_drv.oa8fg)
                0x80002ae4                UART_writePolling
 .text.UART_init_v1
                0x80002af0       0x10 C:/ti/pdk_am335x_1_0_17/packages/ti/drv/uart/lib/am335x/a8/release/ti.drv.uart.aa8fg(UART_v1.oa8fg)
 .text.UART_control_v1
                0x80002b00        0x8 C:/ti/pdk_am335x_1_0_17/packages/ti/drv/uart/lib/am335x/a8/release/ti.drv.uart.aa8fg(UART_v1.oa8fg)
 .text.UART_open_v1
                0x80002b08      0x31c C:/ti/pdk_am335x_1_0_17/packages/ti/drv/uart/lib/am335x/a8/release/ti.drv.uart.aa8fg(UART_v1.oa8fg)
 .text.UART_close_v1
                0x80002e24       0xb8 C:/ti/pdk_am335x_1_0_17/packages/ti/drv/uart/lib/am335x/a8/release/ti.drv.uart.aa8fg(UART_v1.oa8fg)
 .text.UART_writeCancelNoCB.isra.0
                0x80002edc       0x78 C:/ti/pdk_am335x_1_0_17/packages/ti/drv/uart/lib/am335x/a8/release/ti.drv.uart.aa8fg(UART_v1.oa8fg)
 .text.UART_writeCancel_v1
                0x80002f54       0x48 C:/ti/pdk_am335x_1_0_17/packages/ti/drv/uart/lib/am335x/a8/release/ti.drv.uart.aa8fg(UART_v1.oa8fg)
 .text.UART_readCancelNoCB.isra.2
                0x80002f9c       0x8c C:/ti/pdk_am335x_1_0_17/packages/ti/drv/uart/lib/am335x/a8/release/ti.drv.uart.aa8fg(UART_v1.oa8fg)
 .text.UART_charPut_v1.isra.4
                0x80003028       0x5c C:/ti/pdk_am335x_1_0_17/packages/ti/drv/uart/lib/am335x/a8/release/ti.drv.uart.aa8fg(UART_v1.oa8fg)
 .text.UART_writePolling_v1
                0x80003084       0xc0 C:/ti/pdk_am335x_1_0_17/packages/ti/drv/uart/lib/am335x/a8/release/ti.drv.uart.aa8fg(UART_v1.oa8fg)
 .text.UART_write2_v1
                0x80003144      0x264 C:/ti/pdk_am335x_1_0_17/packages/ti/drv/uart/lib/am335x/a8/release/ti.drv.uart.aa8fg(UART_v1.oa8fg)
 .text.UART_write_v1
                0x800033a8       0x7c C:/ti/pdk_am335x_1_0_17/packages/ti/drv/uart/lib/am335x/a8/release/ti.drv.uart.aa8fg(UART_v1.oa8fg)
 .text.UART_readPolling_v1
                0x80003424      0x12c C:/ti/pdk_am335x_1_0_17/packages/ti/drv/uart/lib/am335x/a8/release/ti.drv.uart.aa8fg(UART_v1.oa8fg)
 .text.UART_v1_callback
                0x80003550       0x98 C:/ti/pdk_am335x_1_0_17/packages/ti/drv/uart/lib/am335x/a8/release/ti.drv.uart.aa8fg(UART_v1.oa8fg)
                0x80003550                UART_v1_callback
 .text.UART_read2_v1
                0x800035e8      0x274 C:/ti/pdk_am335x_1_0_17/packages/ti/drv/uart/lib/am335x/a8/release/ti.drv.uart.aa8fg(UART_v1.oa8fg)
 .text.UART_read_v1
                0x8000385c       0x7c C:/ti/pdk_am335x_1_0_17/packages/ti/drv/uart/lib/am335x/a8/release/ti.drv.uart.aa8fg(UART_v1.oa8fg)
 .text.UART_readCancel_v1
                0x800038d8       0x34 C:/ti/pdk_am335x_1_0_17/packages/ti/drv/uart/lib/am335x/a8/release/ti.drv.uart.aa8fg(UART_v1.oa8fg)
 .text.UART_v1_hwiIntFxn
                0x8000390c      0x544 C:/ti/pdk_am335x_1_0_17/packages/ti/drv/uart/lib/am335x/a8/release/ti.drv.uart.aa8fg(UART_v1.oa8fg)
 .text.GPIO_init
                0x80003e50       0x24 C:/ti/pdk_am335x_1_0_17/packages/ti/drv/gpio/lib/am335x/a8/release/ti.drv.gpio.aa8fg(GPIO_drv.oa8fg)
                0x80003e50                GPIO_init
 .text.GPIO_setCallback
                0x80003e74       0x24 C:/ti/pdk_am335x_1_0_17/packages/ti/drv/gpio/lib/am335x/a8/release/ti.drv.gpio.aa8fg(GPIO_drv.oa8fg)
                0x80003e74                GPIO_setCallback
 .text.GPIO_write
                0x80003e98       0x24 C:/ti/pdk_am335x_1_0_17/packages/ti/drv/gpio/lib/am335x/a8/release/ti.drv.gpio.aa8fg(GPIO_drv.oa8fg)
                0x80003e98                GPIO_write
 .text.GPIO_toggle_v1
                0x80003ebc       0xc8 C:/ti/pdk_am335x_1_0_17/packages/ti/drv/gpio/lib/am335x/a8/release/ti.drv.gpio.aa8fg(GPIO_v1.oa8fg)
 .text.GPIO_setCallback_v1
                0x80003f84       0x98 C:/ti/pdk_am335x_1_0_17/packages/ti/drv/gpio/lib/am335x/a8/release/ti.drv.gpio.aa8fg(GPIO_v1.oa8fg)
 .text.GPIO_write_v1
                0x8000401c       0xc4 C:/ti/pdk_am335x_1_0_17/packages/ti/drv/gpio/lib/am335x/a8/release/ti.drv.gpio.aa8fg(GPIO_v1.oa8fg)
 .text.GPIO_setConfig_v1
                0x800040e0      0x220 C:/ti/pdk_am335x_1_0_17/packages/ti/drv/gpio/lib/am335x/a8/release/ti.drv.gpio.aa8fg(GPIO_v1.oa8fg)
 .text.GPIO_clearInt_v1
                0x80004300       0x94 C:/ti/pdk_am335x_1_0_17/packages/ti/drv/gpio/lib/am335x/a8/release/ti.drv.gpio.aa8fg(GPIO_v1.oa8fg)
 .text.GPIO_v1_hwiFxn
                0x80004394       0xbc C:/ti/pdk_am335x_1_0_17/packages/ti/drv/gpio/lib/am335x/a8/release/ti.drv.gpio.aa8fg(GPIO_v1.oa8fg)
 .text.GPIO_enableInt_v1
                0x80004450       0xa8 C:/ti/pdk_am335x_1_0_17/packages/ti/drv/gpio/lib/am335x/a8/release/ti.drv.gpio.aa8fg(GPIO_v1.oa8fg)
 .text.GPIO_disableInt_v1
                0x800044f8       0xa8 C:/ti/pdk_am335x_1_0_17/packages/ti/drv/gpio/lib/am335x/a8/release/ti.drv.gpio.aa8fg(GPIO_v1.oa8fg)
 .text.GPIO_read_v1
                0x800045a0       0x98 C:/ti/pdk_am335x_1_0_17/packages/ti/drv/gpio/lib/am335x/a8/release/ti.drv.gpio.aa8fg(GPIO_v1.oa8fg)
 .text.GPIO_init_v1
                0x80004638      0x164 C:/ti/pdk_am335x_1_0_17/packages/ti/drv/gpio/lib/am335x/a8/release/ti.drv.gpio.aa8fg(GPIO_v1.oa8fg)
 .text.GPIOModuleEnable
                0x8000479c       0x14 C:/ti/pdk_am335x_1_0_17/packages/ti/csl/lib/am335x/a8/release/ti.csl.aa8fg(gpio_v2.oa8fg)
                0x8000479c                GPIOModuleEnable
 .text.GPIODirModeSet
                0x800047b0       0x28 C:/ti/pdk_am335x_1_0_17/packages/ti/csl/lib/am335x/a8/release/ti.csl.aa8fg(gpio_v2.oa8fg)
                0x800047b0                GPIODirModeSet
 .text.GPIOPinWrite
                0x800047d8       0x1c C:/ti/pdk_am335x_1_0_17/packages/ti/csl/lib/am335x/a8/release/ti.csl.aa8fg(gpio_v2.oa8fg)
                0x800047d8                GPIOPinWrite
 .text.GPIOPinRead2
                0x800047f4       0x18 C:/ti/pdk_am335x_1_0_17/packages/ti/csl/lib/am335x/a8/release/ti.csl.aa8fg(gpio_v2.oa8fg)
                0x800047f4                GPIOPinRead2
 .text.GPIOPinIntEnable
                0x8000480c       0x1c C:/ti/pdk_am335x_1_0_17/packages/ti/csl/lib/am335x/a8/release/ti.csl.aa8fg(gpio_v2.oa8fg)
                0x8000480c                GPIOPinIntEnable
 .text.GPIOPinIntDisable
                0x80004828       0x1c C:/ti/pdk_am335x_1_0_17/packages/ti/csl/lib/am335x/a8/release/ti.csl.aa8fg(gpio_v2.oa8fg)
                0x80004828                GPIOPinIntDisable
 .text.GPIOIntTypeSet
                0x80004844      0x188 C:/ti/pdk_am335x_1_0_17/packages/ti/csl/lib/am335x/a8/release/ti.csl.aa8fg(gpio_v2.oa8fg)
                0x80004844                GPIOIntTypeSet
 .text.GPIOPinIntClear
                0x800049cc       0x1c C:/ti/pdk_am335x_1_0_17/packages/ti/csl/lib/am335x/a8/release/ti.csl.aa8fg(gpio_v2.oa8fg)
                0x800049cc                GPIOPinIntClear
 .text.GPIORawIntStatus
                0x800049e8       0x18 C:/ti/pdk_am335x_1_0_17/packages/ti/csl/lib/am335x/a8/release/ti.csl.aa8fg(gpio_v2.oa8fg)
                0x800049e8                GPIORawIntStatus
 .text.GPIOIntrClearMask
                0x80004a00       0x14 C:/ti/pdk_am335x_1_0_17/packages/ti/csl/lib/am335x/a8/release/ti.csl.aa8fg(gpio_v2.oa8fg)
                0x80004a00                GPIOIntrClearMask
 .text.GPIOPinOutValueRead
                0x80004a14       0x14 C:/ti/pdk_am335x_1_0_17/packages/ti/csl/lib/am335x/a8/release/ti.csl.aa8fg(gpio_v2.oa8fg)
                0x80004a14                GPIOPinOutValueRead
 .text.UARTOperatingModeSelect
                0x80004a28       0x28 C:/ti/pdk_am335x_1_0_17/packages/ti/csl/lib/am335x/a8/release/ti.csl.aa8fg(uart.oa8fg)
                0x80004a28                UARTOperatingModeSelect
 .text.UARTDivisorValCompute
                0x80004a50       0x6c C:/ti/pdk_am335x_1_0_17/packages/ti/csl/lib/am335x/a8/release/ti.csl.aa8fg(uart.oa8fg)
                0x80004a50                UARTDivisorValCompute
 .text.UARTDivisorLatchWrite
                0x80004abc      0x1e4 C:/ti/pdk_am335x_1_0_17/packages/ti/csl/lib/am335x/a8/release/ti.csl.aa8fg(uart.oa8fg)
                0x80004abc                UARTDivisorLatchWrite
 .text.UARTDivisorLatchDisable
                0x80004ca0       0x14 C:/ti/pdk_am335x_1_0_17/packages/ti/csl/lib/am335x/a8/release/ti.csl.aa8fg(uart.oa8fg)
                0x80004ca0                UARTDivisorLatchDisable
 .text.UARTBreakCtl
                0x80004cb4       0x1c C:/ti/pdk_am335x_1_0_17/packages/ti/csl/lib/am335x/a8/release/ti.csl.aa8fg(uart.oa8fg)
                0x80004cb4                UARTBreakCtl
 .text.UARTLineCharacConfig
                0x80004cd0       0x28 C:/ti/pdk_am335x_1_0_17/packages/ti/csl/lib/am335x/a8/release/ti.csl.aa8fg(uart.oa8fg)
                0x80004cd0                UARTLineCharacConfig
 .text.UARTFIFORegisterWrite
                0x80004cf8       0xbc C:/ti/pdk_am335x_1_0_17/packages/ti/csl/lib/am335x/a8/release/ti.csl.aa8fg(uart.oa8fg)
                0x80004cf8                UARTFIFORegisterWrite
 .text.UARTSubConfigTCRTLRModeEn
                0x80004db4       0xb4 C:/ti/pdk_am335x_1_0_17/packages/ti/csl/lib/am335x/a8/release/ti.csl.aa8fg(uart.oa8fg)
                0x80004db4                UARTSubConfigTCRTLRModeEn
 .text.UARTTCRTLRBitValRestore
                0x80004e68       0xa8 C:/ti/pdk_am335x_1_0_17/packages/ti/csl/lib/am335x/a8/release/ti.csl.aa8fg(uart.oa8fg)
                0x80004e68                UARTTCRTLRBitValRestore
 .text.UARTFIFOConfig
                0x80004f10      0x288 C:/ti/pdk_am335x_1_0_17/packages/ti/csl/lib/am335x/a8/release/ti.csl.aa8fg(uart.oa8fg)
                0x80004f10                UARTFIFOConfig
 .text.UARTIntEnable
                0x80005198       0xc0 C:/ti/pdk_am335x_1_0_17/packages/ti/csl/lib/am335x/a8/release/ti.csl.aa8fg(uart.oa8fg)
                0x80005198                UARTIntEnable
 .text.UARTIntDisable
                0x80005258       0xcc C:/ti/pdk_am335x_1_0_17/packages/ti/csl/lib/am335x/a8/release/ti.csl.aa8fg(uart.oa8fg)
                0x80005258                UARTIntDisable
 .text.UARTInt2Enable
                0x80005324       0x1c C:/ti/pdk_am335x_1_0_17/packages/ti/csl/lib/am335x/a8/release/ti.csl.aa8fg(uart.oa8fg)
                0x80005324                UARTInt2Enable
 .text.UARTInt2Disable
                0x80005340       0x1c C:/ti/pdk_am335x_1_0_17/packages/ti/csl/lib/am335x/a8/release/ti.csl.aa8fg(uart.oa8fg)
                0x80005340                UARTInt2Disable
 .text.UARTReadStatus
                0x8000535c       0x34 C:/ti/pdk_am335x_1_0_17/packages/ti/csl/lib/am335x/a8/release/ti.csl.aa8fg(uart.oa8fg)
                0x8000535c                UARTReadStatus
 .text.UARTCharPutNonBlocking
                0x80005390       0x48 C:/ti/pdk_am335x_1_0_17/packages/ti/csl/lib/am335x/a8/release/ti.csl.aa8fg(uart.oa8fg)
                0x80005390                UARTCharPutNonBlocking
 .text.UARTCharPut
                0x800053d8       0x48 C:/ti/pdk_am335x_1_0_17/packages/ti/csl/lib/am335x/a8/release/ti.csl.aa8fg(uart.oa8fg)
                0x800053d8                UARTCharPut
 .text.UARTFIFOCharPut
                0x80005420        0xc C:/ti/pdk_am335x_1_0_17/packages/ti/csl/lib/am335x/a8/release/ti.csl.aa8fg(uart.oa8fg)
                0x80005420                UARTFIFOCharPut
 .text.UARTIntIdentityGet
                0x8000542c       0x34 C:/ti/pdk_am335x_1_0_17/packages/ti/csl/lib/am335x/a8/release/ti.csl.aa8fg(uart.oa8fg)
                0x8000542c                UARTIntIdentityGet
 .text.UARTInt2StatusGet
                0x80005460       0x10 C:/ti/pdk_am335x_1_0_17/packages/ti/csl/lib/am335x/a8/release/ti.csl.aa8fg(uart.oa8fg)
                0x80005460                UARTInt2StatusGet
 .text.UARTLoopbackModeControl
                0x80005470       0x1c C:/ti/pdk_am335x_1_0_17/packages/ti/csl/lib/am335x/a8/release/ti.csl.aa8fg(uart.oa8fg)
                0x80005470                UARTLoopbackModeControl
 .text.UARTTxFIFOFullStatusGet
                0x8000548c       0x10 C:/ti/pdk_am335x_1_0_17/packages/ti/csl/lib/am335x/a8/release/ti.csl.aa8fg(uart.oa8fg)
                0x8000548c                UARTTxFIFOFullStatusGet
 .text.UARTIsTransmitterEmpty
                0x8000549c       0x40 C:/ti/pdk_am335x_1_0_17/packages/ti/csl/lib/am335x/a8/release/ti.csl.aa8fg(uart.oa8fg)
                0x8000549c                UARTIsTransmitterEmpty
 .text.UARTCharGetNonBlocking2
                0x800054dc       0x4c C:/ti/pdk_am335x_1_0_17/packages/ti/csl/lib/am335x/a8/release/ti.csl.aa8fg(uart.oa8fg)
                0x800054dc                UARTCharGetNonBlocking2
 .text.HwiP_create
                0x80005528       0x44 C:/ti/pdk_am335x_1_0_17/packages/ti/osal/lib/nonos/am335x/a8/release/ti.osal.aa8fg(HwiP_nonos.oa8fg)
                0x80005528                HwiP_create
 .text.HwiP_delete
                0x8000556c       0x70 C:/ti/pdk_am335x_1_0_17/packages/ti/osal/lib/nonos/am335x/a8/release/ti.osal.aa8fg(HwiP_nonos.oa8fg)
                0x8000556c                HwiP_delete
 .text.HwiP_disable
                0x800055dc        0x4 C:/ti/pdk_am335x_1_0_17/packages/ti/osal/lib/nonos/am335x/a8/release/ti.osal.aa8fg(HwiP_nonos.oa8fg)
                0x800055dc                HwiP_disable
 .text.HwiP_Params_init
                0x800055e0       0x24 C:/ti/pdk_am335x_1_0_17/packages/ti/osal/lib/nonos/am335x/a8/release/ti.osal.aa8fg(HwiP_nonos.oa8fg)
                0x800055e0                HwiP_Params_init
 .text.HwiP_restore
                0x80005604        0x4 C:/ti/pdk_am335x_1_0_17/packages/ti/osal/lib/nonos/am335x/a8/release/ti.osal.aa8fg(HwiP_nonos.oa8fg)
                0x80005604                HwiP_restore
 .text.Osal_DebugP_assert
                0x80005608       0x20 C:/ti/pdk_am335x_1_0_17/packages/ti/osal/lib/nonos/am335x/a8/release/ti.osal.aa8fg(Utils_nonos.oa8fg)
                0x80005608                Osal_DebugP_assert
 .text.Osal_getThreadType
                0x80005628        0x8 C:/ti/pdk_am335x_1_0_17/packages/ti/osal/lib/nonos/am335x/a8/release/ti.osal.aa8fg(Utils_nonos.oa8fg)
                0x80005628                Osal_getThreadType
 .text.SemaphoreP_create
                0x80005630      0x150 C:/ti/pdk_am335x_1_0_17/packages/ti/osal/lib/nonos/am335x/a8/release/ti.osal.aa8fg(SemaphoreP_nonos.oa8fg)
                0x80005630                SemaphoreP_create
 .text.SemaphoreP_delete
                0x80005780       0x74 C:/ti/pdk_am335x_1_0_17/packages/ti/osal/lib/nonos/am335x/a8/release/ti.osal.aa8fg(SemaphoreP_nonos.oa8fg)
                0x80005780                SemaphoreP_delete
 .text.SemaphoreP_Params_init
                0x800057f4       0x48 C:/ti/pdk_am335x_1_0_17/packages/ti/osal/lib/nonos/am335x/a8/release/ti.osal.aa8fg(SemaphoreP_nonos.oa8fg)
                0x800057f4                SemaphoreP_Params_init
 .text.SemaphoreP_pend
                0x8000583c       0xa4 C:/ti/pdk_am335x_1_0_17/packages/ti/osal/lib/nonos/am335x/a8/release/ti.osal.aa8fg(SemaphoreP_nonos.oa8fg)
                0x8000583c                SemaphoreP_pend
 .text.SemaphoreP_post
                0x800058e0       0x68 C:/ti/pdk_am335x_1_0_17/packages/ti/osal/lib/nonos/am335x/a8/release/ti.osal.aa8fg(SemaphoreP_nonos.oa8fg)
                0x800058e0                SemaphoreP_post
 .text.Osal_RegisterInterrupt_initParams
                0x80005948       0x40 C:/ti/pdk_am335x_1_0_17/packages/ti/osal/lib/nonos/am335x/a8/release/ti.osal.aa8fg(RegisterIntr_nonos.oa8fg)
                0x80005948                Osal_RegisterInterrupt_initParams
 .text.Osal_RegisterInterrupt
                0x80005988       0x7c C:/ti/pdk_am335x_1_0_17/packages/ti/osal/lib/nonos/am335x/a8/release/ti.osal.aa8fg(RegisterIntr_nonos.oa8fg)
                0x80005988                Osal_RegisterInterrupt
 .text.Osal_DeleteInterrupt
                0x80005a04       0x20 C:/ti/pdk_am335x_1_0_17/packages/ti/osal/lib/nonos/am335x/a8/release/ti.osal.aa8fg(RegisterIntr_nonos.oa8fg)
                0x80005a04                Osal_DeleteInterrupt
 .text.OsalArch_ISRStub
                0x80005a24        0xc C:/ti/pdk_am335x_1_0_17/packages/ti/osal/lib/nonos/am335x/a8/release/ti.osal.aa8fg(Arch_util.oa8fg)
 .text.OsalArch_globalDisableInterrupt
                0x80005a30        0x4 C:/ti/pdk_am335x_1_0_17/packages/ti/osal/lib/nonos/am335x/a8/release/ti.osal.aa8fg(Arch_util.oa8fg)
                0x80005a30                OsalArch_globalDisableInterrupt
 .text.OsalArch_globalRestoreInterrupt
                0x80005a34        0x4 C:/ti/pdk_am335x_1_0_17/packages/ti/osal/lib/nonos/am335x/a8/release/ti.osal.aa8fg(Arch_util.oa8fg)
                0x80005a34                OsalArch_globalRestoreInterrupt
 .text.OsalArch_HwiPCreate
                0x80005a38      0x1d8 C:/ti/pdk_am335x_1_0_17/packages/ti/osal/lib/nonos/am335x/a8/release/ti.osal.aa8fg(Arch_util.oa8fg)
                0x80005a38                OsalArch_HwiPCreate
 .text.OsalArch_HwiPDelete
                0x80005c10       0x28 C:/ti/pdk_am335x_1_0_17/packages/ti/osal/lib/nonos/am335x/a8/release/ti.osal.aa8fg(Arch_util.oa8fg)
                0x80005c10                OsalArch_HwiPDelete
 .text.Delay_32kFClk
                0x80005c38       0xa0 C:/ti/pdk_am335x_1_0_17/packages/ti/osal/lib/nonos/am335x/a8/release/ti.osal.aa8fg(delay.oa8fg)
                0x80005c38                Delay_32kFClk
 .text.Osal_delay
                0x80005cd8       0x20 C:/ti/pdk_am335x_1_0_17/packages/ti/osal/lib/nonos/am335x/a8/release/ti.osal.aa8fg(delay.oa8fg)
                0x80005cd8                Osal_delay
 .text.TIMEREnable
                0x80005cf8       0x5c C:/ti/pdk_am335x_1_0_17/packages/ti/csl/lib/am335x/a8/release/ti.csl.aa8fg(timer.oa8fg)
                0x80005cf8                TIMEREnable
 .text.TIMERDisable
                0x80005d54       0x54 C:/ti/pdk_am335x_1_0_17/packages/ti/csl/lib/am335x/a8/release/ti.csl.aa8fg(timer.oa8fg)
                0x80005d54                TIMERDisable
 .text.TIMERModeConfigure
                0x80005da8       0xb0 C:/ti/pdk_am335x_1_0_17/packages/ti/csl/lib/am335x/a8/release/ti.csl.aa8fg(timer.oa8fg)
                0x80005da8                TIMERModeConfigure
 .text.TIMERCounterSet
                0x80005e58       0x4c C:/ti/pdk_am335x_1_0_17/packages/ti/csl/lib/am335x/a8/release/ti.csl.aa8fg(timer.oa8fg)
                0x80005e58                TIMERCounterSet
 .text.TIMERCounterGet
                0x80005ea4       0x38 C:/ti/pdk_am335x_1_0_17/packages/ti/csl/lib/am335x/a8/release/ti.csl.aa8fg(timer.oa8fg)
                0x80005ea4                TIMERCounterGet
 .text.TIMERReloadSet
                0x80005edc       0x4c C:/ti/pdk_am335x_1_0_17/packages/ti/csl/lib/am335x/a8/release/ti.csl.aa8fg(timer.oa8fg)
                0x80005edc                TIMERReloadSet
 .text.TIMERIntDisable
                0x80005f28       0x34 C:/ti/pdk_am335x_1_0_17/packages/ti/csl/lib/am335x/a8/release/ti.csl.aa8fg(timer.oa8fg)
                0x80005f28                TIMERIntDisable
 .text          0x80005f5c      0x114 c:/ti/gcc-arm-none-eabi-7-2018-q2-update/bin/../lib/gcc/arm-none-eabi/7.3.1/hard\libgcc.a(_udivsi3.o)
                0x80005f5c                __aeabi_uidiv
                0x80005f5c                __udivsi3
                0x80006050                __aeabi_uidivmod
 .text          0x80006070      0x148 c:/ti/gcc-arm-none-eabi-7-2018-q2-update/bin/../lib/gcc/arm-none-eabi/7.3.1/hard\libgcc.a(_divsi3.o)
                0x80006070                __divsi3
                0x80006070                __aeabi_idiv
                0x80006198                __aeabi_idivmod
 .text          0x800061b8        0x4 c:/ti/gcc-arm-none-eabi-7-2018-q2-update/bin/../lib/gcc/arm-none-eabi/7.3.1/hard\libgcc.a(_dvmd_tls.o)
                0x800061b8                __aeabi_idiv0
                0x800061b8                __aeabi_ldiv0
 *(.rodata*)
 .rodata.str1.4
                0x800061bc      0x182 C:/ti/pdk_am335x_1_0_17/packages/ti/board/obj/bbbAM335x/armv7/led_test.o
 *fill*         0x8000633e        0x2 
 .rodata        0x80006340       0x38 C:/ti/pdk_am335x_1_0_17/packages/ti/board/obj/bbbAM335x/armv7/diag_common_cfg.o
 .rodata.gChipDBResourceIDMap
                0x80006378      0x244 C:/ti/pdk_am335x_1_0_17/packages/ti/board/lib/bbbAM335x/a8/release/ti.board.aa8fg(hw_am335x_chipdb.oa8fg)
                0x80006378                gChipDBResourceIDMap
 .rodata.gChipDBBaseAddrTable
                0x800065bc      0x200 C:/ti/pdk_am335x_1_0_17/packages/ti/board/lib/bbbAM335x/a8/release/ti.board.aa8fg(hw_am335x_chipdb_baseaddr.oa8fg)
                0x800065bc                gChipDBBaseAddrTable
 .rodata.UART_convertVal.constprop.0.str1.4
                0x800067bc       0x11 C:/ti/pdk_am335x_1_0_17/packages/ti/drv/uart/lib/am335x/a8/release/ti.drv.uart.aa8fg(UART_stdio.oa8fg)
 *fill*         0x800067cd        0x3 
 .rodata.UART_printf.str1.4
                0x800067d0        0xa C:/ti/pdk_am335x_1_0_17/packages/ti/drv/uart/lib/am335x/a8/release/ti.drv.uart.aa8fg(UART_stdio.oa8fg)
 *fill*         0x800067da        0x2 
 .rodata.UART_stdioInit2.str1.4
                0x800067dc        0xa C:/ti/pdk_am335x_1_0_17/packages/ti/drv/uart/lib/am335x/a8/release/ti.drv.uart.aa8fg(UART_stdio.oa8fg)
 *fill*         0x800067e6        0x2 
 .rodata.UART_defaultParams
                0x800067e8       0x2c C:/ti/pdk_am335x_1_0_17/packages/ti/drv/uart/lib/am335x/a8/release/ti.drv.uart.aa8fg(UART_drv.oa8fg)
                0x800067e8                UART_defaultParams
 .rodata.CSWTCH.11
                0x80006814       0x10 C:/ti/pdk_am335x_1_0_17/packages/ti/drv/uart/lib/am335x/a8/release/ti.drv.uart.aa8fg(UART_v1.oa8fg)
 .rodata.CSWTCH.13
                0x80006824        0xc C:/ti/pdk_am335x_1_0_17/packages/ti/drv/uart/lib/am335x/a8/release/ti.drv.uart.aa8fg(UART_v1.oa8fg)
 .rodata.UART_FxnTable_v1
                0x80006830       0x30 C:/ti/pdk_am335x_1_0_17/packages/ti/drv/uart/lib/am335x/a8/release/ti.drv.uart.aa8fg(UART_v1.oa8fg)
                0x80006830                UART_FxnTable_v1
 .rodata.UART_open_v1.str1.4
                0x80006860        0xe C:/ti/pdk_am335x_1_0_17/packages/ti/drv/uart/lib/am335x/a8/release/ti.drv.uart.aa8fg(UART_v1.oa8fg)
 *fill*         0x8000686e        0x2 
 .rodata.GPIO_config
                0x80006870       0x24 C:/ti/pdk_am335x_1_0_17/packages/ti/drv/gpio/lib/am335x/a8/release/ti.drv.gpio.aa8fg(GPIO_soc.oa8fg)
                0x80006870                GPIO_config
 .rodata.CSWTCH.25
                0x80006894       0x10 C:/ti/pdk_am335x_1_0_17/packages/ti/drv/gpio/lib/am335x/a8/release/ti.drv.gpio.aa8fg(GPIO_v1.oa8fg)
 .rodata.GPIO_FxnTable_v1
                0x800068a4       0x24 C:/ti/pdk_am335x_1_0_17/packages/ti/drv/gpio/lib/am335x/a8/release/ti.drv.gpio.aa8fg(GPIO_v1.oa8fg)
                0x800068a4                GPIO_FxnTable_v1
 .rodata.GPIO_toggle_v1.str1.4
                0x800068c8       0x11 C:/ti/pdk_am335x_1_0_17/packages/ti/drv/gpio/lib/am335x/a8/release/ti.drv.gpio.aa8fg(GPIO_v1.oa8fg)
 *fill*         0x800068d9        0x3 
 .rodata.HwiP_delete.str1.4
                0x800068dc       0x17 C:/ti/pdk_am335x_1_0_17/packages/ti/osal/lib/nonos/am335x/a8/release/ti.osal.aa8fg(HwiP_nonos.oa8fg)
 *fill*         0x800068f3        0x1 
 .rodata.SemaphoreP_delete.str1.4
                0x800068f4       0x20 C:/ti/pdk_am335x_1_0_17/packages/ti/osal/lib/nonos/am335x/a8/release/ti.osal.aa8fg(SemaphoreP_nonos.oa8fg)
                                 0x1d (size before relaxing)

.glue_7         0x80006914        0x0
 .glue_7        0x80006914        0x0 linker stubs

.glue_7t        0x80006914        0x0
 .glue_7t       0x80006914        0x0 linker stubs

.vfp11_veneer   0x80006914        0x0
 .vfp11_veneer  0x80006914        0x0 linker stubs

.v4_bx          0x80006914        0x0
 .v4_bx         0x80006914        0x0 linker stubs

.iplt           0x80006914        0x0
 .iplt          0x80006914        0x0 C:/ti/pdk_am335x_1_0_17/packages/ti/board/obj/bbbAM335x/armv7/led_test.o

.rel.dyn        0x80006914        0x0
 .rel.iplt      0x80006914        0x0 C:/ti/pdk_am335x_1_0_17/packages/ti/board/obj/bbbAM335x/armv7/led_test.o

.data           0x80006914      0x6e4
                0x80006914                . = ALIGN (0x4)
 *(.data*)
 .data          0x80006914       0x24 C:/ti/pdk_am335x_1_0_17/packages/ti/board/obj/bbbAM335x/armv7/GPIO_LED_config.o
                0x80006914                GPIO_v1_config
                0x80006928                gpioPinConfigs
 .data.gBbbPinmuxData
                0x80006938       0x40 C:/ti/pdk_am335x_1_0_17/packages/ti/board/lib/bbbAM335x/a8/release/ti.board.aa8fg(am335x_beagleboneblack_pinmux_data.oa8fg)
                0x80006938                gBbbPinmuxData
 .data.gCpsw0PinCfg
                0x80006978       0x90 C:/ti/pdk_am335x_1_0_17/packages/ti/board/lib/bbbAM335x/a8/release/ti.board.aa8fg(am335x_beagleboneblack_pinmux_data.oa8fg)
 .data.gCpswPinCfg
                0x80006a08       0x10 C:/ti/pdk_am335x_1_0_17/packages/ti/board/lib/bbbAM335x/a8/release/ti.board.aa8fg(am335x_beagleboneblack_pinmux_data.oa8fg)
 .data.gGpio0PinCfg
                0x80006a18       0x10 C:/ti/pdk_am335x_1_0_17/packages/ti/board/lib/bbbAM335x/a8/release/ti.board.aa8fg(am335x_beagleboneblack_pinmux_data.oa8fg)
 .data.gGpio1PinCfg
                0x80006a28       0x38 C:/ti/pdk_am335x_1_0_17/packages/ti/board/lib/bbbAM335x/a8/release/ti.board.aa8fg(am335x_beagleboneblack_pinmux_data.oa8fg)
 .data.gGpio3PinCfg
                0x80006a60       0x10 C:/ti/pdk_am335x_1_0_17/packages/ti/board/lib/bbbAM335x/a8/release/ti.board.aa8fg(am335x_beagleboneblack_pinmux_data.oa8fg)
 .data.gGpioPinCfg
                0x80006a70       0x20 C:/ti/pdk_am335x_1_0_17/packages/ti/board/lib/bbbAM335x/a8/release/ti.board.aa8fg(am335x_beagleboneblack_pinmux_data.oa8fg)
 .data.gI2c0PinCfg
                0x80006a90       0x18 C:/ti/pdk_am335x_1_0_17/packages/ti/board/lib/bbbAM335x/a8/release/ti.board.aa8fg(am335x_beagleboneblack_pinmux_data.oa8fg)
 .data.gI2cPinCfg
                0x80006aa8       0x10 C:/ti/pdk_am335x_1_0_17/packages/ti/board/lib/bbbAM335x/a8/release/ti.board.aa8fg(am335x_beagleboneblack_pinmux_data.oa8fg)
 .data.gLcdc0PinCfg
                0x80006ab8       0xf0 C:/ti/pdk_am335x_1_0_17/packages/ti/board/lib/bbbAM335x/a8/release/ti.board.aa8fg(am335x_beagleboneblack_pinmux_data.oa8fg)
 .data.gLcdcPinCfg
                0x80006ba8       0x10 C:/ti/pdk_am335x_1_0_17/packages/ti/board/lib/bbbAM335x/a8/release/ti.board.aa8fg(am335x_beagleboneblack_pinmux_data.oa8fg)
 .data.gMcspi1PinCfg
                0x80006bb8       0x28 C:/ti/pdk_am335x_1_0_17/packages/ti/board/lib/bbbAM335x/a8/release/ti.board.aa8fg(am335x_beagleboneblack_pinmux_data.oa8fg)
 .data.gMcspiPinCfg
                0x80006be0       0x10 C:/ti/pdk_am335x_1_0_17/packages/ti/board/lib/bbbAM335x/a8/release/ti.board.aa8fg(am335x_beagleboneblack_pinmux_data.oa8fg)
 .data.gMmcsd0PinCfg
                0x80006bf0       0x38 C:/ti/pdk_am335x_1_0_17/packages/ti/board/lib/bbbAM335x/a8/release/ti.board.aa8fg(am335x_beagleboneblack_pinmux_data.oa8fg)
 .data.gMmcsd1PinCfg
                0x80006c28       0x58 C:/ti/pdk_am335x_1_0_17/packages/ti/board/lib/bbbAM335x/a8/release/ti.board.aa8fg(am335x_beagleboneblack_pinmux_data.oa8fg)
 .data.gMmcsdPinCfg
                0x80006c80       0x18 C:/ti/pdk_am335x_1_0_17/packages/ti/board/lib/bbbAM335x/a8/release/ti.board.aa8fg(am335x_beagleboneblack_pinmux_data.oa8fg)
 .data.gUart0PinCfg
                0x80006c98       0x18 C:/ti/pdk_am335x_1_0_17/packages/ti/board/lib/bbbAM335x/a8/release/ti.board.aa8fg(am335x_beagleboneblack_pinmux_data.oa8fg)
 .data.gUartPinCfg
                0x80006cb0       0x10 C:/ti/pdk_am335x_1_0_17/packages/ti/board/lib/bbbAM335x/a8/release/ti.board.aa8fg(am335x_beagleboneblack_pinmux_data.oa8fg)
 .data.UART_count
                0x80006cc0        0x4 C:/ti/pdk_am335x_1_0_17/packages/ti/drv/uart/lib/am335x/a8/release/ti.drv.uart.aa8fg(UART_drv.oa8fg)
 .data.UART_config
                0x80006cc4       0xa8 C:/ti/pdk_am335x_1_0_17/packages/ti/drv/uart/lib/am335x/a8/release/ti.drv.uart.aa8fg(UART_soc.oa8fg)
                0x80006cc4                UART_config
 .data.uartInitCfg
                0x80006d6c      0x1c8 C:/ti/pdk_am335x_1_0_17/packages/ti/drv/uart/lib/am335x/a8/release/ti.drv.uart.aa8fg(UART_soc.oa8fg)
                0x80006d6c                uartInitCfg
 .data.GPIO_v1_hwAttrs
                0x80006f34       0xa0 C:/ti/pdk_am335x_1_0_17/packages/ti/drv/gpio/lib/am335x/a8/release/ti.drv.gpio.aa8fg(GPIO_soc.oa8fg)
                0x80006f34                GPIO_v1_hwAttrs
 .data.Osal_DebugP_Assert_Val
                0x80006fd4        0x1 C:/ti/pdk_am335x_1_0_17/packages/ti/osal/lib/nonos/am335x/a8/release/ti.osal.aa8fg(Utils_nonos.oa8fg)
                0x80006fd4                Osal_DebugP_Assert_Val
 *fill*         0x80006fd5        0x3 
 .data.gOsal_HwAttrs
                0x80006fd8       0x20 C:/ti/pdk_am335x_1_0_17/packages/ti/osal/lib/nonos/am335x/a8/release/ti.osal.aa8fg(Utils_nonos.oa8fg)
                0x80006fd8                gOsal_HwAttrs

.igot.plt       0x80006ff8        0x0
 .igot.plt      0x80006ff8        0x0 C:/ti/pdk_am335x_1_0_17/packages/ti/board/obj/bbbAM335x/armv7/led_test.o

.bss            0x80006ff8      0xdf4
                0x80006ff8                . = ALIGN (0x4)
                0x80006ff8                _bss_start = .
 *(.bss*)
 .bss           0x80006ff8       0x10 C:/ti/pdk_am335x_1_0_17/packages/ti/board/obj/bbbAM335x/armv7/GPIO_LED_config.o
                0x80006ff8                gpioCallbackFunctions
 .bss           0x80007008      0x408 C:/ti/pdk_am335x_1_0_17/packages/ti/board/obj/bbbAM335x/armv7/intc.o
 .bss.uart_stdio
                0x80007410        0x8 C:/ti/pdk_am335x_1_0_17/packages/ti/drv/uart/lib/am335x/a8/release/ti.drv.uart.aa8fg(UART_stdio.oa8fg)
                0x80007410                uart_stdio
 .bss.gpioCallbackInfo
                0x80007418      0x100 C:/ti/pdk_am335x_1_0_17/packages/ti/drv/gpio/lib/am335x/a8/release/ti.drv.gpio.aa8fg(GPIO_v1.oa8fg)
 .bss.initCalled
                0x80007518        0x1 C:/ti/pdk_am335x_1_0_17/packages/ti/drv/gpio/lib/am335x/a8/release/ti.drv.gpio.aa8fg(GPIO_v1.oa8fg)
 *fill*         0x80007519        0x3 
 .bss.portHwiCreatedBitMask
                0x8000751c        0x4 C:/ti/pdk_am335x_1_0_17/packages/ti/drv/gpio/lib/am335x/a8/release/ti.drv.gpio.aa8fg(GPIO_v1.oa8fg)
 .bss.gOsalHwiAllocCnt
                0x80007520        0x4 C:/ti/pdk_am335x_1_0_17/packages/ti/osal/lib/nonos/am335x/a8/release/ti.osal.aa8fg(Utils_nonos.oa8fg)
                0x80007520                gOsalHwiAllocCnt
 .bss.gOsalHwiPeak
                0x80007524        0x4 C:/ti/pdk_am335x_1_0_17/packages/ti/osal/lib/nonos/am335x/a8/release/ti.osal.aa8fg(Utils_nonos.oa8fg)
                0x80007524                gOsalHwiPeak
 .bss.gOsalSemAllocCnt
                0x80007528        0x4 C:/ti/pdk_am335x_1_0_17/packages/ti/osal/lib/nonos/am335x/a8/release/ti.osal.aa8fg(Utils_nonos.oa8fg)
                0x80007528                gOsalSemAllocCnt
 .bss.gOsalSemPeak
                0x8000752c        0x4 C:/ti/pdk_am335x_1_0_17/packages/ti/osal/lib/nonos/am335x/a8/release/ti.osal.aa8fg(Utils_nonos.oa8fg)
                0x8000752c                gOsalSemPeak
 .bss.hwiStructs
                0x80007530       0xa0 C:/ti/pdk_am335x_1_0_17/packages/ti/osal/lib/nonos/am335x/a8/release/ti.osal.aa8fg(Arch_util.oa8fg)
 .bss.gTimerFirstTime
                0x800075d0        0x4 C:/ti/pdk_am335x_1_0_17/packages/ti/osal/lib/nonos/am335x/a8/release/ti.osal.aa8fg(delay.oa8fg)
 *(COMMON)
 COMMON         0x800075d4      0x6d8 C:/ti/pdk_am335x_1_0_17/packages/ti/drv/uart/lib/am335x/a8/release/ti.drv.uart.aa8fg(UART_soc.oa8fg)
                0x800075d4                UartObjects
                0x8000797c                UartObjects2
 COMMON         0x80007cac      0x140 C:/ti/pdk_am335x_1_0_17/packages/ti/osal/lib/nonos/am335x/a8/release/ti.osal.aa8fg(SemaphoreP_nonos.oa8fg)
                0x80007cac                semStructs
                0x80007dec                _bss_end = .

.heap           0x80007dec    0x10000
                0x80007dec                . = ALIGN (0x4)
                0x80007dec                __end__ = .
                0x80007dec                end = __end__
                0x80007dec                __HeapBase = __end__
 *(.heap*)
                0x80017dec                . = (. + 0x10000)
 *fill*         0x80007dec    0x10000 
                0x80017dec                __HeapLimit = .

.stack          0x80017dec     0x1004
                0x80017df0                . = ALIGN (0x8)
 *fill*         0x80017dec        0x4 
                0x80017df0                __StackLimit = .
 *(.stack*)
                0x80018df0                . = (. + 0x1000)
 *fill*         0x80017df0     0x1000 
                0x80018df0                __StackTop = .
                0x80018df0                _stack = __StackTop
START GROUP
LOAD c:/ti/gcc-arm-none-eabi-7-2018-q2-update/bin/../lib/gcc/arm-none-eabi/7.3.1/../../../../arm-none-eabi/lib/hard\libc.a
LOAD c:/ti/gcc-arm-none-eabi-7-2018-q2-update/bin/../lib/gcc/arm-none-eabi/7.3.1/../../../../arm-none-eabi/lib/hard\librdimon.a
LOAD c:/ti/gcc-arm-none-eabi-7-2018-q2-update/bin/../lib/gcc/arm-none-eabi/7.3.1/../../../../arm-none-eabi/lib/hard\libm.a
LOAD c:/ti/gcc-arm-none-eabi-7-2018-q2-update/bin/../lib/gcc/arm-none-eabi/7.3.1/../../../../arm-none-eabi/lib/hard\libnosys.a
LOAD C:/ti/pdk_am335x_1_0_17/packages/ti/board/lib/bbbAM335x/a8/release/ti.board.aa8fg
LOAD C:/ti/pdk_am335x_1_0_17/packages/ti/osal/lib/nonos/am335x/a8/release/ti.osal.aa8fg
LOAD C:/ti/pdk_am335x_1_0_17/packages/ti/drv/uart/lib/am335x/a8/release/ti.drv.uart.aa8fg
LOAD C:/ti/pdk_am335x_1_0_17/packages/ti/drv/gpio/lib/am335x/a8/release/ti.drv.gpio.aa8fg
LOAD C:/ti/pdk_am335x_1_0_17/packages/ti/drv/i2c/lib/am335x/a8/release/ti.drv.i2c.aa8fg
LOAD C:/ti/pdk_am335x_1_0_17/packages/ti/csl/lib/am335x/a8/release/ti.csl.aa8fg
END GROUP
START GROUP
LOAD c:/ti/gcc-arm-none-eabi-7-2018-q2-update/bin/../lib/gcc/arm-none-eabi/7.3.1/hard\libgcc.a
LOAD c:/ti/gcc-arm-none-eabi-7-2018-q2-update/bin/../lib/gcc/arm-none-eabi/7.3.1/../../../../arm-none-eabi/lib/hard\libc.a
END GROUP
OUTPUT(C:/ti/pdk_am335x_1_0_17/packages/ti/board/bin/bbbAM335x/armv7/led_diagExample_bbbAM335x_armv7.out elf32-littlearm)

.debug_info     0x00000000     0x3132
 .debug_info    0x00000000      0xca8 C:/ti/pdk_am335x_1_0_17/packages/ti/board/obj/bbbAM335x/armv7/led_test.o
 .debug_info    0x00000ca8      0xbde C:/ti/pdk_am335x_1_0_17/packages/ti/board/obj/bbbAM335x/armv7/GPIO_LED_config.o
 .debug_info    0x00001886       0x26 C:/ti/pdk_am335x_1_0_17/packages/ti/board/obj/bbbAM335x/armv7/diag_entry.ao
 .debug_info    0x000018ac      0xd94 C:/ti/pdk_am335x_1_0_17/packages/ti/board/obj/bbbAM335x/armv7/intc.o
 .debug_info    0x00002640      0x96e C:/ti/pdk_am335x_1_0_17/packages/ti/board/obj/bbbAM335x/armv7/cpu.o
 .debug_info    0x00002fae      0x184 C:/ti/pdk_am335x_1_0_17/packages/ti/board/obj/bbbAM335x/armv7/diag_common_cfg.o

.debug_abbrev   0x00000000      0xa66
 .debug_abbrev  0x00000000      0x2b0 C:/ti/pdk_am335x_1_0_17/packages/ti/board/obj/bbbAM335x/armv7/led_test.o
 .debug_abbrev  0x000002b0      0x1b4 C:/ti/pdk_am335x_1_0_17/packages/ti/board/obj/bbbAM335x/armv7/GPIO_LED_config.o
 .debug_abbrev  0x00000464       0x14 C:/ti/pdk_am335x_1_0_17/packages/ti/board/obj/bbbAM335x/armv7/diag_entry.ao
 .debug_abbrev  0x00000478      0x303 C:/ti/pdk_am335x_1_0_17/packages/ti/board/obj/bbbAM335x/armv7/intc.o
 .debug_abbrev  0x0000077b      0x1e8 C:/ti/pdk_am335x_1_0_17/packages/ti/board/obj/bbbAM335x/armv7/cpu.o
 .debug_abbrev  0x00000963      0x103 C:/ti/pdk_am335x_1_0_17/packages/ti/board/obj/bbbAM335x/armv7/diag_common_cfg.o

.debug_loc      0x00000000      0x206
 .debug_loc     0x00000000       0xaf C:/ti/pdk_am335x_1_0_17/packages/ti/board/obj/bbbAM335x/armv7/led_test.o
 .debug_loc     0x000000af      0x157 C:/ti/pdk_am335x_1_0_17/packages/ti/board/obj/bbbAM335x/armv7/intc.o

.debug_aranges  0x00000000       0xc0
 .debug_aranges
                0x00000000       0x28 C:/ti/pdk_am335x_1_0_17/packages/ti/board/obj/bbbAM335x/armv7/led_test.o
 .debug_aranges
                0x00000028       0x18 C:/ti/pdk_am335x_1_0_17/packages/ti/board/obj/bbbAM335x/armv7/GPIO_LED_config.o
 .debug_aranges
                0x00000040       0x20 C:/ti/pdk_am335x_1_0_17/packages/ti/board/obj/bbbAM335x/armv7/diag_entry.ao
 .debug_aranges
                0x00000060       0x20 C:/ti/pdk_am335x_1_0_17/packages/ti/board/obj/bbbAM335x/armv7/intc.o
 .debug_aranges
                0x00000080       0x20 C:/ti/pdk_am335x_1_0_17/packages/ti/board/obj/bbbAM335x/armv7/cpu.o
 .debug_aranges
                0x000000a0       0x20 C:/ti/pdk_am335x_1_0_17/packages/ti/board/obj/bbbAM335x/armv7/diag_common_cfg.o

.debug_ranges   0x00000000       0x18
 .debug_ranges  0x00000000       0x18 C:/ti/pdk_am335x_1_0_17/packages/ti/board/obj/bbbAM335x/armv7/led_test.o

.debug_line     0x00000000      0xc7e
 .debug_line    0x00000000      0x35a C:/ti/pdk_am335x_1_0_17/packages/ti/board/obj/bbbAM335x/armv7/led_test.o
 .debug_line    0x0000035a      0x242 C:/ti/pdk_am335x_1_0_17/packages/ti/board/obj/bbbAM335x/armv7/GPIO_LED_config.o
 .debug_line    0x0000059c       0xe0 C:/ti/pdk_am335x_1_0_17/packages/ti/board/obj/bbbAM335x/armv7/diag_entry.ao
 .debug_line    0x0000067c      0x2d4 C:/ti/pdk_am335x_1_0_17/packages/ti/board/obj/bbbAM335x/armv7/intc.o
 .debug_line    0x00000950      0x1b9 C:/ti/pdk_am335x_1_0_17/packages/ti/board/obj/bbbAM335x/armv7/cpu.o
 .debug_line    0x00000b09      0x175 C:/ti/pdk_am335x_1_0_17/packages/ti/board/obj/bbbAM335x/armv7/diag_common_cfg.o

.debug_str      0x00000000      0xd7e
 .debug_str     0x00000000      0x7c9 C:/ti/pdk_am335x_1_0_17/packages/ti/board/obj/bbbAM335x/armv7/led_test.o
                                0x8ae (size before relaxing)
 .debug_str     0x000007c9       0xef C:/ti/pdk_am335x_1_0_17/packages/ti/board/obj/bbbAM335x/armv7/GPIO_LED_config.o
                                0x8dc (size before relaxing)
 .debug_str     0x000008b8       0x8e C:/ti/pdk_am335x_1_0_17/packages/ti/board/obj/bbbAM335x/armv7/diag_entry.ao
 .debug_str     0x00000946      0x2e1 C:/ti/pdk_am335x_1_0_17/packages/ti/board/obj/bbbAM335x/armv7/intc.o
                                0x85b (size before relaxing)
 .debug_str     0x00000c27       0xae C:/ti/pdk_am335x_1_0_17/packages/ti/board/obj/bbbAM335x/armv7/cpu.o
                                0x63a (size before relaxing)
 .debug_str     0x00000cd5       0xa9 C:/ti/pdk_am335x_1_0_17/packages/ti/board/obj/bbbAM335x/armv7/diag_common_cfg.o
                                0x275 (size before relaxing)

.comment        0x00000000       0x7f
 .comment       0x00000000       0x7f C:/ti/pdk_am335x_1_0_17/packages/ti/board/obj/bbbAM335x/armv7/led_test.o
                                 0x80 (size before relaxing)
 .comment       0x0000007f       0x80 C:/ti/pdk_am335x_1_0_17/packages/ti/board/obj/bbbAM335x/armv7/GPIO_LED_config.o
 .comment       0x0000007f       0x80 C:/ti/pdk_am335x_1_0_17/packages/ti/board/obj/bbbAM335x/armv7/intc.o
 .comment       0x0000007f       0x80 C:/ti/pdk_am335x_1_0_17/packages/ti/board/obj/bbbAM335x/armv7/cpu.o
 .comment       0x0000007f       0x80 C:/ti/pdk_am335x_1_0_17/packages/ti/board/obj/bbbAM335x/armv7/diag_common_cfg.o
 .comment       0x0000007f       0x80 C:/ti/pdk_am335x_1_0_17/packages/ti/board/lib/bbbAM335x/a8/release/ti.board.aa8fg(bbbAM335x.oa8fg)
 .comment       0x0000007f       0x80 C:/ti/pdk_am335x_1_0_17/packages/ti/board/lib/bbbAM335x/a8/release/ti.board.aa8fg(bbbAM335x_lld_init.oa8fg)
 .comment       0x0000007f       0x80 C:/ti/pdk_am335x_1_0_17/packages/ti/board/lib/bbbAM335x/a8/release/ti.board.aa8fg(bbbAM335x_pinmux.oa8fg)
 .comment       0x0000007f       0x80 C:/ti/pdk_am335x_1_0_17/packages/ti/board/lib/bbbAM335x/a8/release/ti.board.aa8fg(am335x_chipdb.oa8fg)
 .comment       0x0000007f       0x80 C:/ti/pdk_am335x_1_0_17/packages/ti/board/lib/bbbAM335x/a8/release/ti.board.aa8fg(am335x_prcm.oa8fg)
 .comment       0x0000007f       0x80 C:/ti/pdk_am335x_1_0_17/packages/ti/board/lib/bbbAM335x/a8/release/ti.board.aa8fg(hw_am335x_chipdb.oa8fg)
 .comment       0x0000007f       0x80 C:/ti/pdk_am335x_1_0_17/packages/ti/board/lib/bbbAM335x/a8/release/ti.board.aa8fg(hw_am335x_chipdb_baseaddr.oa8fg)
 .comment       0x0000007f       0x80 C:/ti/pdk_am335x_1_0_17/packages/ti/board/lib/bbbAM335x/a8/release/ti.board.aa8fg(am335x_beagleboneblack_pinmux_data.oa8fg)
 .comment       0x0000007f       0x80 C:/ti/pdk_am335x_1_0_17/packages/ti/drv/uart/lib/am335x/a8/release/ti.drv.uart.aa8fg(UART_stdio.oa8fg)
 .comment       0x0000007f       0x80 C:/ti/pdk_am335x_1_0_17/packages/ti/drv/uart/lib/am335x/a8/release/ti.drv.uart.aa8fg(UART_ascii_utils.oa8fg)
 .comment       0x0000007f       0x80 C:/ti/pdk_am335x_1_0_17/packages/ti/drv/uart/lib/am335x/a8/release/ti.drv.uart.aa8fg(UART_drv.oa8fg)
 .comment       0x0000007f       0x80 C:/ti/pdk_am335x_1_0_17/packages/ti/drv/uart/lib/am335x/a8/release/ti.drv.uart.aa8fg(UART_soc.oa8fg)
 .comment       0x0000007f       0x80 C:/ti/pdk_am335x_1_0_17/packages/ti/drv/uart/lib/am335x/a8/release/ti.drv.uart.aa8fg(UART_v1.oa8fg)
 .comment       0x0000007f       0x80 C:/ti/pdk_am335x_1_0_17/packages/ti/drv/gpio/lib/am335x/a8/release/ti.drv.gpio.aa8fg(GPIO_drv.oa8fg)
 .comment       0x0000007f       0x80 C:/ti/pdk_am335x_1_0_17/packages/ti/drv/gpio/lib/am335x/a8/release/ti.drv.gpio.aa8fg(GPIO_soc.oa8fg)
 .comment       0x0000007f       0x80 C:/ti/pdk_am335x_1_0_17/packages/ti/drv/gpio/lib/am335x/a8/release/ti.drv.gpio.aa8fg(GPIO_v1.oa8fg)
 .comment       0x0000007f       0x80 C:/ti/pdk_am335x_1_0_17/packages/ti/csl/lib/am335x/a8/release/ti.csl.aa8fg(gpio_v2.oa8fg)
 .comment       0x0000007f       0x80 C:/ti/pdk_am335x_1_0_17/packages/ti/csl/lib/am335x/a8/release/ti.csl.aa8fg(uart.oa8fg)
 .comment       0x0000007f       0x80 C:/ti/pdk_am335x_1_0_17/packages/ti/osal/lib/nonos/am335x/a8/release/ti.osal.aa8fg(HwiP_nonos.oa8fg)
 .comment       0x0000007f       0x80 C:/ti/pdk_am335x_1_0_17/packages/ti/osal/lib/nonos/am335x/a8/release/ti.osal.aa8fg(Utils_nonos.oa8fg)
 .comment       0x0000007f       0x80 C:/ti/pdk_am335x_1_0_17/packages/ti/osal/lib/nonos/am335x/a8/release/ti.osal.aa8fg(SemaphoreP_nonos.oa8fg)
 .comment       0x0000007f       0x80 C:/ti/pdk_am335x_1_0_17/packages/ti/osal/lib/nonos/am335x/a8/release/ti.osal.aa8fg(RegisterIntr_nonos.oa8fg)
 .comment       0x0000007f       0x80 C:/ti/pdk_am335x_1_0_17/packages/ti/osal/lib/nonos/am335x/a8/release/ti.osal.aa8fg(Arch_util.oa8fg)
 .comment       0x0000007f       0x80 C:/ti/pdk_am335x_1_0_17/packages/ti/osal/lib/nonos/am335x/a8/release/ti.osal.aa8fg(delay.oa8fg)
 .comment       0x0000007f       0x80 C:/ti/pdk_am335x_1_0_17/packages/ti/csl/lib/am335x/a8/release/ti.csl.aa8fg(timer.oa8fg)

.ARM.attributes
                0x00000000       0x35
 .ARM.attributes
                0x00000000       0x35 C:/ti/pdk_am335x_1_0_17/packages/ti/board/obj/bbbAM335x/armv7/led_test.o
 .ARM.attributes
                0x00000035       0x35 C:/ti/pdk_am335x_1_0_17/packages/ti/board/obj/bbbAM335x/armv7/GPIO_LED_config.o
 .ARM.attributes
                0x0000006a       0x21 C:/ti/pdk_am335x_1_0_17/packages/ti/board/obj/bbbAM335x/armv7/diag_entry.ao
 .ARM.attributes
                0x0000008b       0x35 C:/ti/pdk_am335x_1_0_17/packages/ti/board/obj/bbbAM335x/armv7/intc.o
 .ARM.attributes
                0x000000c0       0x35 C:/ti/pdk_am335x_1_0_17/packages/ti/board/obj/bbbAM335x/armv7/cpu.o
 .ARM.attributes
                0x000000f5       0x35 C:/ti/pdk_am335x_1_0_17/packages/ti/board/obj/bbbAM335x/armv7/diag_common_cfg.o
 .ARM.attributes
                0x0000012a       0x3d C:/ti/pdk_am335x_1_0_17/packages/ti/board/lib/bbbAM335x/a8/release/ti.board.aa8fg(bbbAM335x.oa8fg)
 .ARM.attributes
                0x00000167       0x3d C:/ti/pdk_am335x_1_0_17/packages/ti/board/lib/bbbAM335x/a8/release/ti.board.aa8fg(bbbAM335x_lld_init.oa8fg)
 .ARM.attributes
                0x000001a4       0x3d C:/ti/pdk_am335x_1_0_17/packages/ti/board/lib/bbbAM335x/a8/release/ti.board.aa8fg(bbbAM335x_pinmux.oa8fg)
 .ARM.attributes
                0x000001e1       0x3d C:/ti/pdk_am335x_1_0_17/packages/ti/board/lib/bbbAM335x/a8/release/ti.board.aa8fg(am335x_chipdb.oa8fg)
 .ARM.attributes
                0x0000021e       0x3d C:/ti/pdk_am335x_1_0_17/packages/ti/board/lib/bbbAM335x/a8/release/ti.board.aa8fg(am335x_prcm.oa8fg)
 .ARM.attributes
                0x0000025b       0x3d C:/ti/pdk_am335x_1_0_17/packages/ti/board/lib/bbbAM335x/a8/release/ti.board.aa8fg(hw_am335x_chipdb.oa8fg)
 .ARM.attributes
                0x00000298       0x3d C:/ti/pdk_am335x_1_0_17/packages/ti/board/lib/bbbAM335x/a8/release/ti.board.aa8fg(hw_am335x_chipdb_baseaddr.oa8fg)
 .ARM.attributes
                0x000002d5       0x3d C:/ti/pdk_am335x_1_0_17/packages/ti/board/lib/bbbAM335x/a8/release/ti.board.aa8fg(am335x_beagleboneblack_pinmux_data.oa8fg)
 .ARM.attributes
                0x00000312       0x3d C:/ti/pdk_am335x_1_0_17/packages/ti/drv/uart/lib/am335x/a8/release/ti.drv.uart.aa8fg(UART_stdio.oa8fg)
 .ARM.attributes
                0x0000034f       0x3d C:/ti/pdk_am335x_1_0_17/packages/ti/drv/uart/lib/am335x/a8/release/ti.drv.uart.aa8fg(UART_ascii_utils.oa8fg)
 .ARM.attributes
                0x0000038c       0x3d C:/ti/pdk_am335x_1_0_17/packages/ti/drv/uart/lib/am335x/a8/release/ti.drv.uart.aa8fg(UART_drv.oa8fg)
 .ARM.attributes
                0x000003c9       0x3d C:/ti/pdk_am335x_1_0_17/packages/ti/drv/uart/lib/am335x/a8/release/ti.drv.uart.aa8fg(UART_soc.oa8fg)
 .ARM.attributes
                0x00000406       0x3d C:/ti/pdk_am335x_1_0_17/packages/ti/drv/uart/lib/am335x/a8/release/ti.drv.uart.aa8fg(UART_v1.oa8fg)
 .ARM.attributes
                0x00000443       0x3d C:/ti/pdk_am335x_1_0_17/packages/ti/drv/gpio/lib/am335x/a8/release/ti.drv.gpio.aa8fg(GPIO_drv.oa8fg)
 .ARM.attributes
                0x00000480       0x3d C:/ti/pdk_am335x_1_0_17/packages/ti/drv/gpio/lib/am335x/a8/release/ti.drv.gpio.aa8fg(GPIO_soc.oa8fg)
 .ARM.attributes
                0x000004bd       0x3d C:/ti/pdk_am335x_1_0_17/packages/ti/drv/gpio/lib/am335x/a8/release/ti.drv.gpio.aa8fg(GPIO_v1.oa8fg)
 .ARM.attributes
                0x000004fa       0x3d C:/ti/pdk_am335x_1_0_17/packages/ti/csl/lib/am335x/a8/release/ti.csl.aa8fg(gpio_v2.oa8fg)
 .ARM.attributes
                0x00000537       0x3d C:/ti/pdk_am335x_1_0_17/packages/ti/csl/lib/am335x/a8/release/ti.csl.aa8fg(uart.oa8fg)
 .ARM.attributes
                0x00000574       0x3d C:/ti/pdk_am335x_1_0_17/packages/ti/osal/lib/nonos/am335x/a8/release/ti.osal.aa8fg(HwiP_nonos.oa8fg)
 .ARM.attributes
                0x000005b1       0x3d C:/ti/pdk_am335x_1_0_17/packages/ti/osal/lib/nonos/am335x/a8/release/ti.osal.aa8fg(Utils_nonos.oa8fg)
 .ARM.attributes
                0x000005ee       0x3d C:/ti/pdk_am335x_1_0_17/packages/ti/osal/lib/nonos/am335x/a8/release/ti.osal.aa8fg(SemaphoreP_nonos.oa8fg)
 .ARM.attributes
                0x0000062b       0x3d C:/ti/pdk_am335x_1_0_17/packages/ti/osal/lib/nonos/am335x/a8/release/ti.osal.aa8fg(RegisterIntr_nonos.oa8fg)
 .ARM.attributes
                0x00000668       0x3d C:/ti/pdk_am335x_1_0_17/packages/ti/osal/lib/nonos/am335x/a8/release/ti.osal.aa8fg(Arch_util.oa8fg)
 .ARM.attributes
                0x000006a5       0x3d C:/ti/pdk_am335x_1_0_17/packages/ti/osal/lib/nonos/am335x/a8/release/ti.osal.aa8fg(delay.oa8fg)
 .ARM.attributes
                0x000006e2       0x3d C:/ti/pdk_am335x_1_0_17/packages/ti/csl/lib/am335x/a8/release/ti.csl.aa8fg(timer.oa8fg)
 .ARM.attributes
                0x0000071f       0x18 c:/ti/gcc-arm-none-eabi-7-2018-q2-update/bin/../lib/gcc/arm-none-eabi/7.3.1/hard\libgcc.a(_udivsi3.o)
 .ARM.attributes
                0x00000737       0x18 c:/ti/gcc-arm-none-eabi-7-2018-q2-update/bin/../lib/gcc/arm-none-eabi/7.3.1/hard\libgcc.a(_divsi3.o)
 .ARM.attributes
                0x0000074f       0x18 c:/ti/gcc-arm-none-eabi-7-2018-q2-update/bin/../lib/gcc/arm-none-eabi/7.3.1/hard\libgcc.a(_dvmd_tls.o)

.debug_frame    0x00000000      0x298
 .debug_frame   0x00000000       0x74 C:/ti/pdk_am335x_1_0_17/packages/ti/board/obj/bbbAM335x/armv7/led_test.o
 .debug_frame   0x00000074      0x100 C:/ti/pdk_am335x_1_0_17/packages/ti/board/obj/bbbAM335x/armv7/intc.o
 .debug_frame   0x00000174       0x80 C:/ti/pdk_am335x_1_0_17/packages/ti/board/obj/bbbAM335x/armv7/cpu.o
 .debug_frame   0x000001f4       0x64 C:/ti/pdk_am335x_1_0_17/packages/ti/board/obj/bbbAM335x/armv7/diag_common_cfg.o
 .debug_frame   0x00000258       0x20 c:/ti/gcc-arm-none-eabi-7-2018-q2-update/bin/../lib/gcc/arm-none-eabi/7.3.1/hard\libgcc.a(_udivsi3.o)
 .debug_frame   0x00000278       0x20 c:/ti/gcc-arm-none-eabi-7-2018-q2-update/bin/../lib/gcc/arm-none-eabi/7.3.1/hard\libgcc.a(_divsi3.o)
