Archive member included to satisfy reference by file (symbol)

c:/ti/gcc-arm-none-eabi-7-2018-q2-update/bin/../lib/gcc/arm-none-eabi/7.3.1/../../../../arm-none-eabi/lib/hard\libc.a(lib_a-atoi.o)
                              C:/ti/pdk_am335x_1_0_17/packages/ti/board/obj/iceAMIC110/armv7/framework/framework.o (atoi)
c:/ti/gcc-arm-none-eabi-7-2018-q2-update/bin/../lib/gcc/arm-none-eabi/7.3.1/../../../../arm-none-eabi/lib/hard\libc.a(lib_a-strcmp.o)
                              C:/ti/pdk_am335x_1_0_17/packages/ti/board/obj/iceAMIC110/armv7/framework/framework.o (strcmp)
c:/ti/gcc-arm-none-eabi-7-2018-q2-update/bin/../lib/gcc/arm-none-eabi/7.3.1/../../../../arm-none-eabi/lib/hard\libc.a(lib_a-strlen-stub.o)
                              C:/ti/pdk_am335x_1_0_17/packages/ti/board/obj/iceAMIC110/armv7/framework/framework.o (strlen)
c:/ti/gcc-arm-none-eabi-7-2018-q2-update/bin/../lib/gcc/arm-none-eabi/7.3.1/../../../../arm-none-eabi/lib/hard\libc.a(lib_a-strtol.o)
                              c:/ti/gcc-arm-none-eabi-7-2018-q2-update/bin/../lib/gcc/arm-none-eabi/7.3.1/../../../../arm-none-eabi/lib/hard\libc.a(lib_a-atoi.o) (_strtol_r)
c:/ti/gcc-arm-none-eabi-7-2018-q2-update/bin/../lib/gcc/arm-none-eabi/7.3.1/../../../../arm-none-eabi/lib/hard\libc.a(lib_a-impure.o)
                              c:/ti/gcc-arm-none-eabi-7-2018-q2-update/bin/../lib/gcc/arm-none-eabi/7.3.1/../../../../arm-none-eabi/lib/hard\libc.a(lib_a-strtol.o) (_impure_ptr)
c:/ti/gcc-arm-none-eabi-7-2018-q2-update/bin/../lib/gcc/arm-none-eabi/7.3.1/../../../../arm-none-eabi/lib/hard\libc.a(lib_a-locale.o)
                              c:/ti/gcc-arm-none-eabi-7-2018-q2-update/bin/../lib/gcc/arm-none-eabi/7.3.1/../../../../arm-none-eabi/lib/hard\libc.a(lib_a-strtol.o) (__locale_ctype_ptr_l)
c:/ti/gcc-arm-none-eabi-7-2018-q2-update/bin/../lib/gcc/arm-none-eabi/7.3.1/../../../../arm-none-eabi/lib/hard\libc.a(lib_a-mbtowc_r.o)
                              c:/ti/gcc-arm-none-eabi-7-2018-q2-update/bin/../lib/gcc/arm-none-eabi/7.3.1/../../../../arm-none-eabi/lib/hard\libc.a(lib_a-locale.o) (__ascii_mbtowc)
c:/ti/gcc-arm-none-eabi-7-2018-q2-update/bin/../lib/gcc/arm-none-eabi/7.3.1/../../../../arm-none-eabi/lib/hard\libc.a(lib_a-wctomb_r.o)
                              c:/ti/gcc-arm-none-eabi-7-2018-q2-update/bin/../lib/gcc/arm-none-eabi/7.3.1/../../../../arm-none-eabi/lib/hard\libc.a(lib_a-locale.o) (__ascii_wctomb)
c:/ti/gcc-arm-none-eabi-7-2018-q2-update/bin/../lib/gcc/arm-none-eabi/7.3.1/../../../../arm-none-eabi/lib/hard\libc.a(lib_a-ctype_.o)
                              c:/ti/gcc-arm-none-eabi-7-2018-q2-update/bin/../lib/gcc/arm-none-eabi/7.3.1/../../../../arm-none-eabi/lib/hard\libc.a(lib_a-locale.o) (_ctype_)
C:/ti/pdk_am335x_1_0_17/packages/ti/board/lib/iceAMIC110/a8/release/ti.board.aa8fg(iceAMIC110.oa8fg)
                              C:/ti/pdk_am335x_1_0_17/packages/ti/board/obj/iceAMIC110/armv7/framework/main.o (Board_init)
C:/ti/pdk_am335x_1_0_17/packages/ti/board/lib/iceAMIC110/a8/release/ti.board.aa8fg(iceAMIC110_info.oa8fg)
                              C:/ti/pdk_am335x_1_0_17/packages/ti/board/obj/iceAMIC110/armv7/framework/eeprom_test.o (Board_getIDInfo)
C:/ti/pdk_am335x_1_0_17/packages/ti/board/lib/iceAMIC110/a8/release/ti.board.aa8fg(iceAMIC110_lld_init.oa8fg)
                              C:/ti/pdk_am335x_1_0_17/packages/ti/board/lib/iceAMIC110/a8/release/ti.board.aa8fg(iceAMIC110.oa8fg) (Board_uartStdioInit)
C:/ti/pdk_am335x_1_0_17/packages/ti/board/lib/iceAMIC110/a8/release/ti.board.aa8fg(iceAMIC110_ethernet_config.oa8fg)
                              C:/ti/pdk_am335x_1_0_17/packages/ti/board/lib/iceAMIC110/a8/release/ti.board.aa8fg(iceAMIC110.oa8fg) (Board_icssEthConfig)
C:/ti/pdk_am335x_1_0_17/packages/ti/board/lib/iceAMIC110/a8/release/ti.board.aa8fg(iceAMIC110_pinmux.oa8fg)
                              C:/ti/pdk_am335x_1_0_17/packages/ti/board/lib/iceAMIC110/a8/release/ti.board.aa8fg(iceAMIC110.oa8fg) (Board_pinmuxConfig)
C:/ti/pdk_am335x_1_0_17/packages/ti/board/lib/iceAMIC110/a8/release/ti.board.aa8fg(am335x_chipdb.oa8fg)
                              C:/ti/pdk_am335x_1_0_17/packages/ti/board/lib/iceAMIC110/a8/release/ti.board.aa8fg(iceAMIC110_pinmux.oa8fg) (CHIPDBBaseAddress)
C:/ti/pdk_am335x_1_0_17/packages/ti/board/lib/iceAMIC110/a8/release/ti.board.aa8fg(am335x_prcm.oa8fg)
                              C:/ti/pdk_am335x_1_0_17/packages/ti/board/lib/iceAMIC110/a8/release/ti.board.aa8fg(iceAMIC110.oa8fg) (PRCMModuleEnable)
C:/ti/pdk_am335x_1_0_17/packages/ti/board/lib/iceAMIC110/a8/release/ti.board.aa8fg(hw_am335x_chipdb.oa8fg)
                              C:/ti/pdk_am335x_1_0_17/packages/ti/board/lib/iceAMIC110/a8/release/ti.board.aa8fg(am335x_chipdb.oa8fg) (CHIPDBSpeedGradeProcID)
C:/ti/pdk_am335x_1_0_17/packages/ti/board/lib/iceAMIC110/a8/release/ti.board.aa8fg(hw_am335x_chipdb_baseaddr.oa8fg)
[...]
Memory Configuration

Name             Origin             Length             Attributes
DDR0             0x80000000         0x40000000
DDR0_MEMTEST     0x80000000         0x0000a000
DIAG_MEM         0x402f0400         0x0001fc00         xrwl
SBL_MEM          0x402f0400         0x0001fc00         xrwl
OCMC_RAM         0x40300000         0x00010000         xrwl
*default*        0x00000000         0xffffffff

Linker script and memory map

LOAD C:/ti/pdk_am335x_1_0_17/packages/ti/board/obj/iceAMIC110/armv7/framework/main.o
LOAD C:/ti/pdk_am335x_1_0_17/packages/ti/board/obj/iceAMIC110/armv7/framework/framework.o
LOAD C:/ti/pdk_am335x_1_0_17/packages/ti/board/obj/iceAMIC110/armv7/framework/eeprom_test.o
LOAD C:/ti/pdk_am335x_1_0_17/packages/ti/board/obj/iceAMIC110/armv7/framework/uart_diag.o
LOAD C:/ti/pdk_am335x_1_0_17/packages/ti/board/obj/iceAMIC110/armv7/framework/led_test.o
LOAD C:/ti/pdk_am335x_1_0_17/packages/ti/board/obj/iceAMIC110/armv7/framework/mcspi_diag.o
LOAD C:/ti/pdk_am335x_1_0_17/packages/ti/board/obj/iceAMIC110/armv7/framework/mem_test.o
LOAD C:/ti/pdk_am335x_1_0_17/packages/ti/board/obj/iceAMIC110/armv7/framework/GPIO_LED_config.o
LOAD C:/ti/pdk_am335x_1_0_17/packages/ti/board/obj/iceAMIC110/armv7/framework/framework_entry.ao
LOAD C:/ti/pdk_am335x_1_0_17/packages/ti/board/obj/iceAMIC110/armv7/framework/intc.o
LOAD C:/ti/pdk_am335x_1_0_17/packages/ti/board/obj/iceAMIC110/armv7/framework/cpu.o
LOAD C:/ti/pdk_am335x_1_0_17/packages/ti/board/obj/iceAMIC110/armv7/framework/diag_common_cfg.o

.startcode      0x402f0400      0x124
                0x402f0400                . = ALIGN (0x4)
 *framework_entry.ao(.text)
 .text          0x402f0400      0x124 C:/ti/pdk_am335x_1_0_17/packages/ti/board/obj/iceAMIC110/armv7/framework/framework_entry.ao
                0x402f0400                Entry
                0x402f04a4                SVC_Handler
                0x402f04cc                IRQHandler
                0x402f050c                FIQHandler
                0x402f0510                AbortHandler
                0x402f0510                UndefInstHandler

.text           0x402f0524     0xdc40
                0x402f0524                . = ALIGN (0x4)
 *(.text*)
 .text.startup  0x402f0524       0x38 C:/ti/pdk_am335x_1_0_17/packages/ti/board/obj/iceAMIC110/armv7/framework/main.o
                0x402f0524                main
 .text          0x402f055c      0x2d0 C:/ti/pdk_am335x_1_0_17/packages/ti/board/obj/iceAMIC110/armv7/framework/framework.o
                0x402f055c                DIAG_printMenu
                0x402f0594                DIAG_printStatus
                0x402f0674                DIAG_runTest
                0x402f0734                DIAG_parseApps
                0x402f0738                DIAG_checkCmd
                0x402f0798                DIAG_main
 .text          0x402f082c       0xfc C:/ti/pdk_am335x_1_0_17/packages/ti/board/obj/iceAMIC110/armv7/framework/eeprom_test.o
                0x402f082c                eeprom_test
 .text          0x402f0928       0xac C:/ti/pdk_am335x_1_0_17/packages/ti/board/obj/iceAMIC110/armv7/framework/uart_diag.o
                0x402f0928                uart_test
 .text          0x402f09d4      0x1a8 C:/ti/pdk_am335x_1_0_17/packages/ti/board/obj/iceAMIC110/armv7/framework/led_test.o
                0x402f09d4                BoardDiag_AppDelay
                0x402f09f0                BoardDiag_gpioLedFunctionalTest
 .text          0x402f0b7c      0x3a4 C:/ti/pdk_am335x_1_0_17/packages/ti/board/obj/iceAMIC110/armv7/framework/mcspi_diag.o
                0x402f0c68                spi_flash_test
                0x402f0e94                BoardDiag_mcspiFuctionalTest
                0x402f0ed4                VerifyData
 .text          0x402f0f20      0x2bc C:/ti/pdk_am335x_1_0_17/packages/ti/board/obj/iceAMIC110/armv7/framework/mem_test.o
                0x402f0f20                board_external_memory_test
                0x402f1174                mem_test
 .text          0x402f11dc      0x2bc C:/ti/pdk_am335x_1_0_17/packages/ti/board/obj/iceAMIC110/armv7/framework/intc.o
                0x402f11f4                INTCInit
                0x402f1274                INTCConfigIntr
                0x402f1308                INTCEnableIntr
                0x402f1340                INTCDisableIntr
                0x402f1378                INTCEnableCpuIntr
                0x402f13a0                INTCDisableCpuIntr
                0x402f13a4                INTCClearIntr
                0x402f13d4                INTCTriggerSWIntr
                0x402f1400                INTCSaveContext
                0x402f1408                INTCRestoreContext
                0x402f1410                INTCCommonIntrHandler
 .text          0x402f1498       0x90 C:/ti/pdk_am335x_1_0_17/packages/ti/board/obj/iceAMIC110/armv7/framework/cpu.o
                0x402f1498                CPUSwitchToPrivilegedMode
                0x402f14a0                CPUSwitchToUserMode
                0x402f14b4                CPUAbortHandler
                0x402f14b8                CPUIntrStatus
                0x402f14c4                CPUIntrDisable
                0x402f14fc                CPUIntrEnable
 .text.atoi     0x402f1528       0x18 c:/ti/gcc-arm-none-eabi-7-2018-q2-update/bin/../lib/gcc/arm-none-eabi/7.3.1/../../../../arm-none-eabi/lib/hard\libc.a(lib_a-atoi.o)
                0x402f1528                atoi
 .text          0x402f1540      0x224 c:/ti/gcc-arm-none-eabi-7-2018-q2-update/bin/../lib/gcc/arm-none-eabi/7.3.1/../../../../arm-none-eabi/lib/hard\libc.a(lib_a-strcmp.o)
                0x402f1540                strcmp
 .text.strlen   0x402f1764       0x60 c:/ti/gcc-arm-none-eabi-7-2018-q2-update/bin/../lib/gcc/arm-none-eabi/7.3.1/../../../../arm-none-eabi/lib/hard\libc.a(lib_a-strlen-stub.o)
                0x402f1764                strlen
 .text._strtol_l.isra.0
                0x402f17c4      0x1bc c:/ti/gcc-arm-none-eabi-7-2018-q2-update/bin/../lib/gcc/arm-none-eabi/7.3.1/../../../../arm-none-eabi/lib/hard\libc.a(lib_a-strtol.o)
 .text.strtol   0x402f1980       0x4c c:/ti/gcc-arm-none-eabi-7-2018-q2-update/bin/../lib/gcc/arm-none-eabi/7.3.1/../../../../arm-none-eabi/lib/hard\libc.a(lib_a-strtol.o)
                0x402f1980                strtol
 .text.__locale_ctype_ptr_l
                0x402f19cc        0x8 c:/ti/gcc-arm-none-eabi-7-2018-q2-update/bin/../lib/gcc/arm-none-eabi/7.3.1/../../../../arm-none-eabi/lib/hard\libc.a(lib_a-locale.o)
                0x402f19cc                __locale_ctype_ptr_l
 .text.__ascii_mbtowc
                0x402f19d4       0x44 c:/ti/gcc-arm-none-eabi-7-2018-q2-update/bin/../lib/gcc/arm-none-eabi/7.3.1/../../../../arm-none-eabi/lib/hard\libc.a(lib_a-mbtowc_r.o)
                0x402f19d4                __ascii_mbtowc
 .text.__ascii_wctomb
                0x402f1a18       0x28 c:/ti/gcc-arm-none-eabi-7-2018-q2-update/bin/../lib/gcc/arm-none-eabi/7.3.1/../../../../arm-none-eabi/lib/hard\libc.a(lib_a-wctomb_r.o)
                0x402f1a18                __ascii_wctomb
 .text.Board_moduleClockInit
                0x402f1a40      0x148 C:/ti/pdk_am335x_1_0_17/packages/ti/board/lib/iceAMIC110/a8/release/ti.board.aa8fg(iceAMIC110.oa8fg)
                0x402f1a40                Board_moduleClockInit
 .text.Board_init
                0x402f1b88       0x90 C:/ti/pdk_am335x_1_0_17/packages/ti/board/lib/iceAMIC110/a8/release/ti.board.aa8fg(iceAMIC110.oa8fg)
                0x402f1b88                Board_init
 .text.Board_getIDInfo
                0x402f1c18      0x15c C:/ti/pdk_am335x_1_0_17/packages/ti/board/lib/iceAMIC110/a8/release/ti.board.aa8fg(iceAMIC110_info.oa8fg)
                0x402f1c18                Board_getIDInfo
 .text.Board_uartStdioInit
                0x402f1d74       0x1c C:/ti/pdk_am335x_1_0_17/packages/ti/board/lib/iceAMIC110/a8/release/ti.board.aa8fg(iceAMIC110_lld_init.oa8fg)
                0x402f1d74                Board_uartStdioInit
 .text.Board_internalInitI2C
                0x402f1d90       0xd8 C:/ti/pdk_am335x_1_0_17/packages/ti/board/lib/iceAMIC110/a8/release/ti.board.aa8fg(iceAMIC110_lld_init.oa8fg)
                0x402f1d90                Board_internalInitI2C
 .text.Board_phyMLEDConfig
                0x402f1e68      0x18c C:/ti/pdk_am335x_1_0_17/packages/ti/board/lib/iceAMIC110/a8/release/ti.board.aa8fg(iceAMIC110_ethernet_config.oa8fg)
                0x402f1e68                Board_phyMLEDConfig
 .text.Board_enablePhyAutoMDIX
                0x402f1ff4       0xa0 C:/ti/pdk_am335x_1_0_17/packages/ti/board/lib/iceAMIC110/a8/release/ti.board.aa8fg(iceAMIC110_ethernet_config.oa8fg)
                0x402f1ff4                Board_enablePhyAutoMDIX
 .text.Board_phyExtFDEnable
                0x402f2094       0x9c C:/ti/pdk_am335x_1_0_17/packages/ti/board/lib/iceAMIC110/a8/release/ti.board.aa8fg(iceAMIC110_ethernet_config.oa8fg)
                0x402f2094                Board_phyExtFDEnable
 .text.Board_phyODDNibbleDetEnable
                0x402f2130       0x9c C:/ti/pdk_am335x_1_0_17/packages/ti/board/lib/iceAMIC110/a8/release/ti.board.aa8fg(iceAMIC110_ethernet_config.oa8fg)
                0x402f2130                Board_phyODDNibbleDetEnable
 .text.Board_phyRxErrIdleEnable
                0x402f21cc       0x9c C:/ti/pdk_am335x_1_0_17/packages/ti/board/lib/iceAMIC110/a8/release/ti.board.aa8fg(iceAMIC110_ethernet_config.oa8fg)
                0x402f21cc                Board_phyRxErrIdleEnable
 .text.Board_phyLedConfig
                0x402f2268       0xb0 C:/ti/pdk_am335x_1_0_17/packages/ti/board/lib/iceAMIC110/a8/release/ti.board.aa8fg(iceAMIC110_ethernet_config.oa8fg)
                0x402f2268                Board_phyLedConfig
 .text.Board_phyLedBlinkConfig
                0x402f2318       0xe0 C:/ti/pdk_am335x_1_0_17/packages/ti/board/lib/iceAMIC110/a8/release/ti.board.aa8fg(iceAMIC110_ethernet_config.oa8fg)
                0x402f2318                Board_phyLedBlinkConfig
 .text.Board_phyFastLinkDownDetEnable
                0x402f23f8       0x98 C:/ti/pdk_am335x_1_0_17/packages/ti/board/lib/iceAMIC110/a8/release/ti.board.aa8fg(iceAMIC110_ethernet_config.oa8fg)
                0x402f23f8                Board_phyFastLinkDownDetEnable
 .text.Board_phyLED1Config
                0x402f2490      0x270 C:/ti/pdk_am335x_1_0_17/packages/ti/board/lib/iceAMIC110/a8/release/ti.board.aa8fg(iceAMIC110_ethernet_config.oa8fg)
                0x402f2490                Board_phyLED1Config
 .text.Board_getAutoNegStat
                0x402f2700       0xb8 C:/ti/pdk_am335x_1_0_17/packages/ti/board/lib/iceAMIC110/a8/release/ti.board.aa8fg(iceAMIC110_ethernet_config.oa8fg)
                0x402f2700                Board_getAutoNegStat
 .text.Board_phyAutoNegAdvConfig
                0x402f27b8       0x9c C:/ti/pdk_am335x_1_0_17/packages/ti/board/lib/iceAMIC110/a8/release/ti.board.aa8fg(iceAMIC110_ethernet_config.oa8fg)
                0x402f27b8                Board_phyAutoNegAdvConfig
 .text.Board_icssEthConfig
                0x402f2854      0x660 C:/ti/pdk_am335x_1_0_17/packages/ti/board/lib/iceAMIC110/a8/release/ti.board.aa8fg(iceAMIC110_ethernet_config.oa8fg)
                0x402f2854                Board_icssEthConfig
 .text.PINMUXModuleConfig
                0x402f2eb4      0x128 C:/ti/pdk_am335x_1_0_17/packages/ti/board/lib/iceAMIC110/a8/release/ti.board.aa8fg(iceAMIC110_pinmux.oa8fg)
                0x402f2eb4                PINMUXModuleConfig
 .text.Board_pinmuxConfig
                0x402f2fdc      0x138 C:/ti/pdk_am335x_1_0_17/packages/ti/board/lib/iceAMIC110/a8/release/ti.board.aa8fg(iceAMIC110_pinmux.oa8fg)
                0x402f2fdc                Board_pinmuxConfig
 .text.CHIPDBBaseAddress
                0x402f3114       0x38 C:/ti/pdk_am335x_1_0_17/packages/ti/board/lib/iceAMIC110/a8/release/ti.board.aa8fg(am335x_chipdb.oa8fg)
                0x402f3114                CHIPDBBaseAddress
 .text.PRCMModuleEnable
                0x402f314c     0x11ec C:/ti/pdk_am335x_1_0_17/packages/ti/board/lib/iceAMIC110/a8/release/ti.board.aa8fg(am335x_prcm.oa8fg)
                0x402f314c                PRCMModuleEnable
 .text.uart_console_putc
                0x402f4338       0x58 C:/ti/pdk_am335x_1_0_17/packages/ti/drv/uart/lib/am335x/a8/release/ti.drv.uart.aa8fg(UART_stdio.oa8fg)
 .text.UART_stdioInit
                0x402f4390       0x90 C:/ti/pdk_am335x_1_0_17/packages/ti/drv/uart/lib/am335x/a8/release/ti.drv.uart.aa8fg(UART_stdio.oa8fg)
                0x402f4390                UART_stdioInit
 .text.UART_dataWrite
                0x402f4420       0x5c C:/ti/pdk_am335x_1_0_17/packages/ti/drv/uart/lib/am335x/a8/release/ti.drv.uart.aa8fg(UART_stdio.oa8fg)
                0x402f4420                UART_dataWrite
 .text.UART_convertVal.constprop.0
                0x402f447c      0x16c C:/ti/pdk_am335x_1_0_17/packages/ti/drv/uart/lib/am335x/a8/release/ti.drv.uart.aa8fg(UART_stdio.oa8fg)
 .text.UART_printf
                0x402f45e8      0x2d4 C:/ti/pdk_am335x_1_0_17/packages/ti/drv/uart/lib/am335x/a8/release/ti.drv.uart.aa8fg(UART_stdio.oa8fg)
                0x402f45e8                UART_printf
 .text.UART_scanFmt
                0x402f48bc      0x760 C:/ti/pdk_am335x_1_0_17/packages/ti/drv/uart/lib/am335x/a8/release/ti.drv.uart.aa8fg(UART_stdio.oa8fg)
                0x402f48bc                UART_scanFmt
 .text.UART_ASCIIUtils_charToDigit
                0x402f501c       0x7c C:/ti/pdk_am335x_1_0_17/packages/ti/drv/uart/lib/am335x/a8/release/ti.drv.uart.aa8fg(UART_ascii_utils.oa8fg)
                0x402f501c                UART_ASCIIUtils_charToDigit
 .text.UART_init
                0x402f5098       0x6c C:/ti/pdk_am335x_1_0_17/packages/ti/drv/uart/lib/am335x/a8/release/ti.drv.uart.aa8fg(UART_drv.oa8fg)
                0x402f5098                UART_init
 .text.UART_open
                0x402f5104       0x20 C:/ti/pdk_am335x_1_0_17/packages/ti/drv/uart/lib/am335x/a8/release/ti.drv.uart.aa8fg(UART_drv.oa8fg)
                0x402f5104                UART_open
 .text.UART_Params_init
                0x402f5124       0x2c C:/ti/pdk_am335x_1_0_17/packages/ti/drv/uart/lib/am335x/a8/release/ti.drv.uart.aa8fg(UART_drv.oa8fg)
                0x402f5124                UART_Params_init
 .text.UART_readPolling
                0x402f5150        0xc C:/ti/pdk_am335x_1_0_17/packages/ti/drv/uart/lib/am335x/a8/release/ti.drv.uart.aa8fg(UART_drv.oa8fg)
                0x402f5150                UART_readPolling
 .text.UART_write
                0x402f515c        0xc C:/ti/pdk_am335x_1_0_17/packages/ti/drv/uart/lib/am335x/a8/release/ti.drv.uart.aa8fg(UART_drv.oa8fg)
                0x402f515c                UART_write
 .text.UART_writePolling
                0x402f5168        0xc C:/ti/pdk_am335x_1_0_17/packages/ti/drv/uart/lib/am335x/a8/release/ti.drv.uart.aa8fg(UART_drv.oa8fg)
                0x402f5168                UART_writePolling
 .text.UART_init_v1
                0x402f5174       0x10 C:/ti/pdk_am335x_1_0_17/packages/ti/drv/uart/lib/am335x/a8/release/ti.drv.uart.aa8fg(UART_v1.oa8fg)
 .text.UART_control_v1
                0x402f5184        0x8 C:/ti/pdk_am335x_1_0_17/packages/ti/drv/uart/lib/am335x/a8/release/ti.drv.uart.aa8fg(UART_v1.oa8fg)
 .text.UART_open_v1
                0x402f518c      0x31c C:/ti/pdk_am335x_1_0_17/packages/ti/drv/uart/lib/am335x/a8/release/ti.drv.uart.aa8fg(UART_v1.oa8fg)
 .text.UART_close_v1
                0x402f54a8       0xb8 C:/ti/pdk_am335x_1_0_17/packages/ti/drv/uart/lib/am335x/a8/release/ti.drv.uart.aa8fg(UART_v1.oa8fg)
 .text.UART_writeCancelNoCB.isra.0
                0x402f5560       0x78 C:/ti/pdk_am335x_1_0_17/packages/ti/drv/uart/lib/am335x/a8/release/ti.drv.uart.aa8fg(UART_v1.oa8fg)
 .text.UART_writeCancel_v1
                0x402f55d8       0x48 C:/ti/pdk_am335x_1_0_17/packages/ti/drv/uart/lib/am335x/a8/release/ti.drv.uart.aa8fg(UART_v1.oa8fg)
 .text.UART_readCancelNoCB.isra.2
                0x402f5620       0x8c C:/ti/pdk_am335x_1_0_17/packages/ti/drv/uart/lib/am335x/a8/release/ti.drv.uart.aa8fg(UART_v1.oa8fg)
 .text.UART_charPut_v1.isra.4
                0x402f56ac       0x5c C:/ti/pdk_am335x_1_0_17/packages/ti/drv/uart/lib/am335x/a8/release/ti.drv.uart.aa8fg(UART_v1.oa8fg)
 .text.UART_writePolling_v1
                0x402f5708       0xc0 C:/ti/pdk_am335x_1_0_17/packages/ti/drv/uart/lib/am335x/a8/release/ti.drv.uart.aa8fg(UART_v1.oa8fg)
 .text.UART_write2_v1
                0x402f57c8      0x264 C:/ti/pdk_am335x_1_0_17/packages/ti/drv/uart/lib/am335x/a8/release/ti.drv.uart.aa8fg(UART_v1.oa8fg)
 .text.UART_write_v1
                0x402f5a2c       0x7c C:/ti/pdk_am335x_1_0_17/packages/ti/drv/uart/lib/am335x/a8/release/ti.drv.uart.aa8fg(UART_v1.oa8fg)
 .text.UART_readPolling_v1
                0x402f5aa8      0x12c C:/ti/pdk_am335x_1_0_17/packages/ti/drv/uart/lib/am335x/a8/release/ti.drv.uart.aa8fg(UART_v1.oa8fg)
 .text.UART_v1_callback
                0x402f5bd4       0x98 C:/ti/pdk_am335x_1_0_17/packages/ti/drv/uart/lib/am335x/a8/release/ti.drv.uart.aa8fg(UART_v1.oa8fg)
                0x402f5bd4                UART_v1_callback
 .text.UART_read2_v1
                0x402f5c6c      0x274 C:/ti/pdk_am335x_1_0_17/packages/ti/drv/uart/lib/am335x/a8/release/ti.drv.uart.aa8fg(UART_v1.oa8fg)
 .text.UART_read_v1
                0x402f5ee0       0x7c C:/ti/pdk_am335x_1_0_17/packages/ti/drv/uart/lib/am335x/a8/release/ti.drv.uart.aa8fg(UART_v1.oa8fg)
 .text.UART_readCancel_v1
                0x402f5f5c       0x34 C:/ti/pdk_am335x_1_0_17/packages/ti/drv/uart/lib/am335x/a8/release/ti.drv.uart.aa8fg(UART_v1.oa8fg)
 .text.UART_v1_hwiIntFxn
                0x402f5f90      0x544 C:/ti/pdk_am335x_1_0_17/packages/ti/drv/uart/lib/am335x/a8/release/ti.drv.uart.aa8fg(UART_v1.oa8fg)
 .text.I2C_close
                0x402f64d4       0x14 C:/ti/pdk_am335x_1_0_17/packages/ti/drv/i2c/lib/am335x/a8/release/ti.drv.i2c.aa8fg(I2C_drv.oa8fg)
                0x402f64d4                I2C_close
 .text.I2C_init
                0x402f64e8       0x6c C:/ti/pdk_am335x_1_0_17/packages/ti/drv/i2c/lib/am335x/a8/release/ti.drv.i2c.aa8fg(I2C_drv.oa8fg)
                0x402f64e8                I2C_init
 .text.I2C_open
                0x402f6554       0x20 C:/ti/pdk_am335x_1_0_17/packages/ti/drv/i2c/lib/am335x/a8/release/ti.drv.i2c.aa8fg(I2C_drv.oa8fg)
                0x402f6554                I2C_open
 .text.I2C_Params_init
                0x402f6574       0x14 C:/ti/pdk_am335x_1_0_17/packages/ti/drv/i2c/lib/am335x/a8/release/ti.drv.i2c.aa8fg(I2C_drv.oa8fg)
                0x402f6574                I2C_Params_init
 .text.I2C_transfer
                0x402f6588       0x2c C:/ti/pdk_am335x_1_0_17/packages/ti/drv/i2c/lib/am335x/a8/release/ti.drv.i2c.aa8fg(I2C_drv.oa8fg)
                0x402f6588                I2C_transfer
 .text.I2C_transactionInit
                0x402f65b4       0x2c C:/ti/pdk_am335x_1_0_17/packages/ti/drv/i2c/lib/am335x/a8/release/ti.drv.i2c.aa8fg(I2C_drv.oa8fg)
                0x402f65b4                I2C_transactionInit
 .text.I2C_init_v1
                0x402f65e0       0x14 C:/ti/pdk_am335x_1_0_17/packages/ti/drv/i2c/lib/am335x/a8/release/ti.drv.i2c.aa8fg(I2C_v1.oa8fg)
 .text.I2C_close_v1
                0x402f65f4       0x98 C:/ti/pdk_am335x_1_0_17/packages/ti/drv/i2c/lib/am335x/a8/release/ti.drv.i2c.aa8fg(I2C_v1.oa8fg)
 .text.I2C_open_v1
                0x402f668c      0x224 C:/ti/pdk_am335x_1_0_17/packages/ti/drv/i2c/lib/am335x/a8/release/ti.drv.i2c.aa8fg(I2C_v1.oa8fg)
 .text.I2C_transfer_Callback_v1
                0x402f68b0       0x14 C:/ti/pdk_am335x_1_0_17/packages/ti/drv/i2c/lib/am335x/a8/release/ti.drv.i2c.aa8fg(I2C_v1.oa8fg)
 .text.I2C_v1_waitForPin.isra.2
                0x402f68c4       0xcc C:/ti/pdk_am335x_1_0_17/packages/ti/drv/i2c/lib/am335x/a8/release/ti.drv.i2c.aa8fg(I2C_v1.oa8fg)
 .text.I2C_primeTransfer_v1
                0x402f6990      0x524 C:/ti/pdk_am335x_1_0_17/packages/ti/drv/i2c/lib/am335x/a8/release/ti.drv.i2c.aa8fg(I2C_v1.oa8fg)
 .text.I2C_v1_complete_curr_transfer
                0x402f6eb4       0x8c C:/ti/pdk_am335x_1_0_17/packages/ti/drv/i2c/lib/am335x/a8/release/ti.drv.i2c.aa8fg(I2C_v1.oa8fg)
 .text.I2C_v1_hwiFxn
                0x402f6f40      0x528 C:/ti/pdk_am335x_1_0_17/packages/ti/drv/i2c/lib/am335x/a8/release/ti.drv.i2c.aa8fg(I2C_v1.oa8fg)
 .text.I2C_v1_resetCtrl
                0x402f7468      0x164 C:/ti/pdk_am335x_1_0_17/packages/ti/drv/i2c/lib/am335x/a8/release/ti.drv.i2c.aa8fg(I2C_v1.oa8fg)
 .text.I2C_v1_recoverBus
                0x402f75cc      0x11c C:/ti/pdk_am335x_1_0_17/packages/ti/drv/i2c/lib/am335x/a8/release/ti.drv.i2c.aa8fg(I2C_v1.oa8fg)
 .text.I2C_transfer_v1
                0x402f76e8      0x18c C:/ti/pdk_am335x_1_0_17/packages/ti/drv/i2c/lib/am335x/a8/release/ti.drv.i2c.aa8fg(I2C_v1.oa8fg)
 .text.I2C_v1_waitForBb.constprop.5
                0x402f7874       0xbc C:/ti/pdk_am335x_1_0_17/packages/ti/drv/i2c/lib/am335x/a8/release/ti.drv.i2c.aa8fg(I2C_v1.oa8fg)
 .text.I2C_v1_control
                0x402f7930      0x238 C:/ti/pdk_am335x_1_0_17/packages/ti/drv/i2c/lib/am335x/a8/release/ti.drv.i2c.aa8fg(I2C_v1.oa8fg)
 .text.GPIO_init
                0x402f7b68       0x24 C:/ti/pdk_am335x_1_0_17/packages/ti/drv/gpio/lib/am335x/a8/release/ti.drv.gpio.aa8fg(GPIO_drv.oa8fg)
                0x402f7b68                GPIO_init
 .text.GPIO_setCallback
                0x402f7b8c       0x24 C:/ti/pdk_am335x_1_0_17/packages/ti/drv/gpio/lib/am335x/a8/release/ti.drv.gpio.aa8fg(GPIO_drv.oa8fg)
                0x402f7b8c                GPIO_setCallback
 .text.GPIO_write
                0x402f7bb0       0x24 C:/ti/pdk_am335x_1_0_17/packages/ti/drv/gpio/lib/am335x/a8/release/ti.drv.gpio.aa8fg(GPIO_drv.oa8fg)
                0x402f7bb0                GPIO_write
 .text.GPIO_toggle_v1
                0x402f7bd4       0xc8 C:/ti/pdk_am335x_1_0_17/packages/ti/drv/gpio/lib/am335x/a8/release/ti.drv.gpio.aa8fg(GPIO_v1.oa8fg)
 .text.GPIO_setCallback_v1
                0x402f7c9c       0x98 C:/ti/pdk_am335x_1_0_17/packages/ti/drv/gpio/lib/am335x/a8/release/ti.drv.gpio.aa8fg(GPIO_v1.oa8fg)
 .text.GPIO_write_v1
                0x402f7d34       0xc4 C:/ti/pdk_am335x_1_0_17/packages/ti/drv/gpio/lib/am335x/a8/release/ti.drv.gpio.aa8fg(GPIO_v1.oa8fg)
 .text.GPIO_setConfig_v1
                0x402f7df8      0x220 C:/ti/pdk_am335x_1_0_17/packages/ti/drv/gpio/lib/am335x/a8/release/ti.drv.gpio.aa8fg(GPIO_v1.oa8fg)
 .text.GPIO_clearInt_v1
                0x402f8018       0x94 C:/ti/pdk_am335x_1_0_17/packages/ti/drv/gpio/lib/am335x/a8/release/ti.drv.gpio.aa8fg(GPIO_v1.oa8fg)
 .text.GPIO_v1_hwiFxn
                0x402f80ac       0xbc C:/ti/pdk_am335x_1_0_17/packages/ti/drv/gpio/lib/am335x/a8/release/ti.drv.gpio.aa8fg(GPIO_v1.oa8fg)
 .text.GPIO_enableInt_v1
                0x402f8168       0xa8 C:/ti/pdk_am335x_1_0_17/packages/ti/drv/gpio/lib/am335x/a8/release/ti.drv.gpio.aa8fg(GPIO_v1.oa8fg)
 .text.GPIO_disableInt_v1
                0x402f8210       0xa8 C:/ti/pdk_am335x_1_0_17/packages/ti/drv/gpio/lib/am335x/a8/release/ti.drv.gpio.aa8fg(GPIO_v1.oa8fg)
 .text.GPIO_read_v1
                0x402f82b8       0x98 C:/ti/pdk_am335x_1_0_17/packages/ti/drv/gpio/lib/am335x/a8/release/ti.drv.gpio.aa8fg(GPIO_v1.oa8fg)
 .text.GPIO_init_v1
                0x402f8350      0x164 C:/ti/pdk_am335x_1_0_17/packages/ti/drv/gpio/lib/am335x/a8/release/ti.drv.gpio.aa8fg(GPIO_v1.oa8fg)
 .text.SPI_close
                0x402f84b4       0x58 C:/ti/pdk_am335x_1_0_17/packages/ti/drv/spi/lib/am335x/a8/release/ti.drv.spi.aa8fg(SPI_drv.oa8fg)
                0x402f84b4                SPI_close
 .text.SPI_init
                0x402f850c       0xb4 C:/ti/pdk_am335x_1_0_17/packages/ti/drv/spi/lib/am335x/a8/release/ti.drv.spi.aa8fg(SPI_drv.oa8fg)
                0x402f850c                SPI_init
 .text.SPI_open
                0x402f85c0       0x7c C:/ti/pdk_am335x_1_0_17/packages/ti/drv/spi/lib/am335x/a8/release/ti.drv.spi.aa8fg(SPI_drv.oa8fg)
                0x402f85c0                SPI_open
 .text.SPI_Params_init
                0x402f863c       0x28 C:/ti/pdk_am335x_1_0_17/packages/ti/drv/spi/lib/am335x/a8/release/ti.drv.spi.aa8fg(SPI_drv.oa8fg)
                0x402f863c                SPI_Params_init
 .text.SPI_transfer
                0x402f8664       0x2c C:/ti/pdk_am335x_1_0_17/packages/ti/drv/spi/lib/am335x/a8/release/ti.drv.spi.aa8fg(SPI_drv.oa8fg)
                0x402f8664                SPI_transfer
 .text.MCSPI_Params_init
                0x402f8690       0x28 C:/ti/pdk_am335x_1_0_17/packages/ti/drv/spi/lib/am335x/a8/release/ti.drv.spi.aa8fg(SPI_drv.oa8fg)
                0x402f8690                MCSPI_Params_init
 .text.SPI_control_v1
                0x402f86b8       0x54 C:/ti/pdk_am335x_1_0_17/packages/ti/drv/spi/lib/am335x/a8/release/ti.drv.spi.aa8fg(SPI_v1.oa8fg)
 .text.MCSPI_control_v1
                0x402f870c        0x8 C:/ti/pdk_am335x_1_0_17/packages/ti/drv/spi/lib/am335x/a8/release/ti.drv.spi.aa8fg(SPI_v1.oa8fg)
 .text.MCSPI_pollingXferTimeout_v1
                0x402f8714       0x58 C:/ti/pdk_am335x_1_0_17/packages/ti/drv/spi/lib/am335x/a8/release/ti.drv.spi.aa8fg(SPI_v1.oa8fg)
 .text.MCSPI_receiveData_v1
                0x402f876c       0x58 C:/ti/pdk_am335x_1_0_17/packages/ti/drv/spi/lib/am335x/a8/release/ti.drv.spi.aa8fg(SPI_v1.oa8fg)
 .text.MCSPI_init_v1.part.2
                0x402f87c4       0x44 C:/ti/pdk_am335x_1_0_17/packages/ti/drv/spi/lib/am335x/a8/release/ti.drv.spi.aa8fg(SPI_v1.oa8fg)
 .text.MCSPI_init_v1
                0x402f8808        0xc C:/ti/pdk_am335x_1_0_17/packages/ti/drv/spi/lib/am335x/a8/release/ti.drv.spi.aa8fg(SPI_v1.oa8fg)
 .text.SPI_init_v1
                0x402f8814       0x84 C:/ti/pdk_am335x_1_0_17/packages/ti/drv/spi/lib/am335x/a8/release/ti.drv.spi.aa8fg(SPI_v1.oa8fg)
 .text.MCSPI_close_v1.part.3
                0x402f8898       0x94 C:/ti/pdk_am335x_1_0_17/packages/ti/drv/spi/lib/am335x/a8/release/ti.drv.spi.aa8fg(SPI_v1.oa8fg)
 .text.MCSPI_close_v1
                0x402f892c        0xc C:/ti/pdk_am335x_1_0_17/packages/ti/drv/spi/lib/am335x/a8/release/ti.drv.spi.aa8fg(SPI_v1.oa8fg)
 .text.MCSPI_open_v1
                0x402f8938      0x4b0 C:/ti/pdk_am335x_1_0_17/packages/ti/drv/spi/lib/am335x/a8/release/ti.drv.spi.aa8fg(SPI_v1.oa8fg)
 .text.SPI_open_v1
                0x402f8de8       0xd8 C:/ti/pdk_am335x_1_0_17/packages/ti/drv/spi/lib/am335x/a8/release/ti.drv.spi.aa8fg(SPI_v1.oa8fg)
 .text.SPI_close_v1
                0x402f8ec0       0x34 C:/ti/pdk_am335x_1_0_17/packages/ti/drv/spi/lib/am335x/a8/release/ti.drv.spi.aa8fg(SPI_v1.oa8fg)
 .text.MCSPI_transmitData_v1
                0x402f8ef4       0x44 C:/ti/pdk_am335x_1_0_17/packages/ti/drv/spi/lib/am335x/a8/release/ti.drv.spi.aa8fg(SPI_v1.oa8fg)
                0x402f8ef4                MCSPI_transmitData_v1
 .text.MCSPI_xferSetup_v1
                0x402f8f38      0x24c C:/ti/pdk_am335x_1_0_17/packages/ti/drv/spi/lib/am335x/a8/release/ti.drv.spi.aa8fg(SPI_v1.oa8fg)
                0x402f8f38                MCSPI_xferSetup_v1
 .text.MCSPI_transfer_v1.part.5
                0x402f9184      0x58c C:/ti/pdk_am335x_1_0_17/packages/ti/drv/spi/lib/am335x/a8/release/ti.drv.spi.aa8fg(SPI_v1.oa8fg)
 .text.MCSPI_transfer_v1
                0x402f9710       0x24 C:/ti/pdk_am335x_1_0_17/packages/ti/drv/spi/lib/am335x/a8/release/ti.drv.spi.aa8fg(SPI_v1.oa8fg)
 .text.SPI_transfer_v1
                0x402f9734       0x68 C:/ti/pdk_am335x_1_0_17/packages/ti/drv/spi/lib/am335x/a8/release/ti.drv.spi.aa8fg(SPI_v1.oa8fg)
 .text.MCSPI_transferCallback_v1
                0x402f979c       0x60 C:/ti/pdk_am335x_1_0_17/packages/ti/drv/spi/lib/am335x/a8/release/ti.drv.spi.aa8fg(SPI_v1.oa8fg)
                0x402f979c                MCSPI_transferCallback_v1
 .text.MCSPI_transferCancel_v1
                0x402f97fc       0xb4 C:/ti/pdk_am335x_1_0_17/packages/ti/drv/spi/lib/am335x/a8/release/ti.drv.spi.aa8fg(SPI_v1.oa8fg)
 .text.SPI_transferCancel_v1
                0x402f98b0       0x6c C:/ti/pdk_am335x_1_0_17/packages/ti/drv/spi/lib/am335x/a8/release/ti.drv.spi.aa8fg(SPI_v1.oa8fg)
 .text.MCSPI_v1_hwiFxn
                0x402f991c      0x414 C:/ti/pdk_am335x_1_0_17/packages/ti/drv/spi/lib/am335x/a8/release/ti.drv.spi.aa8fg(SPI_v1.oa8fg)
 .text.QSPI_init_v1
                0x402f9d30       0x14 C:/ti/pdk_am335x_1_0_17/packages/ti/drv/spi/lib/am335x/a8/release/ti.drv.spi.aa8fg(QSPI_v1.oa8fg)
 .text.QSPI_control_v1
                0x402f9d44       0xa0 C:/ti/pdk_am335x_1_0_17/packages/ti/drv/spi/lib/am335x/a8/release/ti.drv.spi.aa8fg(QSPI_v1.oa8fg)
 .text.QSPI_transferCancel_v1
                0x402f9de4        0x4 C:/ti/pdk_am335x_1_0_17/packages/ti/drv/spi/lib/am335x/a8/release/ti.drv.spi.aa8fg(QSPI_v1.oa8fg)
 .text.QSPI_transferCallback_v1
                0x402f9de8        0xc C:/ti/pdk_am335x_1_0_17/packages/ti/drv/spi/lib/am335x/a8/release/ti.drv.spi.aa8fg(QSPI_v1.oa8fg)
 .text.QSPI_hwiFxn_v1
                0x402f9df4       0x98 C:/ti/pdk_am335x_1_0_17/packages/ti/drv/spi/lib/am335x/a8/release/ti.drv.spi.aa8fg(QSPI_v1.oa8fg)
 .text.QSPI_transfer_v1
                0x402f9e8c      0x844 C:/ti/pdk_am335x_1_0_17/packages/ti/drv/spi/lib/am335x/a8/release/ti.drv.spi.aa8fg(QSPI_v1.oa8fg)
 .text.QSPI_close_v1.part.6
                0x402fa6d0       0x70 C:/ti/pdk_am335x_1_0_17/packages/ti/drv/spi/lib/am335x/a8/release/ti.drv.spi.aa8fg(QSPI_v1.oa8fg)
 .text.QSPI_close_v1
                0x402fa740        0xc C:/ti/pdk_am335x_1_0_17/packages/ti/drv/spi/lib/am335x/a8/release/ti.drv.spi.aa8fg(QSPI_v1.oa8fg)
 .text.QSPI_open_v1
                0x402fa74c      0x260 C:/ti/pdk_am335x_1_0_17/packages/ti/drv/spi/lib/am335x/a8/release/ti.drv.spi.aa8fg(QSPI_v1.oa8fg)
 .text.GPIOModuleEnable
                0x402fa9ac       0x14 C:/ti/pdk_am335x_1_0_17/packages/ti/csl/lib/am335x/a8/release/ti.csl.aa8fg(gpio_v2.oa8fg)
                0x402fa9ac                GPIOModuleEnable
 .text.GPIODirModeSet
                0x402fa9c0       0x28 C:/ti/pdk_am335x_1_0_17/packages/ti/csl/lib/am335x/a8/release/ti.csl.aa8fg(gpio_v2.oa8fg)
                0x402fa9c0                GPIODirModeSet
 .text.GPIOPinWrite
                0x402fa9e8       0x1c C:/ti/pdk_am335x_1_0_17/packages/ti/csl/lib/am335x/a8/release/ti.csl.aa8fg(gpio_v2.oa8fg)
                0x402fa9e8                GPIOPinWrite
 .text.GPIOPinRead2
                0x402faa04       0x18 C:/ti/pdk_am335x_1_0_17/packages/ti/csl/lib/am335x/a8/release/ti.csl.aa8fg(gpio_v2.oa8fg)
                0x402faa04                GPIOPinRead2
 .text.GPIOPinIntEnable
                0x402faa1c       0x1c C:/ti/pdk_am335x_1_0_17/packages/ti/csl/lib/am335x/a8/release/ti.csl.aa8fg(gpio_v2.oa8fg)
                0x402faa1c                GPIOPinIntEnable
 .text.GPIOPinIntDisable
                0x402faa38       0x1c C:/ti/pdk_am335x_1_0_17/packages/ti/csl/lib/am335x/a8/release/ti.csl.aa8fg(gpio_v2.oa8fg)
                0x402faa38                GPIOPinIntDisable
 .text.GPIOIntTypeSet
                0x402faa54      0x188 C:/ti/pdk_am335x_1_0_17/packages/ti/csl/lib/am335x/a8/release/ti.csl.aa8fg(gpio_v2.oa8fg)
                0x402faa54                GPIOIntTypeSet
 .text.GPIOPinIntClear
                0x402fabdc       0x1c C:/ti/pdk_am335x_1_0_17/packages/ti/csl/lib/am335x/a8/release/ti.csl.aa8fg(gpio_v2.oa8fg)
                0x402fabdc                GPIOPinIntClear
 .text.GPIORawIntStatus
                0x402fabf8       0x18 C:/ti/pdk_am335x_1_0_17/packages/ti/csl/lib/am335x/a8/release/ti.csl.aa8fg(gpio_v2.oa8fg)
                0x402fabf8                GPIORawIntStatus
 .text.GPIOIntrClearMask
                0x402fac10       0x14 C:/ti/pdk_am335x_1_0_17/packages/ti/csl/lib/am335x/a8/release/ti.csl.aa8fg(gpio_v2.oa8fg)
                0x402fac10                GPIOIntrClearMask
 .text.GPIOPinOutValueRead
                0x402fac24       0x14 C:/ti/pdk_am335x_1_0_17/packages/ti/csl/lib/am335x/a8/release/ti.csl.aa8fg(gpio_v2.oa8fg)
                0x402fac24                GPIOPinOutValueRead
 .text.I2CMasterInitExpClk
                0x402fac38       0xd0 C:/ti/pdk_am335x_1_0_17/packages/ti/csl/lib/am335x/a8/release/ti.csl.aa8fg(i2c.oa8fg)
                0x402fac38                I2CMasterInitExpClk
 .text.I2CMasterEnable
                0x402fad08       0x1c C:/ti/pdk_am335x_1_0_17/packages/ti/csl/lib/am335x/a8/release/ti.csl.aa8fg(i2c.oa8fg)
                0x402fad08                I2CMasterEnable
 .text.I2CMasterEnableFreeRun
                0x402fad24       0x1c C:/ti/pdk_am335x_1_0_17/packages/ti/csl/lib/am335x/a8/release/ti.csl.aa8fg(i2c.oa8fg)
                0x402fad24                I2CMasterEnableFreeRun
 .text.I2CMasterSetSysTest
                0x402fad40        0xc C:/ti/pdk_am335x_1_0_17/packages/ti/csl/lib/am335x/a8/release/ti.csl.aa8fg(i2c.oa8fg)
                0x402fad40                I2CMasterSetSysTest
 .text.I2CMasterGetSysTest
                0x402fad4c        0xc C:/ti/pdk_am335x_1_0_17/packages/ti/csl/lib/am335x/a8/release/ti.csl.aa8fg(i2c.oa8fg)
                0x402fad4c                I2CMasterGetSysTest
 .text.I2CMasterDisable
                0x402fad58       0x14 C:/ti/pdk_am335x_1_0_17/packages/ti/csl/lib/am335x/a8/release/ti.csl.aa8fg(i2c.oa8fg)
                0x402fad58                I2CMasterDisable
 .text.I2CMasterBusBusy
                0x402fad6c       0x10 C:/ti/pdk_am335x_1_0_17/packages/ti/csl/lib/am335x/a8/release/ti.csl.aa8fg(i2c.oa8fg)
                0x402fad6c                I2CMasterBusBusy
 .text.I2CMasterControl
                0x402fad7c       0x10 C:/ti/pdk_am335x_1_0_17/packages/ti/csl/lib/am335x/a8/release/ti.csl.aa8fg(i2c.oa8fg)
                0x402fad7c                I2CMasterControl
 .text.I2CMasterStart
                0x402fad8c       0x1c C:/ti/pdk_am335x_1_0_17/packages/ti/csl/lib/am335x/a8/release/ti.csl.aa8fg(i2c.oa8fg)
                0x402fad8c                I2CMasterStart
 .text.I2CMasterStop
                0x402fada8       0x1c C:/ti/pdk_am335x_1_0_17/packages/ti/csl/lib/am335x/a8/release/ti.csl.aa8fg(i2c.oa8fg)
                0x402fada8                I2CMasterStop
 .text.I2CMasterIntEnableEx
                0x402fadc4       0x18 C:/ti/pdk_am335x_1_0_17/packages/ti/csl/lib/am335x/a8/release/ti.csl.aa8fg(i2c.oa8fg)
                0x402fadc4                I2CMasterIntEnableEx
 .text.I2CSlaveIntEnableEx
                0x402faddc        0x4 C:/ti/pdk_am335x_1_0_17/packages/ti/csl/lib/am335x/a8/release/ti.csl.aa8fg(i2c.oa8fg)
                0x402faddc                I2CSlaveIntEnableEx
 .text.I2CMasterIntDisableEx
                0x402fade0        0xc C:/ti/pdk_am335x_1_0_17/packages/ti/csl/lib/am335x/a8/release/ti.csl.aa8fg(i2c.oa8fg)
                0x402fade0                I2CMasterIntDisableEx
 .text.I2CSlaveIntDisableEx
                0x402fadec        0xc C:/ti/pdk_am335x_1_0_17/packages/ti/csl/lib/am335x/a8/release/ti.csl.aa8fg(i2c.oa8fg)
                0x402fadec                I2CSlaveIntDisableEx
 .text.I2CMasterIntStatus
                0x402fadf8        0xc C:/ti/pdk_am335x_1_0_17/packages/ti/csl/lib/am335x/a8/release/ti.csl.aa8fg(i2c.oa8fg)
                0x402fadf8                I2CMasterIntStatus
 .text.I2CMasterIntRawStatus
                0x402fae04        0xc C:/ti/pdk_am335x_1_0_17/packages/ti/csl/lib/am335x/a8/release/ti.csl.aa8fg(i2c.oa8fg)
                0x402fae04                I2CMasterIntRawStatus
 .text.I2CSlaveIntRawStatus
                0x402fae10        0xc C:/ti/pdk_am335x_1_0_17/packages/ti/csl/lib/am335x/a8/release/ti.csl.aa8fg(i2c.oa8fg)
                0x402fae10                I2CSlaveIntRawStatus
 .text.I2CMasterIntRawStatusEx
                0x402fae1c       0x10 C:/ti/pdk_am335x_1_0_17/packages/ti/csl/lib/am335x/a8/release/ti.csl.aa8fg(i2c.oa8fg)
                0x402fae1c                I2CMasterIntRawStatusEx
 .text.I2CMasterIntClearEx
                0x402fae2c        0xc C:/ti/pdk_am335x_1_0_17/packages/ti/csl/lib/am335x/a8/release/ti.csl.aa8fg(i2c.oa8fg)
                0x402fae2c                I2CMasterIntClearEx
 .text.I2CSlaveIntClearEx
                0x402fae38        0xc C:/ti/pdk_am335x_1_0_17/packages/ti/csl/lib/am335x/a8/release/ti.csl.aa8fg(i2c.oa8fg)
                0x402fae38                I2CSlaveIntClearEx
 .text.I2CGetEnabledIntStatus
                0x402fae44       0x10 C:/ti/pdk_am335x_1_0_17/packages/ti/csl/lib/am335x/a8/release/ti.csl.aa8fg(i2c.oa8fg)
                0x402fae44                I2CGetEnabledIntStatus
 .text.I2CMasterSlaveAddrSet
                0x402fae54        0xc C:/ti/pdk_am335x_1_0_17/packages/ti/csl/lib/am335x/a8/release/ti.csl.aa8fg(i2c.oa8fg)
                0x402fae54                I2CMasterSlaveAddrSet
 .text.I2CSetDataCount
                0x402fae60        0xc C:/ti/pdk_am335x_1_0_17/packages/ti/csl/lib/am335x/a8/release/ti.csl.aa8fg(i2c.oa8fg)
                0x402fae60                I2CSetDataCount
 .text.I2CDataCountGet
                0x402fae6c        0xc C:/ti/pdk_am335x_1_0_17/packages/ti/csl/lib/am335x/a8/release/ti.csl.aa8fg(i2c.oa8fg)
                0x402fae6c                I2CDataCountGet
 .text.I2CFIFOClear
                0x402fae78       0x24 C:/ti/pdk_am335x_1_0_17/packages/ti/csl/lib/am335x/a8/release/ti.csl.aa8fg(i2c.oa8fg)
                0x402fae78                I2CFIFOClear
 .text.I2CBufferStatus
                0x402fae9c       0x4c C:/ti/pdk_am335x_1_0_17/packages/ti/csl/lib/am335x/a8/release/ti.csl.aa8fg(i2c.oa8fg)
                0x402fae9c                I2CBufferStatus
 .text.I2COwnAddressSet
                0x402faee8       0x4c C:/ti/pdk_am335x_1_0_17/packages/ti/csl/lib/am335x/a8/release/ti.csl.aa8fg(i2c.oa8fg)
                0x402faee8                I2COwnAddressSet
 .text.I2CSoftReset
                0x402faf34       0x1c C:/ti/pdk_am335x_1_0_17/packages/ti/csl/lib/am335x/a8/release/ti.csl.aa8fg(i2c.oa8fg)
                0x402faf34                I2CSoftReset
 .text.I2CAutoIdleDisable
                0x402faf50       0x14 C:/ti/pdk_am335x_1_0_17/packages/ti/csl/lib/am335x/a8/release/ti.csl.aa8fg(i2c.oa8fg)
                0x402faf50                I2CAutoIdleDisable
 .text.I2CSystemStatusGet
                0x402faf64       0x10 C:/ti/pdk_am335x_1_0_17/packages/ti/csl/lib/am335x/a8/release/ti.csl.aa8fg(i2c.oa8fg)
                0x402faf64                I2CSystemStatusGet
 .text.I2CMasterDataPut
                0x402faf74        0xc C:/ti/pdk_am335x_1_0_17/packages/ti/csl/lib/am335x/a8/release/ti.csl.aa8fg(i2c.oa8fg)
                0x402faf74                I2CMasterDataPut
 .text.I2CMasterDataGet
                0x402faf80       0x10 C:/ti/pdk_am335x_1_0_17/packages/ti/csl/lib/am335x/a8/release/ti.csl.aa8fg(i2c.oa8fg)
                0x402faf80                I2CMasterDataGet
 .text.I2CSlaveDataGet
                0x402faf90       0x10 C:/ti/pdk_am335x_1_0_17/packages/ti/csl/lib/am335x/a8/release/ti.csl.aa8fg(i2c.oa8fg)
                0x402faf90                I2CSlaveDataGet
 .text.I2CSyscInit
                0x402fafa0        0xc C:/ti/pdk_am335x_1_0_17/packages/ti/csl/lib/am335x/a8/release/ti.csl.aa8fg(i2c.oa8fg)
                0x402fafa0                I2CSyscInit
 .text.I2CConfig
                0x402fafac        0xc C:/ti/pdk_am335x_1_0_17/packages/ti/csl/lib/am335x/a8/release/ti.csl.aa8fg(i2c.oa8fg)
                0x402fafac                I2CConfig
 .text.McSPIClkConfig
                0x402fafb8       0xe4 C:/ti/pdk_am335x_1_0_17/packages/ti/csl/lib/am335x/a8/release/ti.csl.aa8fg(mcspi.oa8fg)
                0x402fafb8                McSPIClkConfig
 .text.McSPIWordLengthSet
                0x402fb09c       0x28 C:/ti/pdk_am335x_1_0_17/packages/ti/csl/lib/am335x/a8/release/ti.csl.aa8fg(mcspi.oa8fg)
                0x402fb09c                McSPIWordLengthSet
 .text.McSPICSEnable
                0x402fb0c4       0x14 C:/ti/pdk_am335x_1_0_17/packages/ti/csl/lib/am335x/a8/release/ti.csl.aa8fg(mcspi.oa8fg)
                0x402fb0c4                McSPICSEnable
 .text.McSPICSDisable
                0x402fb0d8       0x1c C:/ti/pdk_am335x_1_0_17/packages/ti/csl/lib/am335x/a8/release/ti.csl.aa8fg(mcspi.oa8fg)
                0x402fb0d8                McSPICSDisable
 .text.McSPICSPolarityConfig
                0x402fb0f4       0x28 C:/ti/pdk_am335x_1_0_17/packages/ti/csl/lib/am335x/a8/release/ti.csl.aa8fg(mcspi.oa8fg)
                0x402fb0f4                McSPICSPolarityConfig
 .text.McSPICSTimeControlSet
                0x402fb11c       0x28 C:/ti/pdk_am335x_1_0_17/packages/ti/csl/lib/am335x/a8/release/ti.csl.aa8fg(mcspi.oa8fg)
                0x402fb11c                McSPICSTimeControlSet
 .text.McSPICSAssert
                0x402fb144       0x28 C:/ti/pdk_am335x_1_0_17/packages/ti/csl/lib/am335x/a8/release/ti.csl.aa8fg(mcspi.oa8fg)
                0x402fb144                McSPICSAssert
 .text.McSPICSDeAssert
                0x402fb16c       0x20 C:/ti/pdk_am335x_1_0_17/packages/ti/csl/lib/am335x/a8/release/ti.csl.aa8fg(mcspi.oa8fg)
                0x402fb16c                McSPICSDeAssert
 .text.McSPIMasterModeEnable
                0x402fb18c       0x14 C:/ti/pdk_am335x_1_0_17/packages/ti/csl/lib/am335x/a8/release/ti.csl.aa8fg(mcspi.oa8fg)
                0x402fb18c                McSPIMasterModeEnable
 .text.McSPISlaveModeEnable
                0x402fb1a0       0x1c C:/ti/pdk_am335x_1_0_17/packages/ti/csl/lib/am335x/a8/release/ti.csl.aa8fg(mcspi.oa8fg)
                0x402fb1a0                McSPISlaveModeEnable
 .text.McSPIMasterModeConfig
                0x402fb1bc       0xa4 C:/ti/pdk_am335x_1_0_17/packages/ti/csl/lib/am335x/a8/release/ti.csl.aa8fg(mcspi.oa8fg)
                0x402fb1bc                McSPIMasterModeConfig
 .text.McSPIChannelEnable
                0x402fb260       0x28 C:/ti/pdk_am335x_1_0_17/packages/ti/csl/lib/am335x/a8/release/ti.csl.aa8fg(mcspi.oa8fg)
                0x402fb260                McSPIChannelEnable
 .text.McSPIChannelDisable
                0x402fb288       0x20 C:/ti/pdk_am335x_1_0_17/packages/ti/csl/lib/am335x/a8/release/ti.csl.aa8fg(mcspi.oa8fg)
                0x402fb288                McSPIChannelDisable
 .text.McSPIReset
                0x402fb2a8       0x30 C:/ti/pdk_am335x_1_0_17/packages/ti/csl/lib/am335x/a8/release/ti.csl.aa8fg(mcspi.oa8fg)
                0x402fb2a8                McSPIReset
 .text.McSPITxFIFOConfig
                0x402fb2d8       0x28 C:/ti/pdk_am335x_1_0_17/packages/ti/csl/lib/am335x/a8/release/ti.csl.aa8fg(mcspi.oa8fg)
                0x402fb2d8                McSPITxFIFOConfig
 .text.McSPIRxFIFOConfig
                0x402fb300       0x28 C:/ti/pdk_am335x_1_0_17/packages/ti/csl/lib/am335x/a8/release/ti.csl.aa8fg(mcspi.oa8fg)
                0x402fb300                McSPIRxFIFOConfig
 .text.McSPIFIFOTrigLvlSet
                0x402fb328       0x90 C:/ti/pdk_am335x_1_0_17/packages/ti/csl/lib/am335x/a8/release/ti.csl.aa8fg(mcspi.oa8fg)
                0x402fb328                McSPIFIFOTrigLvlSet
 .text.McSPIWordCountSet
                0x402fb3b8       0x18 C:/ti/pdk_am335x_1_0_17/packages/ti/csl/lib/am335x/a8/release/ti.csl.aa8fg(mcspi.oa8fg)
                0x402fb3b8                McSPIWordCountSet
 .text.McSPIIntEnable
                0x402fb3d0       0x18 C:/ti/pdk_am335x_1_0_17/packages/ti/csl/lib/am335x/a8/release/ti.csl.aa8fg(mcspi.oa8fg)
                0x402fb3d0                McSPIIntEnable
 .text.McSPIIntDisable
                0x402fb3e8       0x18 C:/ti/pdk_am335x_1_0_17/packages/ti/csl/lib/am335x/a8/release/ti.csl.aa8fg(mcspi.oa8fg)
                0x402fb3e8                McSPIIntDisable
 .text.McSPIInitDelayConfig
                0x402fb400       0x1c C:/ti/pdk_am335x_1_0_17/packages/ti/csl/lib/am335x/a8/release/ti.csl.aa8fg(mcspi.oa8fg)
                0x402fb400                McSPIInitDelayConfig
 .text.McSPITransmitData
                0x402fb41c       0x18 C:/ti/pdk_am335x_1_0_17/packages/ti/csl/lib/am335x/a8/release/ti.csl.aa8fg(mcspi.oa8fg)
                0x402fb41c                McSPITransmitData
 .text.McSPIReceiveData
                0x402fb434       0x18 C:/ti/pdk_am335x_1_0_17/packages/ti/csl/lib/am335x/a8/release/ti.csl.aa8fg(mcspi.oa8fg)
                0x402fb434                McSPIReceiveData
 .text.McSPIIntStatusGet
                0x402fb44c        0xc C:/ti/pdk_am335x_1_0_17/packages/ti/csl/lib/am335x/a8/release/ti.csl.aa8fg(mcspi.oa8fg)
                0x402fb44c                McSPIIntStatusGet
 .text.McSPIIntStatusClear
                0x402fb458       0x1c C:/ti/pdk_am335x_1_0_17/packages/ti/csl/lib/am335x/a8/release/ti.csl.aa8fg(mcspi.oa8fg)
                0x402fb458                McSPIIntStatusClear
 .text.McSPIChannelStatusGet
                0x402fb474       0x18 C:/ti/pdk_am335x_1_0_17/packages/ti/csl/lib/am335x/a8/release/ti.csl.aa8fg(mcspi.oa8fg)
                0x402fb474                McSPIChannelStatusGet
 .text.MCSPISysConfigSetup
                0x402fb48c       0x28 C:/ti/pdk_am335x_1_0_17/packages/ti/csl/lib/am335x/a8/release/ti.csl.aa8fg(mcspi.oa8fg)
                0x402fb48c                MCSPISysConfigSetup
 .text.MCSPIPinDirSet
                0x402fb4b4       0x98 C:/ti/pdk_am335x_1_0_17/packages/ti/csl/lib/am335x/a8/release/ti.csl.aa8fg(mcspi.oa8fg)
                0x402fb4b4                MCSPIPinDirSet
 .text.QSPIconfigIdleMode
                0x402fb54c       0x1c C:/ti/pdk_am335x_1_0_17/packages/ti/csl/lib/am335x/a8/release/ti.csl.aa8fg(qspi.oa8fg)
                0x402fb54c                QSPIconfigIdleMode
 .text.QSPIsetCommandReg
                0x402fb568       0x20 C:/ti/pdk_am335x_1_0_17/packages/ti/csl/lib/am335x/a8/release/ti.csl.aa8fg(qspi.oa8fg)
                0x402fb568                QSPIsetCommandReg
 .text.QSPIWaitIdle
                0x402fb588       0x18 C:/ti/pdk_am335x_1_0_17/packages/ti/csl/lib/am335x/a8/release/ti.csl.aa8fg(qspi.oa8fg)
                0x402fb588                QSPIWaitIdle
 .text.QSPIwriteData
                0x402fb5a0       0x54 C:/ti/pdk_am335x_1_0_17/packages/ti/csl/lib/am335x/a8/release/ti.csl.aa8fg(qspi.oa8fg)
                0x402fb5a0                QSPIwriteData
 .text.QSPIreadData
                0x402fb5f4       0x54 C:/ti/pdk_am335x_1_0_17/packages/ti/csl/lib/am335x/a8/release/ti.csl.aa8fg(qspi.oa8fg)
                0x402fb5f4                QSPIreadData
 .text.QSPIintEnable
                0x402fb648       0x18 C:/ti/pdk_am335x_1_0_17/packages/ti/csl/lib/am335x/a8/release/ti.csl.aa8fg(qspi.oa8fg)
                0x402fb648                QSPIintEnable
 .text.QSPIintDisable
                0x402fb660       0x18 C:/ti/pdk_am335x_1_0_17/packages/ti/csl/lib/am335x/a8/release/ti.csl.aa8fg(qspi.oa8fg)
                0x402fb660                QSPIintDisable
 .text.QSPIintStatus
                0x402fb678        0xc C:/ti/pdk_am335x_1_0_17/packages/ti/csl/lib/am335x/a8/release/ti.csl.aa8fg(qspi.oa8fg)
                0x402fb678                QSPIintStatus
 .text.QSPIintClear
                0x402fb684        0xc C:/ti/pdk_am335x_1_0_17/packages/ti/csl/lib/am335x/a8/release/ti.csl.aa8fg(qspi.oa8fg)
                0x402fb684                QSPIintClear
 .text.QSPISetClkMode
                0x402fb690       0x38 C:/ti/pdk_am335x_1_0_17/packages/ti/csl/lib/am335x/a8/release/ti.csl.aa8fg(qspi.oa8fg)
                0x402fb690                QSPISetClkMode
 .text.QSPISetCsPol
                0x402fb6c8       0x40 C:/ti/pdk_am335x_1_0_17/packages/ti/csl/lib/am335x/a8/release/ti.csl.aa8fg(qspi.oa8fg)
                0x402fb6c8                QSPISetCsPol
 .text.QSPISetDataDelay
                0x402fb708       0x40 C:/ti/pdk_am335x_1_0_17/packages/ti/csl/lib/am335x/a8/release/ti.csl.aa8fg(qspi.oa8fg)
                0x402fb708                QSPISetDataDelay
 .text.QSPISetPreScaler
                0x402fb748       0x54 C:/ti/pdk_am335x_1_0_17/packages/ti/csl/lib/am335x/a8/release/ti.csl.aa8fg(qspi.oa8fg)
                0x402fb748                QSPISetPreScaler
 .text.QSPISetMemMapNumAddrBytes
                0x402fb79c       0x20 C:/ti/pdk_am335x_1_0_17/packages/ti/csl/lib/am335x/a8/release/ti.csl.aa8fg(qspi.oa8fg)
                0x402fb79c                QSPISetMemMapNumAddrBytes
 .text.QSPISetMemAddrSpace
                0x402fb7bc       0x1c C:/ti/pdk_am335x_1_0_17/packages/ti/csl/lib/am335x/a8/release/ti.csl.aa8fg(qspi.oa8fg)
                0x402fb7bc                QSPISetMemAddrSpace
 .text.QSPISetMemMapReadCmd
                0x402fb7d8       0x20 C:/ti/pdk_am335x_1_0_17/packages/ti/csl/lib/am335x/a8/release/ti.csl.aa8fg(qspi.oa8fg)
                0x402fb7d8                QSPISetMemMapReadCmd
 .text.QSPISetMemMapReadType
                0x402fb7f8       0x20 C:/ti/pdk_am335x_1_0_17/packages/ti/csl/lib/am335x/a8/release/ti.csl.aa8fg(qspi.oa8fg)
                0x402fb7f8                QSPISetMemMapReadType
 .text.QSPISetMemMapNumDummyBits
                0x402fb818       0x38 C:/ti/pdk_am335x_1_0_17/packages/ti/csl/lib/am335x/a8/release/ti.csl.aa8fg(qspi.oa8fg)
                0x402fb818                QSPISetMemMapNumDummyBits
 .text.QSPISetMemMapWriteCmd
                0x402fb850       0x20 C:/ti/pdk_am335x_1_0_17/packages/ti/csl/lib/am335x/a8/release/ti.csl.aa8fg(qspi.oa8fg)
                0x402fb850                QSPISetMemMapWriteCmd
 .text.UARTOperatingModeSelect
                0x402fb870       0x28 C:/ti/pdk_am335x_1_0_17/packages/ti/csl/lib/am335x/a8/release/ti.csl.aa8fg(uart.oa8fg)
                0x402fb870                UARTOperatingModeSelect
 .text.UARTDivisorValCompute
                0x402fb898       0x6c C:/ti/pdk_am335x_1_0_17/packages/ti/csl/lib/am335x/a8/release/ti.csl.aa8fg(uart.oa8fg)
                0x402fb898                UARTDivisorValCompute
 .text.UARTDivisorLatchWrite
                0x402fb904      0x1e4 C:/ti/pdk_am335x_1_0_17/packages/ti/csl/lib/am335x/a8/release/ti.csl.aa8fg(uart.oa8fg)
                0x402fb904                UARTDivisorLatchWrite
 .text.UARTDivisorLatchDisable
                0x402fbae8       0x14 C:/ti/pdk_am335x_1_0_17/packages/ti/csl/lib/am335x/a8/release/ti.csl.aa8fg(uart.oa8fg)
                0x402fbae8                UARTDivisorLatchDisable
 .text.UARTBreakCtl
                0x402fbafc       0x1c C:/ti/pdk_am335x_1_0_17/packages/ti/csl/lib/am335x/a8/release/ti.csl.aa8fg(uart.oa8fg)
                0x402fbafc                UARTBreakCtl
 .text.UARTLineCharacConfig
                0x402fbb18       0x28 C:/ti/pdk_am335x_1_0_17/packages/ti/csl/lib/am335x/a8/release/ti.csl.aa8fg(uart.oa8fg)
                0x402fbb18                UARTLineCharacConfig
 .text.UARTFIFORegisterWrite
                0x402fbb40       0xbc C:/ti/pdk_am335x_1_0_17/packages/ti/csl/lib/am335x/a8/release/ti.csl.aa8fg(uart.oa8fg)
                0x402fbb40                UARTFIFORegisterWrite
 .text.UARTSubConfigTCRTLRModeEn
                0x402fbbfc       0xb4 C:/ti/pdk_am335x_1_0_17/packages/ti/csl/lib/am335x/a8/release/ti.csl.aa8fg(uart.oa8fg)
                0x402fbbfc                UARTSubConfigTCRTLRModeEn
 .text.UARTTCRTLRBitValRestore
                0x402fbcb0       0xa8 C:/ti/pdk_am335x_1_0_17/packages/ti/csl/lib/am335x/a8/release/ti.csl.aa8fg(uart.oa8fg)
                0x402fbcb0                UARTTCRTLRBitValRestore
 .text.UARTFIFOConfig
                0x402fbd58      0x288 C:/ti/pdk_am335x_1_0_17/packages/ti/csl/lib/am335x/a8/release/ti.csl.aa8fg(uart.oa8fg)
                0x402fbd58                UARTFIFOConfig
 .text.UARTIntEnable
                0x402fbfe0       0xc0 C:/ti/pdk_am335x_1_0_17/packages/ti/csl/lib/am335x/a8/release/ti.csl.aa8fg(uart.oa8fg)
                0x402fbfe0                UARTIntEnable
 .text.UARTIntDisable
                0x402fc0a0       0xcc C:/ti/pdk_am335x_1_0_17/packages/ti/csl/lib/am335x/a8/release/ti.csl.aa8fg(uart.oa8fg)
                0x402fc0a0                UARTIntDisable
 .text.UARTInt2Enable
                0x402fc16c       0x1c C:/ti/pdk_am335x_1_0_17/packages/ti/csl/lib/am335x/a8/release/ti.csl.aa8fg(uart.oa8fg)
                0x402fc16c                UARTInt2Enable
 .text.UARTInt2Disable
                0x402fc188       0x1c C:/ti/pdk_am335x_1_0_17/packages/ti/csl/lib/am335x/a8/release/ti.csl.aa8fg(uart.oa8fg)
                0x402fc188                UARTInt2Disable
 .text.UARTReadStatus
                0x402fc1a4       0x34 C:/ti/pdk_am335x_1_0_17/packages/ti/csl/lib/am335x/a8/release/ti.csl.aa8fg(uart.oa8fg)
                0x402fc1a4                UARTReadStatus
 .text.UARTCharPutNonBlocking
                0x402fc1d8       0x48 C:/ti/pdk_am335x_1_0_17/packages/ti/csl/lib/am335x/a8/release/ti.csl.aa8fg(uart.oa8fg)
                0x402fc1d8                UARTCharPutNonBlocking
 .text.UARTCharPut
                0x402fc220       0x48 C:/ti/pdk_am335x_1_0_17/packages/ti/csl/lib/am335x/a8/release/ti.csl.aa8fg(uart.oa8fg)
                0x402fc220                UARTCharPut
 .text.UARTFIFOCharPut
                0x402fc268        0xc C:/ti/pdk_am335x_1_0_17/packages/ti/csl/lib/am335x/a8/release/ti.csl.aa8fg(uart.oa8fg)
                0x402fc268                UARTFIFOCharPut
 .text.UARTIntIdentityGet
                0x402fc274       0x34 C:/ti/pdk_am335x_1_0_17/packages/ti/csl/lib/am335x/a8/release/ti.csl.aa8fg(uart.oa8fg)
                0x402fc274                UARTIntIdentityGet
 .text.UARTInt2StatusGet
                0x402fc2a8       0x10 C:/ti/pdk_am335x_1_0_17/packages/ti/csl/lib/am335x/a8/release/ti.csl.aa8fg(uart.oa8fg)
                0x402fc2a8                UARTInt2StatusGet
 .text.UARTLoopbackModeControl
                0x402fc2b8       0x1c C:/ti/pdk_am335x_1_0_17/packages/ti/csl/lib/am335x/a8/release/ti.csl.aa8fg(uart.oa8fg)
                0x402fc2b8                UARTLoopbackModeControl
 .text.UARTTxFIFOFullStatusGet
                0x402fc2d4       0x10 C:/ti/pdk_am335x_1_0_17/packages/ti/csl/lib/am335x/a8/release/ti.csl.aa8fg(uart.oa8fg)
                0x402fc2d4                UARTTxFIFOFullStatusGet
 .text.UARTIsTransmitterEmpty
                0x402fc2e4       0x40 C:/ti/pdk_am335x_1_0_17/packages/ti/csl/lib/am335x/a8/release/ti.csl.aa8fg(uart.oa8fg)
                0x402fc2e4                UARTIsTransmitterEmpty
 .text.UARTCharGetNonBlocking2
                0x402fc324       0x4c C:/ti/pdk_am335x_1_0_17/packages/ti/csl/lib/am335x/a8/release/ti.csl.aa8fg(uart.oa8fg)
                0x402fc324                UARTCharGetNonBlocking2
 .text.memset   0x402fc370      0x114 c:/ti/gcc-arm-none-eabi-7-2018-q2-update/bin/../lib/gcc/arm-none-eabi/7.3.1/../../../../arm-none-eabi/lib/hard\libc.a(lib_a-memset.o)
                0x402fc370                memset
 .text.HwiP_create
                0x402fc484       0x44 C:/ti/pdk_am335x_1_0_17/packages/ti/osal/lib/nonos/am335x/a8/release/ti.osal.aa8fg(HwiP_nonos.oa8fg)
                0x402fc484                HwiP_create
 .text.HwiP_delete
                0x402fc4c8       0x70 C:/ti/pdk_am335x_1_0_17/packages/ti/osal/lib/nonos/am335x/a8/release/ti.osal.aa8fg(HwiP_nonos.oa8fg)
                0x402fc4c8                HwiP_delete
 .text.HwiP_disable
                0x402fc538        0x4 C:/ti/pdk_am335x_1_0_17/packages/ti/osal/lib/nonos/am335x/a8/release/ti.osal.aa8fg(HwiP_nonos.oa8fg)
                0x402fc538                HwiP_disable
 .text.HwiP_disableInterrupt
                0x402fc53c        0x4 C:/ti/pdk_am335x_1_0_17/packages/ti/osal/lib/nonos/am335x/a8/release/ti.osal.aa8fg(HwiP_nonos.oa8fg)
                0x402fc53c                HwiP_disableInterrupt
 .text.HwiP_enableInterrupt
                0x402fc540        0x4 C:/ti/pdk_am335x_1_0_17/packages/ti/osal/lib/nonos/am335x/a8/release/ti.osal.aa8fg(HwiP_nonos.oa8fg)
                0x402fc540                HwiP_enableInterrupt
 .text.HwiP_Params_init
                0x402fc544       0x24 C:/ti/pdk_am335x_1_0_17/packages/ti/osal/lib/nonos/am335x/a8/release/ti.osal.aa8fg(HwiP_nonos.oa8fg)
                0x402fc544                HwiP_Params_init
 .text.HwiP_restore
                0x402fc568        0x4 C:/ti/pdk_am335x_1_0_17/packages/ti/osal/lib/nonos/am335x/a8/release/ti.osal.aa8fg(HwiP_nonos.oa8fg)
                0x402fc568                HwiP_restore
 .text.Osal_DebugP_assert
                0x402fc56c       0x20 C:/ti/pdk_am335x_1_0_17/packages/ti/osal/lib/nonos/am335x/a8/release/ti.osal.aa8fg(Utils_nonos.oa8fg)
                0x402fc56c                Osal_DebugP_assert
 .text.Osal_getThreadType
                0x402fc58c        0x8 C:/ti/pdk_am335x_1_0_17/packages/ti/osal/lib/nonos/am335x/a8/release/ti.osal.aa8fg(Utils_nonos.oa8fg)
                0x402fc58c                Osal_getThreadType
 .text.SemaphoreP_create
                0x402fc594      0x150 C:/ti/pdk_am335x_1_0_17/packages/ti/osal/lib/nonos/am335x/a8/release/ti.osal.aa8fg(SemaphoreP_nonos.oa8fg)
                0x402fc594                SemaphoreP_create
 .text.SemaphoreP_delete
                0x402fc6e4       0x74 C:/ti/pdk_am335x_1_0_17/packages/ti/osal/lib/nonos/am335x/a8/release/ti.osal.aa8fg(SemaphoreP_nonos.oa8fg)
                0x402fc6e4                SemaphoreP_delete
 .text.SemaphoreP_Params_init
                0x402fc758       0x48 C:/ti/pdk_am335x_1_0_17/packages/ti/osal/lib/nonos/am335x/a8/release/ti.osal.aa8fg(SemaphoreP_nonos.oa8fg)
                0x402fc758                SemaphoreP_Params_init
 .text.SemaphoreP_pend
                0x402fc7a0       0xa4 C:/ti/pdk_am335x_1_0_17/packages/ti/osal/lib/nonos/am335x/a8/release/ti.osal.aa8fg(SemaphoreP_nonos.oa8fg)
                0x402fc7a0                SemaphoreP_pend
 .text.SemaphoreP_post
                0x402fc844       0x68 C:/ti/pdk_am335x_1_0_17/packages/ti/osal/lib/nonos/am335x/a8/release/ti.osal.aa8fg(SemaphoreP_nonos.oa8fg)
                0x402fc844                SemaphoreP_post
 .text.Osal_RegisterInterrupt_initParams
                0x402fc8ac       0x40 C:/ti/pdk_am335x_1_0_17/packages/ti/osal/lib/nonos/am335x/a8/release/ti.osal.aa8fg(RegisterIntr_nonos.oa8fg)
                0x402fc8ac                Osal_RegisterInterrupt_initParams
 .text.Osal_RegisterInterrupt
                0x402fc8ec       0x7c C:/ti/pdk_am335x_1_0_17/packages/ti/osal/lib/nonos/am335x/a8/release/ti.osal.aa8fg(RegisterIntr_nonos.oa8fg)
                0x402fc8ec                Osal_RegisterInterrupt
 .text.Osal_DeleteInterrupt
                0x402fc968       0x20 C:/ti/pdk_am335x_1_0_17/packages/ti/osal/lib/nonos/am335x/a8/release/ti.osal.aa8fg(RegisterIntr_nonos.oa8fg)
                0x402fc968                Osal_DeleteInterrupt
 .text.Osal_EnableInterrupt
                0x402fc988        0x8 C:/ti/pdk_am335x_1_0_17/packages/ti/osal/lib/nonos/am335x/a8/release/ti.osal.aa8fg(RegisterIntr_nonos.oa8fg)
                0x402fc988                Osal_EnableInterrupt
 .text.Osal_DisableInterrupt
                0x402fc990        0x8 C:/ti/pdk_am335x_1_0_17/packages/ti/osal/lib/nonos/am335x/a8/release/ti.osal.aa8fg(RegisterIntr_nonos.oa8fg)
                0x402fc990                Osal_DisableInterrupt
 .text.OsalArch_ISRStub
                0x402fc998        0xc C:/ti/pdk_am335x_1_0_17/packages/ti/osal/lib/nonos/am335x/a8/release/ti.osal.aa8fg(Arch_util.oa8fg)
 .text.OsalArch_enableInterrupt
                0x402fc9a4        0x4 C:/ti/pdk_am335x_1_0_17/packages/ti/osal/lib/nonos/am335x/a8/release/ti.osal.aa8fg(Arch_util.oa8fg)
                0x402fc9a4                OsalArch_enableInterrupt
 .text.OsalArch_disableInterrupt
                0x402fc9a8        0x4 C:/ti/pdk_am335x_1_0_17/packages/ti/osal/lib/nonos/am335x/a8/release/ti.osal.aa8fg(Arch_util.oa8fg)
                0x402fc9a8                OsalArch_disableInterrupt
 .text.OsalArch_globalDisableInterrupt
                0x402fc9ac        0x4 C:/ti/pdk_am335x_1_0_17/packages/ti/osal/lib/nonos/am335x/a8/release/ti.osal.aa8fg(Arch_util.oa8fg)
                0x402fc9ac                OsalArch_globalDisableInterrupt
 .text.OsalArch_globalRestoreInterrupt
                0x402fc9b0        0x4 C:/ti/pdk_am335x_1_0_17/packages/ti/osal/lib/nonos/am335x/a8/release/ti.osal.aa8fg(Arch_util.oa8fg)
                0x402fc9b0                OsalArch_globalRestoreInterrupt
 .text.OsalArch_HwiPCreate
                0x402fc9b4      0x1d8 C:/ti/pdk_am335x_1_0_17/packages/ti/osal/lib/nonos/am335x/a8/release/ti.osal.aa8fg(Arch_util.oa8fg)
                0x402fc9b4                OsalArch_HwiPCreate
 .text.OsalArch_HwiPDelete
                0x402fcb8c       0x28 C:/ti/pdk_am335x_1_0_17/packages/ti/osal/lib/nonos/am335x/a8/release/ti.osal.aa8fg(Arch_util.oa8fg)
                0x402fcb8c                OsalArch_HwiPDelete
 .text.Delay_32kFClk
                0x402fcbb4       0xa0 C:/ti/pdk_am335x_1_0_17/packages/ti/osal/lib/nonos/am335x/a8/release/ti.osal.aa8fg(delay.oa8fg)
                0x402fcbb4                Delay_32kFClk
 .text.Osal_delay
                0x402fcc54       0x20 C:/ti/pdk_am335x_1_0_17/packages/ti/osal/lib/nonos/am335x/a8/release/ti.osal.aa8fg(delay.oa8fg)
                0x402fcc54                Osal_delay
 .text.TIMEREnable
                0x402fcc74       0x5c C:/ti/pdk_am335x_1_0_17/packages/ti/csl/lib/am335x/a8/release/ti.csl.aa8fg(timer.oa8fg)
                0x402fcc74                TIMEREnable
 .text.TIMERDisable
                0x402fccd0       0x54 C:/ti/pdk_am335x_1_0_17/packages/ti/csl/lib/am335x/a8/release/ti.csl.aa8fg(timer.oa8fg)
                0x402fccd0                TIMERDisable
 .text.TIMERModeConfigure
                0x402fcd24       0xb0 C:/ti/pdk_am335x_1_0_17/packages/ti/csl/lib/am335x/a8/release/ti.csl.aa8fg(timer.oa8fg)
                0x402fcd24                TIMERModeConfigure
 .text.TIMERCounterSet
                0x402fcdd4       0x4c C:/ti/pdk_am335x_1_0_17/packages/ti/csl/lib/am335x/a8/release/ti.csl.aa8fg(timer.oa8fg)
                0x402fcdd4                TIMERCounterSet
 .text.TIMERCounterGet
                0x402fce20       0x38 C:/ti/pdk_am335x_1_0_17/packages/ti/csl/lib/am335x/a8/release/ti.csl.aa8fg(timer.oa8fg)
                0x402fce20                TIMERCounterGet
 .text.TIMERReloadSet
                0x402fce58       0x4c C:/ti/pdk_am335x_1_0_17/packages/ti/csl/lib/am335x/a8/release/ti.csl.aa8fg(timer.oa8fg)
                0x402fce58                TIMERReloadSet
 .text.TIMERIntDisable
                0x402fcea4       0x34 C:/ti/pdk_am335x_1_0_17/packages/ti/csl/lib/am335x/a8/release/ti.csl.aa8fg(timer.oa8fg)
                0x402fcea4                TIMERIntDisable
 .text          0x402fced8      0x114 c:/ti/gcc-arm-none-eabi-7-2018-q2-update/bin/../lib/gcc/arm-none-eabi/7.3.1/hard\libgcc.a(_udivsi3.o)
                0x402fced8                __aeabi_uidiv
                0x402fced8                __udivsi3
                0x402fcfcc                __aeabi_uidivmod
 .text          0x402fcfec      0x148 c:/ti/gcc-arm-none-eabi-7-2018-q2-update/bin/../lib/gcc/arm-none-eabi/7.3.1/hard\libgcc.a(_divsi3.o)
                0x402fcfec                __divsi3
                0x402fcfec                __aeabi_idiv
                0x402fd114                __aeabi_idivmod
 .text          0x402fd134        0x4 c:/ti/gcc-arm-none-eabi-7-2018-q2-update/bin/../lib/gcc/arm-none-eabi/7.3.1/hard\libgcc.a(_dvmd_tls.o)
                0x402fd134                __aeabi_idiv0
                0x402fd134                __aeabi_ldiv0
 *(.rodata*)
 .rodata.str1.4
                0x402fd138      0x207 C:/ti/pdk_am335x_1_0_17/packages/ti/board/obj/iceAMIC110/armv7/framework/framework.o
                                0x213 (size before relaxing)
 *fill*         0x402fd33f        0x1 
 .rodata.str1.4
                0x402fd340      0x112 C:/ti/pdk_am335x_1_0_17/packages/ti/board/obj/iceAMIC110/armv7/framework/eeprom_test.o
                                0x116 (size before relaxing)
 *fill*         0x402fd452        0x2 
 .rodata.str1.4
                0x402fd454       0xb3 C:/ti/pdk_am335x_1_0_17/packages/ti/board/obj/iceAMIC110/armv7/framework/uart_diag.o
                                0x113 (size before relaxing)
 *fill*         0x402fd507        0x1 
 .rodata.str1.4
                0x402fd508       0xc5 C:/ti/pdk_am335x_1_0_17/packages/ti/board/obj/iceAMIC110/armv7/framework/led_test.o
                                0x15b (size before relaxing)
 *fill*         0x402fd5cd        0x3 
 .rodata.str1.4
                0x402fd5d0      0x123 C:/ti/pdk_am335x_1_0_17/packages/ti/board/obj/iceAMIC110/armv7/framework/mcspi_diag.o
                                0x183 (size before relaxing)
 *fill*         0x402fd6f3        0x1 
 .rodata.str1.4
                0x402fd6f4      0x2d5 C:/ti/pdk_am335x_1_0_17/packages/ti/board/obj/iceAMIC110/armv7/framework/mem_test.o
                                0x335 (size before relaxing)
 *fill*         0x402fd9c9        0x3 
 .rodata._setlocale_r.str1.4
                0x402fd9cc        0xa c:/ti/gcc-arm-none-eabi-7-2018-q2-update/bin/../lib/gcc/arm-none-eabi/7.3.1/../../../../arm-none-eabi/lib/hard\libc.a(lib_a-locale.o)
                                  0xd (size before relaxing)
 *fill*         0x402fd9d6        0x2 
 .rodata.str1.4
                0x402fd9d8        0x2 c:/ti/gcc-arm-none-eabi-7-2018-q2-update/bin/../lib/gcc/arm-none-eabi/7.3.1/../../../../arm-none-eabi/lib/hard\libc.a(lib_a-locale.o)
 *fill*         0x402fd9da        0x2 
 .rodata._ctype_
                0x402fd9dc      0x101 c:/ti/gcc-arm-none-eabi-7-2018-q2-update/bin/../lib/gcc/arm-none-eabi/7.3.1/../../../../arm-none-eabi/lib/hard\libc.a(lib_a-ctype_.o)
                0x402fd9dc                _ctype_
 *fill*         0x402fdadd        0x3 
 .rodata.gChipDBResourceIDMap
                0x402fdae0      0x244 C:/ti/pdk_am335x_1_0_17/packages/ti/board/lib/iceAMIC110/a8/release/ti.board.aa8fg(hw_am335x_chipdb.oa8fg)
                0x402fdae0                gChipDBResourceIDMap
 .rodata.gChipDBBaseAddrTable
                0x402fdd24      0x200 C:/ti/pdk_am335x_1_0_17/packages/ti/board/lib/iceAMIC110/a8/release/ti.board.aa8fg(hw_am335x_chipdb_baseaddr.oa8fg)
                0x402fdd24                gChipDBBaseAddrTable
 .rodata.UART_convertVal.constprop.0.str1.4
                0x402fdf24       0x11 C:/ti/pdk_am335x_1_0_17/packages/ti/drv/uart/lib/am335x/a8/release/ti.drv.uart.aa8fg(UART_stdio.oa8fg)
 *fill*         0x402fdf35        0x3 
 .rodata.UART_printf.str1.4
                0x402fdf38        0x6 C:/ti/pdk_am335x_1_0_17/packages/ti/drv/uart/lib/am335x/a8/release/ti.drv.uart.aa8fg(UART_stdio.oa8fg)
                                  0xa (size before relaxing)
 *fill*         0x402fdf3e        0x2 
 .rodata.UART_stdioInit2.str1.4
                0x402fdf40        0xa C:/ti/pdk_am335x_1_0_17/packages/ti/drv/uart/lib/am335x/a8/release/ti.drv.uart.aa8fg(UART_stdio.oa8fg)
 *fill*         0x402fdf4a        0x2 
 .rodata.UART_defaultParams
                0x402fdf4c       0x2c C:/ti/pdk_am335x_1_0_17/packages/ti/drv/uart/lib/am335x/a8/release/ti.drv.uart.aa8fg(UART_drv.oa8fg)
                0x402fdf4c                UART_defaultParams
 .rodata.CSWTCH.11
                0x402fdf78       0x10 C:/ti/pdk_am335x_1_0_17/packages/ti/drv/uart/lib/am335x/a8/release/ti.drv.uart.aa8fg(UART_v1.oa8fg)
 .rodata.CSWTCH.13
                0x402fdf88        0xc C:/ti/pdk_am335x_1_0_17/packages/ti/drv/uart/lib/am335x/a8/release/ti.drv.uart.aa8fg(UART_v1.oa8fg)
 .rodata.UART_FxnTable_v1
                0x402fdf94       0x30 C:/ti/pdk_am335x_1_0_17/packages/ti/drv/uart/lib/am335x/a8/release/ti.drv.uart.aa8fg(UART_v1.oa8fg)
                0x402fdf94                UART_FxnTable_v1
 .rodata.UART_open_v1.str1.4
                0x402fdfc4        0xe C:/ti/pdk_am335x_1_0_17/packages/ti/drv/uart/lib/am335x/a8/release/ti.drv.uart.aa8fg(UART_v1.oa8fg)
 *fill*         0x402fdfd2        0x2 
 .rodata.I2C_defaultTransaction
                0x402fdfd4       0x28 C:/ti/pdk_am335x_1_0_17/packages/ti/drv/i2c/lib/am335x/a8/release/ti.drv.i2c.aa8fg(I2C_drv.oa8fg)
                0x402fdfd4                I2C_defaultTransaction
 .rodata.CSWTCH.36
                0x402fdffc        0xc C:/ti/pdk_am335x_1_0_17/packages/ti/drv/i2c/lib/am335x/a8/release/ti.drv.i2c.aa8fg(I2C_v1.oa8fg)
 .rodata.I2C_v1_FxnTable
                0x402fe008       0x14 C:/ti/pdk_am335x_1_0_17/packages/ti/drv/i2c/lib/am335x/a8/release/ti.drv.i2c.aa8fg(I2C_v1.oa8fg)
                0x402fe008                I2C_v1_FxnTable
 .rodata.GPIO_config
                0x402fe01c       0x24 C:/ti/pdk_am335x_1_0_17/packages/ti/drv/gpio/lib/am335x/a8/release/ti.drv.gpio.aa8fg(GPIO_soc.oa8fg)
                0x402fe01c                GPIO_config
 .rodata.CSWTCH.25
                0x402fe040       0x10 C:/ti/pdk_am335x_1_0_17/packages/ti/drv/gpio/lib/am335x/a8/release/ti.drv.gpio.aa8fg(GPIO_v1.oa8fg)
 .rodata.GPIO_FxnTable_v1
                0x402fe050       0x24 C:/ti/pdk_am335x_1_0_17/packages/ti/drv/gpio/lib/am335x/a8/release/ti.drv.gpio.aa8fg(GPIO_v1.oa8fg)
                0x402fe050                GPIO_FxnTable_v1
 .rodata.GPIO_toggle_v1.str1.4
                0x402fe074       0x11 C:/ti/pdk_am335x_1_0_17/packages/ti/drv/gpio/lib/am335x/a8/release/ti.drv.gpio.aa8fg(GPIO_v1.oa8fg)
 *fill*         0x402fe085        0x3 
 .rodata.MCSPI_defaultParams
                0x402fe088       0x20 C:/ti/pdk_am335x_1_0_17/packages/ti/drv/spi/lib/am335x/a8/release/ti.drv.spi.aa8fg(SPI_drv.oa8fg)
                0x402fe088                MCSPI_defaultParams
 .rodata.SPI_defaultParams
                0x402fe0a8       0x20 C:/ti/pdk_am335x_1_0_17/packages/ti/drv/spi/lib/am335x/a8/release/ti.drv.spi.aa8fg(SPI_drv.oa8fg)
                0x402fe0a8                SPI_defaultParams
 .rodata.MCSPI_FxnTable_v1
                0x402fe0c8       0x18 C:/ti/pdk_am335x_1_0_17/packages/ti/drv/spi/lib/am335x/a8/release/ti.drv.spi.aa8fg(SPI_v1.oa8fg)
                0x402fe0c8                MCSPI_FxnTable_v1
 .rodata.SPI_FxnTable_v1
                0x402fe0e0       0x1c C:/ti/pdk_am335x_1_0_17/packages/ti/drv/spi/lib/am335x/a8/release/ti.drv.spi.aa8fg(SPI_v1.oa8fg)
                0x402fe0e0                SPI_FxnTable_v1
 .rodata.QSPI_FxnTable_v1
                0x402fe0fc       0x1c C:/ti/pdk_am335x_1_0_17/packages/ti/drv/spi/lib/am335x/a8/release/ti.drv.spi.aa8fg(QSPI_v1.oa8fg)
                0x402fe0fc                QSPI_FxnTable_v1
 .rodata.QSPI_open_v1.str1.4
                0x402fe118       0x11 C:/ti/pdk_am335x_1_0_17/packages/ti/drv/spi/lib/am335x/a8/release/ti.drv.spi.aa8fg(QSPI_v1.oa8fg)
 *fill*         0x402fe129        0x3 
 .rodata.HwiP_delete.str1.4
                0x402fe12c       0x17 C:/ti/pdk_am335x_1_0_17/packages/ti/osal/lib/nonos/am335x/a8/release/ti.osal.aa8fg(HwiP_nonos.oa8fg)
 *fill*         0x402fe143        0x1 
 .rodata.SemaphoreP_delete.str1.4
                0x402fe144       0x20 C:/ti/pdk_am335x_1_0_17/packages/ti/osal/lib/nonos/am335x/a8/release/ti.osal.aa8fg(SemaphoreP_nonos.oa8fg)
                                 0x1d (size before relaxing)

.glue_7         0x402fe164        0x0
 .glue_7        0x402fe164        0x0 linker stubs

.glue_7t        0x402fe164        0x0
 .glue_7t       0x402fe164        0x0 linker stubs

.vfp11_veneer   0x402fe164        0x0
 .vfp11_veneer  0x402fe164        0x0 linker stubs

.v4_bx          0x402fe164        0x0
 .v4_bx         0x402fe164        0x0 linker stubs

.iplt           0x402fe164        0x0
 .iplt          0x402fe164        0x0 C:/ti/pdk_am335x_1_0_17/packages/ti/board/obj/iceAMIC110/armv7/framework/main.o

.rel.dyn        0x402fe164        0x0
 .rel.iplt      0x402fe164        0x0 C:/ti/pdk_am335x_1_0_17/packages/ti/board/obj/iceAMIC110/armv7/framework/main.o

.data           0x402fe168     0x1b10
                0x402fe168                . = ALIGN (0x4)
 *(.data*)
 .data          0x402fe168      0x8c8 C:/ti/pdk_am335x_1_0_17/packages/ti/board/obj/iceAMIC110/armv7/framework/framework.o
                0x402fe168                DIAG_numApp
                0x402fe16c                DIAG_appTbl
                0x402fea04                DIAG_cmdTbl
                0x402fea24                gDiagVersion
 .data          0x402fea30       0x48 C:/ti/pdk_am335x_1_0_17/packages/ti/board/obj/iceAMIC110/armv7/framework/GPIO_LED_config.o
                0x402fea30                GPIO_v1_config
                0x402fea44                gpioPinConfigs_amic
 .data._impure_ptr
                0x402fea78        0x4 c:/ti/gcc-arm-none-eabi-7-2018-q2-update/bin/../lib/gcc/arm-none-eabi/7.3.1/../../../../arm-none-eabi/lib/hard\libc.a(lib_a-impure.o)
                0x402fea78                _impure_ptr
 *fill*         0x402fea7c        0x4 
 .data.impure_data
                0x402fea80      0x428 c:/ti/gcc-arm-none-eabi-7-2018-q2-update/bin/../lib/gcc/arm-none-eabi/7.3.1/../../../../arm-none-eabi/lib/hard\libc.a(lib_a-impure.o)
 .data.__global_locale
                0x402feea8      0x16c c:/ti/gcc-arm-none-eabi-7-2018-q2-update/bin/../lib/gcc/arm-none-eabi/7.3.1/../../../../arm-none-eabi/lib/hard\libc.a(lib_a-locale.o)
                0x402feea8                __global_locale
 .data.gAMIC11xPinmuxData
                0x402ff014       0x68 C:/ti/pdk_am335x_1_0_17/packages/ti/board/lib/iceAMIC110/a8/release/ti.board.aa8fg(am335x_amic11x_pinmux_data.oa8fg)
                0x402ff014                gAMIC11xPinmuxData
 .data.gAdc0PinCfg
                0x402ff07c        0x8 C:/ti/pdk_am335x_1_0_17/packages/ti/board/lib/iceAMIC110/a8/release/ti.board.aa8fg(am335x_amic11x_pinmux_data.oa8fg)
 .data.gAdcPinCfg
                0x402ff084       0x10 C:/ti/pdk_am335x_1_0_17/packages/ti/board/lib/iceAMIC110/a8/release/ti.board.aa8fg(am335x_amic11x_pinmux_data.oa8fg)
 .data.gDebugss0PinCfg
                0x402ff094       0x48 C:/ti/pdk_am335x_1_0_17/packages/ti/board/lib/iceAMIC110/a8/release/ti.board.aa8fg(am335x_amic11x_pinmux_data.oa8fg)
 .data.gDebugssPinCfg
                0x402ff0dc       0x10 C:/ti/pdk_am335x_1_0_17/packages/ti/board/lib/iceAMIC110/a8/release/ti.board.aa8fg(am335x_amic11x_pinmux_data.oa8fg)
 .data.gEmif4PinCfg
                0x402ff0ec        0x8 C:/ti/pdk_am335x_1_0_17/packages/ti/board/lib/iceAMIC110/a8/release/ti.board.aa8fg(am335x_amic11x_pinmux_data.oa8fg)
 .data.gEmifPinCfg
                0x402ff0f4       0x10 C:/ti/pdk_am335x_1_0_17/packages/ti/board/lib/iceAMIC110/a8/release/ti.board.aa8fg(am335x_amic11x_pinmux_data.oa8fg)
 .data.gGlue0PinCfg
                0x402ff104       0x18 C:/ti/pdk_am335x_1_0_17/packages/ti/board/lib/iceAMIC110/a8/release/ti.board.aa8fg(am335x_amic11x_pinmux_data.oa8fg)
 .data.gGluePinCfg
                0x402ff11c       0x10 C:/ti/pdk_am335x_1_0_17/packages/ti/board/lib/iceAMIC110/a8/release/ti.board.aa8fg(am335x_amic11x_pinmux_data.oa8fg)
 .data.gGpio0PinCfg
                0x402ff12c       0x30 C:/ti/pdk_am335x_1_0_17/packages/ti/board/lib/iceAMIC110/a8/release/ti.board.aa8fg(am335x_amic11x_pinmux_data.oa8fg)
 .data.gGpio1PinCfg
                0x402ff15c       0x38 C:/ti/pdk_am335x_1_0_17/packages/ti/board/lib/iceAMIC110/a8/release/ti.board.aa8fg(am335x_amic11x_pinmux_data.oa8fg)
 .data.gGpio2PinCfg
                0x402ff194       0x38 C:/ti/pdk_am335x_1_0_17/packages/ti/board/lib/iceAMIC110/a8/release/ti.board.aa8fg(am335x_amic11x_pinmux_data.oa8fg)
 .data.gGpio3PinCfg
                0x402ff1cc       0x38 C:/ti/pdk_am335x_1_0_17/packages/ti/board/lib/iceAMIC110/a8/release/ti.board.aa8fg(am335x_amic11x_pinmux_data.oa8fg)
 .data.gGpioPinCfg
                0x402ff204       0x28 C:/ti/pdk_am335x_1_0_17/packages/ti/board/lib/iceAMIC110/a8/release/ti.board.aa8fg(am335x_amic11x_pinmux_data.oa8fg)
 .data.gI2c0PinCfg
                0x402ff22c       0x18 C:/ti/pdk_am335x_1_0_17/packages/ti/board/lib/iceAMIC110/a8/release/ti.board.aa8fg(am335x_amic11x_pinmux_data.oa8fg)
 .data.gI2cPinCfg
                0x402ff244       0x10 C:/ti/pdk_am335x_1_0_17/packages/ti/board/lib/iceAMIC110/a8/release/ti.board.aa8fg(am335x_amic11x_pinmux_data.oa8fg)
 .data.gMcasp1PinCfg
                0x402ff254       0x28 C:/ti/pdk_am335x_1_0_17/packages/ti/board/lib/iceAMIC110/a8/release/ti.board.aa8fg(am335x_amic11x_pinmux_data.oa8fg)
 .data.gMcaspPinCfg
                0x402ff27c       0x10 C:/ti/pdk_am335x_1_0_17/packages/ti/board/lib/iceAMIC110/a8/release/ti.board.aa8fg(am335x_amic11x_pinmux_data.oa8fg)
 .data.gMcspi0PinCfg
                0x402ff28c       0x30 C:/ti/pdk_am335x_1_0_17/packages/ti/board/lib/iceAMIC110/a8/release/ti.board.aa8fg(am335x_amic11x_pinmux_data.oa8fg)
 .data.gMcspi1PinCfg
                0x402ff2bc       0x28 C:/ti/pdk_am335x_1_0_17/packages/ti/board/lib/iceAMIC110/a8/release/ti.board.aa8fg(am335x_amic11x_pinmux_data.oa8fg)
 .data.gMcspiPinCfg
                0x402ff2e4       0x18 C:/ti/pdk_am335x_1_0_17/packages/ti/board/lib/iceAMIC110/a8/release/ti.board.aa8fg(am335x_amic11x_pinmux_data.oa8fg)
 .data.gOsc0PinCfg
                0x402ff2fc        0x8 C:/ti/pdk_am335x_1_0_17/packages/ti/board/lib/iceAMIC110/a8/release/ti.board.aa8fg(am335x_amic11x_pinmux_data.oa8fg)
 .data.gOscPinCfg
                0x402ff304       0x10 C:/ti/pdk_am335x_1_0_17/packages/ti/board/lib/iceAMIC110/a8/release/ti.board.aa8fg(am335x_amic11x_pinmux_data.oa8fg)
 .data.gPru_icss1PinCfg
                0x402ff314      0x140 C:/ti/pdk_am335x_1_0_17/packages/ti/board/lib/iceAMIC110/a8/release/ti.board.aa8fg(am335x_amic11x_pinmux_data.oa8fg)
 .data.gPru_icssPinCfg
                0x402ff454       0x10 C:/ti/pdk_am335x_1_0_17/packages/ti/board/lib/iceAMIC110/a8/release/ti.board.aa8fg(am335x_amic11x_pinmux_data.oa8fg)
 .data.gRtc0PinCfg
                0x402ff464       0x28 C:/ti/pdk_am335x_1_0_17/packages/ti/board/lib/iceAMIC110/a8/release/ti.board.aa8fg(am335x_amic11x_pinmux_data.oa8fg)
 .data.gRtcPinCfg
                0x402ff48c       0x10 C:/ti/pdk_am335x_1_0_17/packages/ti/board/lib/iceAMIC110/a8/release/ti.board.aa8fg(am335x_amic11x_pinmux_data.oa8fg)
 .data.gUart0PinCfg
                0x402ff49c       0x18 C:/ti/pdk_am335x_1_0_17/packages/ti/board/lib/iceAMIC110/a8/release/ti.board.aa8fg(am335x_amic11x_pinmux_data.oa8fg)
 .data.gUart1PinCfg
                0x402ff4b4       0x18 C:/ti/pdk_am335x_1_0_17/packages/ti/board/lib/iceAMIC110/a8/release/ti.board.aa8fg(am335x_amic11x_pinmux_data.oa8fg)
 .data.gUartPinCfg
                0x402ff4cc       0x18 C:/ti/pdk_am335x_1_0_17/packages/ti/board/lib/iceAMIC110/a8/release/ti.board.aa8fg(am335x_amic11x_pinmux_data.oa8fg)
 .data.UART_count
                0x402ff4e4        0x4 C:/ti/pdk_am335x_1_0_17/packages/ti/drv/uart/lib/am335x/a8/release/ti.drv.uart.aa8fg(UART_drv.oa8fg)
 .data.UART_config
                0x402ff4e8       0xa8 C:/ti/pdk_am335x_1_0_17/packages/ti/drv/uart/lib/am335x/a8/release/ti.drv.uart.aa8fg(UART_soc.oa8fg)
                0x402ff4e8                UART_config
 .data.uartInitCfg
                0x402ff590      0x1c8 C:/ti/pdk_am335x_1_0_17/packages/ti/drv/uart/lib/am335x/a8/release/ti.drv.uart.aa8fg(UART_soc.oa8fg)
                0x402ff590                uartInitCfg
 .data.I2C_count
                0x402ff758        0x4 C:/ti/pdk_am335x_1_0_17/packages/ti/drv/i2c/lib/am335x/a8/release/ti.drv.i2c.aa8fg(I2C_drv.oa8fg)
 .data.I2C_config
                0x402ff75c       0xa8 C:/ti/pdk_am335x_1_0_17/packages/ti/drv/i2c/lib/am335x/a8/release/ti.drv.i2c.aa8fg(I2C_soc.oa8fg)
                0x402ff75c                I2C_config
 .data.i2cInitCfg
                0x402ff804       0x78 C:/ti/pdk_am335x_1_0_17/packages/ti/drv/i2c/lib/am335x/a8/release/ti.drv.i2c.aa8fg(I2C_soc.oa8fg)
                0x402ff804                i2cInitCfg
 .data.GPIO_v1_hwAttrs
                0x402ff87c       0xa0 C:/ti/pdk_am335x_1_0_17/packages/ti/drv/gpio/lib/am335x/a8/release/ti.drv.gpio.aa8fg(GPIO_soc.oa8fg)
                0x402ff87c                GPIO_v1_hwAttrs
 .data.SPI_count
                0x402ff91c        0x4 C:/ti/pdk_am335x_1_0_17/packages/ti/drv/spi/lib/am335x/a8/release/ti.drv.spi.aa8fg(SPI_drv.oa8fg)
 .data.MCSPI_config
                0x402ff920      0x180 C:/ti/pdk_am335x_1_0_17/packages/ti/drv/spi/lib/am335x/a8/release/ti.drv.spi.aa8fg(SPI_soc.oa8fg)
                0x402ff920                MCSPI_config
 .data.SPI_config
                0x402ffaa0       0x60 C:/ti/pdk_am335x_1_0_17/packages/ti/drv/spi/lib/am335x/a8/release/ti.drv.spi.aa8fg(SPI_soc.oa8fg)
                0x402ffaa0                SPI_config
 .data.qspiInitCfg
                0x402ffb00       0x34 C:/ti/pdk_am335x_1_0_17/packages/ti/drv/spi/lib/am335x/a8/release/ti.drv.spi.aa8fg(SPI_soc.oa8fg)
                0x402ffb00                qspiInitCfg
 .data.spiInitCfg
                0x402ffb34      0x120 C:/ti/pdk_am335x_1_0_17/packages/ti/drv/spi/lib/am335x/a8/release/ti.drv.spi.aa8fg(SPI_soc.oa8fg)
                0x402ffb34                spiInitCfg
 .data.Osal_DebugP_Assert_Val
                0x402ffc54        0x1 C:/ti/pdk_am335x_1_0_17/packages/ti/osal/lib/nonos/am335x/a8/release/ti.osal.aa8fg(Utils_nonos.oa8fg)
                0x402ffc54                Osal_DebugP_Assert_Val
 *fill*         0x402ffc55        0x3 
 .data.gOsal_HwAttrs
                0x402ffc58       0x20 C:/ti/pdk_am335x_1_0_17/packages/ti/osal/lib/nonos/am335x/a8/release/ti.osal.aa8fg(Utils_nonos.oa8fg)
                0x402ffc58                gOsal_HwAttrs

.igot.plt       0x402ffc78        0x0
 .igot.plt      0x402ffc78        0x0 C:/ti/pdk_am335x_1_0_17/packages/ti/board/obj/iceAMIC110/armv7/framework/main.o

.bss            0x402ffc78     0x1620
                0x402ffc78                . = ALIGN (0x4)
                0x402ffc78                _bss_start = .
 *(.bss*)
 .bss           0x402ffc78        0x8 C:/ti/pdk_am335x_1_0_17/packages/ti/board/obj/iceAMIC110/armv7/framework/main.o
                0x402ffc78                breakDiagLoop
                0x402ffc7c                fatfsHandle
 .bss           0x402ffc80       0x34 C:/ti/pdk_am335x_1_0_17/packages/ti/board/obj/iceAMIC110/armv7/framework/GPIO_LED_config.o
                0x402ffc80                gpioCallbackFunctions_amic
 .bss           0x402ffcb4      0x408 C:/ti/pdk_am335x_1_0_17/packages/ti/board/obj/iceAMIC110/armv7/framework/intc.o
 .bss.icssPinMuxFlag
                0x403000bc        0x4 C:/ti/pdk_am335x_1_0_17/packages/ti/board/lib/iceAMIC110/a8/release/ti.board.aa8fg(iceAMIC110.oa8fg)
                0x403000bc                icssPinMuxFlag
 .bss.uart_stdio
                0x403000c0        0x8 C:/ti/pdk_am335x_1_0_17/packages/ti/drv/uart/lib/am335x/a8/release/ti.drv.uart.aa8fg(UART_stdio.oa8fg)
                0x403000c0                uart_stdio
 .bss.gpioCallbackInfo
                0x403000c8      0x100 C:/ti/pdk_am335x_1_0_17/packages/ti/drv/gpio/lib/am335x/a8/release/ti.drv.gpio.aa8fg(GPIO_v1.oa8fg)
 .bss.initCalled
                0x403001c8        0x1 C:/ti/pdk_am335x_1_0_17/packages/ti/drv/gpio/lib/am335x/a8/release/ti.drv.gpio.aa8fg(GPIO_v1.oa8fg)
 *fill*         0x403001c9        0x3 
 .bss.portHwiCreatedBitMask
                0x403001cc        0x4 C:/ti/pdk_am335x_1_0_17/packages/ti/drv/gpio/lib/am335x/a8/release/ti.drv.gpio.aa8fg(GPIO_v1.oa8fg)
 .bss.spiMutex  0x403001d0        0x4 C:/ti/pdk_am335x_1_0_17/packages/ti/drv/spi/lib/am335x/a8/release/ti.drv.spi.aa8fg(SPI_drv.oa8fg)
 .bss.gOsalHwiAllocCnt
                0x403001d4        0x4 C:/ti/pdk_am335x_1_0_17/packages/ti/osal/lib/nonos/am335x/a8/release/ti.osal.aa8fg(Utils_nonos.oa8fg)
                0x403001d4                gOsalHwiAllocCnt
 .bss.gOsalHwiPeak
                0x403001d8        0x4 C:/ti/pdk_am335x_1_0_17/packages/ti/osal/lib/nonos/am335x/a8/release/ti.osal.aa8fg(Utils_nonos.oa8fg)
                0x403001d8                gOsalHwiPeak
 .bss.gOsalSemAllocCnt
                0x403001dc        0x4 C:/ti/pdk_am335x_1_0_17/packages/ti/osal/lib/nonos/am335x/a8/release/ti.osal.aa8fg(Utils_nonos.oa8fg)
                0x403001dc                gOsalSemAllocCnt
 .bss.gOsalSemPeak
                0x403001e0        0x4 C:/ti/pdk_am335x_1_0_17/packages/ti/osal/lib/nonos/am335x/a8/release/ti.osal.aa8fg(Utils_nonos.oa8fg)
                0x403001e0                gOsalSemPeak
 .bss.hwiStructs
                0x403001e4       0xa0 C:/ti/pdk_am335x_1_0_17/packages/ti/osal/lib/nonos/am335x/a8/release/ti.osal.aa8fg(Arch_util.oa8fg)
 .bss.gTimerFirstTime
                0x40300284        0x4 C:/ti/pdk_am335x_1_0_17/packages/ti/osal/lib/nonos/am335x/a8/release/ti.osal.aa8fg(delay.oa8fg)
 *(COMMON)
 COMMON         0x40300288      0x308 C:/ti/pdk_am335x_1_0_17/packages/ti/board/obj/iceAMIC110/armv7/framework/mcspi_diag.o
                0x40300288                txBuf
                0x4030038c                rxBuf
                0x40300490                verifyBuf
 COMMON         0x40300590        0x4 C:/ti/pdk_am335x_1_0_17/packages/ti/board/lib/iceAMIC110/a8/release/ti.board.aa8fg(iceAMIC110.oa8fg)
                0x40300590                Board_obj
 COMMON         0x40300594      0x6d8 C:/ti/pdk_am335x_1_0_17/packages/ti/drv/uart/lib/am335x/a8/release/ti.drv.uart.aa8fg(UART_soc.oa8fg)
                0x40300594                UartObjects
                0x4030093c                UartObjects2
 COMMON         0x40300c6c      0x124 C:/ti/pdk_am335x_1_0_17/packages/ti/drv/i2c/lib/am335x/a8/release/ti.drv.i2c.aa8fg(I2C_soc.oa8fg)
                0x40300c6c                I2cObjects2
                0x40300cb8                I2cObjects
 COMMON         0x40300d90      0x3c8 C:/ti/pdk_am335x_1_0_17/packages/ti/drv/spi/lib/am335x/a8/release/ti.drv.spi.aa8fg(SPI_soc.oa8fg)
                0x40300d90                EspiObjects
                0x40300df8                QspiObjects
                0x40300e60                SpiObjects
 COMMON         0x40301158      0x140 C:/ti/pdk_am335x_1_0_17/packages/ti/osal/lib/nonos/am335x/a8/release/ti.osal.aa8fg(SemaphoreP_nonos.oa8fg)
                0x40301158                semStructs
                0x40301298                _bss_end = .

.heap           0x40301298     0x1000
                0x40301298                . = ALIGN (0x4)
                0x40301298                __end__ = .
                0x40301298                end = __end__
                0x40301298                __HeapBase = __end__
 *(.heap*)
                0x40302298                . = (. + 0x1000)
 *fill*         0x40301298     0x1000 
                0x40302298                __HeapLimit = .

.stack          0x40302298     0x1000
                0x40302298                . = ALIGN (0x8)
                0x40302298                __StackLimit = .
 *(.stack*)
                0x40303298                . = (. + 0x1000)
 *fill*         0x40302298     0x1000 
                0x40303298                __StackTop = .
                0x40303298                _stack = __StackTop
START GROUP
LOAD c:/ti/gcc-arm-none-eabi-7-2018-q2-update/bin/../lib/gcc/arm-none-eabi/7.3.1/../../../../arm-none-eabi/lib/hard\libc.a
LOAD c:/ti/gcc-arm-none-eabi-7-2018-q2-update/bin/../lib/gcc/arm-none-eabi/7.3.1/../../../../arm-none-eabi/lib/hard\librdimon.a
LOAD c:/ti/gcc-arm-none-eabi-7-2018-q2-update/bin/../lib/gcc/arm-none-eabi/7.3.1/../../../../arm-none-eabi/lib/hard\libm.a
LOAD c:/ti/gcc-arm-none-eabi-7-2018-q2-update/bin/../lib/gcc/arm-none-eabi/7.3.1/../../../../arm-none-eabi/lib/hard\libnosys.a
LOAD C:/ti/pdk_am335x_1_0_17/packages/ti/board/lib/iceAMIC110/a8/release/ti.board.aa8fg
LOAD C:/ti/pdk_am335x_1_0_17/packages/ti/osal/lib/nonos/am335x/a8/release/ti.osal.aa8fg
LOAD C:/ti/pdk_am335x_1_0_17/packages/ti/drv/uart/lib/am335x/a8/release/ti.drv.uart.aa8fg
LOAD C:/ti/pdk_am335x_1_0_17/packages/ti/drv/i2c/lib/am335x/a8/release/ti.drv.i2c.aa8fg
LOAD C:/ti/pdk_am335x_1_0_17/packages/ti/drv/gpio/lib/am335x/a8/release/ti.drv.gpio.aa8fg
LOAD C:/ti/pdk_am335x_1_0_17/packages/ti/drv/spi/lib/am335x/a8/release/ti.drv.spi.aa8fg
LOAD C:/ti/pdk_am335x_1_0_17/packages/ti/csl/lib/am335x/a8/release/ti.csl.aa8fg
END GROUP
START GROUP
LOAD c:/ti/gcc-arm-none-eabi-7-2018-q2-update/bin/../lib/gcc/arm-none-eabi/7.3.1/hard\libgcc.a
LOAD c:/ti/gcc-arm-none-eabi-7-2018-q2-update/bin/../lib/gcc/arm-none-eabi/7.3.1/../../../../arm-none-eabi/lib/hard\libc.a
END GROUP
OUTPUT(C:/ti/pdk_am335x_1_0_17/packages/ti/board/bin/iceAMIC110/armv7/framework_iceAMIC110_armv7.out elf32-littlearm)

.debug_info     0x00000000     0x8ba8
 .debug_info    0x00000000      0xb11 C:/ti/pdk_am335x_1_0_17/packages/ti/board/obj/iceAMIC110/armv7/framework/main.o
 .debug_info    0x00000b11     0x156b C:/ti/pdk_am335x_1_0_17/packages/ti/board/obj/iceAMIC110/armv7/framework/framework.o
 .debug_info    0x0000207c      0x9d0 C:/ti/pdk_am335x_1_0_17/packages/ti/board/obj/iceAMIC110/armv7/framework/eeprom_test.o
 .debug_info    0x00002a4c     0x1031 C:/ti/pdk_am335x_1_0_17/packages/ti/board/obj/iceAMIC110/armv7/framework/uart_diag.o
 .debug_info    0x00003a7d      0xc56 C:/ti/pdk_am335x_1_0_17/packages/ti/board/obj/iceAMIC110/armv7/framework/led_test.o
 .debug_info    0x000046d3     0x1699 C:/ti/pdk_am335x_1_0_17/packages/ti/board/obj/iceAMIC110/armv7/framework/mcspi_diag.o
 .debug_info    0x00005d6c      0xb36 C:/ti/pdk_am335x_1_0_17/packages/ti/board/obj/iceAMIC110/armv7/framework/mem_test.o
 .debug_info    0x000068a2      0xbde C:/ti/pdk_am335x_1_0_17/packages/ti/board/obj/iceAMIC110/armv7/framework/GPIO_LED_config.o
 .debug_info    0x00007480       0x26 C:/ti/pdk_am335x_1_0_17/packages/ti/board/obj/iceAMIC110/armv7/framework/framework_entry.ao
 .debug_info    0x000074a6      0xd94 C:/ti/pdk_am335x_1_0_17/packages/ti/board/obj/iceAMIC110/armv7/framework/intc.o
 .debug_info    0x0000823a      0x96e C:/ti/pdk_am335x_1_0_17/packages/ti/board/obj/iceAMIC110/armv7/framework/cpu.o

.debug_abbrev   0x00000000     0x1742
 .debug_abbrev  0x00000000      0x1d9 C:/ti/pdk_am335x_1_0_17/packages/ti/board/obj/iceAMIC110/armv7/framework/main.o
 .debug_abbrev  0x000001d9      0x2d8 C:/ti/pdk_am335x_1_0_17/packages/ti/board/obj/iceAMIC110/armv7/framework/framework.o
 .debug_abbrev  0x000004b1      0x1d1 C:/ti/pdk_am335x_1_0_17/packages/ti/board/obj/iceAMIC110/armv7/framework/eeprom_test.o
 .debug_abbrev  0x00000682      0x1f7 C:/ti/pdk_am335x_1_0_17/packages/ti/board/obj/iceAMIC110/armv7/framework/uart_diag.o
 .debug_abbrev  0x00000879      0x271 C:/ti/pdk_am335x_1_0_17/packages/ti/board/obj/iceAMIC110/armv7/framework/led_test.o
 .debug_abbrev  0x00000aea      0x2fa C:/ti/pdk_am335x_1_0_17/packages/ti/board/obj/iceAMIC110/armv7/framework/mcspi_diag.o
 .debug_abbrev  0x00000de4      0x2ab C:/ti/pdk_am335x_1_0_17/packages/ti/board/obj/iceAMIC110/armv7/framework/mem_test.o
 .debug_abbrev  0x0000108f      0x1b4 C:/ti/pdk_am335x_1_0_17/packages/ti/board/obj/iceAMIC110/armv7/framework/GPIO_LED_config.o
 .debug_abbrev  0x00001243       0x14 C:/ti/pdk_am335x_1_0_17/packages/ti/board/obj/iceAMIC110/armv7/framework/framework_entry.ao
 .debug_abbrev  0x00001257      0x303 C:/ti/pdk_am335x_1_0_17/packages/ti/board/obj/iceAMIC110/armv7/framework/intc.o
 .debug_abbrev  0x0000155a      0x1e8 C:/ti/pdk_am335x_1_0_17/packages/ti/board/obj/iceAMIC110/armv7/framework/cpu.o

.debug_aranges  0x00000000      0x158
 .debug_aranges
                0x00000000       0x20 C:/ti/pdk_am335x_1_0_17/packages/ti/board/obj/iceAMIC110/armv7/framework/main.o
 .debug_aranges
                0x00000020       0x20 C:/ti/pdk_am335x_1_0_17/packages/ti/board/obj/iceAMIC110/armv7/framework/framework.o
 .debug_aranges
                0x00000040       0x20 C:/ti/pdk_am335x_1_0_17/packages/ti/board/obj/iceAMIC110/armv7/framework/eeprom_test.o
 .debug_aranges
                0x00000060       0x20 C:/ti/pdk_am335x_1_0_17/packages/ti/board/obj/iceAMIC110/armv7/framework/uart_diag.o
 .debug_aranges
                0x00000080       0x20 C:/ti/pdk_am335x_1_0_17/packages/ti/board/obj/iceAMIC110/armv7/framework/led_test.o
 .debug_aranges
                0x000000a0       0x20 C:/ti/pdk_am335x_1_0_17/packages/ti/board/obj/iceAMIC110/armv7/framework/mcspi_diag.o
 .debug_aranges
                0x000000c0       0x20 C:/ti/pdk_am335x_1_0_17/packages/ti/board/obj/iceAMIC110/armv7/framework/mem_test.o
 .debug_aranges
                0x000000e0       0x18 C:/ti/pdk_am335x_1_0_17/packages/ti/board/obj/iceAMIC110/armv7/framework/GPIO_LED_config.o
 .debug_aranges
                0x000000f8       0x20 C:/ti/pdk_am335x_1_0_17/packages/ti/board/obj/iceAMIC110/armv7/framework/framework_entry.ao
 .debug_aranges
                0x00000118       0x20 C:/ti/pdk_am335x_1_0_17/packages/ti/board/obj/iceAMIC110/armv7/framework/intc.o
 .debug_aranges
                0x00000138       0x20 C:/ti/pdk_am335x_1_0_17/packages/ti/board/obj/iceAMIC110/armv7/framework/cpu.o

.debug_ranges   0x00000000       0x90
 .debug_ranges  0x00000000       0x10 C:/ti/pdk_am335x_1_0_17/packages/ti/board/obj/iceAMIC110/armv7/framework/main.o
 .debug_ranges  0x00000010       0x18 C:/ti/pdk_am335x_1_0_17/packages/ti/board/obj/iceAMIC110/armv7/framework/led_test.o
 .debug_ranges  0x00000028       0x68 C:/ti/pdk_am335x_1_0_17/packages/ti/board/obj/iceAMIC110/armv7/framework/mem_test.o

.debug_line     0x00000000     0x1d4c
 .debug_line    0x00000000      0x227 C:/ti/pdk_am335x_1_0_17/packages/ti/board/obj/iceAMIC110/armv7/framework/main.o
 .debug_line    0x00000227      0x367 C:/ti/pdk_am335x_1_0_17/packages/ti/board/obj/iceAMIC110/armv7/framework/framework.o
 .debug_line    0x0000058e      0x239 C:/ti/pdk_am335x_1_0_17/packages/ti/board/obj/iceAMIC110/armv7/framework/eeprom_test.o
 .debug_line    0x000007c7      0x364 C:/ti/pdk_am335x_1_0_17/packages/ti/board/obj/iceAMIC110/armv7/framework/uart_diag.o
 .debug_line    0x00000b2b      0x306 C:/ti/pdk_am335x_1_0_17/packages/ti/board/obj/iceAMIC110/armv7/framework/led_test.o
 .debug_line    0x00000e31      0x471 C:/ti/pdk_am335x_1_0_17/packages/ti/board/obj/iceAMIC110/armv7/framework/mcspi_diag.o
 .debug_line    0x000012a2      0x304 C:/ti/pdk_am335x_1_0_17/packages/ti/board/obj/iceAMIC110/armv7/framework/mem_test.o
 .debug_line    0x000015a6      0x243 C:/ti/pdk_am335x_1_0_17/packages/ti/board/obj/iceAMIC110/armv7/framework/GPIO_LED_config.o
 .debug_line    0x000017e9       0xd6 C:/ti/pdk_am335x_1_0_17/packages/ti/board/obj/iceAMIC110/armv7/framework/framework_entry.ao
 .debug_line    0x000018bf      0x2d4 C:/ti/pdk_am335x_1_0_17/packages/ti/board/obj/iceAMIC110/armv7/framework/intc.o
 .debug_line    0x00001b93      0x1b9 C:/ti/pdk_am335x_1_0_17/packages/ti/board/obj/iceAMIC110/armv7/framework/cpu.o

.debug_str      0x00000000     0x2332
 .debug_str     0x00000000      0x6ef C:/ti/pdk_am335x_1_0_17/packages/ti/board/obj/iceAMIC110/armv7/framework/main.o
                                0x76c (size before relaxing)
 .debug_str     0x000006ef      0x844 C:/ti/pdk_am335x_1_0_17/packages/ti/board/obj/iceAMIC110/armv7/framework/framework.o
                                0xf77 (size before relaxing)
 .debug_str     0x00000f33       0xbf C:/ti/pdk_am335x_1_0_17/packages/ti/board/obj/iceAMIC110/armv7/framework/eeprom_test.o
                                0x668 (size before relaxing)
 .debug_str     0x00000ff2      0x677 C:/ti/pdk_am335x_1_0_17/packages/ti/board/obj/iceAMIC110/armv7/framework/uart_diag.o
                                0xd92 (size before relaxing)
 .debug_str     0x00001669      0x176 C:/ti/pdk_am335x_1_0_17/packages/ti/board/obj/iceAMIC110/armv7/framework/led_test.o