Archive member included to satisfy reference by file (symbol)

c:/ti/gcc-arm-none-eabi-7-2018-q2-update/bin/../lib/gcc/arm-none-eabi/7.3.1/../../../../arm-none-eabi/lib/hard\libc.a(lib_a-atoi.o)
                              C:/ti/pdk_am335x_1_0_17/packages/ti/board/obj/icev2AM335x/armv7/framework.o (atoi)
c:/ti/gcc-arm-none-eabi-7-2018-q2-update/bin/../lib/gcc/arm-none-eabi/7.3.1/../../../../arm-none-eabi/lib/hard\libc.a(lib_a-memcpy-stub.o)
                              C:/ti/pdk_am335x_1_0_17/packages/ti/board/obj/icev2AM335x/armv7/diag_mmc.o (memcpy)
c:/ti/gcc-arm-none-eabi-7-2018-q2-update/bin/../lib/gcc/arm-none-eabi/7.3.1/../../../../arm-none-eabi/lib/hard\libc.a(lib_a-strcmp.o)
                              C:/ti/pdk_am335x_1_0_17/packages/ti/board/obj/icev2AM335x/armv7/framework.o (strcmp)
c:/ti/gcc-arm-none-eabi-7-2018-q2-update/bin/../lib/gcc/arm-none-eabi/7.3.1/../../../../arm-none-eabi/lib/hard\libc.a(lib_a-strlen-stub.o)
                              C:/ti/pdk_am335x_1_0_17/packages/ti/board/obj/icev2AM335x/armv7/framework.o (strlen)
c:/ti/gcc-arm-none-eabi-7-2018-q2-update/bin/../lib/gcc/arm-none-eabi/7.3.1/../../../../arm-none-eabi/lib/hard\libc.a(lib_a-strncpy.o)
                              C:/ti/pdk_am335x_1_0_17/packages/ti/board/obj/icev2AM335x/armv7/framework.o (strncpy)
c:/ti/gcc-arm-none-eabi-7-2018-q2-update/bin/../lib/gcc/arm-none-eabi/7.3.1/../../../../arm-none-eabi/lib/hard\libc.a(lib_a-strstr.o)
                              C:/ti/pdk_am335x_1_0_17/packages/ti/board/obj/icev2AM335x/armv7/framework.o (strstr)
c:/ti/gcc-arm-none-eabi-7-2018-q2-update/bin/../lib/gcc/arm-none-eabi/7.3.1/../../../../arm-none-eabi/lib/hard\libc.a(lib_a-strtol.o)
                              c:/ti/gcc-arm-none-eabi-7-2018-q2-update/bin/../lib/gcc/arm-none-eabi/7.3.1/../../../../arm-none-eabi/lib/hard\libc.a(lib_a-atoi.o) (_strtol_r)
c:/ti/gcc-arm-none-eabi-7-2018-q2-update/bin/../lib/gcc/arm-none-eabi/7.3.1/../../../../arm-none-eabi/lib/hard\libc.a(lib_a-impure.o)
                              c:/ti/gcc-arm-none-eabi-7-2018-q2-update/bin/../lib/gcc/arm-none-eabi/7.3.1/../../../../arm-none-eabi/lib/hard\libc.a(lib_a-strtol.o) (_impure_ptr)
c:/ti/gcc-arm-none-eabi-7-2018-q2-update/bin/../lib/gcc/arm-none-eabi/7.3.1/../../../../arm-none-eabi/lib/hard\libc.a(lib_a-locale.o)
                              c:/ti/gcc-arm-none-eabi-7-2018-q2-update/bin/../lib/gcc/arm-none-eabi/7.3.1/../../../../arm-none-eabi/lib/hard\libc.a(lib_a-strtol.o) (__locale_ctype_ptr_l)
c:/ti/gcc-arm-none-eabi-7-2018-q2-update/bin/../lib/gcc/arm-none-eabi/7.3.1/../../../../arm-none-eabi/lib/hard\libc.a(lib_a-mbtowc_r.o)
                              c:/ti/gcc-arm-none-eabi-7-2018-q2-update/bin/../lib/gcc/arm-none-eabi/7.3.1/../../../../arm-none-eabi/lib/hard\libc.a(lib_a-locale.o) (__ascii_mbtowc)
c:/ti/gcc-arm-none-eabi-7-2018-q2-update/bin/../lib/gcc/arm-none-eabi/7.3.1/../../../../arm-none-eabi/lib/hard\libc.a(lib_a-memchr-stub.o)
                              c:/ti/gcc-arm-none-eabi-7-2018-q2-update/bin/../lib/gcc/arm-none-eabi/7.3.1/../../../../arm-none-eabi/lib/hard\libc.a(lib_a-strstr.o) (memchr)
c:/ti/gcc-arm-none-eabi-7-2018-q2-update/bin/../lib/gcc/arm-none-eabi/7.3.1/../../../../arm-none-eabi/lib/hard\libc.a(lib_a-memcmp.o)
                              c:/ti/gcc-arm-none-eabi-7-2018-q2-update/bin/../lib/gcc/arm-none-eabi/7.3.1/../../../../arm-none-eabi/lib/hard\libc.a(lib_a-strstr.o) (memcmp)
c:/ti/gcc-arm-none-eabi-7-2018-q2-update/bin/../lib/gcc/arm-none-eabi/7.3.1/../../../../arm-none-eabi/lib/hard\libc.a(lib_a-strchr.o)
                              c:/ti/gcc-arm-none-eabi-7-2018-q2-update/bin/../lib/gcc/arm-none-eabi/7.3.1/../../../../arm-none-eabi/lib/hard\libc.a(lib_a-strstr.o) (strchr)
c:/ti/gcc-arm-none-eabi-7-2018-q2-update/bin/../lib/gcc/arm-none-eabi/7.3.1/../../../../arm-none-eabi/lib/hard\libc.a(lib_a-wctomb_r.o)
                              c:/ti/gcc-arm-none-eabi-7-2018-q2-update/bin/../lib/gcc/arm-none-eabi/7.3.1/../../../../arm-none-eabi/lib/hard\libc.a(lib_a-locale.o) (__ascii_wctomb)
c:/ti/gcc-arm-none-eabi-7-2018-q2-update/bin/../lib/gcc/arm-none-eabi/7.3.1/../../../../arm-none-eabi/lib/hard\libc.a(lib_a-ctype_.o)
                              c:/ti/gcc-arm-none-eabi-7-2018-q2-update/bin/../lib/gcc/arm-none-eabi/7.3.1/../../../../arm-none-eabi/lib/hard\libc.a(lib_a-locale.o) (_ctype_)
C:/ti/pdk_am335x_1_0_17/packages/ti/board/lib/icev2AM335x/a8/release/ti.board.aa8fg(icev2AM335x.oa8fg)
                              C:/ti/pdk_am335x_1_0_17/packages/ti/board/obj/icev2AM335x/armv7/main.o (Board_init)
C:/ti/pdk_am335x_1_0_17/packages/ti/board/lib/icev2AM335x/a8/release/ti.board.aa8fg(icev2AM335x_lld_init.oa8fg)
                              C:/ti/pdk_am335x_1_0_17/packages/ti/board/lib/icev2AM335x/a8/release/ti.board.aa8fg(icev2AM335x.oa8fg) (Board_uartStdioInit)
C:/ti/pdk_am335x_1_0_17/packages/ti/board/lib/icev2AM335x/a8/release/ti.board.aa8fg(icev2AM335x_ethernet_config.oa8fg)
[...]
Memory Configuration

Name             Origin             Length             Attributes
DDR0             0x80000000         0x40000000
DDR0_MEMTEST     0x80000000         0x0000a000
DIAG_MEM         0x402f0400         0x0001fc00         xrwl
SBL_MEM          0x402f0400         0x0001fc00         xrwl
OCMC_RAM         0x40300000         0x00010000         xrwl
*default*        0x00000000         0xffffffff

Linker script and memory map

LOAD C:/ti/pdk_am335x_1_0_17/packages/ti/board/obj/icev2AM335x/armv7/main.o
LOAD C:/ti/pdk_am335x_1_0_17/packages/ti/board/obj/icev2AM335x/armv7/framework.o
LOAD C:/ti/pdk_am335x_1_0_17/packages/ti/board/obj/icev2AM335x/armv7/MMCSD_soc.o
LOAD C:/ti/pdk_am335x_1_0_17/packages/ti/board/obj/icev2AM335x/armv7/diag_mmc.o
LOAD C:/ti/pdk_am335x_1_0_17/packages/ti/board/obj/icev2AM335x/armv7/framework_entry.ao
LOAD C:/ti/pdk_am335x_1_0_17/packages/ti/board/obj/icev2AM335x/armv7/intc.o
LOAD C:/ti/pdk_am335x_1_0_17/packages/ti/board/obj/icev2AM335x/armv7/cpu.o
LOAD C:/ti/pdk_am335x_1_0_17/packages/ti/board/obj/icev2AM335x/armv7/diag_common_cfg.o

.startcode      0x402f0400      0x124
                0x402f0400                . = ALIGN (0x4)
 *framework_entry.ao(.text)
 .text          0x402f0400      0x124 C:/ti/pdk_am335x_1_0_17/packages/ti/board/obj/icev2AM335x/armv7/framework_entry.ao
                0x402f0400                Entry
                0x402f04a4                SVC_Handler
                0x402f04cc                IRQHandler
                0x402f050c                FIQHandler
                0x402f0510                AbortHandler
                0x402f0510                UndefInstHandler

.text           0x402f0528    0x1433c
                0x402f0528                . = ALIGN (0x4)
 *(.text*)
 .text.startup  0x402f0528       0x4c C:/ti/pdk_am335x_1_0_17/packages/ti/board/obj/icev2AM335x/armv7/main.o
                0x402f0528                main
 .text          0x402f0574      0x53c C:/ti/pdk_am335x_1_0_17/packages/ti/board/obj/icev2AM335x/armv7/framework.o
                0x402f0574                DIAG_printMenu
                0x402f05ac                DIAG_printStatus
                0x402f0690                DIAG_runTest
                0x402f0804                DIAG_parseApps
                0x402f093c                DIAG_checkCmd
                0x402f0994                DIAG_main
                0x402f0a2c                DIAG_fread
                0x402f0aac                DIAG_fseek
 .text          0x402f0ab0      0x130 C:/ti/pdk_am335x_1_0_17/packages/ti/board/obj/icev2AM335x/armv7/diag_mmc.o
                0x402f0ab0                SBL_MulticoreImageParse
 .text          0x402f0be0      0x2bc C:/ti/pdk_am335x_1_0_17/packages/ti/board/obj/icev2AM335x/armv7/intc.o
                0x402f0bf8                INTCInit
                0x402f0c78                INTCConfigIntr
                0x402f0d0c                INTCEnableIntr
                0x402f0d44                INTCDisableIntr
                0x402f0d7c                INTCEnableCpuIntr
                0x402f0da4                INTCDisableCpuIntr
                0x402f0da8                INTCClearIntr
                0x402f0dd8                INTCTriggerSWIntr
                0x402f0e04                INTCSaveContext
                0x402f0e0c                INTCRestoreContext
                0x402f0e14                INTCCommonIntrHandler
 .text          0x402f0e9c       0x90 C:/ti/pdk_am335x_1_0_17/packages/ti/board/obj/icev2AM335x/armv7/cpu.o
                0x402f0e9c                CPUSwitchToPrivilegedMode
                0x402f0ea4                CPUSwitchToUserMode
                0x402f0eb8                CPUAbortHandler
                0x402f0ebc                CPUIntrStatus
                0x402f0ec8                CPUIntrDisable
                0x402f0f00                CPUIntrEnable
 .text.atoi     0x402f0f2c       0x18 c:/ti/gcc-arm-none-eabi-7-2018-q2-update/bin/../lib/gcc/arm-none-eabi/7.3.1/../../../../arm-none-eabi/lib/hard\libc.a(lib_a-atoi.o)
                0x402f0f2c                atoi
 .text.memcpy   0x402f0f44      0x110 c:/ti/gcc-arm-none-eabi-7-2018-q2-update/bin/../lib/gcc/arm-none-eabi/7.3.1/../../../../arm-none-eabi/lib/hard\libc.a(lib_a-memcpy-stub.o)
                0x402f0f44                memcpy
 .text          0x402f1054      0x224 c:/ti/gcc-arm-none-eabi-7-2018-q2-update/bin/../lib/gcc/arm-none-eabi/7.3.1/../../../../arm-none-eabi/lib/hard\libc.a(lib_a-strcmp.o)
                0x402f1054                strcmp
 .text.strlen   0x402f1278       0x60 c:/ti/gcc-arm-none-eabi-7-2018-q2-update/bin/../lib/gcc/arm-none-eabi/7.3.1/../../../../arm-none-eabi/lib/hard\libc.a(lib_a-strlen-stub.o)
                0x402f1278                strlen
 .text.strncpy  0x402f12d8       0xe0 c:/ti/gcc-arm-none-eabi-7-2018-q2-update/bin/../lib/gcc/arm-none-eabi/7.3.1/../../../../arm-none-eabi/lib/hard\libc.a(lib_a-strncpy.o)
                0x402f12d8                strncpy
 .text.critical_factorization
                0x402f13b8      0x114 c:/ti/gcc-arm-none-eabi-7-2018-q2-update/bin/../lib/gcc/arm-none-eabi/7.3.1/../../../../arm-none-eabi/lib/hard\libc.a(lib_a-strstr.o)
 .text.two_way_long_needle
                0x402f14cc      0x388 c:/ti/gcc-arm-none-eabi-7-2018-q2-update/bin/../lib/gcc/arm-none-eabi/7.3.1/../../../../arm-none-eabi/lib/hard\libc.a(lib_a-strstr.o)
 .text.strstr   0x402f1854      0x358 c:/ti/gcc-arm-none-eabi-7-2018-q2-update/bin/../lib/gcc/arm-none-eabi/7.3.1/../../../../arm-none-eabi/lib/hard\libc.a(lib_a-strstr.o)
                0x402f1854                strstr
 .text._strtol_l.isra.0
                0x402f1bac      0x1bc c:/ti/gcc-arm-none-eabi-7-2018-q2-update/bin/../lib/gcc/arm-none-eabi/7.3.1/../../../../arm-none-eabi/lib/hard\libc.a(lib_a-strtol.o)
 .text.strtol   0x402f1d68       0x4c c:/ti/gcc-arm-none-eabi-7-2018-q2-update/bin/../lib/gcc/arm-none-eabi/7.3.1/../../../../arm-none-eabi/lib/hard\libc.a(lib_a-strtol.o)
                0x402f1d68                strtol
 .text.__locale_ctype_ptr_l
                0x402f1db4        0x8 c:/ti/gcc-arm-none-eabi-7-2018-q2-update/bin/../lib/gcc/arm-none-eabi/7.3.1/../../../../arm-none-eabi/lib/hard\libc.a(lib_a-locale.o)
                0x402f1db4                __locale_ctype_ptr_l
 .text.__ascii_mbtowc
                0x402f1dbc       0x44 c:/ti/gcc-arm-none-eabi-7-2018-q2-update/bin/../lib/gcc/arm-none-eabi/7.3.1/../../../../arm-none-eabi/lib/hard\libc.a(lib_a-mbtowc_r.o)
                0x402f1dbc                __ascii_mbtowc
 .text.memchr   0x402f1e00      0x110 c:/ti/gcc-arm-none-eabi-7-2018-q2-update/bin/../lib/gcc/arm-none-eabi/7.3.1/../../../../arm-none-eabi/lib/hard\libc.a(lib_a-memchr-stub.o)
                0x402f1e00                memchr
 .text.memcmp   0x402f1f10      0x104 c:/ti/gcc-arm-none-eabi-7-2018-q2-update/bin/../lib/gcc/arm-none-eabi/7.3.1/../../../../arm-none-eabi/lib/hard\libc.a(lib_a-memcmp.o)
                0x402f1f10                memcmp
 .text.strchr   0x402f2014      0x184 c:/ti/gcc-arm-none-eabi-7-2018-q2-update/bin/../lib/gcc/arm-none-eabi/7.3.1/../../../../arm-none-eabi/lib/hard\libc.a(lib_a-strchr.o)
                0x402f2014                strchr
 .text.__ascii_wctomb
                0x402f2198       0x28 c:/ti/gcc-arm-none-eabi-7-2018-q2-update/bin/../lib/gcc/arm-none-eabi/7.3.1/../../../../arm-none-eabi/lib/hard\libc.a(lib_a-wctomb_r.o)
                0x402f2198                __ascii_wctomb
 .text.Board_moduleClockInit
                0x402f21c0      0x1ac C:/ti/pdk_am335x_1_0_17/packages/ti/board/lib/icev2AM335x/a8/release/ti.board.aa8fg(icev2AM335x.oa8fg)
                0x402f21c0                Board_moduleClockInit
 .text.Board_init
                0x402f236c       0x90 C:/ti/pdk_am335x_1_0_17/packages/ti/board/lib/icev2AM335x/a8/release/ti.board.aa8fg(icev2AM335x.oa8fg)
                0x402f236c                Board_init
 .text.Board_uartStdioInit
                0x402f23fc       0x1c C:/ti/pdk_am335x_1_0_17/packages/ti/board/lib/icev2AM335x/a8/release/ti.board.aa8fg(icev2AM335x_lld_init.oa8fg)
                0x402f23fc                Board_uartStdioInit
 .text.Board_GPIOPinConfig
                0x402f2418       0xd8 C:/ti/pdk_am335x_1_0_17/packages/ti/board/lib/icev2AM335x/a8/release/ti.board.aa8fg(icev2AM335x_ethernet_config.oa8fg)
 .text.Board_icssEthConfig
                0x402f24f0      0x1a8 C:/ti/pdk_am335x_1_0_17/packages/ti/board/lib/icev2AM335x/a8/release/ti.board.aa8fg(icev2AM335x_ethernet_config.oa8fg)
                0x402f24f0                Board_icssEthConfig
 .text.PINMUXModuleConfig
                0x402f2698      0x128 C:/ti/pdk_am335x_1_0_17/packages/ti/board/lib/icev2AM335x/a8/release/ti.board.aa8fg(icev2AM335x_pinmux.oa8fg)
                0x402f2698                PINMUXModuleConfig
 .text.Board_pinmuxConfig
                0x402f27c0      0x17c C:/ti/pdk_am335x_1_0_17/packages/ti/board/lib/icev2AM335x/a8/release/ti.board.aa8fg(icev2AM335x_pinmux.oa8fg)
                0x402f27c0                Board_pinmuxConfig
 .text.CHIPDBBaseAddress
                0x402f293c       0x38 C:/ti/pdk_am335x_1_0_17/packages/ti/board/lib/icev2AM335x/a8/release/ti.board.aa8fg(am335x_chipdb.oa8fg)
                0x402f293c                CHIPDBBaseAddress
 .text.PRCMModuleEnable
                0x402f2974     0x11ec C:/ti/pdk_am335x_1_0_17/packages/ti/board/lib/icev2AM335x/a8/release/ti.board.aa8fg(am335x_prcm.oa8fg)
                0x402f2974                PRCMModuleEnable
 .text.MMCSD_close
                0x402f3b60       0x1c C:/ti/pdk_am335x_1_0_17/packages/ti/drv/mmcsd/lib/a8/release/ti.drv.mmcsd.aa8fg(MMCSD_drv.oa8fg)
                0x402f3b60                MMCSD_close
 .text.MMCSD_control
                0x402f3b7c       0x1c C:/ti/pdk_am335x_1_0_17/packages/ti/drv/mmcsd/lib/a8/release/ti.drv.mmcsd.aa8fg(MMCSD_drv.oa8fg)
                0x402f3b7c                MMCSD_control
 .text.MMCSD_init
                0x402f3b98       0x78 C:/ti/pdk_am335x_1_0_17/packages/ti/drv/mmcsd/lib/a8/release/ti.drv.mmcsd.aa8fg(MMCSD_drv.oa8fg)
                0x402f3b98                MMCSD_init
 .text.MMCSD_open
                0x402f3c10       0x4c C:/ti/pdk_am335x_1_0_17/packages/ti/drv/mmcsd/lib/a8/release/ti.drv.mmcsd.aa8fg(MMCSD_drv.oa8fg)
                0x402f3c10                MMCSD_open
 .text.MMCSD_Params_init
                0x402f3c5c       0x18 C:/ti/pdk_am335x_1_0_17/packages/ti/drv/mmcsd/lib/a8/release/ti.drv.mmcsd.aa8fg(MMCSD_drv.oa8fg)
                0x402f3c5c                MMCSD_Params_init
 .text.MMCSD_write
                0x402f3c74       0x2c C:/ti/pdk_am335x_1_0_17/packages/ti/drv/mmcsd/lib/a8/release/ti.drv.mmcsd.aa8fg(MMCSD_drv.oa8fg)
                0x402f3c74                MMCSD_write
 .text.MMCSD_read
                0x402f3ca0       0x2c C:/ti/pdk_am335x_1_0_17/packages/ti/drv/mmcsd/lib/a8/release/ti.drv.mmcsd.aa8fg(MMCSD_drv.oa8fg)
                0x402f3ca0                MMCSD_read
 .text.MMCSD_v1_init
                0x402f3ccc       0x34 C:/ti/pdk_am335x_1_0_17/packages/ti/drv/mmcsd/lib/a8/release/ti.drv.mmcsd.aa8fg(MMCSD_v1.oa8fg)
 .text.MMCSD_v1_cmdStatusFxn
                0x402f3d00       0x94 C:/ti/pdk_am335x_1_0_17/packages/ti/drv/mmcsd/lib/a8/release/ti.drv.mmcsd.aa8fg(MMCSD_v1.oa8fg)
 .text.MMCSD_v1_transfer
                0x402f3d94      0x880 C:/ti/pdk_am335x_1_0_17/packages/ti/drv/mmcsd/lib/a8/release/ti.drv.mmcsd.aa8fg(MMCSD_v1.oa8fg)
 .text.mmcsd_check_transfer_ready
                0x402f4614       0xa0 C:/ti/pdk_am335x_1_0_17/packages/ti/drv/mmcsd/lib/a8/release/ti.drv.mmcsd.aa8fg(MMCSD_v1.oa8fg)
 .text.MMCSD_v1_read
                0x402f46b4      0x118 C:/ti/pdk_am335x_1_0_17/packages/ti/drv/mmcsd/lib/a8/release/ti.drv.mmcsd.aa8fg(MMCSD_v1.oa8fg)
 .text.MMCSD_v1_write
                0x402f47cc      0x118 C:/ti/pdk_am335x_1_0_17/packages/ti/drv/mmcsd/lib/a8/release/ti.drv.mmcsd.aa8fg(MMCSD_v1.oa8fg)
 .text.MMCSD_switch_card_speed
                0x402f48e4      0x44c C:/ti/pdk_am335x_1_0_17/packages/ti/drv/mmcsd/lib/a8/release/ti.drv.mmcsd.aa8fg(MMCSD_v1.oa8fg)
 .text.MMCSD_v1_control
                0x402f4d30      0x254 C:/ti/pdk_am335x_1_0_17/packages/ti/drv/mmcsd/lib/a8/release/ti.drv.mmcsd.aa8fg(MMCSD_v1.oa8fg)
 .text.MMCSD_v1_close
                0x402f4f84       0xbc C:/ti/pdk_am335x_1_0_17/packages/ti/drv/mmcsd/lib/a8/release/ti.drv.mmcsd.aa8fg(MMCSD_v1.oa8fg)
 .text.MMCSD_v1_hwiFxn
                0x402f5040      0x378 C:/ti/pdk_am335x_1_0_17/packages/ti/drv/mmcsd/lib/a8/release/ti.drv.mmcsd.aa8fg(MMCSD_v1.oa8fg)
                0x402f5040                MMCSD_v1_hwiFxn
 .text.MMCSD_v1_open
                0x402f53b8     0x13bc C:/ti/pdk_am335x_1_0_17/packages/ti/drv/mmcsd/lib/a8/release/ti.drv.mmcsd.aa8fg(MMCSD_v1.oa8fg)
 .text.HSMMCSDSoftReset
                0x402f6774       0x34 C:/ti/pdk_am335x_1_0_17/packages/ti/drv/mmcsd/lib/a8/release/ti.drv.mmcsd.aa8fg(MMCSD_v1_lld.oa8fg)
                0x402f6774                HSMMCSDSoftReset
 .text.HSMMCSDLinesReset
                0x402f67a8       0x2c C:/ti/pdk_am335x_1_0_17/packages/ti/drv/mmcsd/lib/a8/release/ti.drv.mmcsd.aa8fg(MMCSD_v1_lld.oa8fg)
                0x402f67a8                HSMMCSDLinesReset
 .text.HSMMCSDSystemConfig
                0x402f67d4       0x74 C:/ti/pdk_am335x_1_0_17/packages/ti/drv/mmcsd/lib/a8/release/ti.drv.mmcsd.aa8fg(MMCSD_v1_lld.oa8fg)
                0x402f67d4                HSMMCSDSystemConfig
 .text.HSMMCSDSetBusWidth
                0x402f6848       0x84 C:/ti/pdk_am335x_1_0_17/packages/ti/drv/mmcsd/lib/a8/release/ti.drv.mmcsd.aa8fg(MMCSD_v1_lld.oa8fg)
                0x402f6848                HSMMCSDSetBusWidth
 .text.HSMMCSDSetPAD
                0x402f68cc       0x1c C:/ti/pdk_am335x_1_0_17/packages/ti/drv/mmcsd/lib/a8/release/ti.drv.mmcsd.aa8fg(MMCSD_v1_lld.oa8fg)
                0x402f68cc                HSMMCSDSetPAD
 .text.HSMMCSDSetDLL
                0x402f68e8       0x74 C:/ti/pdk_am335x_1_0_17/packages/ti/drv/mmcsd/lib/a8/release/ti.drv.mmcsd.aa8fg(MMCSD_v1_lld.oa8fg)
                0x402f68e8                HSMMCSDSetDLL
 .text.HSMMCSDDisableTuning
                0x402f695c       0x34 C:/ti/pdk_am335x_1_0_17/packages/ti/drv/mmcsd/lib/a8/release/ti.drv.mmcsd.aa8fg(MMCSD_v1_lld.oa8fg)
                0x402f695c                HSMMCSDDisableTuning
 .text.HSMMCSDSetDLLSWT
                0x402f6990       0x1c C:/ti/pdk_am335x_1_0_17/packages/ti/drv/mmcsd/lib/a8/release/ti.drv.mmcsd.aa8fg(MMCSD_v1_lld.oa8fg)
                0x402f6990                HSMMCSDSetDLLSWT
 .text.HSMMCSDGetDLLSWT
                0x402f69ac       0x14 C:/ti/pdk_am335x_1_0_17/packages/ti/drv/mmcsd/lib/a8/release/ti.drv.mmcsd.aa8fg(MMCSD_v1_lld.oa8fg)
                0x402f69ac                HSMMCSDGetDLLSWT
 .text.HSMMCSDGetAC12SCLKSEL
                0x402f69c0       0x14 C:/ti/pdk_am335x_1_0_17/packages/ti/drv/mmcsd/lib/a8/release/ti.drv.mmcsd.aa8fg(MMCSD_v1_lld.oa8fg)
                0x402f69c0                HSMMCSDGetAC12SCLKSEL
 .text.HSMMCSDSetCLKEXTFree
                0x402f69d4       0x1c C:/ti/pdk_am335x_1_0_17/packages/ti/drv/mmcsd/lib/a8/release/ti.drv.mmcsd.aa8fg(MMCSD_v1_lld.oa8fg)
                0x402f69d4                HSMMCSDSetCLKEXTFree
 .text.HSMMCSDSetAC12UHSMode
                0x402f69f0       0x44 C:/ti/pdk_am335x_1_0_17/packages/ti/drv/mmcsd/lib/a8/release/ti.drv.mmcsd.aa8fg(MMCSD_v1_lld.oa8fg)
                0x402f69f0                HSMMCSDSetAC12UHSMode
 .text.HSMMCSDV18SigSet
                0x402f6a34       0x1c C:/ti/pdk_am335x_1_0_17/packages/ti/drv/mmcsd/lib/a8/release/ti.drv.mmcsd.aa8fg(MMCSD_v1_lld.oa8fg)
                0x402f6a34                HSMMCSDV18SigSet
 .text.HSMMCSDSetBusVolt
                0x402f6a50       0x1c C:/ti/pdk_am335x_1_0_17/packages/ti/drv/mmcsd/lib/a8/release/ti.drv.mmcsd.aa8fg(MMCSD_v1_lld.oa8fg)
                0x402f6a50                HSMMCSDSetBusVolt
 .text.HSMMCSDGetBusVolt
                0x402f6a6c       0x14 C:/ti/pdk_am335x_1_0_17/packages/ti/drv/mmcsd/lib/a8/release/ti.drv.mmcsd.aa8fg(MMCSD_v1_lld.oa8fg)
                0x402f6a6c                HSMMCSDGetBusVolt
 .text.HSMMCSDBusPowerOnCtrl
                0x402f6a80       0x50 C:/ti/pdk_am335x_1_0_17/packages/ti/drv/mmcsd/lib/a8/release/ti.drv.mmcsd.aa8fg(MMCSD_v1_lld.oa8fg)
                0x402f6a80                HSMMCSDBusPowerOnCtrl
 .text.HSMMCSDSetSupportedVoltage
                0x402f6ad0       0x1c C:/ti/pdk_am335x_1_0_17/packages/ti/drv/mmcsd/lib/a8/release/ti.drv.mmcsd.aa8fg(MMCSD_v1_lld.oa8fg)
                0x402f6ad0                HSMMCSDSetSupportedVoltage
 .text.HSMMCSDIsHighSpeedSupported
                0x402f6aec       0x14 C:/ti/pdk_am335x_1_0_17/packages/ti/drv/mmcsd/lib/a8/release/ti.drv.mmcsd.aa8fg(MMCSD_v1_lld.oa8fg)
                0x402f6aec                HSMMCSDIsHighSpeedSupported
 .text.HSMMCSDIsUHSSDR50Supported
                0x402f6b00       0x10 C:/ti/pdk_am335x_1_0_17/packages/ti/drv/mmcsd/lib/a8/release/ti.drv.mmcsd.aa8fg(MMCSD_v1_lld.oa8fg)
                0x402f6b00                HSMMCSDIsUHSSDR50Supported
 .text.HSMMCSDIsUHSSDR104Supported
                0x402f6b10       0x14 C:/ti/pdk_am335x_1_0_17/packages/ti/drv/mmcsd/lib/a8/release/ti.drv.mmcsd.aa8fg(MMCSD_v1_lld.oa8fg)
                0x402f6b10                HSMMCSDIsUHSSDR104Supported
 .text.HSMMCSDIsUHSDDR50Supported
                0x402f6b24       0x14 C:/ti/pdk_am335x_1_0_17/packages/ti/drv/mmcsd/lib/a8/release/ti.drv.mmcsd.aa8fg(MMCSD_v1_lld.oa8fg)
                0x402f6b24                HSMMCSDIsUHSDDR50Supported
 .text.HSMMCSDSetDataTimeout
                0x402f6b38       0x20 C:/ti/pdk_am335x_1_0_17/packages/ti/drv/mmcsd/lib/a8/release/ti.drv.mmcsd.aa8fg(MMCSD_v1_lld.oa8fg)
                0x402f6b38                HSMMCSDSetDataTimeout
 .text.HSMMCSDSetBusFreq
                0x402f6b58      0x1a4 C:/ti/pdk_am335x_1_0_17/packages/ti/drv/mmcsd/lib/a8/release/ti.drv.mmcsd.aa8fg(MMCSD_v1_lld.oa8fg)
                0x402f6b58                HSMMCSDSetBusFreq
 .text.HSMMCSDInitStreamSend
                0x402f6cfc       0xac C:/ti/pdk_am335x_1_0_17/packages/ti/drv/mmcsd/lib/a8/release/ti.drv.mmcsd.aa8fg(MMCSD_v1_lld.oa8fg)
                0x402f6cfc                HSMMCSDInitStreamSend
 .text.HSMMCSDIntrStatusEnable
                0x402f6da8       0x18 C:/ti/pdk_am335x_1_0_17/packages/ti/drv/mmcsd/lib/a8/release/ti.drv.mmcsd.aa8fg(MMCSD_v1_lld.oa8fg)
                0x402f6da8                HSMMCSDIntrStatusEnable
 .text.HSMMCSDIntrStatusDisable
                0x402f6dc0       0x18 C:/ti/pdk_am335x_1_0_17/packages/ti/drv/mmcsd/lib/a8/release/ti.drv.mmcsd.aa8fg(MMCSD_v1_lld.oa8fg)
                0x402f6dc0                HSMMCSDIntrStatusDisable
 .text.HSMMCSDIntrEnable
                0x402f6dd8       0x2c C:/ti/pdk_am335x_1_0_17/packages/ti/drv/mmcsd/lib/a8/release/ti.drv.mmcsd.aa8fg(MMCSD_v1_lld.oa8fg)
                0x402f6dd8                HSMMCSDIntrEnable
 .text.HSMMCSDIntrDisable
                0x402f6e04       0x18 C:/ti/pdk_am335x_1_0_17/packages/ti/drv/mmcsd/lib/a8/release/ti.drv.mmcsd.aa8fg(MMCSD_v1_lld.oa8fg)
                0x402f6e04                HSMMCSDIntrDisable
 .text.HSMMCSDIntrGet
                0x402f6e1c        0xc C:/ti/pdk_am335x_1_0_17/packages/ti/drv/mmcsd/lib/a8/release/ti.drv.mmcsd.aa8fg(MMCSD_v1_lld.oa8fg)
                0x402f6e1c                HSMMCSDIntrGet
 .text.HSMMCSDIntrStatus
                0x402f6e28        0xc C:/ti/pdk_am335x_1_0_17/packages/ti/drv/mmcsd/lib/a8/release/ti.drv.mmcsd.aa8fg(MMCSD_v1_lld.oa8fg)
                0x402f6e28                HSMMCSDIntrStatus
 .text.HSMMCSDIntrClear
                0x402f6e34        0xc C:/ti/pdk_am335x_1_0_17/packages/ti/drv/mmcsd/lib/a8/release/ti.drv.mmcsd.aa8fg(MMCSD_v1_lld.oa8fg)
                0x402f6e34                HSMMCSDIntrClear
 .text.HSMMCSDSetBlkLength
                0x402f6e40       0x1c C:/ti/pdk_am335x_1_0_17/packages/ti/drv/mmcsd/lib/a8/release/ti.drv.mmcsd.aa8fg(MMCSD_v1_lld.oa8fg)
                0x402f6e40                HSMMCSDSetBlkLength
 .text.HSMMCSDCommandSend
                0x402f6e5c       0x84 C:/ti/pdk_am335x_1_0_17/packages/ti/drv/mmcsd/lib/a8/release/ti.drv.mmcsd.aa8fg(MMCSD_v1_lld.oa8fg)
                0x402f6e5c                HSMMCSDCommandSend
 .text.HSMMCSDGetResponse
                0x402f6ee0       0x34 C:/ti/pdk_am335x_1_0_17/packages/ti/drv/mmcsd/lib/a8/release/ti.drv.mmcsd.aa8fg(MMCSD_v1_lld.oa8fg)
                0x402f6ee0                HSMMCSDGetResponse
 .text.HSMMCSDGetData
                0x402f6f14       0x28 C:/ti/pdk_am335x_1_0_17/packages/ti/drv/mmcsd/lib/a8/release/ti.drv.mmcsd.aa8fg(MMCSD_v1_lld.oa8fg)
                0x402f6f14                HSMMCSDGetData
 .text.HSMMCSDGetCmdSignalLevel
                0x402f6f3c       0x14 C:/ti/pdk_am335x_1_0_17/packages/ti/drv/mmcsd/lib/a8/release/ti.drv.mmcsd.aa8fg(MMCSD_v1_lld.oa8fg)
                0x402f6f3c                HSMMCSDGetCmdSignalLevel
 .text.get_ldnumber
                0x402f6f50       0x74 C:/ti/pdk_am335x_1_0_17/packages/ti/fs/fatfs/lib/a8/release/ti.fs.fatfs.aa8fg(ff.oa8fg)
 .text.validate
                0x402f6fc4       0x7c C:/ti/pdk_am335x_1_0_17/packages/ti/fs/fatfs/lib/a8/release/ti.fs.fatfs.aa8fg(ff.oa8fg)
 .text.mem_cpy.part.0
                0x402f7040       0x1c C:/ti/pdk_am335x_1_0_17/packages/ti/fs/fatfs/lib/a8/release/ti.fs.fatfs.aa8fg(ff.oa8fg)
 .text.sync_window.part.3
                0x402f705c       0x94 C:/ti/pdk_am335x_1_0_17/packages/ti/fs/fatfs/lib/a8/release/ti.fs.fatfs.aa8fg(ff.oa8fg)
 .text.sync_fs  0x402f70f0      0x124 C:/ti/pdk_am335x_1_0_17/packages/ti/fs/fatfs/lib/a8/release/ti.fs.fatfs.aa8fg(ff.oa8fg)
 .text.move_window.part.4
                0x402f7214       0x58 C:/ti/pdk_am335x_1_0_17/packages/ti/fs/fatfs/lib/a8/release/ti.fs.fatfs.aa8fg(ff.oa8fg)
 .text.check_fs
                0x402f726c       0xb4 C:/ti/pdk_am335x_1_0_17/packages/ti/fs/fatfs/lib/a8/release/ti.fs.fatfs.aa8fg(ff.oa8fg)
 .text.find_volume
                0x402f7320      0x4c0 C:/ti/pdk_am335x_1_0_17/packages/ti/fs/fatfs/lib/a8/release/ti.fs.fatfs.aa8fg(ff.oa8fg)
 .text.get_fat.isra.6
                0x402f77e0      0x16c C:/ti/pdk_am335x_1_0_17/packages/ti/fs/fatfs/lib/a8/release/ti.fs.fatfs.aa8fg(ff.oa8fg)
 .text.dir_sdi  0x402f794c      0x124 C:/ti/pdk_am335x_1_0_17/packages/ti/fs/fatfs/lib/a8/release/ti.fs.fatfs.aa8fg(ff.oa8fg)
 .text.put_fat.part.7
                0x402f7a70      0x1d8 C:/ti/pdk_am335x_1_0_17/packages/ti/fs/fatfs/lib/a8/release/ti.fs.fatfs.aa8fg(ff.oa8fg)
 .text.create_chain
                0x402f7c48      0x16c C:/ti/pdk_am335x_1_0_17/packages/ti/fs/fatfs/lib/a8/release/ti.fs.fatfs.aa8fg(ff.oa8fg)
 .text.dir_next
                0x402f7db4      0x1e4 C:/ti/pdk_am335x_1_0_17/packages/ti/fs/fatfs/lib/a8/release/ti.fs.fatfs.aa8fg(ff.oa8fg)
 .text.remove_chain
                0x402f7f98       0xf8 C:/ti/pdk_am335x_1_0_17/packages/ti/fs/fatfs/lib/a8/release/ti.fs.fatfs.aa8fg(ff.oa8fg)
 .text.get_fileinfo.part.8
                0x402f8090      0x170 C:/ti/pdk_am335x_1_0_17/packages/ti/fs/fatfs/lib/a8/release/ti.fs.fatfs.aa8fg(ff.oa8fg)
 .text.dir_read.constprop.11
                0x402f8200      0x208 C:/ti/pdk_am335x_1_0_17/packages/ti/fs/fatfs/lib/a8/release/ti.fs.fatfs.aa8fg(ff.oa8fg)
 .text.dir_find
                0x402f8408      0x2c8 C:/ti/pdk_am335x_1_0_17/packages/ti/fs/fatfs/lib/a8/release/ti.fs.fatfs.aa8fg(ff.oa8fg)
 .text.follow_path
                0x402f86d0      0x47c C:/ti/pdk_am335x_1_0_17/packages/ti/fs/fatfs/lib/a8/release/ti.fs.fatfs.aa8fg(ff.oa8fg)
 .text.dir_register
                0x402f8b4c      0x524 C:/ti/pdk_am335x_1_0_17/packages/ti/fs/fatfs/lib/a8/release/ti.fs.fatfs.aa8fg(ff.oa8fg)
 .text.f_mount  0x402f9070       0x98 C:/ti/pdk_am335x_1_0_17/packages/ti/fs/fatfs/lib/a8/release/ti.fs.fatfs.aa8fg(ff.oa8fg)
                0x402f9070                f_mount
 .text.f_open   0x402f9108      0x2c0 C:/ti/pdk_am335x_1_0_17/packages/ti/fs/fatfs/lib/a8/release/ti.fs.fatfs.aa8fg(ff.oa8fg)
                0x402f9108                f_open
 .text.f_read   0x402f93c8      0x238 C:/ti/pdk_am335x_1_0_17/packages/ti/fs/fatfs/lib/a8/release/ti.fs.fatfs.aa8fg(ff.oa8fg)
                0x402f93c8                f_read
 .text.f_sync   0x402f9600      0x144 C:/ti/pdk_am335x_1_0_17/packages/ti/fs/fatfs/lib/a8/release/ti.fs.fatfs.aa8fg(ff.oa8fg)
                0x402f9600                f_sync
 .text.f_close  0x402f9744       0x3c C:/ti/pdk_am335x_1_0_17/packages/ti/fs/fatfs/lib/a8/release/ti.fs.fatfs.aa8fg(ff.oa8fg)
                0x402f9744                f_close
 .text.f_lseek  0x402f9780      0x280 C:/ti/pdk_am335x_1_0_17/packages/ti/fs/fatfs/lib/a8/release/ti.fs.fatfs.aa8fg(ff.oa8fg)
                0x402f9780                f_lseek
 .text.f_opendir
                0x402f9a00      0x10c C:/ti/pdk_am335x_1_0_17/packages/ti/fs/fatfs/lib/a8/release/ti.fs.fatfs.aa8fg(ff.oa8fg)
                0x402f9a00                f_opendir
 .text.f_readdir
                0x402f9b0c       0xa4 C:/ti/pdk_am335x_1_0_17/packages/ti/fs/fatfs/lib/a8/release/ti.fs.fatfs.aa8fg(ff.oa8fg)
                0x402f9b0c                f_readdir
 .text.FATFS_diskIOctrl
                0x402f9bb0        0x8 C:/ti/pdk_am335x_1_0_17/packages/ti/fs/fatfs/lib/a8/release/ti.fs.fatfs.aa8fg(FATFS_drv.oa8fg)
 .text.FATFS_diskRead
                0x402f9bb8       0x64 C:/ti/pdk_am335x_1_0_17/packages/ti/fs/fatfs/lib/a8/release/ti.fs.fatfs.aa8fg(FATFS_drv.oa8fg)
 .text.FATFS_diskStatus
                0x402f9c1c       0x1c C:/ti/pdk_am335x_1_0_17/packages/ti/fs/fatfs/lib/a8/release/ti.fs.fatfs.aa8fg(FATFS_drv.oa8fg)
 .text.FATFS_diskWrite
                0x402f9c38       0x74 C:/ti/pdk_am335x_1_0_17/packages/ti/fs/fatfs/lib/a8/release/ti.fs.fatfs.aa8fg(FATFS_drv.oa8fg)
 .text.FATFS_readBootSector
                0x402f9cac      0x1cc C:/ti/pdk_am335x_1_0_17/packages/ti/fs/fatfs/lib/a8/release/ti.fs.fatfs.aa8fg(FATFS_drv.oa8fg)
 .text.FATFS_diskInitialize
                0x402f9e78       0xd0 C:/ti/pdk_am335x_1_0_17/packages/ti/fs/fatfs/lib/a8/release/ti.fs.fatfs.aa8fg(FATFS_drv.oa8fg)
 .text.FATFS_close
                0x402f9f48       0xe8 C:/ti/pdk_am335x_1_0_17/packages/ti/fs/fatfs/lib/a8/release/ti.fs.fatfs.aa8fg(FATFS_drv.oa8fg)
                0x402f9f48                FATFS_close
 .text.FATFS_init
                0x402fa030       0x70 C:/ti/pdk_am335x_1_0_17/packages/ti/fs/fatfs/lib/a8/release/ti.fs.fatfs.aa8fg(FATFS_drv.oa8fg)
                0x402fa030                FATFS_init
 .text.FATFS_open
                0x402fa0a0      0x1b4 C:/ti/pdk_am335x_1_0_17/packages/ti/fs/fatfs/lib/a8/release/ti.fs.fatfs.aa8fg(FATFS_drv.oa8fg)
                0x402fa0a0                FATFS_open
 .text.disk_register
                0x402fa254       0x48 C:/ti/pdk_am335x_1_0_17/packages/ti/fs/fatfs/lib/a8/release/ti.fs.fatfs.aa8fg(diskio.oa8fg)
                0x402fa254                disk_register
 .text.disk_unregister
                0x402fa29c       0x44 C:/ti/pdk_am335x_1_0_17/packages/ti/fs/fatfs/lib/a8/release/ti.fs.fatfs.aa8fg(diskio.oa8fg)
                0x402fa29c                disk_unregister
 .text.disk_initialize
                0x402fa2e0       0x28 C:/ti/pdk_am335x_1_0_17/packages/ti/fs/fatfs/lib/a8/release/ti.fs.fatfs.aa8fg(diskio.oa8fg)
                0x402fa2e0                disk_initialize
 .text.disk_status
                0x402fa308       0x28 C:/ti/pdk_am335x_1_0_17/packages/ti/fs/fatfs/lib/a8/release/ti.fs.fatfs.aa8fg(diskio.oa8fg)
                0x402fa308                disk_status
 .text.disk_read
                0x402fa330       0x38 C:/ti/pdk_am335x_1_0_17/packages/ti/fs/fatfs/lib/a8/release/ti.fs.fatfs.aa8fg(diskio.oa8fg)
                0x402fa330                disk_read
 .text.disk_write
                0x402fa368       0x38 C:/ti/pdk_am335x_1_0_17/packages/ti/fs/fatfs/lib/a8/release/ti.fs.fatfs.aa8fg(diskio.oa8fg)
                0x402fa368                disk_write
 .text.disk_ioctl
                0x402fa3a0       0x28 C:/ti/pdk_am335x_1_0_17/packages/ti/fs/fatfs/lib/a8/release/ti.fs.fatfs.aa8fg(diskio.oa8fg)
                0x402fa3a0                disk_ioctl
 .text.get_fattime
                0x402fa3c8        0xc C:/ti/pdk_am335x_1_0_17/packages/ti/fs/fatfs/lib/a8/release/ti.fs.fatfs.aa8fg(diskio.oa8fg)
                0x402fa3c8                get_fattime
 .text.uart_console_putc
                0x402fa3d4       0x58 C:/ti/pdk_am335x_1_0_17/packages/ti/drv/uart/lib/am335x/a8/release/ti.drv.uart.aa8fg(UART_stdio.oa8fg)
 .text.UART_stdioInit
                0x402fa42c       0x90 C:/ti/pdk_am335x_1_0_17/packages/ti/drv/uart/lib/am335x/a8/release/ti.drv.uart.aa8fg(UART_stdio.oa8fg)
                0x402fa42c                UART_stdioInit
 .text.UART_dataWrite
                0x402fa4bc       0x5c C:/ti/pdk_am335x_1_0_17/packages/ti/drv/uart/lib/am335x/a8/release/ti.drv.uart.aa8fg(UART_stdio.oa8fg)
                0x402fa4bc                UART_dataWrite
 .text.UART_convertVal.constprop.0
                0x402fa518      0x16c C:/ti/pdk_am335x_1_0_17/packages/ti/drv/uart/lib/am335x/a8/release/ti.drv.uart.aa8fg(UART_stdio.oa8fg)
 .text.UART_printf
                0x402fa684      0x2d4 C:/ti/pdk_am335x_1_0_17/packages/ti/drv/uart/lib/am335x/a8/release/ti.drv.uart.aa8fg(UART_stdio.oa8fg)
                0x402fa684                UART_printf
 .text.UART_scanFmt
                0x402fa958      0x760 C:/ti/pdk_am335x_1_0_17/packages/ti/drv/uart/lib/am335x/a8/release/ti.drv.uart.aa8fg(UART_stdio.oa8fg)
                0x402fa958                UART_scanFmt
 .text.UART_ASCIIUtils_charToDigit
                0x402fb0b8       0x7c C:/ti/pdk_am335x_1_0_17/packages/ti/drv/uart/lib/am335x/a8/release/ti.drv.uart.aa8fg(UART_ascii_utils.oa8fg)
                0x402fb0b8                UART_ASCIIUtils_charToDigit
 .text.UART_init
                0x402fb134       0x6c C:/ti/pdk_am335x_1_0_17/packages/ti/drv/uart/lib/am335x/a8/release/ti.drv.uart.aa8fg(UART_drv.oa8fg)
                0x402fb134                UART_init
 .text.UART_open
                0x402fb1a0       0x20 C:/ti/pdk_am335x_1_0_17/packages/ti/drv/uart/lib/am335x/a8/release/ti.drv.uart.aa8fg(UART_drv.oa8fg)
                0x402fb1a0                UART_open
 .text.UART_Params_init
                0x402fb1c0       0x2c C:/ti/pdk_am335x_1_0_17/packages/ti/drv/uart/lib/am335x/a8/release/ti.drv.uart.aa8fg(UART_drv.oa8fg)
                0x402fb1c0                UART_Params_init
 .text.UART_readPolling
                0x402fb1ec        0xc C:/ti/pdk_am335x_1_0_17/packages/ti/drv/uart/lib/am335x/a8/release/ti.drv.uart.aa8fg(UART_drv.oa8fg)
                0x402fb1ec                UART_readPolling
 .text.UART_write
                0x402fb1f8        0xc C:/ti/pdk_am335x_1_0_17/packages/ti/drv/uart/lib/am335x/a8/release/ti.drv.uart.aa8fg(UART_drv.oa8fg)
                0x402fb1f8                UART_write
 .text.UART_writePolling
                0x402fb204        0xc C:/ti/pdk_am335x_1_0_17/packages/ti/drv/uart/lib/am335x/a8/release/ti.drv.uart.aa8fg(UART_drv.oa8fg)
                0x402fb204                UART_writePolling
 .text.UART_init_v1
                0x402fb210       0x10 C:/ti/pdk_am335x_1_0_17/packages/ti/drv/uart/lib/am335x/a8/release/ti.drv.uart.aa8fg(UART_v1.oa8fg)
 .text.UART_control_v1
                0x402fb220        0x8 C:/ti/pdk_am335x_1_0_17/packages/ti/drv/uart/lib/am335x/a8/release/ti.drv.uart.aa8fg(UART_v1.oa8fg)
 .text.UART_open_v1
                0x402fb228      0x31c C:/ti/pdk_am335x_1_0_17/packages/ti/drv/uart/lib/am335x/a8/release/ti.drv.uart.aa8fg(UART_v1.oa8fg)
 .text.UART_close_v1
                0x402fb544       0xb8 C:/ti/pdk_am335x_1_0_17/packages/ti/drv/uart/lib/am335x/a8/release/ti.drv.uart.aa8fg(UART_v1.oa8fg)
 .text.UART_writeCancelNoCB.isra.0
                0x402fb5fc       0x78 C:/ti/pdk_am335x_1_0_17/packages/ti/drv/uart/lib/am335x/a8/release/ti.drv.uart.aa8fg(UART_v1.oa8fg)
 .text.UART_writeCancel_v1
                0x402fb674       0x48 C:/ti/pdk_am335x_1_0_17/packages/ti/drv/uart/lib/am335x/a8/release/ti.drv.uart.aa8fg(UART_v1.oa8fg)
 .text.UART_readCancelNoCB.isra.2
                0x402fb6bc       0x8c C:/ti/pdk_am335x_1_0_17/packages/ti/drv/uart/lib/am335x/a8/release/ti.drv.uart.aa8fg(UART_v1.oa8fg)
 .text.UART_charPut_v1.isra.4
                0x402fb748       0x5c C:/ti/pdk_am335x_1_0_17/packages/ti/drv/uart/lib/am335x/a8/release/ti.drv.uart.aa8fg(UART_v1.oa8fg)
 .text.UART_writePolling_v1
                0x402fb7a4       0xc0 C:/ti/pdk_am335x_1_0_17/packages/ti/drv/uart/lib/am335x/a8/release/ti.drv.uart.aa8fg(UART_v1.oa8fg)
 .text.UART_write2_v1
                0x402fb864      0x264 C:/ti/pdk_am335x_1_0_17/packages/ti/drv/uart/lib/am335x/a8/release/ti.drv.uart.aa8fg(UART_v1.oa8fg)
 .text.UART_write_v1
                0x402fbac8       0x7c C:/ti/pdk_am335x_1_0_17/packages/ti/drv/uart/lib/am335x/a8/release/ti.drv.uart.aa8fg(UART_v1.oa8fg)
 .text.UART_readPolling_v1
                0x402fbb44      0x12c C:/ti/pdk_am335x_1_0_17/packages/ti/drv/uart/lib/am335x/a8/release/ti.drv.uart.aa8fg(UART_v1.oa8fg)
 .text.UART_v1_callback
                0x402fbc70       0x98 C:/ti/pdk_am335x_1_0_17/packages/ti/drv/uart/lib/am335x/a8/release/ti.drv.uart.aa8fg(UART_v1.oa8fg)
                0x402fbc70                UART_v1_callback
 .text.UART_read2_v1
                0x402fbd08      0x274 C:/ti/pdk_am335x_1_0_17/packages/ti/drv/uart/lib/am335x/a8/release/ti.drv.uart.aa8fg(UART_v1.oa8fg)
 .text.UART_read_v1
                0x402fbf7c       0x7c C:/ti/pdk_am335x_1_0_17/packages/ti/drv/uart/lib/am335x/a8/release/ti.drv.uart.aa8fg(UART_v1.oa8fg)
 .text.UART_readCancel_v1
                0x402fbff8       0x34 C:/ti/pdk_am335x_1_0_17/packages/ti/drv/uart/lib/am335x/a8/release/ti.drv.uart.aa8fg(UART_v1.oa8fg)
 .text.UART_v1_hwiIntFxn
                0x402fc02c      0x544 C:/ti/pdk_am335x_1_0_17/packages/ti/drv/uart/lib/am335x/a8/release/ti.drv.uart.aa8fg(UART_v1.oa8fg)
 .text.GPIOModuleEnable
                0x402fc570       0x14 C:/ti/pdk_am335x_1_0_17/packages/ti/csl/lib/am335x/a8/release/ti.csl.aa8fg(gpio_v2.oa8fg)
                0x402fc570                GPIOModuleEnable
 .text.GPIODirModeSet
                0x402fc584       0x28 C:/ti/pdk_am335x_1_0_17/packages/ti/csl/lib/am335x/a8/release/ti.csl.aa8fg(gpio_v2.oa8fg)
                0x402fc584                GPIODirModeSet
 .text.GPIOPinWrite
                0x402fc5ac       0x1c C:/ti/pdk_am335x_1_0_17/packages/ti/csl/lib/am335x/a8/release/ti.csl.aa8fg(gpio_v2.oa8fg)
                0x402fc5ac                GPIOPinWrite
 .text.GPIOPinIntEnable
                0x402fc5c8       0x1c C:/ti/pdk_am335x_1_0_17/packages/ti/csl/lib/am335x/a8/release/ti.csl.aa8fg(gpio_v2.oa8fg)
                0x402fc5c8                GPIOPinIntEnable
 .text.GPIOPinIntDisable
                0x402fc5e4       0x1c C:/ti/pdk_am335x_1_0_17/packages/ti/csl/lib/am335x/a8/release/ti.csl.aa8fg(gpio_v2.oa8fg)
                0x402fc5e4                GPIOPinIntDisable
 .text.GPIOIntTypeSet
                0x402fc600      0x188 C:/ti/pdk_am335x_1_0_17/packages/ti/csl/lib/am335x/a8/release/ti.csl.aa8fg(gpio_v2.oa8fg)
                0x402fc600                GPIOIntTypeSet
 .text.GPIOWakeupGlobalDisable
                0x402fc788       0x14 C:/ti/pdk_am335x_1_0_17/packages/ti/csl/lib/am335x/a8/release/ti.csl.aa8fg(gpio_v2.oa8fg)
                0x402fc788                GPIOWakeupGlobalDisable
 .text.GPIOPinIntWakeUpEnable
                0x402fc79c       0x40 C:/ti/pdk_am335x_1_0_17/packages/ti/csl/lib/am335x/a8/release/ti.csl.aa8fg(gpio_v2.oa8fg)
                0x402fc79c                GPIOPinIntWakeUpEnable
 .text.GPIOPinIntWakeUpDisable
                0x402fc7dc       0x40 C:/ti/pdk_am335x_1_0_17/packages/ti/csl/lib/am335x/a8/release/ti.csl.aa8fg(gpio_v2.oa8fg)
                0x402fc7dc                GPIOPinIntWakeUpDisable
 .text.GPIODebounceFuncControl
                0x402fc81c       0x20 C:/ti/pdk_am335x_1_0_17/packages/ti/csl/lib/am335x/a8/release/ti.csl.aa8fg(gpio_v2.oa8fg)
                0x402fc81c                GPIODebounceFuncControl
 .text.GPIODebounceTimeConfig
                0x402fc83c       0x10 C:/ti/pdk_am335x_1_0_17/packages/ti/csl/lib/am335x/a8/release/ti.csl.aa8fg(gpio_v2.oa8fg)
                0x402fc83c                GPIODebounceTimeConfig
 .text.UARTOperatingModeSelect
                0x402fc84c       0x28 C:/ti/pdk_am335x_1_0_17/packages/ti/csl/lib/am335x/a8/release/ti.csl.aa8fg(uart.oa8fg)
                0x402fc84c                UARTOperatingModeSelect
 .text.UARTDivisorValCompute
                0x402fc874       0x6c C:/ti/pdk_am335x_1_0_17/packages/ti/csl/lib/am335x/a8/release/ti.csl.aa8fg(uart.oa8fg)
                0x402fc874                UARTDivisorValCompute
 .text.UARTDivisorLatchWrite
                0x402fc8e0      0x1e4 C:/ti/pdk_am335x_1_0_17/packages/ti/csl/lib/am335x/a8/release/ti.csl.aa8fg(uart.oa8fg)
                0x402fc8e0                UARTDivisorLatchWrite
 .text.UARTDivisorLatchDisable
                0x402fcac4       0x14 C:/ti/pdk_am335x_1_0_17/packages/ti/csl/lib/am335x/a8/release/ti.csl.aa8fg(uart.oa8fg)
                0x402fcac4                UARTDivisorLatchDisable
 .text.UARTBreakCtl
                0x402fcad8       0x1c C:/ti/pdk_am335x_1_0_17/packages/ti/csl/lib/am335x/a8/release/ti.csl.aa8fg(uart.oa8fg)
                0x402fcad8                UARTBreakCtl
 .text.UARTLineCharacConfig
                0x402fcaf4       0x28 C:/ti/pdk_am335x_1_0_17/packages/ti/csl/lib/am335x/a8/release/ti.csl.aa8fg(uart.oa8fg)
                0x402fcaf4                UARTLineCharacConfig
 .text.UARTFIFORegisterWrite
                0x402fcb1c       0xbc C:/ti/pdk_am335x_1_0_17/packages/ti/csl/lib/am335x/a8/release/ti.csl.aa8fg(uart.oa8fg)
                0x402fcb1c                UARTFIFORegisterWrite
 .text.UARTSubConfigTCRTLRModeEn
                0x402fcbd8       0xb4 C:/ti/pdk_am335x_1_0_17/packages/ti/csl/lib/am335x/a8/release/ti.csl.aa8fg(uart.oa8fg)
                0x402fcbd8                UARTSubConfigTCRTLRModeEn
 .text.UARTTCRTLRBitValRestore
                0x402fcc8c       0xa8 C:/ti/pdk_am335x_1_0_17/packages/ti/csl/lib/am335x/a8/release/ti.csl.aa8fg(uart.oa8fg)
                0x402fcc8c                UARTTCRTLRBitValRestore
 .text.UARTFIFOConfig
                0x402fcd34      0x288 C:/ti/pdk_am335x_1_0_17/packages/ti/csl/lib/am335x/a8/release/ti.csl.aa8fg(uart.oa8fg)
                0x402fcd34                UARTFIFOConfig
 .text.UARTIntEnable
                0x402fcfbc       0xc0 C:/ti/pdk_am335x_1_0_17/packages/ti/csl/lib/am335x/a8/release/ti.csl.aa8fg(uart.oa8fg)
                0x402fcfbc                UARTIntEnable
 .text.UARTIntDisable
                0x402fd07c       0xcc C:/ti/pdk_am335x_1_0_17/packages/ti/csl/lib/am335x/a8/release/ti.csl.aa8fg(uart.oa8fg)
                0x402fd07c                UARTIntDisable
 .text.UARTInt2Enable
                0x402fd148       0x1c C:/ti/pdk_am335x_1_0_17/packages/ti/csl/lib/am335x/a8/release/ti.csl.aa8fg(uart.oa8fg)
                0x402fd148                UARTInt2Enable
 .text.UARTInt2Disable
                0x402fd164       0x1c C:/ti/pdk_am335x_1_0_17/packages/ti/csl/lib/am335x/a8/release/ti.csl.aa8fg(uart.oa8fg)
                0x402fd164                UARTInt2Disable
 .text.UARTReadStatus
                0x402fd180       0x34 C:/ti/pdk_am335x_1_0_17/packages/ti/csl/lib/am335x/a8/release/ti.csl.aa8fg(uart.oa8fg)
                0x402fd180                UARTReadStatus
 .text.UARTCharPutNonBlocking
                0x402fd1b4       0x48 C:/ti/pdk_am335x_1_0_17/packages/ti/csl/lib/am335x/a8/release/ti.csl.aa8fg(uart.oa8fg)
                0x402fd1b4                UARTCharPutNonBlocking
 .text.UARTCharPut
                0x402fd1fc       0x48 C:/ti/pdk_am335x_1_0_17/packages/ti/csl/lib/am335x/a8/release/ti.csl.aa8fg(uart.oa8fg)
                0x402fd1fc                UARTCharPut
 .text.UARTFIFOCharPut
                0x402fd244        0xc C:/ti/pdk_am335x_1_0_17/packages/ti/csl/lib/am335x/a8/release/ti.csl.aa8fg(uart.oa8fg)
                0x402fd244                UARTFIFOCharPut
 .text.UARTIntIdentityGet
                0x402fd250       0x34 C:/ti/pdk_am335x_1_0_17/packages/ti/csl/lib/am335x/a8/release/ti.csl.aa8fg(uart.oa8fg)
                0x402fd250                UARTIntIdentityGet
 .text.UARTInt2StatusGet
                0x402fd284       0x10 C:/ti/pdk_am335x_1_0_17/packages/ti/csl/lib/am335x/a8/release/ti.csl.aa8fg(uart.oa8fg)
                0x402fd284                UARTInt2StatusGet
 .text.UARTLoopbackModeControl
                0x402fd294       0x1c C:/ti/pdk_am335x_1_0_17/packages/ti/csl/lib/am335x/a8/release/ti.csl.aa8fg(uart.oa8fg)
                0x402fd294                UARTLoopbackModeControl
 .text.UARTTxFIFOFullStatusGet
                0x402fd2b0       0x10 C:/ti/pdk_am335x_1_0_17/packages/ti/csl/lib/am335x/a8/release/ti.csl.aa8fg(uart.oa8fg)
                0x402fd2b0                UARTTxFIFOFullStatusGet
 .text.UARTIsTransmitterEmpty
                0x402fd2c0       0x40 C:/ti/pdk_am335x_1_0_17/packages/ti/csl/lib/am335x/a8/release/ti.csl.aa8fg(uart.oa8fg)
                0x402fd2c0                UARTIsTransmitterEmpty
 .text.UARTCharGetNonBlocking2
                0x402fd300       0x4c C:/ti/pdk_am335x_1_0_17/packages/ti/csl/lib/am335x/a8/release/ti.csl.aa8fg(uart.oa8fg)
                0x402fd300                UARTCharGetNonBlocking2
 .text.memset   0x402fd34c      0x114 c:/ti/gcc-arm-none-eabi-7-2018-q2-update/bin/../lib/gcc/arm-none-eabi/7.3.1/../../../../arm-none-eabi/lib/hard\libc.a(lib_a-memset.o)
                0x402fd34c                memset
 .text.snprintf
                0x402fd460       0xcc c:/ti/gcc-arm-none-eabi-7-2018-q2-update/bin/../lib/gcc/arm-none-eabi/7.3.1/../../../../arm-none-eabi/lib/hard\libc.a(lib_a-snprintf.o)
                0x402fd460                snprintf
 *fill*         0x402fd52c        0x4 
 .text._svfprintf_r
                0x402fd530     0x2530 c:/ti/gcc-arm-none-eabi-7-2018-q2-update/bin/../lib/gcc/arm-none-eabi/7.3.1/../../../../arm-none-eabi/lib/hard\libc.a(lib_a-svfprintf.o)
                0x402fd530                _svfprintf_r
 .text.quorem   0x402ffa60      0x1e8 c:/ti/gcc-arm-none-eabi-7-2018-q2-update/bin/../lib/gcc/arm-none-eabi/7.3.1/../../../../arm-none-eabi/lib/hard\libc.a(lib_a-dtoa.o)
 .text._dtoa_r  0x402ffc48     0x120c c:/ti/gcc-arm-none-eabi-7-2018-q2-update/bin/../lib/gcc/arm-none-eabi/7.3.1/../../../../arm-none-eabi/lib/hard\libc.a(lib_a-dtoa.o)
                0x402ffc48                _dtoa_r
 .text._malloc_trim_r
                0x40300e54      0x100 c:/ti/gcc-arm-none-eabi-7-2018-q2-update/bin/../lib/gcc/arm-none-eabi/7.3.1/../../../../arm-none-eabi/lib/hard\libc.a(lib_a-freer.o)
                0x40300e54                _malloc_trim_r
 .text._free_r  0x40300f54      0x2dc c:/ti/gcc-arm-none-eabi-7-2018-q2-update/bin/../lib/gcc/arm-none-eabi/7.3.1/../../../../arm-none-eabi/lib/hard\libc.a(lib_a-freer.o)
                0x40300f54                _free_r
 .text._localeconv_r
                0x40301230       0x28 c:/ti/gcc-arm-none-eabi-7-2018-q2-update/bin/../lib/gcc/arm-none-eabi/7.3.1/../../../../arm-none-eabi/lib/hard\libc.a(lib_a-localeconv.o)
                0x40301230                _localeconv_r
 .text._malloc_r
                0x40301258      0x7ac c:/ti/gcc-arm-none-eabi-7-2018-q2-update/bin/../lib/gcc/arm-none-eabi/7.3.1/../../../../arm-none-eabi/lib/hard\libc.a(lib_a-mallocr.o)
                0x40301258                _malloc_r
 .text.__malloc_lock
                0x40301a04       0x18 c:/ti/gcc-arm-none-eabi-7-2018-q2-update/bin/../lib/gcc/arm-none-eabi/7.3.1/../../../../arm-none-eabi/lib/hard\libc.a(lib_a-mlock.o)
                0x40301a04                __malloc_lock
 .text.__malloc_unlock
                0x40301a1c       0x18 c:/ti/gcc-arm-none-eabi-7-2018-q2-update/bin/../lib/gcc/arm-none-eabi/7.3.1/../../../../arm-none-eabi/lib/hard\libc.a(lib_a-mlock.o)
                0x40301a1c                __malloc_unlock
 .text._Balloc  0x40301a34       0x8c c:/ti/gcc-arm-none-eabi-7-2018-q2-update/bin/../lib/gcc/arm-none-eabi/7.3.1/../../../../arm-none-eabi/lib/hard\libc.a(lib_a-mprec.o)
                0x40301a34                _Balloc
 .text._Bfree   0x40301ac0       0x1c c:/ti/gcc-arm-none-eabi-7-2018-q2-update/bin/../lib/gcc/arm-none-eabi/7.3.1/../../../../arm-none-eabi/lib/hard\libc.a(lib_a-mprec.o)
                0x40301ac0                _Bfree
 .text.__multadd
                0x40301adc       0xdc c:/ti/gcc-arm-none-eabi-7-2018-q2-update/bin/../lib/gcc/arm-none-eabi/7.3.1/../../../../arm-none-eabi/lib/hard\libc.a(lib_a-mprec.o)
                0x40301adc                __multadd
 .text.__hi0bits
                0x40301bb8       0x58 c:/ti/gcc-arm-none-eabi-7-2018-q2-update/bin/../lib/gcc/arm-none-eabi/7.3.1/../../../../arm-none-eabi/lib/hard\libc.a(lib_a-mprec.o)
                0x40301bb8                __hi0bits
 .text.__lo0bits
                0x40301c10       0xa0 c:/ti/gcc-arm-none-eabi-7-2018-q2-update/bin/../lib/gcc/arm-none-eabi/7.3.1/../../../../arm-none-eabi/lib/hard\libc.a(lib_a-mprec.o)
                0x40301c10                __lo0bits
 .text.__i2b    0x40301cb0       0x24 c:/ti/gcc-arm-none-eabi-7-2018-q2-update/bin/../lib/gcc/arm-none-eabi/7.3.1/../../../../arm-none-eabi/lib/hard\libc.a(lib_a-mprec.o)
                0x40301cb0                __i2b
 .text.__multiply
                0x40301cd4      0x200 c:/ti/gcc-arm-none-eabi-7-2018-q2-update/bin/../lib/gcc/arm-none-eabi/7.3.1/../../../../arm-none-eabi/lib/hard\libc.a(lib_a-mprec.o)
                0x40301cd4                __multiply
 .text.__pow5mult
                0x40301ed4      0x104 c:/ti/gcc-arm-none-eabi-7-2018-q2-update/bin/../lib/gcc/arm-none-eabi/7.3.1/../../../../arm-none-eabi/lib/hard\libc.a(lib_a-mprec.o)
                0x40301ed4                __pow5mult
 .text.__lshift
                0x40301fd8       0xf4 c:/ti/gcc-arm-none-eabi-7-2018-q2-update/bin/../lib/gcc/arm-none-eabi/7.3.1/../../../../arm-none-eabi/lib/hard\libc.a(lib_a-mprec.o)
                0x40301fd8                __lshift
 .text.__mcmp   0x403020cc       0x60 c:/ti/gcc-arm-none-eabi-7-2018-q2-update/bin/../lib/gcc/arm-none-eabi/7.3.1/../../../../arm-none-eabi/lib/hard\libc.a(lib_a-mprec.o)
                0x403020cc                __mcmp
 .text.__mdiff  0x4030212c      0x188 c:/ti/gcc-arm-none-eabi-7-2018-q2-update/bin/../lib/gcc/arm-none-eabi/7.3.1/../../../../arm-none-eabi/lib/hard\libc.a(lib_a-mprec.o)
                0x4030212c                __mdiff
 .text.__d2b    0x403022b4      0x114 c:/ti/gcc-arm-none-eabi-7-2018-q2-update/bin/../lib/gcc/arm-none-eabi/7.3.1/../../../../arm-none-eabi/lib/hard\libc.a(lib_a-mprec.o)
                0x403022b4                __d2b
 .text.frexp    0x403023c8       0x9c c:/ti/gcc-arm-none-eabi-7-2018-q2-update/bin/../lib/gcc/arm-none-eabi/7.3.1/../../../../arm-none-eabi/lib/hard\libc.a(lib_a-s_frexp.o)
                0x403023c8                frexp
 .text._sbrk_r  0x40302464       0x3c c:/ti/gcc-arm-none-eabi-7-2018-q2-update/bin/../lib/gcc/arm-none-eabi/7.3.1/../../../../arm-none-eabi/lib/hard\libc.a(lib_a-sbrkr.o)
                0x40302464                _sbrk_r
 .text.__ssprint_r
                0x403024a0      0x190 c:/ti/gcc-arm-none-eabi-7-2018-q2-update/bin/../lib/gcc/arm-none-eabi/7.3.1/../../../../arm-none-eabi/lib/hard\libc.a(lib_a-svfiprintf.o)
                0x403024a0                __ssprint_r
 .text._calloc_r
                0x40302630       0x98 c:/ti/gcc-arm-none-eabi-7-2018-q2-update/bin/../lib/gcc/arm-none-eabi/7.3.1/../../../../arm-none-eabi/lib/hard\libc.a(lib_a-callocr.o)
                0x40302630                _calloc_r
 .text.__retarget_lock_acquire_recursive
                0x403026c8        0x4 c:/ti/gcc-arm-none-eabi-7-2018-q2-update/bin/../lib/gcc/arm-none-eabi/7.3.1/../../../../arm-none-eabi/lib/hard\libc.a(lib_a-lock.o)
                0x403026c8                __retarget_lock_acquire_recursive
 .text.__retarget_lock_release_recursive
                0x403026cc        0x4 c:/ti/gcc-arm-none-eabi-7-2018-q2-update/bin/../lib/gcc/arm-none-eabi/7.3.1/../../../../arm-none-eabi/lib/hard\libc.a(lib_a-lock.o)
                0x403026cc                __retarget_lock_release_recursive
 .text.memmove  0x403026d0      0x140 c:/ti/gcc-arm-none-eabi-7-2018-q2-update/bin/../lib/gcc/arm-none-eabi/7.3.1/../../../../arm-none-eabi/lib/hard\libc.a(lib_a-memmove.o)
                0x403026d0                memmove
 .text._realloc_r
                0x40302810      0x4f0 c:/ti/gcc-arm-none-eabi-7-2018-q2-update/bin/../lib/gcc/arm-none-eabi/7.3.1/../../../../arm-none-eabi/lib/hard\libc.a(lib_a-reallocr.o)
                0x40302810                _realloc_r
 .text._sbrk    0x40302d00       0x84 c:/ti/gcc-arm-none-eabi-7-2018-q2-update/bin/../lib/gcc/arm-none-eabi/7.3.1/../../../../arm-none-eabi/lib/hard\librdimon.a(rdimon-syscalls.o)
                0x40302d00                _sbrk
 .text.HwiP_create
                0x40302d84       0x44 C:/ti/pdk_am335x_1_0_17/packages/ti/osal/lib/nonos/am335x/a8/release/ti.osal.aa8fg(HwiP_nonos.oa8fg)
                0x40302d84                HwiP_create
 .text.HwiP_delete
                0x40302dc8       0x70 C:/ti/pdk_am335x_1_0_17/packages/ti/osal/lib/nonos/am335x/a8/release/ti.osal.aa8fg(HwiP_nonos.oa8fg)
                0x40302dc8                HwiP_delete
 .text.HwiP_disable
                0x40302e38        0x4 C:/ti/pdk_am335x_1_0_17/packages/ti/osal/lib/nonos/am335x/a8/release/ti.osal.aa8fg(HwiP_nonos.oa8fg)
                0x40302e38                HwiP_disable
 .text.HwiP_Params_init
                0x40302e3c       0x24 C:/ti/pdk_am335x_1_0_17/packages/ti/osal/lib/nonos/am335x/a8/release/ti.osal.aa8fg(HwiP_nonos.oa8fg)
                0x40302e3c                HwiP_Params_init
 .text.HwiP_restore
                0x40302e60        0x4 C:/ti/pdk_am335x_1_0_17/packages/ti/osal/lib/nonos/am335x/a8/release/ti.osal.aa8fg(HwiP_nonos.oa8fg)
                0x40302e60                HwiP_restore
 .text.Osal_DebugP_assert
                0x40302e64       0x20 C:/ti/pdk_am335x_1_0_17/packages/ti/osal/lib/nonos/am335x/a8/release/ti.osal.aa8fg(Utils_nonos.oa8fg)
                0x40302e64                Osal_DebugP_assert
 .text.Osal_getThreadType
                0x40302e84        0x8 C:/ti/pdk_am335x_1_0_17/packages/ti/osal/lib/nonos/am335x/a8/release/ti.osal.aa8fg(Utils_nonos.oa8fg)
                0x40302e84                Osal_getThreadType
 .text.SemaphoreP_create
                0x40302e8c      0x150 C:/ti/pdk_am335x_1_0_17/packages/ti/osal/lib/nonos/am335x/a8/release/ti.osal.aa8fg(SemaphoreP_nonos.oa8fg)
                0x40302e8c                SemaphoreP_create
 .text.SemaphoreP_delete
                0x40302fdc       0x74 C:/ti/pdk_am335x_1_0_17/packages/ti/osal/lib/nonos/am335x/a8/release/ti.osal.aa8fg(SemaphoreP_nonos.oa8fg)
                0x40302fdc                SemaphoreP_delete
 .text.SemaphoreP_Params_init
                0x40303050       0x48 C:/ti/pdk_am335x_1_0_17/packages/ti/osal/lib/nonos/am335x/a8/release/ti.osal.aa8fg(SemaphoreP_nonos.oa8fg)
                0x40303050                SemaphoreP_Params_init
 .text.SemaphoreP_pend
                0x40303098       0xa4 C:/ti/pdk_am335x_1_0_17/packages/ti/osal/lib/nonos/am335x/a8/release/ti.osal.aa8fg(SemaphoreP_nonos.oa8fg)
                0x40303098                SemaphoreP_pend
 .text.SemaphoreP_post
                0x4030313c       0x68 C:/ti/pdk_am335x_1_0_17/packages/ti/osal/lib/nonos/am335x/a8/release/ti.osal.aa8fg(SemaphoreP_nonos.oa8fg)
                0x4030313c                SemaphoreP_post
 .text.Osal_RegisterInterrupt_initParams
                0x403031a4       0x40 C:/ti/pdk_am335x_1_0_17/packages/ti/osal/lib/nonos/am335x/a8/release/ti.osal.aa8fg(RegisterIntr_nonos.oa8fg)
                0x403031a4                Osal_RegisterInterrupt_initParams
 .text.Osal_RegisterInterrupt
                0x403031e4       0x7c C:/ti/pdk_am335x_1_0_17/packages/ti/osal/lib/nonos/am335x/a8/release/ti.osal.aa8fg(RegisterIntr_nonos.oa8fg)
                0x403031e4                Osal_RegisterInterrupt
 .text.Osal_DeleteInterrupt
                0x40303260       0x20 C:/ti/pdk_am335x_1_0_17/packages/ti/osal/lib/nonos/am335x/a8/release/ti.osal.aa8fg(RegisterIntr_nonos.oa8fg)
                0x40303260                Osal_DeleteInterrupt
 .text.OsalArch_ISRStub
                0x40303280        0xc C:/ti/pdk_am335x_1_0_17/packages/ti/osal/lib/nonos/am335x/a8/release/ti.osal.aa8fg(Arch_util.oa8fg)
 .text.OsalArch_globalDisableInterrupt
                0x4030328c        0x4 C:/ti/pdk_am335x_1_0_17/packages/ti/osal/lib/nonos/am335x/a8/release/ti.osal.aa8fg(Arch_util.oa8fg)
                0x4030328c                OsalArch_globalDisableInterrupt
 .text.OsalArch_globalRestoreInterrupt
                0x40303290        0x4 C:/ti/pdk_am335x_1_0_17/packages/ti/osal/lib/nonos/am335x/a8/release/ti.osal.aa8fg(Arch_util.oa8fg)
                0x40303290                OsalArch_globalRestoreInterrupt
 .text.OsalArch_HwiPCreate
                0x40303294      0x1d8 C:/ti/pdk_am335x_1_0_17/packages/ti/osal/lib/nonos/am335x/a8/release/ti.osal.aa8fg(Arch_util.oa8fg)
                0x40303294                OsalArch_HwiPCreate
 .text.OsalArch_HwiPDelete
                0x4030346c       0x28 C:/ti/pdk_am335x_1_0_17/packages/ti/osal/lib/nonos/am335x/a8/release/ti.osal.aa8fg(Arch_util.oa8fg)
                0x4030346c                OsalArch_HwiPDelete
 .text.MuxIntcP_create
                0x40303494       0x1c C:/ti/pdk_am335x_1_0_17/packages/ti/osal/lib/nonos/am335x/a8/release/ti.osal.aa8fg(MuxIntcP_nonos.oa8fg)
                0x40303494                MuxIntcP_create
 .text.Delay_32kFClk
                0x403034b0       0xa0 C:/ti/pdk_am335x_1_0_17/packages/ti/osal/lib/nonos/am335x/a8/release/ti.osal.aa8fg(delay.oa8fg)
                0x403034b0                Delay_32kFClk
 .text.Osal_delay
                0x40303550       0x20 C:/ti/pdk_am335x_1_0_17/packages/ti/osal/lib/nonos/am335x/a8/release/ti.osal.aa8fg(delay.oa8fg)
                0x40303550                Osal_delay
 .text.TIMEREnable
                0x40303570       0x5c C:/ti/pdk_am335x_1_0_17/packages/ti/csl/lib/am335x/a8/release/ti.csl.aa8fg(timer.oa8fg)
                0x40303570                TIMEREnable
 .text.TIMERDisable
                0x403035cc       0x54 C:/ti/pdk_am335x_1_0_17/packages/ti/csl/lib/am335x/a8/release/ti.csl.aa8fg(timer.oa8fg)
                0x403035cc                TIMERDisable
 .text.TIMERModeConfigure
                0x40303620       0xb0 C:/ti/pdk_am335x_1_0_17/packages/ti/csl/lib/am335x/a8/release/ti.csl.aa8fg(timer.oa8fg)
                0x40303620                TIMERModeConfigure
 .text.TIMERCounterSet
                0x403036d0       0x4c C:/ti/pdk_am335x_1_0_17/packages/ti/csl/lib/am335x/a8/release/ti.csl.aa8fg(timer.oa8fg)
                0x403036d0                TIMERCounterSet
 .text.TIMERCounterGet
                0x4030371c       0x38 C:/ti/pdk_am335x_1_0_17/packages/ti/csl/lib/am335x/a8/release/ti.csl.aa8fg(timer.oa8fg)
                0x4030371c                TIMERCounterGet
 .text.TIMERReloadSet
                0x40303754       0x4c C:/ti/pdk_am335x_1_0_17/packages/ti/csl/lib/am335x/a8/release/ti.csl.aa8fg(timer.oa8fg)
                0x40303754                TIMERReloadSet
 .text.TIMERIntDisable
                0x403037a0       0x34 C:/ti/pdk_am335x_1_0_17/packages/ti/csl/lib/am335x/a8/release/ti.csl.aa8fg(timer.oa8fg)
                0x403037a0                TIMERIntDisable
 .text.__errno  0x403037d4       0x10 c:/ti/gcc-arm-none-eabi-7-2018-q2-update/bin/../lib/gcc/arm-none-eabi/7.3.1/../../../../arm-none-eabi/lib/hard\libc.a(lib_a-errno.o)
                0x403037d4                __errno
 .text          0x403037e4      0x114 c:/ti/gcc-arm-none-eabi-7-2018-q2-update/bin/../lib/gcc/arm-none-eabi/7.3.1/hard\libgcc.a(_udivsi3.o)
                0x403037e4                __aeabi_uidiv
                0x403037e4                __udivsi3
                0x403038d8                __aeabi_uidivmod
 .text          0x403038f8      0x148 c:/ti/gcc-arm-none-eabi-7-2018-q2-update/bin/../lib/gcc/arm-none-eabi/7.3.1/hard\libgcc.a(_divsi3.o)
                0x403038f8                __divsi3
                0x403038f8                __aeabi_idiv
                0x40303a20                __aeabi_idivmod
 .text          0x40303a40        0x4 c:/ti/gcc-arm-none-eabi-7-2018-q2-update/bin/../lib/gcc/arm-none-eabi/7.3.1/hard\libgcc.a(_dvmd_tls.o)
                0x40303a40                __aeabi_idiv0
                0x40303a40                __aeabi_ldiv0
 .text          0x40303a44       0x3c c:/ti/gcc-arm-none-eabi-7-2018-q2-update/bin/../lib/gcc/arm-none-eabi/7.3.1/hard\libgcc.a(_aeabi_uldivmod.o)
                0x40303a44                __aeabi_uldivmod
 .text          0x40303a80      0x16c c:/ti/gcc-arm-none-eabi-7-2018-q2-update/bin/../lib/gcc/arm-none-eabi/7.3.1/hard\libgcc.a(_udivmoddi4.o)
                0x40303a80                __udivmoddi4
 .text          0x40303bec       0x28 c:/ti/gcc-arm-none-eabi-7-2018-q2-update/bin/../lib/gcc/arm-none-eabi/7.3.1/hard\libgcc.a(_clzdi2.o)
                0x40303bec                __clzdi2
 .text          0x40303c14       0x48 c:/ti/gcc-arm-none-eabi-7-2018-q2-update/bin/../lib/gcc/arm-none-eabi/7.3.1/hard\libgcc.a(_clzsi2.o)
                0x40303c14                __clzsi2
 *(.rodata*)
 .rodata.str1.4
                0x40303c5c      0x2e7 C:/ti/pdk_am335x_1_0_17/packages/ti/board/obj/icev2AM335x/armv7/framework.o
                                0x2f3 (size before relaxing)
 *fill*         0x40303f43        0x1 
 .rodata        0x40303f44       0x3c C:/ti/pdk_am335x_1_0_17/packages/ti/board/obj/icev2AM335x/armv7/MMCSD_soc.o
                0x40303f44                MMCSD_config
 .rodata        0x40303f80       0x3c C:/ti/pdk_am335x_1_0_17/packages/ti/board/obj/icev2AM335x/armv7/diag_mmc.o
                0x40303f80                FATFS_config
 .rodata.str1.4
                0x40303fbc       0x58 C:/ti/pdk_am335x_1_0_17/packages/ti/board/obj/icev2AM335x/armv7/diag_mmc.o
 .rodata._setlocale_r.str1.4
                0x40304014        0xa c:/ti/gcc-arm-none-eabi-7-2018-q2-update/bin/../lib/gcc/arm-none-eabi/7.3.1/../../../../arm-none-eabi/lib/hard\libc.a(lib_a-locale.o)
                                  0xd (size before relaxing)
 *fill*         0x4030401e        0x2 
 .rodata.str1.4
                0x40304020        0x2 c:/ti/gcc-arm-none-eabi-7-2018-q2-update/bin/../lib/gcc/arm-none-eabi/7.3.1/../../../../arm-none-eabi/lib/hard\libc.a(lib_a-locale.o)
 *fill*         0x40304022        0x2 
 .rodata._ctype_
                0x40304024      0x101 c:/ti/gcc-arm-none-eabi-7-2018-q2-update/bin/../lib/gcc/arm-none-eabi/7.3.1/../../../../arm-none-eabi/lib/hard\libc.a(lib_a-ctype_.o)
                0x40304024                _ctype_
 *fill*         0x40304125        0x3 
 .rodata.gChipDBResourceIDMap
                0x40304128      0x244 C:/ti/pdk_am335x_1_0_17/packages/ti/board/lib/icev2AM335x/a8/release/ti.board.aa8fg(hw_am335x_chipdb.oa8fg)
                0x40304128                gChipDBResourceIDMap
 .rodata.gChipDBBaseAddrTable
                0x4030436c      0x200 C:/ti/pdk_am335x_1_0_17/packages/ti/board/lib/icev2AM335x/a8/release/ti.board.aa8fg(hw_am335x_chipdb_baseaddr.oa8fg)
                0x4030436c                gChipDBBaseAddrTable
 .rodata        0x4030456c       0x24 C:/ti/pdk_am335x_1_0_17/packages/ti/drv/mmcsd/lib/a8/release/ti.drv.mmcsd.aa8fg(MMCSD_v1.oa8fg)
 .rodata.MMCSD_v1_FxnTable
                0x40304590       0x18 C:/ti/pdk_am335x_1_0_17/packages/ti/drv/mmcsd/lib/a8/release/ti.drv.mmcsd.aa8fg(MMCSD_v1.oa8fg)
                0x40304590                MMCSD_v1_FxnTable
 .rodata.tuning_blk_pattern_4bit
                0x403045a8       0x40 C:/ti/pdk_am335x_1_0_17/packages/ti/drv/mmcsd/lib/a8/release/ti.drv.mmcsd.aa8fg(MMCSD_v1.oa8fg)
 .rodata.LfnOfs
                0x403045e8        0xd C:/ti/pdk_am335x_1_0_17/packages/ti/fs/fatfs/lib/a8/release/ti.fs.fatfs.aa8fg(ff.oa8fg)
 *fill*         0x403045f5        0x3 
 .rodata.follow_path.str1.4
                0x403045f8       0x13 C:/ti/pdk_am335x_1_0_17/packages/ti/fs/fatfs/lib/a8/release/ti.fs.fatfs.aa8fg(ff.oa8fg)
 *fill*         0x4030460b        0x1 
 .rodata.FATFS_open.str1.4
                0x4030460c       0x10 C:/ti/pdk_am335x_1_0_17/packages/ti/fs/fatfs/lib/a8/release/ti.fs.fatfs.aa8fg(FATFS_drv.oa8fg)
 .rodata.FATFS_readBootSector.str1.4
                0x4030461c        0x4 C:/ti/pdk_am335x_1_0_17/packages/ti/fs/fatfs/lib/a8/release/ti.fs.fatfs.aa8fg(FATFS_drv.oa8fg)
 .rodata.UART_convertVal.constprop.0.str1.4
                0x40304620       0x11 C:/ti/pdk_am335x_1_0_17/packages/ti/drv/uart/lib/am335x/a8/release/ti.drv.uart.aa8fg(UART_stdio.oa8fg)
 *fill*         0x40304631        0x3 
 .rodata.UART_printf.str1.4
                0x40304634        0x6 C:/ti/pdk_am335x_1_0_17/packages/ti/drv/uart/lib/am335x/a8/release/ti.drv.uart.aa8fg(UART_stdio.oa8fg)
                                  0xa (size before relaxing)
 *fill*         0x4030463a        0x2 
 .rodata.UART_stdioInit2.str1.4
                0x4030463c        0xa C:/ti/pdk_am335x_1_0_17/packages/ti/drv/uart/lib/am335x/a8/release/ti.drv.uart.aa8fg(UART_stdio.oa8fg)
 *fill*         0x40304646        0x2 
 .rodata.UART_defaultParams
                0x40304648       0x2c C:/ti/pdk_am335x_1_0_17/packages/ti/drv/uart/lib/am335x/a8/release/ti.drv.uart.aa8fg(UART_drv.oa8fg)
                0x40304648                UART_defaultParams
 .rodata.CSWTCH.11
                0x40304674       0x10 C:/ti/pdk_am335x_1_0_17/packages/ti/drv/uart/lib/am335x/a8/release/ti.drv.uart.aa8fg(UART_v1.oa8fg)
 .rodata.CSWTCH.13
                0x40304684        0xc C:/ti/pdk_am335x_1_0_17/packages/ti/drv/uart/lib/am335x/a8/release/ti.drv.uart.aa8fg(UART_v1.oa8fg)
 .rodata.UART_FxnTable_v1
                0x40304690       0x30 C:/ti/pdk_am335x_1_0_17/packages/ti/drv/uart/lib/am335x/a8/release/ti.drv.uart.aa8fg(UART_v1.oa8fg)
                0x40304690                UART_FxnTable_v1
 .rodata.UART_open_v1.str1.4
                0x403046c0        0xe C:/ti/pdk_am335x_1_0_17/packages/ti/drv/uart/lib/am335x/a8/release/ti.drv.uart.aa8fg(UART_v1.oa8fg)
 *fill*         0x403046ce        0x2 
 .rodata._svfprintf_r.str1.4
                0x403046d0       0x2e c:/ti/gcc-arm-none-eabi-7-2018-q2-update/bin/../lib/gcc/arm-none-eabi/7.3.1/../../../../arm-none-eabi/lib/hard\libc.a(lib_a-svfprintf.o)
                                 0x42 (size before relaxing)
 *fill*         0x403046fe        0x2 
 .rodata.blanks.8590
                0x40304700       0x10 c:/ti/gcc-arm-none-eabi-7-2018-q2-update/bin/../lib/gcc/arm-none-eabi/7.3.1/../../../../arm-none-eabi/lib/hard\libc.a(lib_a-svfprintf.o)
 .rodata.zeroes.8591
                0x40304710       0x10 c:/ti/gcc-arm-none-eabi-7-2018-q2-update/bin/../lib/gcc/arm-none-eabi/7.3.1/../../../../arm-none-eabi/lib/hard\libc.a(lib_a-svfprintf.o)
 .rodata._dtoa_r.str1.4
                0x40304720       0x10 c:/ti/gcc-arm-none-eabi-7-2018-q2-update/bin/../lib/gcc/arm-none-eabi/7.3.1/../../../../arm-none-eabi/lib/hard\libc.a(lib_a-dtoa.o)
                                 0x12 (size before relaxing)
 .rodata.__mprec_bigtens
                0x40304730       0x28 c:/ti/gcc-arm-none-eabi-7-2018-q2-update/bin/../lib/gcc/arm-none-eabi/7.3.1/../../../../arm-none-eabi/lib/hard\libc.a(lib_a-mprec.o)
                0x40304730                __mprec_bigtens
 .rodata.__mprec_tens
                0x40304758       0xc8 c:/ti/gcc-arm-none-eabi-7-2018-q2-update/bin/../lib/gcc/arm-none-eabi/7.3.1/../../../../arm-none-eabi/lib/hard\libc.a(lib_a-mprec.o)
                0x40304758                __mprec_tens
 .rodata.p05.7367
                0x40304820        0xc c:/ti/gcc-arm-none-eabi-7-2018-q2-update/bin/../lib/gcc/arm-none-eabi/7.3.1/../../../../arm-none-eabi/lib/hard\libc.a(lib_a-mprec.o)
 .rodata.HwiP_delete.str1.4
                0x4030482c       0x17 C:/ti/pdk_am335x_1_0_17/packages/ti/osal/lib/nonos/am335x/a8/release/ti.osal.aa8fg(HwiP_nonos.oa8fg)
 *fill*         0x40304843        0x1 
 .rodata.SemaphoreP_delete.str1.4
                0x40304844       0x20 C:/ti/pdk_am335x_1_0_17/packages/ti/osal/lib/nonos/am335x/a8/release/ti.osal.aa8fg(SemaphoreP_nonos.oa8fg)
                                 0x1d (size before relaxing)

.glue_7         0x40304864        0x0
 .glue_7        0x40304864        0x0 linker stubs

.glue_7t        0x40304864        0x0
 .glue_7t       0x40304864        0x0 linker stubs

.vfp11_veneer   0x40304864        0x0
 .vfp11_veneer  0x40304864        0x0 linker stubs

.v4_bx          0x40304864        0x0
 .v4_bx         0x40304864        0x0 linker stubs

.iplt           0x40304864        0x0
 .iplt          0x40304864        0x0 C:/ti/pdk_am335x_1_0_17/packages/ti/board/obj/icev2AM335x/armv7/main.o

.rel.dyn        0x40304864        0x0
 .rel.iplt      0x40304864        0x0 C:/ti/pdk_am335x_1_0_17/packages/ti/board/obj/icev2AM335x/armv7/main.o

.ARM.exidx      0x40304864        0x8
 .ARM.exidx     0x40304864        0x8 c:/ti/gcc-arm-none-eabi-7-2018-q2-update/bin/../lib/gcc/arm-none-eabi/7.3.1/hard\libgcc.a(_udivmoddi4.o)

.data           0x40304870     0x12b0
                0x40304870                . = ALIGN (0x4)
 *(.data*)
 .data          0x40304870       0x2c C:/ti/pdk_am335x_1_0_17/packages/ti/board/obj/icev2AM335x/armv7/framework.o
                0x40304870                DIAG_cmdTbl
                0x40304890                gDiagVersion
 .data          0x4030489c      0x138 C:/ti/pdk_am335x_1_0_17/packages/ti/board/obj/icev2AM335x/armv7/MMCSD_soc.o
                0x4030489c                MMCSDInitCfg
 .data          0x403049d4       0x28 C:/ti/pdk_am335x_1_0_17/packages/ti/board/obj/icev2AM335x/armv7/diag_mmc.o
                0x403049d4                FATFS_initCfg
                0x403049e4                FATFS_drvFxnTable
 .data._impure_ptr
                0x403049fc        0x4 c:/ti/gcc-arm-none-eabi-7-2018-q2-update/bin/../lib/gcc/arm-none-eabi/7.3.1/../../../../arm-none-eabi/lib/hard\libc.a(lib_a-impure.o)
                0x403049fc                _impure_ptr
 .data.impure_data
                0x40304a00      0x428 c:/ti/gcc-arm-none-eabi-7-2018-q2-update/bin/../lib/gcc/arm-none-eabi/7.3.1/../../../../arm-none-eabi/lib/hard\libc.a(lib_a-impure.o)
 .data.__global_locale
                0x40304e28      0x16c c:/ti/gcc-arm-none-eabi-7-2018-q2-update/bin/../lib/gcc/arm-none-eabi/7.3.1/../../../../arm-none-eabi/lib/hard\libc.a(lib_a-locale.o)
                0x40304e28                __global_locale
 .data.gCpsw0PinCfg
                0x40304f94       0x98 C:/ti/pdk_am335x_1_0_17/packages/ti/board/lib/icev2AM335x/a8/release/ti.board.aa8fg(am335x_icev2_pinmux_data.oa8fg)
 .data.gCpswPinCfg
                0x4030502c       0x10 C:/ti/pdk_am335x_1_0_17/packages/ti/board/lib/icev2AM335x/a8/release/ti.board.aa8fg(am335x_icev2_pinmux_data.oa8fg)
 .data.gDcan0PinCfg
                0x4030503c       0x18 C:/ti/pdk_am335x_1_0_17/packages/ti/board/lib/icev2AM335x/a8/release/ti.board.aa8fg(am335x_icev2_pinmux_data.oa8fg)
 .data.gDcanPinCfg
                0x40305054       0x10 C:/ti/pdk_am335x_1_0_17/packages/ti/board/lib/icev2AM335x/a8/release/ti.board.aa8fg(am335x_icev2_pinmux_data.oa8fg)
 .data.gGpio0PinCfg
                0x40305064       0x58 C:/ti/pdk_am335x_1_0_17/packages/ti/board/lib/icev2AM335x/a8/release/ti.board.aa8fg(am335x_icev2_pinmux_data.oa8fg)
 .data.gGpio1PinCfg
                0x403050bc       0x20 C:/ti/pdk_am335x_1_0_17/packages/ti/board/lib/icev2AM335x/a8/release/ti.board.aa8fg(am335x_icev2_pinmux_data.oa8fg)
 .data.gGpio2PinCfg
                0x403050dc       0x10 C:/ti/pdk_am335x_1_0_17/packages/ti/board/lib/icev2AM335x/a8/release/ti.board.aa8fg(am335x_icev2_pinmux_data.oa8fg)
 .data.gGpio3PinCfg
                0x403050ec       0x30 C:/ti/pdk_am335x_1_0_17/packages/ti/board/lib/icev2AM335x/a8/release/ti.board.aa8fg(am335x_icev2_pinmux_data.oa8fg)
 .data.gGpioPinCfg
                0x4030511c       0x28 C:/ti/pdk_am335x_1_0_17/packages/ti/board/lib/icev2AM335x/a8/release/ti.board.aa8fg(am335x_icev2_pinmux_data.oa8fg)
 .data.gGpmc0PinCfg
                0x40305144       0x28 C:/ti/pdk_am335x_1_0_17/packages/ti/board/lib/icev2AM335x/a8/release/ti.board.aa8fg(am335x_icev2_pinmux_data.oa8fg)
 .data.gGpmcPinCfg
                0x4030516c       0x10 C:/ti/pdk_am335x_1_0_17/packages/ti/board/lib/icev2AM335x/a8/release/ti.board.aa8fg(am335x_icev2_pinmux_data.oa8fg)
 .data.gI2c0PinCfg
                0x4030517c       0x18 C:/ti/pdk_am335x_1_0_17/packages/ti/board/lib/icev2AM335x/a8/release/ti.board.aa8fg(am335x_icev2_pinmux_data.oa8fg)
 .data.gI2cPinCfg
                0x40305194       0x10 C:/ti/pdk_am335x_1_0_17/packages/ti/board/lib/icev2AM335x/a8/release/ti.board.aa8fg(am335x_icev2_pinmux_data.oa8fg)
 .data.gIceV2PinmuxData
                0x403051a4       0x50 C:/ti/pdk_am335x_1_0_17/packages/ti/board/lib/icev2AM335x/a8/release/ti.board.aa8fg(am335x_icev2_pinmux_data.oa8fg)
                0x403051a4                gIceV2PinmuxData
 .data.gMcspi0PinCfg
                0x403051f4       0x30 C:/ti/pdk_am335x_1_0_17/packages/ti/board/lib/icev2AM335x/a8/release/ti.board.aa8fg(am335x_icev2_pinmux_data.oa8fg)
 .data.gMcspi1PinCfg
                0x40305224       0x28 C:/ti/pdk_am335x_1_0_17/packages/ti/board/lib/icev2AM335x/a8/release/ti.board.aa8fg(am335x_icev2_pinmux_data.oa8fg)
 .data.gMcspiPinCfg
                0x4030524c       0x18 C:/ti/pdk_am335x_1_0_17/packages/ti/board/lib/icev2AM335x/a8/release/ti.board.aa8fg(am335x_icev2_pinmux_data.oa8fg)
 .data.gMmcsd0PinCfg
                0x40305264       0x38 C:/ti/pdk_am335x_1_0_17/packages/ti/board/lib/icev2AM335x/a8/release/ti.board.aa8fg(am335x_icev2_pinmux_data.oa8fg)
 .data.gMmcsdPinCfg
                0x4030529c       0x10 C:/ti/pdk_am335x_1_0_17/packages/ti/board/lib/icev2AM335x/a8/release/ti.board.aa8fg(am335x_icev2_pinmux_data.oa8fg)
 .data.gPru_icss1PinCfg
                0x403052ac      0x140 C:/ti/pdk_am335x_1_0_17/packages/ti/board/lib/icev2AM335x/a8/release/ti.board.aa8fg(am335x_icev2_pinmux_data.oa8fg)
 .data.gPru_icssPinCfg
                0x403053ec       0x10 C:/ti/pdk_am335x_1_0_17/packages/ti/board/lib/icev2AM335x/a8/release/ti.board.aa8fg(am335x_icev2_pinmux_data.oa8fg)
 .data.gUart1PinCfg
                0x403053fc       0x18 C:/ti/pdk_am335x_1_0_17/packages/ti/board/lib/icev2AM335x/a8/release/ti.board.aa8fg(am335x_icev2_pinmux_data.oa8fg)
 .data.gUart3PinCfg
                0x40305414       0x18 C:/ti/pdk_am335x_1_0_17/packages/ti/board/lib/icev2AM335x/a8/release/ti.board.aa8fg(am335x_icev2_pinmux_data.oa8fg)
 .data.gUart4PinCfg
                0x4030542c       0x18 C:/ti/pdk_am335x_1_0_17/packages/ti/board/lib/icev2AM335x/a8/release/ti.board.aa8fg(am335x_icev2_pinmux_data.oa8fg)
 .data.gUartPinCfg
                0x40305444       0x20 C:/ti/pdk_am335x_1_0_17/packages/ti/board/lib/icev2AM335x/a8/release/ti.board.aa8fg(am335x_icev2_pinmux_data.oa8fg)
 .data.MMCSD_count
                0x40305464        0x4 C:/ti/pdk_am335x_1_0_17/packages/ti/drv/mmcsd/lib/a8/release/ti.drv.mmcsd.aa8fg(MMCSD_drv.oa8fg)
 .data.FATFS_count
                0x40305468        0x4 C:/ti/pdk_am335x_1_0_17/packages/ti/fs/fatfs/lib/a8/release/ti.fs.fatfs.aa8fg(FATFS_drv.oa8fg)
 .data.VolToPart
                0x4030546c        0x8 C:/ti/pdk_am335x_1_0_17/packages/ti/fs/fatfs/lib/a8/release/ti.fs.fatfs.aa8fg(FATFS_drv.oa8fg)
                0x4030546c                VolToPart
 .data.UART_count
                0x40305474        0x4 C:/ti/pdk_am335x_1_0_17/packages/ti/drv/uart/lib/am335x/a8/release/ti.drv.uart.aa8fg(UART_drv.oa8fg)
 .data.UART_config
                0x40305478       0xa8 C:/ti/pdk_am335x_1_0_17/packages/ti/drv/uart/lib/am335x/a8/release/ti.drv.uart.aa8fg(UART_soc.oa8fg)
                0x40305478                UART_config
 .data.uartInitCfg
                0x40305520      0x1c8 C:/ti/pdk_am335x_1_0_17/packages/ti/drv/uart/lib/am335x/a8/release/ti.drv.uart.aa8fg(UART_soc.oa8fg)
                0x40305520                uartInitCfg
 .data.__malloc_av_
                0x403056e8      0x408 c:/ti/gcc-arm-none-eabi-7-2018-q2-update/bin/../lib/gcc/arm-none-eabi/7.3.1/../../../../arm-none-eabi/lib/hard\libc.a(lib_a-mallocr.o)
                0x403056e8                __malloc_av_
 .data.__malloc_sbrk_base
                0x40305af0        0x4 c:/ti/gcc-arm-none-eabi-7-2018-q2-update/bin/../lib/gcc/arm-none-eabi/7.3.1/../../../../arm-none-eabi/lib/hard\libc.a(lib_a-mallocr.o)
                0x40305af0                __malloc_sbrk_base
 .data.__malloc_trim_threshold
                0x40305af4        0x4 c:/ti/gcc-arm-none-eabi-7-2018-q2-update/bin/../lib/gcc/arm-none-eabi/7.3.1/../../../../arm-none-eabi/lib/hard\libc.a(lib_a-mallocr.o)
                0x40305af4                __malloc_trim_threshold
 .data.__heap_limit
                0x40305af8        0x4 c:/ti/gcc-arm-none-eabi-7-2018-q2-update/bin/../lib/gcc/arm-none-eabi/7.3.1/../../../../arm-none-eabi/lib/hard\librdimon.a(rdimon-syscalls.o)
                0x40305af8                __heap_limit
 .data.Osal_DebugP_Assert_Val
                0x40305afc        0x1 C:/ti/pdk_am335x_1_0_17/packages/ti/osal/lib/nonos/am335x/a8/release/ti.osal.aa8fg(Utils_nonos.oa8fg)
                0x40305afc                Osal_DebugP_Assert_Val
 *fill*         0x40305afd        0x3 
 .data.gOsal_HwAttrs
                0x40305b00       0x20 C:/ti/pdk_am335x_1_0_17/packages/ti/osal/lib/nonos/am335x/a8/release/ti.osal.aa8fg(Utils_nonos.oa8fg)
                0x40305b00                gOsal_HwAttrs

.igot.plt       0x40305b20        0x0
 .igot.plt      0x40305b20        0x0 C:/ti/pdk_am335x_1_0_17/packages/ti/board/obj/icev2AM335x/armv7/main.o

.bss            0x40305c00     0x51c0
                0x40305c00                . = ALIGN (0x4)
                0x40305c00                _bss_start = .
 *(.bss*)
 .bss           0x40305c00        0x5 C:/ti/pdk_am335x_1_0_17/packages/ti/board/obj/icev2AM335x/armv7/main.o
                0x40305c00                fatfsHandle
                0x40305c04                breakDiagLoop
 *fill*         0x40305c05        0x3 
 .bss           0x40305c08      0x144 C:/ti/pdk_am335x_1_0_17/packages/ti/board/obj/icev2AM335x/armv7/framework.o
 .bss           0x40305d4c      0x408 C:/ti/pdk_am335x_1_0_17/packages/ti/board/obj/icev2AM335x/armv7/intc.o
 .bss.icssPinMuxFlag
                0x40306154        0x4 C:/ti/pdk_am335x_1_0_17/packages/ti/board/lib/icev2AM335x/a8/release/ti.board.aa8fg(icev2AM335x.oa8fg)
                0x40306154                icssPinMuxFlag
 .bss.gpioPinObjDefault
                0x40306158       0x2c C:/ti/pdk_am335x_1_0_17/packages/ti/board/lib/icev2AM335x/a8/release/ti.board.aa8fg(icev2AM335x_ethernet_config.oa8fg)
                0x40306158                gpioPinObjDefault
 *fill*         0x40306184       0x7c 
 .bss.cmd6_response_buf
                0x40306200       0x40 C:/ti/pdk_am335x_1_0_17/packages/ti/drv/mmcsd/lib/a8/release/ti.drv.mmcsd.aa8fg(MMCSD_v1.oa8fg)
 *fill*         0x40306240       0xc0 
 .bss.dataBuffer
                0x40306300       0x40 C:/ti/pdk_am335x_1_0_17/packages/ti/drv/mmcsd/lib/a8/release/ti.drv.mmcsd.aa8fg(MMCSD_v1.oa8fg)
 .bss.FatFs     0x40306340       0x10 C:/ti/pdk_am335x_1_0_17/packages/ti/fs/fatfs/lib/a8/release/ti.fs.fatfs.aa8fg(ff.oa8fg)
 .bss.Fsid      0x40306350        0x2 C:/ti/pdk_am335x_1_0_17/packages/ti/fs/fatfs/lib/a8/release/ti.fs.fatfs.aa8fg(ff.oa8fg)
 *fill*         0x40306352        0x2 
 .bss.LfnBuf    0x40306354      0x200 C:/ti/pdk_am335x_1_0_17/packages/ti/fs/fatfs/lib/a8/release/ti.fs.fatfs.aa8fg(ff.oa8fg)
 .bss.FATFS_volumeStatus
                0x40306554        0x4 C:/ti/pdk_am335x_1_0_17/packages/ti/fs/fatfs/lib/a8/release/ti.fs.fatfs.aa8fg(FATFS_drv.oa8fg)
 .bss.drive_fxn_table
                0x40306558       0x50 C:/ti/pdk_am335x_1_0_17/packages/ti/fs/fatfs/lib/a8/release/ti.fs.fatfs.aa8fg(diskio.oa8fg)
 .bss.uart_stdio
                0x403065a8        0x8 C:/ti/pdk_am335x_1_0_17/packages/ti/drv/uart/lib/am335x/a8/release/ti.drv.uart.aa8fg(UART_stdio.oa8fg)
                0x403065a8                uart_stdio
 .bss.__malloc_current_mallinfo
                0x403065b0       0x28 c:/ti/gcc-arm-none-eabi-7-2018-q2-update/bin/../lib/gcc/arm-none-eabi/7.3.1/../../../../arm-none-eabi/lib/hard\libc.a(lib_a-mallocr.o)
                0x403065b0                __malloc_current_mallinfo
 .bss.__malloc_max_sbrked_mem
                0x403065d8        0x4 c:/ti/gcc-arm-none-eabi-7-2018-q2-update/bin/../lib/gcc/arm-none-eabi/7.3.1/../../../../arm-none-eabi/lib/hard\libc.a(lib_a-mallocr.o)
                0x403065d8                __malloc_max_sbrked_mem
 .bss.__malloc_max_total_mem
                0x403065dc        0x4 c:/ti/gcc-arm-none-eabi-7-2018-q2-update/bin/../lib/gcc/arm-none-eabi/7.3.1/../../../../arm-none-eabi/lib/hard\libc.a(lib_a-mallocr.o)
                0x403065dc                __malloc_max_total_mem
 .bss.__malloc_top_pad
                0x403065e0        0x4 c:/ti/gcc-arm-none-eabi-7-2018-q2-update/bin/../lib/gcc/arm-none-eabi/7.3.1/../../../../arm-none-eabi/lib/hard\libc.a(lib_a-mallocr.o)
                0x403065e0                __malloc_top_pad
 .bss.heap_end.7535
                0x403065e4        0x4 c:/ti/gcc-arm-none-eabi-7-2018-q2-update/bin/../lib/gcc/arm-none-eabi/7.3.1/../../../../arm-none-eabi/lib/hard\librdimon.a(rdimon-syscalls.o)
 .bss.gOsalHwiAllocCnt
                0x403065e8        0x4 C:/ti/pdk_am335x_1_0_17/packages/ti/osal/lib/nonos/am335x/a8/release/ti.osal.aa8fg(Utils_nonos.oa8fg)
                0x403065e8                gOsalHwiAllocCnt
 .bss.gOsalHwiPeak
                0x403065ec        0x4 C:/ti/pdk_am335x_1_0_17/packages/ti/osal/lib/nonos/am335x/a8/release/ti.osal.aa8fg(Utils_nonos.oa8fg)
                0x403065ec                gOsalHwiPeak
 .bss.gOsalSemAllocCnt
                0x403065f0        0x4 C:/ti/pdk_am335x_1_0_17/packages/ti/osal/lib/nonos/am335x/a8/release/ti.osal.aa8fg(Utils_nonos.oa8fg)
                0x403065f0                gOsalSemAllocCnt
 .bss.gOsalSemPeak
                0x403065f4        0x4 C:/ti/pdk_am335x_1_0_17/packages/ti/osal/lib/nonos/am335x/a8/release/ti.osal.aa8fg(Utils_nonos.oa8fg)
                0x403065f4                gOsalSemPeak
 .bss.hwiStructs
                0x403065f8       0xa0 C:/ti/pdk_am335x_1_0_17/packages/ti/osal/lib/nonos/am335x/a8/release/ti.osal.aa8fg(Arch_util.oa8fg)
 .bss.gTimerFirstTime
                0x40306698        0x4 C:/ti/pdk_am335x_1_0_17/packages/ti/osal/lib/nonos/am335x/a8/release/ti.osal.aa8fg(delay.oa8fg)
 *(COMMON)
 COMMON         0x4030669c      0x89c C:/ti/pdk_am335x_1_0_17/packages/ti/board/obj/icev2AM335x/armv7/framework.o
                0x4030669c                DIAG_numApp
                0x403066a0                DIAG_appTbl
 COMMON         0x40306f38      0x828 C:/ti/pdk_am335x_1_0_17/packages/ti/board/obj/icev2AM335x/armv7/MMCSD_soc.o
                0x40306f38                MMCSDObjects
 *fill*         0x40307760       0x20 
 COMMON         0x40307780     0x2e00 C:/ti/pdk_am335x_1_0_17/packages/ti/board/obj/icev2AM335x/armv7/diag_mmc.o
                0x40307780                gTmpBuf
                0x40307980                FATFS_objects
 COMMON         0x4030a580      0x6d8 C:/ti/pdk_am335x_1_0_17/packages/ti/drv/uart/lib/am335x/a8/release/ti.drv.uart.aa8fg(UART_soc.oa8fg)
                0x4030a580                UartObjects
                0x4030a928                UartObjects2
 COMMON         0x4030ac58       0x21 c:/ti/gcc-arm-none-eabi-7-2018-q2-update/bin/../lib/gcc/arm-none-eabi/7.3.1/../../../../arm-none-eabi/lib/hard\libc.a(lib_a-lock.o)
                0x4030ac58                __lock___atexit_recursive_mutex
                0x4030ac5c                __lock___arc4random_mutex
                0x4030ac60                __lock___env_recursive_mutex
                0x4030ac64                __lock___sinit_recursive_mutex
                0x4030ac68                __lock___malloc_recursive_mutex
                0x4030ac6c                __lock___at_quick_exit_mutex
                0x4030ac70                __lock___dd_hash_mutex
                0x4030ac74                __lock___tz_mutex
                0x4030ac78                __lock___sfp_recursive_mutex
 *fill*         0x4030ac79        0x3 
 COMMON         0x4030ac7c        0x4 c:/ti/gcc-arm-none-eabi-7-2018-q2-update/bin/../lib/gcc/arm-none-eabi/7.3.1/../../../../arm-none-eabi/lib/hard\libc.a(lib_a-reent.o)
                0x4030ac7c                errno
 COMMON         0x4030ac80      0x140 C:/ti/pdk_am335x_1_0_17/packages/ti/osal/lib/nonos/am335x/a8/release/ti.osal.aa8fg(SemaphoreP_nonos.oa8fg)
                0x4030ac80                semStructs
                0x4030adc0                _bss_end = .

.heap           0x4030adc0     0x1000
                0x4030adc0                . = ALIGN (0x4)
                0x4030adc0                __end__ = .
                0x4030adc0                end = __end__
                0x4030adc0                __HeapBase = __end__
 *(.heap*)
                0x4030bdc0                . = (. + 0x1000)
 *fill*         0x4030adc0     0x1000 
                0x4030bdc0                __HeapLimit = .

.stack          0x4030bdc0     0x1000
                0x4030bdc0                . = ALIGN (0x8)
                0x4030bdc0                __StackLimit = .
 *(.stack*)
                0x4030cdc0                . = (. + 0x1000)
 *fill*         0x4030bdc0     0x1000 
                0x4030cdc0                __StackTop = .
                0x4030cdc0                _stack = __StackTop
START GROUP
LOAD c:/ti/gcc-arm-none-eabi-7-2018-q2-update/bin/../lib/gcc/arm-none-eabi/7.3.1/../../../../arm-none-eabi/lib/hard\libc.a
LOAD c:/ti/gcc-arm-none-eabi-7-2018-q2-update/bin/../lib/gcc/arm-none-eabi/7.3.1/../../../../arm-none-eabi/lib/hard\librdimon.a
LOAD c:/ti/gcc-arm-none-eabi-7-2018-q2-update/bin/../lib/gcc/arm-none-eabi/7.3.1/../../../../arm-none-eabi/lib/hard\libm.a
LOAD c:/ti/gcc-arm-none-eabi-7-2018-q2-update/bin/../lib/gcc/arm-none-eabi/7.3.1/../../../../arm-none-eabi/lib/hard\libnosys.a
LOAD C:/ti/pdk_am335x_1_0_17/packages/ti/board/lib/icev2AM335x/a8/release/ti.board.aa8fg
LOAD C:/ti/pdk_am335x_1_0_17/packages/ti/osal/lib/nonos/am335x/a8/release/ti.osal.aa8fg
LOAD C:/ti/pdk_am335x_1_0_17/packages/ti/drv/mmcsd/lib/a8/release/ti.drv.mmcsd.aa8fg
LOAD C:/ti/pdk_am335x_1_0_17/packages/ti/fs/fatfs/lib/a8/release/ti.fs.fatfs.aa8fg
LOAD C:/ti/pdk_am335x_1_0_17/packages/ti/drv/uart/lib/am335x/a8/release/ti.drv.uart.aa8fg
LOAD C:/ti/pdk_am335x_1_0_17/packages/ti/drv/i2c/lib/am335x/a8/release/ti.drv.i2c.aa8fg
LOAD C:/ti/pdk_am335x_1_0_17/packages/ti/csl/lib/am335x/a8/release/ti.csl.aa8fg
END GROUP
START GROUP
LOAD c:/ti/gcc-arm-none-eabi-7-2018-q2-update/bin/../lib/gcc/arm-none-eabi/7.3.1/hard\libgcc.a
LOAD c:/ti/gcc-arm-none-eabi-7-2018-q2-update/bin/../lib/gcc/arm-none-eabi/7.3.1/../../../../arm-none-eabi/lib/hard\libc.a
END GROUP
OUTPUT(C:/ti/pdk_am335x_1_0_17/packages/ti/board/bin/icev2AM335x/armv7/framework_icev2AM335x_armv7.out elf32-littlearm)

.debug_info     0x00000000     0x6719
 .debug_info    0x00000000      0xb11 C:/ti/pdk_am335x_1_0_17/packages/ti/board/obj/icev2AM335x/armv7/main.o
 .debug_info    0x00000b11     0x1ad2 C:/ti/pdk_am335x_1_0_17/packages/ti/board/obj/icev2AM335x/armv7/framework.o
 .debug_info    0x000025e3     0x117f C:/ti/pdk_am335x_1_0_17/packages/ti/board/obj/icev2AM335x/armv7/MMCSD_soc.o
 .debug_info    0x00003762     0x188f C:/ti/pdk_am335x_1_0_17/packages/ti/board/obj/icev2AM335x/armv7/diag_mmc.o
 .debug_info    0x00004ff1       0x26 C:/ti/pdk_am335x_1_0_17/packages/ti/board/obj/icev2AM335x/armv7/framework_entry.ao
 .debug_info    0x00005017      0xd94 C:/ti/pdk_am335x_1_0_17/packages/ti/board/obj/icev2AM335x/armv7/intc.o
 .debug_info    0x00005dab      0x96e C:/ti/pdk_am335x_1_0_17/packages/ti/board/obj/icev2AM335x/armv7/cpu.o

.debug_abbrev   0x00000000      0xe79
 .debug_abbrev  0x00000000      0x1d9 C:/ti/pdk_am335x_1_0_17/packages/ti/board/obj/icev2AM335x/armv7/main.o
 .debug_abbrev  0x000001d9      0x338 C:/ti/pdk_am335x_1_0_17/packages/ti/board/obj/icev2AM335x/armv7/framework.o
 .debug_abbrev  0x00000511      0x203 C:/ti/pdk_am335x_1_0_17/packages/ti/board/obj/icev2AM335x/armv7/MMCSD_soc.o
 .debug_abbrev  0x00000714      0x266 C:/ti/pdk_am335x_1_0_17/packages/ti/board/obj/icev2AM335x/armv7/diag_mmc.o
 .debug_abbrev  0x0000097a       0x14 C:/ti/pdk_am335x_1_0_17/packages/ti/board/obj/icev2AM335x/armv7/framework_entry.ao
 .debug_abbrev  0x0000098e      0x303 C:/ti/pdk_am335x_1_0_17/packages/ti/board/obj/icev2AM335x/armv7/intc.o
 .debug_abbrev  0x00000c91      0x1e8 C:/ti/pdk_am335x_1_0_17/packages/ti/board/obj/icev2AM335x/armv7/cpu.o

.debug_aranges  0x00000000       0xe0
 .debug_aranges
                0x00000000       0x20 C:/ti/pdk_am335x_1_0_17/packages/ti/board/obj/icev2AM335x/armv7/main.o
 .debug_aranges
                0x00000020       0x20 C:/ti/pdk_am335x_1_0_17/packages/ti/board/obj/icev2AM335x/armv7/framework.o
 .debug_aranges
                0x00000040       0x20 C:/ti/pdk_am335x_1_0_17/packages/ti/board/obj/icev2AM335x/armv7/MMCSD_soc.o
 .debug_aranges
                0x00000060       0x20 C:/ti/pdk_am335x_1_0_17/packages/ti/board/obj/icev2AM335x/armv7/diag_mmc.o
 .debug_aranges
                0x00000080       0x20 C:/ti/pdk_am335x_1_0_17/packages/ti/board/obj/icev2AM335x/armv7/framework_entry.ao
 .debug_aranges
                0x000000a0       0x20 C:/ti/pdk_am335x_1_0_17/packages/ti/board/obj/icev2AM335x/armv7/intc.o
 .debug_aranges
                0x000000c0       0x20 C:/ti/pdk_am335x_1_0_17/packages/ti/board/obj/icev2AM335x/armv7/cpu.o

.debug_ranges   0x00000000       0x10
 .debug_ranges  0x00000000       0x10 C:/ti/pdk_am335x_1_0_17/packages/ti/board/obj/icev2AM335x/armv7/main.o

.debug_line     0x00000000     0x11f2
 .debug_line    0x00000000      0x22a C:/ti/pdk_am335x_1_0_17/packages/ti/board/obj/icev2AM335x/armv7/main.o
 .debug_line    0x0000022a      0x441 C:/ti/pdk_am335x_1_0_17/packages/ti/board/obj/icev2AM335x/armv7/framework.o
 .debug_line    0x0000066b      0x292 C:/ti/pdk_am335x_1_0_17/packages/ti/board/obj/icev2AM335x/armv7/MMCSD_soc.o
 .debug_line    0x000008fd      0x392 C:/ti/pdk_am335x_1_0_17/packages/ti/board/obj/icev2AM335x/armv7/diag_mmc.o
 .debug_line    0x00000c8f       0xd6 C:/ti/pdk_am335x_1_0_17/packages/ti/board/obj/icev2AM335x/armv7/framework_entry.ao
 .debug_line    0x00000d65      0x2d4 C:/ti/pdk_am335x_1_0_17/packages/ti/board/obj/icev2AM335x/armv7/intc.o
 .debug_line    0x00001039      0x1b9 C:/ti/pdk_am335x_1_0_17/packages/ti/board/obj/icev2AM335x/armv7/cpu.o

.debug_str      0x00000000     0x1808
 .debug_str     0x00000000      0x6e3 C:/ti/pdk_am335x_1_0_17/packages/ti/board/obj/icev2AM335x/armv7/main.o
                                0x76c (size before relaxing)
 .debug_str     0x000006e3      0xb31 C:/ti/pdk_am335x_1_0_17/packages/ti/board/obj/icev2AM335x/armv7/framework.o
                               0x1288 (size before relaxing)
 .debug_str     0x00001214       0x5e C:/ti/pdk_am335x_1_0_17/packages/ti/board/obj/icev2AM335x/armv7/MMCSD_soc.o
                                0xd47 (size before relaxing)
 .debug_str     0x00001272      0x1e8 C:/ti/pdk_am335x_1_0_17/packages/ti/board/obj/icev2AM335x/armv7/diag_mmc.o
                               0x1245 (size before relaxing)
 .debug_str     0x0000145a       0x5d C:/ti/pdk_am335x_1_0_17/packages/ti/board/obj/icev2AM335x/armv7/framework_entry.ao
                                 0x96 (size before relaxing)
 .debug_str     0x000014b7      0x2a3 C:/ti/pdk_am335x_1_0_17/packages/ti/board/obj/icev2AM335x/armv7/intc.o
                                0x85b (size before relaxing)
 .debug_str     0x0000175a       0xae C:/ti/pdk_am335x_1_0_17/packages/ti/board/obj/icev2AM335x/armv7/cpu.o
                                0x63a (size before relaxing)

.comment        0x00000000       0x7f
 .comment       0x00000000       0x7f C:/ti/pdk_am335x_1_0_17/packages/ti/board/obj/icev2AM335x/armv7/main.o
                                 0x80 (size before relaxing)
 .comment       0x0000007f       0x80 C:/ti/pdk_am335x_1_0_17/packages/ti/board/obj/icev2AM335x/armv7/framework.o
 .comment       0x0000007f       0x80 C:/ti/pdk_am335x_1_0_17/packages/ti/board/obj/icev2AM335x/armv7/MMCSD_soc.o
 .comment       0x0000007f       0x80 C:/ti/pdk_am335x_1_0_17/packages/ti/board/obj/icev2AM335x/armv7/diag_mmc.o
 .comment       0x0000007f       0x80 C:/ti/pdk_am335x_1_0_17/packages/ti/board/obj/icev2AM335x/armv7/intc.o
 .comment       0x0000007f       0x80 C:/ti/pdk_am335x_1_0_17/packages/ti/board/obj/icev2AM335x/armv7/cpu.o
 .comment       0x0000007f       0x80 C:/ti/pdk_am335x_1_0_17/packages/ti/board/lib/icev2AM335x/a8/release/ti.board.aa8fg(icev2AM335x.oa8fg)
 .comment       0x0000007f       0x80 C:/ti/pdk_am335x_1_0_17/packages/ti/board/lib/icev2AM335x/a8/release/ti.board.aa8fg(icev2AM335x_lld_init.oa8fg)
 .comment       0x0000007f       0x80 C:/ti/pdk_am335x_1_0_17/packages/ti/board/lib/icev2AM335x/a8/release/ti.board.aa8fg(icev2AM335x_ethernet_config.oa8fg)
 .comment       0x0000007f       0x80 C:/ti/pdk_am335x_1_0_17/packages/ti/board/lib/icev2AM335x/a8/release/ti.board.aa8fg(icev2AM335x_pinmux.oa8fg)
 .comment       0x0000007f       0x80 C:/ti/pdk_am335x_1_0_17/packages/ti/board/lib/icev2AM335x/a8/release/ti.board.aa8fg(am335x_chipdb.oa8fg)
 .comment       0x0000007f       0x80 C:/ti/pdk_am335x_1_0_17/packages/ti/board/lib/icev2AM335x/a8/release/ti.board.aa8fg(am335x_prcm.oa8fg)
 .comment       0x0000007f       0x80 C:/ti/pdk_am335x_1_0_17/packages/ti/board/lib/icev2AM335x/a8/release/ti.board.aa8fg(hw_am335x_chipdb.oa8fg)
 .comment       0x0000007f       0x80 C:/ti/pdk_am335x_1_0_17/packages/ti/board/lib/icev2AM335x/a8/release/ti.board.aa8fg(hw_am335x_chipdb_baseaddr.oa8fg)
 .comment       0x0000007f       0x80 C:/ti/pdk_am335x_1_0_17/packages/ti/board/lib/icev2AM335x/a8/release/ti.board.aa8fg(am335x_icev2_pinmux_data.oa8fg)
 .comment       0x0000007f       0x80 C:/ti/pdk_am335x_1_0_17/packages/ti/drv/mmcsd/lib/a8/release/ti.drv.mmcsd.aa8fg(MMCSD_drv.oa8fg)
 .comment       0x0000007f       0x80 C:/ti/pdk_am335x_1_0_17/packages/ti/drv/mmcsd/lib/a8/release/ti.drv.mmcsd.aa8fg(MMCSD_v1.oa8fg)
 .comment       0x0000007f       0x80 C:/ti/pdk_am335x_1_0_17/packages/ti/drv/mmcsd/lib/a8/release/ti.drv.mmcsd.aa8fg(MMCSD_v1_lld.oa8fg)
 .comment       0x0000007f       0x80 C:/ti/pdk_am335x_1_0_17/packages/ti/fs/fatfs/lib/a8/release/ti.fs.fatfs.aa8fg(ff.oa8fg)
 .comment       0x0000007f       0x80 C:/ti/pdk_am335x_1_0_17/packages/ti/fs/fatfs/lib/a8/release/ti.fs.fatfs.aa8fg(FATFS_drv.oa8fg)
 .comment       0x0000007f       0x80 C:/ti/pdk_am335x_1_0_17/packages/ti/fs/fatfs/lib/a8/release/ti.fs.fatfs.aa8fg(diskio.oa8fg)
 .comment       0x0000007f       0x80 C:/ti/pdk_am335x_1_0_17/packages/ti/drv/uart/lib/am335x/a8/release/ti.drv.uart.aa8fg(UART_stdio.oa8fg)
 .comment       0x0000007f       0x80 C:/ti/pdk_am335x_1_0_17/packages/ti/drv/uart/lib/am335x/a8/release/ti.drv.uart.aa8fg(UART_ascii_utils.oa8fg)
 .comment       0x0000007f       0x80 C:/ti/pdk_am335x_1_0_17/packages/ti/drv/uart/lib/am335x/a8/release/ti.drv.uart.aa8fg(UART_drv.oa8fg)
 .comment       0x0000007f       0x80 C:/ti/pdk_am335x_1_0_17/packages/ti/drv/uart/lib/am335x/a8/release/ti.drv.uart.aa8fg(UART_soc.oa8fg)
 .comment       0x0000007f       0x80 C:/ti/pdk_am335x_1_0_17/packages/ti/drv/uart/lib/am335x/a8/release/ti.drv.uart.aa8fg(UART_v1.oa8fg)
 .comment       0x0000007f       0x80 C:/ti/pdk_am335x_1_0_17/packages/ti/csl/lib/am335x/a8/release/ti.csl.aa8fg(gpio_v2.oa8fg)
 .comment       0x0000007f       0x80 C:/ti/pdk_am335x_1_0_17/packages/ti/csl/lib/am335x/a8/release/ti.csl.aa8fg(uart.oa8fg)
 .comment       0x0000007f       0x80 C:/ti/pdk_am335x_1_0_17/packages/ti/osal/lib/nonos/am335x/a8/release/ti.osal.aa8fg(HwiP_nonos.oa8fg)
 .comment       0x0000007f       0x80 C:/ti/pdk_am335x_1_0_17/packages/ti/osal/lib/nonos/am335x/a8/release/ti.osal.aa8fg(Utils_nonos.oa8fg)
 .comment       0x0000007f       0x80 C:/ti/pdk_am335x_1_0_17/packages/ti/osal/lib/nonos/am335x/a8/release/ti.osal.aa8fg(SemaphoreP_nonos.oa8fg)
 .comment       0x0000007f       0x80 C:/ti/pdk_am335x_1_0_17/packages/ti/osal/lib/nonos/am335x/a8/release/ti.osal.aa8fg(RegisterIntr_nonos.oa8fg)
 .comment       0x0000007f       0x80 C:/ti/pdk_am335x_1_0_17/packages/ti/osal/lib/nonos/am335x/a8/release/ti.osal.aa8fg(Arch_util.oa8fg)
 .comment       0x0000007f       0x80 C:/ti/pdk_am335x_1_0_17/packages/ti/osal/lib/nonos/am335x/a8/release/ti.osal.aa8fg(MuxIntcP_nonos.oa8fg)
 .comment       0x0000007f       0x80 C:/ti/pdk_am335x_1_0_17/packages/ti/osal/lib/nonos/am335x/a8/release/ti.osal.aa8fg(delay.oa8fg)
 .comment       0x0000007f       0x80 C:/ti/pdk_am335x_1_0_17/packages/ti/csl/lib/am335x/a8/release/ti.csl.aa8fg(timer.oa8fg)

.ARM.attributes
                0x00000000       0x35
 .ARM.attributes
                0x00000000       0x35 C:/ti/pdk_am335x_1_0_17/packages/ti/board/obj/icev2AM335x/armv7/main.o
 .ARM.attributes
                0x00000035       0x35 C:/ti/pdk_am335x_1_0_17/packages/ti/board/obj/icev2AM335x/armv7/framework.o
 .ARM.attributes
                0x0000006a       0x35 C:/ti/pdk_am335x_1_0_17/packages/ti/board/obj/icev2AM335x/armv7/MMCSD_soc.o
 .ARM.attributes
                0x0000009f       0x35 C:/ti/pdk_am335x_1_0_17/packages/ti/board/obj/icev2AM335x/armv7/diag_mmc.o
 .ARM.attributes
                0x000000d4       0x21 C:/ti/pdk_am335x_1_0_17/packages/ti/board/obj/icev2AM335x/armv7/framework_entry.ao
 .ARM.attributes
                0x000000f5       0x35 C:/ti/pdk_am335x_1_0_17/packages/ti/board/obj/icev2AM335x/armv7/intc.o
 .ARM.attributes
                0x0000012a       0x35 C:/ti/pdk_am335x_1_0_17/packages/ti/board/obj/icev2AM335x/armv7/cpu.o
 .ARM.attributes
                0x0000015f       0x34 c:/ti/gcc-arm-none-eabi-7-2018-q2-update/bin/../lib/gcc/arm-none-eabi/7.3.1/../../../../arm-none-eabi/lib/hard\libc.a(lib_a-atoi.o)
 .ARM.attributes
                0x00000193       0x34 c:/ti/gcc-arm-none-eabi-7-2018-q2-update/bin/../lib/gcc/arm-none-eabi/7.3.1/../../../../arm-none-eabi/lib/hard\libc.a(lib_a-memcpy-stub.o)
 .ARM.attributes
                0x000001c7       0x16 c:/ti/gcc-arm-none-eabi-7-2018-q2-update/bin/../lib/gcc/arm-none-eabi/7.3.1/../../../../arm-none-eabi/lib/hard\libc.a(lib_a-strcmp.o)
 .ARM.attributes
                0x000001dd       0x34 c:/ti/gcc-arm-none-eabi-7-2018-q2-update/bin/../lib/gcc/arm-none-eabi/7.3.1/../../../../arm-none-eabi/lib/hard\libc.a(lib_a-strlen-stub.o)
 .ARM.attributes