<?xml version="1.0" encoding="ISO-8859-1" ?>
<link_info>
   <banner>PRU Linker PC v2.3.2</banner>
   <copyright>Copyright (c) 2012-2018 Texas Instruments Incorporated</copyright>
   <link_time>0x5f6979cd</link_time>
   <link_errors>0x0</link_errors>
   <output_file>C:/ti/pdk_am335x_1_0_17/packages/ti/binary/icss_i2c/obj/am335x/a8host/REV1/pru_0/icss_i2c_PRU0.out</output_file>
   <entry_point>
      <name>I2C_scheduler</name>
      <address>0x0</address>
   </entry_point>
   <input_file_list>
      <input_file id="fl-2">
         <path>C:\ti\pdk_am335x_1_0_17\packages\ti\binary\icss_i2c\obj\am335x\a8host\REV1\pru_0\</path>
         <kind>object</kind>
         <file>I2C_scheduler.opru</file>
         <name>I2C_scheduler.opru</name>
      </input_file>
      <input_file id="fl-3">
         <path>C:\ti\pdk_am335x_1_0_17\packages\ti\binary\icss_i2c\obj\am335x\a8host\REV1\pru_0\</path>
         <kind>object</kind>
         <file>I2C_protocol.opru</file>
         <name>I2C_protocol.opru</name>
      </input_file>
      <input_file id="fl-4">
         <path>C:\ti\pdk_am335x_1_0_17\packages\ti\binary\icss_i2c\obj\am335x\a8host\REV1\pru_0\</path>
         <kind>object</kind>
         <file>I2C_smbus.opru</file>
         <name>I2C_smbus.opru</name>
      </input_file>
      <input_file id="fl-8">
         <kind>object</kind>
         <file>&lt;internal&gt;</file>
         <name>&lt;internal&gt;</name>
      </input_file>
   </input_file_list>
   <object_component_list>
      <object_component id="oc-13">
         <name>.text:I2C_scheduler</name>
         <load_address>0x0</load_address>
         <run_address>0x0</run_address>
         <size>0x3f0</size>
         <input_file_ref idref="fl-2"/>
      </object_component>
      <object_component id="oc-18">
         <name>.text</name>
         <load_address>0x3f0</load_address>
         <run_address>0x3f0</run_address>
         <size>0x0</size>
         <input_file_ref idref="fl-2"/>
      </object_component>
      <object_component id="oc-1a">
         <name>.text</name>
         <load_address>0x3f0</load_address>
         <run_address>0x3f0</run_address>
         <size>0xda4</size>
         <input_file_ref idref="fl-3"/>
      </object_component>
      <object_component id="oc-20">
         <name>.text</name>
         <load_address>0x1194</load_address>
         <run_address>0x1194</run_address>
         <size>0x564</size>
         <input_file_ref idref="fl-4"/>
      </object_component>
      <object_component id="oc-19">
         <name>.data</name>
         <load_address>0x0</load_address>
         <run_address>0x0</run_address>
         <size>0x10</size>
         <input_file_ref idref="fl-2"/>
      </object_component>
      <object_component id="oc-14">
         <name>.debug_info</name>
         <load_address>0x0</load_address>
         <run_address>0x0</run_address>
         <size>0xea</size>
         <input_file_ref idref="fl-2"/>
      </object_component>
      <object_component id="oc-1d">
         <name>.debug_info</name>
         <load_address>0xea</load_address>
         <run_address>0xea</run_address>
         <size>0xe9</size>
         <input_file_ref idref="fl-3"/>
      </object_component>
      <object_component id="oc-22">
         <name>.debug_info</name>
         <load_address>0x1d3</load_address>
         <run_address>0x1d3</run_address>
         <size>0xe1</size>
         <input_file_ref idref="fl-4"/>
      </object_component>
      <object_component id="oc-42">
         <name>.debug_info</name>
         <load_address>0x2b4</load_address>
         <run_address>0x2b4</run_address>
         <size>0xa8</size>
      </object_component>
      <object_component id="oc-17">
         <name>.debug_line</name>
         <load_address>0x0</load_address>
         <run_address>0x0</run_address>
         <size>0x13f</size>
         <input_file_ref idref="fl-2"/>
      </object_component>
      <object_component id="oc-1c">
         <name>.debug_line</name>
         <load_address>0x13f</load_address>
         <run_address>0x13f</run_address>
         <size>0x3ab</size>
         <input_file_ref idref="fl-3"/>
      </object_component>
      <object_component id="oc-24">
         <name>.debug_line</name>
         <load_address>0x4ea</load_address>
         <run_address>0x4ea</run_address>
         <size>0x198</size>
         <input_file_ref idref="fl-4"/>
      </object_component>
      <object_component id="oc-1f">
         <name>.debug_abbrev</name>
         <load_address>0x0</load_address>
         <run_address>0x0</run_address>
         <size>0x25</size>
         <input_file_ref idref="fl-2"/>
      </object_component>
      <object_component id="oc-25">
         <name>.debug_abbrev</name>
         <load_address>0x25</load_address>
         <run_address>0x25</run_address>
         <size>0x25</size>
         <input_file_ref idref="fl-3"/>
      </object_component>
      <object_component id="oc-26">
         <name>.debug_abbrev</name>
         <load_address>0x4a</load_address>
         <run_address>0x4a</run_address>
         <size>0x25</size>
         <input_file_ref idref="fl-4"/>
      </object_component>
      <object_component id="oc-43">
         <name>.debug_abbrev</name>
         <load_address>0x6f</load_address>
         <run_address>0x6f</run_address>
         <size>0xf</size>
      </object_component>
      <object_component id="oc-15">
         <name>.debug_aranges</name>
         <load_address>0x0</load_address>
         <run_address>0x0</run_address>
         <size>0x20</size>
         <input_file_ref idref="fl-2"/>
      </object_component>
      <object_component id="oc-1b">
         <name>.debug_aranges</name>
         <load_address>0x20</load_address>
         <run_address>0x20</run_address>
         <size>0x20</size>
         <input_file_ref idref="fl-3"/>
      </object_component>
      <object_component id="oc-21">
         <name>.debug_aranges</name>
         <load_address>0x40</load_address>
         <run_address>0x40</run_address>
         <size>0x20</size>
         <input_file_ref idref="fl-4"/>
      </object_component>
      <object_component id="oc-16">
         <name>.debug_pubnames</name>
         <load_address>0x0</load_address>
         <run_address>0x0</run_address>
         <size>0x36</size>
         <input_file_ref idref="fl-2"/>
      </object_component>
      <object_component id="oc-1e">
         <name>.debug_pubnames</name>
         <load_address>0x36</load_address>
         <run_address>0x36</run_address>
         <size>0x36</size>
         <input_file_ref idref="fl-3"/>
      </object_component>
      <object_component id="oc-23">
         <name>.debug_pubnames</name>
         <load_address>0x6c</load_address>
         <run_address>0x6c</run_address>
         <size>0x31</size>
         <input_file_ref idref="fl-4"/>
      </object_component>
   </object_component_list>
   <logical_group_list>
      <logical_group id="lg-2" display="no" color="cyan">
         <name>.text:I2C_scheduler</name>
         <load_address>0x0</load_address>
         <run_address>0x0</run_address>
         <size>0x3f0</size>
         <contents>
            <object_component_ref idref="oc-13"/>
         </contents>
      </logical_group>
      <logical_group id="lg-3" display="no" color="cyan">
         <name>.text</name>
         <load_address>0x3f0</load_address>
         <run_address>0x3f0</run_address>
         <size>0x1308</size>
         <contents>
            <object_component_ref idref="oc-18"/>
            <object_component_ref idref="oc-1a"/>
            <object_component_ref idref="oc-20"/>
         </contents>
      </logical_group>
      <logical_group id="lg-4" display="no" color="cyan">
         <name>.bss</name>
         <run_address>0x0</run_address>
         <size>0x0</size>
         <contents>
         </contents>
      </logical_group>
      <logical_group id="lg-5" display="no" color="cyan">
         <name>.data</name>
         <load_address>0x0</load_address>
         <run_address>0x0</run_address>
         <size>0x10</size>
         <contents>
            <object_component_ref idref="oc-19"/>
         </contents>
      </logical_group>
      <logical_group id="lg-6" display="no" color="cyan">
         <name>.rodata</name>
         <run_address>0x0</run_address>
         <size>0x0</size>
         <contents>
         </contents>
      </logical_group>
      <logical_group id="lg-7" display="no" color="cyan">
         <name>.farbss</name>
         <run_address>0x0</run_address>
         <size>0x0</size>
         <contents>
         </contents>
      </logical_group>
      <logical_group id="lg-8" display="no" color="cyan">
         <name>.fardata</name>
         <run_address>0x0</run_address>
         <size>0x0</size>
         <contents>
         </contents>
      </logical_group>
      <logical_group id="lg-9" display="no" color="cyan">
         <name>.rofardata</name>
         <run_address>0x0</run_address>
         <size>0x0</size>
         <contents>
         </contents>
      </logical_group>
      <logical_group id="lg-a" display="no" color="cyan">
         <name>.sysmem</name>
         <run_address>0x0</run_address>
         <size>0x0</size>
         <contents>
         </contents>
      </logical_group>
      <logical_group id="lg-b" display="no" color="cyan">
         <name>.stack</name>
         <run_address>0x0</run_address>
         <size>0x0</size>
         <contents>
         </contents>
      </logical_group>
      <logical_group id="lg-c" display="no" color="cyan">
         <name>.init_array</name>
         <run_address>0x0</run_address>
         <size>0x0</size>
         <contents>
         </contents>
      </logical_group>
      <logical_group id="lg-d" display="no" color="cyan">
         <name>.cinit</name>
         <run_address>0x0</run_address>
         <size>0x0</size>
         <contents>
         </contents>
      </logical_group>
      <logical_group id="lg-e" display="no" color="cyan">
         <name>.args</name>
         <run_address>0x0</run_address>
         <size>0x0</size>
         <contents>
         </contents>
      </logical_group>
      <logical_group id="lg-f" display="no" color="cyan">
         <name>.i2c_ctxt</name>
         <run_address>0x0</run_address>
         <size>0x0</size>
         <contents>
         </contents>
      </logical_group>
      <logical_group id="lg-10" display="no" color="cyan">
         <name>.pru0_tmp_ctxt</name>
         <run_address>0x0</run_address>
         <size>0x0</size>
         <contents>
         </contents>
      </logical_group>
      <logical_group id="lg-11" display="no" color="cyan">
         <name>.pru1_tmp_ctxt</name>
         <run_address>0x0</run_address>
         <size>0x0</size>
         <contents>
         </contents>
      </logical_group>
      <logical_group id="lg-37" display="never" color="cyan">
         <name>.debug_info</name>
         <load_address>0x0</load_address>
         <run_address>0x0</run_address>
         <size>0x35c</size>
         <contents>
            <object_component_ref idref="oc-14"/>
            <object_component_ref idref="oc-1d"/>
            <object_component_ref idref="oc-22"/>
            <object_component_ref idref="oc-42"/>
         </contents>
      </logical_group>
      <logical_group id="lg-39" display="never" color="cyan">
         <name>.debug_line</name>
         <load_address>0x0</load_address>
         <run_address>0x0</run_address>
         <size>0x682</size>
         <contents>
            <object_component_ref idref="oc-17"/>
            <object_component_ref idref="oc-1c"/>
            <object_component_ref idref="oc-24"/>
         </contents>
      </logical_group>
      <logical_group id="lg-3b" display="never" color="cyan">
         <name>.debug_abbrev</name>
         <load_address>0x0</load_address>
         <run_address>0x0</run_address>
         <size>0x7e</size>
         <contents>
            <object_component_ref idref="oc-1f"/>
            <object_component_ref idref="oc-25"/>
            <object_component_ref idref="oc-26"/>
            <object_component_ref idref="oc-43"/>
         </contents>
      </logical_group>
      <logical_group id="lg-3d" display="never" color="cyan">
         <name>.debug_aranges</name>
         <load_address>0x0</load_address>
         <run_address>0x0</run_address>
         <size>0x60</size>
         <contents>
            <object_component_ref idref="oc-15"/>
            <object_component_ref idref="oc-1b"/>
            <object_component_ref idref="oc-21"/>
         </contents>
      </logical_group>
      <logical_group id="lg-3f" display="never" color="cyan">
         <name>.debug_pubnames</name>
         <load_address>0x0</load_address>
         <run_address>0x0</run_address>
         <size>0x9d</size>
         <contents>
            <object_component_ref idref="oc-16"/>
            <object_component_ref idref="oc-1e"/>
            <object_component_ref idref="oc-23"/>
         </contents>
      </logical_group>
      <load_segment id="lg-44" display="no" color="cyan">
         <name>SEGMENT_0</name>
         <load_address>0x0</load_address>
         <run_address>0x0</run_address>
         <size>0x16f8</size>
         <flags>0x5</flags>
         <contents>
            <logical_group_ref idref="lg-2"/>
            <logical_group_ref idref="lg-3"/>
         </contents>
      </load_segment>
      <load_segment id="lg-45" display="no" color="cyan">
         <name>SEGMENT_1</name>
         <load_address>0x0</load_address>
         <run_address>0x0</run_address>
         <size>0x10</size>
         <flags>0x6</flags>
         <contents>
            <logical_group_ref idref="lg-5"/>
         </contents>
      </load_segment>
   </logical_group_list>
   <placement_map>
      <memory_area display="yes" color="green">
         <name>PRUIMEM</name>
         <page_id>0x0</page_id>
         <origin>0x0</origin>
         <length>0x2000</length>
         <used_space>0x16f8</used_space>
         <unused_space>0x908</unused_space>
         <attributes>RWIX</attributes>
         <usage_details>
            <allocated_space>
               <start_address>0x0</start_address>
               <size>0x3f0</size>
               <logical_group_ref idref="lg-2"/>
            </allocated_space>
            <allocated_space>
               <start_address>0x3f0</start_address>
               <size>0x1308</size>
               <logical_group_ref idref="lg-3"/>
            </allocated_space>
            <available_space>
               <start_address>0x16f8</start_address>
               <size>0x908</size>
            </available_space>
         </usage_details>
      </memory_area>
      <memory_area display="yes" color="green">
         <name>PRUDMEM</name>
         <page_id>0x1</page_id>
         <origin>0x0</origin>
         <length>0x1100</length>
         <used_space>0x10</used_space>
         <unused_space>0x10f0</unused_space>
         <attributes>RWIX</attributes>
         <usage_details>
            <allocated_space>
               <start_address>0x0</start_address>
               <size>0x10</size>
               <logical_group_ref idref="lg-5"/>
            </allocated_space>
            <available_space>
               <start_address>0x10</start_address>
               <size>0x10f0</size>
            </available_space>
         </usage_details>
      </memory_area>
      <memory_area display="yes" color="green">
         <name>PRUDMEM_CTXT</name>
         <page_id>0x1</page_id>
         <origin>0x1100</origin>
         <length>0xf00</length>
         <used_space>0x0</used_space>
         <unused_space>0xf00</unused_space>
         <attributes>RWIX</attributes>
         <usage_details>
         </usage_details>
      </memory_area>
      <memory_area display="yes" color="green">
         <name>PRUDMEMO</name>
         <page_id>0x1</page_id>
         <origin>0x2000</origin>
         <length>0x2000</length>
         <used_space>0x0</used_space>
         <unused_space>0x2000</unused_space>
         <attributes>RWIX</attributes>
         <usage_details>
         </usage_details>
      </memory_area>
      <memory_area display="yes" color="green">
         <name>SHAREDMEM</name>
         <page_id>0x2</page_id>
         <origin>0x10000</origin>
         <length>0x3000</length>
         <used_space>0x0</used_space>
         <unused_space>0x3000</unused_space>
         <attributes>RWIX</attributes>
         <usage_details>
         </usage_details>
      </memory_area>
   </placement_map>
   <symbol_table>
      <symbol id="sm-1">
         <name>__c_args__</name>
         <value>0xffffffff</value>
      </symbol>
      <symbol id="sm-39">
         <name>I2C_scheduler</name>
         <value>0x0</value>
         <object_component_ref idref="oc-13"/>
      </symbol>
      <symbol id="sm-118">
         <name>RX_DATA_SDA_BEGIN</name>
         <value>0xb24</value>
         <object_component_ref idref="oc-1a"/>
      </symbol>
      <symbol id="sm-119">
         <name>STOP_CONDITION_SCL_HIGH</name>
         <value>0x1030</value>
         <object_component_ref idref="oc-1a"/>
      </symbol>
      <symbol id="sm-11a">
         <name>START_CONDITION_SDA_LOW</name>
         <value>0x8a8</value>
         <object_component_ref idref="oc-1a"/>
      </symbol>
      <symbol id="sm-11b">
         <name>RAISE_HOST_INTERRUPT_MEM_FOR_READY</name>
         <value>0x598</value>
         <object_component_ref idref="oc-1a"/>
      </symbol>
      <symbol id="sm-11c">
         <name>TX_DATA_SDA_BEGIN</name>
         <value>0x9ec</value>
         <object_component_ref idref="oc-1a"/>
      </symbol>
      <symbol id="sm-11d">
         <name>RESET_MODE</name>
         <value>0x3f0</value>
         <object_component_ref idref="oc-1a"/>
      </symbol>
      <symbol id="sm-11e">
         <name>DATA_PROCESSING_COMPLETE</name>
         <value>0x1000</value>
         <object_component_ref idref="oc-1a"/>
      </symbol>
      <symbol id="sm-11f">
         <name>CMD_CODE_SDA_BEGIN</name>
         <value>0xeb4</value>
         <object_component_ref idref="oc-1a"/>
      </symbol>
      <symbol id="sm-163">
         <name>QUICK_CMD_MODE</name>
         <value>0x1194</value>
         <object_component_ref idref="oc-20"/>
      </symbol>
      <symbol id="sm-164">
         <name>WRITE_WORD_MODE</name>
         <value>0x148c</value>
         <object_component_ref idref="oc-20"/>
      </symbol>
      <symbol id="sm-165">
         <name>BLOCK_READ_MODE</name>
         <value>0x1668</value>
         <object_component_ref idref="oc-20"/>
      </symbol>
      <symbol id="sm-166">
         <name>SEND_BYTE_MODE</name>
         <value>0x1244</value>
         <object_component_ref idref="oc-20"/>
      </symbol>
      <symbol id="sm-167">
         <name>READ_BYTE_MODE</name>
         <value>0x13f8</value>
         <object_component_ref idref="oc-20"/>
      </symbol>
      <symbol id="sm-168">
         <name>RECEIVE_BYTE_MODE</name>
         <value>0x12d4</value>
         <object_component_ref idref="oc-20"/>
      </symbol>
      <symbol id="sm-169">
         <name>READ_WORD_MODE</name>
         <value>0x1520</value>
         <object_component_ref idref="oc-20"/>
      </symbol>
      <symbol id="sm-16a">
         <name>BLOCK_WRITE_MODE</name>
         <value>0x15b4</value>
         <object_component_ref idref="oc-20"/>
      </symbol>
      <symbol id="sm-16b">
         <name>WRITE_BYTE_MODE</name>
         <value>0x1364</value>
         <object_component_ref idref="oc-20"/>
      </symbol>
   </symbol_table>
   <title>Link successful</title>
</link_info>
