<?xml version="1.0" encoding="ISO-8859-1" ?>
<link_info>
   <banner>TI ARM Linker PC v20.2.0.LTS</banner>
   <copyright>Copyright (c) 1996-2018 Texas Instruments Incorporated</copyright>
   <link_time>0x5ed49749</link_time>
   <link_errors>0x0</link_errors>
   <output_file>NAND_Flashing_Tool.out</output_file>
   <entry_point>
      <name>mystartup</name>
      <address>0x40303fe8</address>
   </entry_point>
   <input_file_list>
      <input_file id="fl-2">
         <path>.\</path>
         <kind>object</kind>
         <file>AM335X_device.obj</file>
         <name>AM335X_device.obj</name>
      </input_file>
      <input_file id="fl-3">
         <path>.\</path>
         <kind>object</kind>
         <file>AM335X_ecc.obj</file>
         <name>AM335X_ecc.obj</name>
      </input_file>
      <input_file id="fl-4">
         <path>.\</path>
         <kind>object</kind>
         <file>board_identification.obj</file>
         <name>board_identification.obj</name>
      </input_file>
      <input_file id="fl-5">
         <path>.\</path>
         <kind>object</kind>
         <file>debug.obj</file>
         <name>debug.obj</name>
      </input_file>
      <input_file id="fl-6">
         <path>.\</path>
         <kind>object</kind>
         <file>i2c.obj</file>
         <name>i2c.obj</name>
      </input_file>
      <input_file id="fl-7">
         <path>.\</path>
         <kind>object</kind>
         <file>main.obj</file>
         <name>main.obj</name>
      </input_file>
      <input_file id="fl-8">
         <path>.\</path>
         <kind>object</kind>
         <file>nand.obj</file>
         <name>nand.obj</name>
      </input_file>
      <input_file id="fl-9">
         <path>.\</path>
         <kind>object</kind>
         <file>nandwriter.obj</file>
         <name>nandwriter.obj</name>
      </input_file>
      <input_file id="fl-a">
         <path>.\</path>
         <kind>object</kind>
         <file>super_startup.obj</file>
         <name>super_startup.obj</name>
      </input_file>
      <input_file id="fl-b">
         <path>.\</path>
         <kind>object</kind>
         <file>util.obj</file>
         <name>util.obj</name>
      </input_file>
      <input_file id="fl-10">
         <kind>object</kind>
         <file>&lt;internal&gt;</file>
         <name>&lt;internal&gt;</name>
      </input_file>
      <input_file id="fl-11">
         <path>C:\ti\ccs1000\ccs\tools\compiler\ti-cgt-arm_20.2.0.LTS\lib\</path>
         <kind>archive</kind>
         <file>rtsv5_A_le_eabi.lib</file>
         <name>printf.c.obj</name>
      </input_file>
      <input_file id="fl-12">
         <path>C:\ti\ccs1000\ccs\tools\compiler\ti-cgt-arm_20.2.0.LTS\lib\</path>
         <kind>archive</kind>
         <file>rtsv5_A_le_eabi.lib</file>
         <name>_printfi.c.obj</name>
      </input_file>
      <input_file id="fl-13">
         <path>C:\ti\ccs1000\ccs\tools\compiler\ti-cgt-arm_20.2.0.LTS\lib\</path>
         <kind>archive</kind>
         <file>rtsv5_A_le_eabi.lib</file>
         <name>fscanf.c.obj</name>
      </input_file>
      <input_file id="fl-14">
         <path>C:\ti\ccs1000\ccs\tools\compiler\ti-cgt-arm_20.2.0.LTS\lib\</path>
         <kind>archive</kind>
         <file>rtsv5_A_le_eabi.lib</file>
         <name>fclose.c.obj</name>
      </input_file>
      <input_file id="fl-15">
         <path>C:\ti\ccs1000\ccs\tools\compiler\ti-cgt-arm_20.2.0.LTS\lib\</path>
         <kind>archive</kind>
         <file>rtsv5_A_le_eabi.lib</file>
         <name>fflush.c.obj</name>
      </input_file>
      <input_file id="fl-16">
         <path>C:\ti\ccs1000\ccs\tools\compiler\ti-cgt-arm_20.2.0.LTS\lib\</path>
         <kind>archive</kind>
         <file>rtsv5_A_le_eabi.lib</file>
         <name>fgetc.c.obj</name>
      </input_file>
      <input_file id="fl-17">
         <path>C:\ti\ccs1000\ccs\tools\compiler\ti-cgt-arm_20.2.0.LTS\lib\</path>
         <kind>archive</kind>
         <file>rtsv5_A_le_eabi.lib</file>
         <name>fopen.c.obj</name>
      </input_file>
      <input_file id="fl-18">
         <path>C:\ti\ccs1000\ccs\tools\compiler\ti-cgt-arm_20.2.0.LTS\lib\</path>
         <kind>archive</kind>
         <file>rtsv5_A_le_eabi.lib</file>
         <name>fputc.c.obj</name>
      </input_file>
      <input_file id="fl-19">
         <path>C:\ti\ccs1000\ccs\tools\compiler\ti-cgt-arm_20.2.0.LTS\lib\</path>
         <kind>archive</kind>
         <file>rtsv5_A_le_eabi.lib</file>
         <name>fputs.c.obj</name>
      </input_file>
      <input_file id="fl-1a">
         <path>C:\ti\ccs1000\ccs\tools\compiler\ti-cgt-arm_20.2.0.LTS\lib\</path>
         <kind>archive</kind>
         <file>rtsv5_A_le_eabi.lib</file>
         <name>fread.c.obj</name>
      </input_file>
      <input_file id="fl-1b">
         <path>C:\ti\ccs1000\ccs\tools\compiler\ti-cgt-arm_20.2.0.LTS\lib\</path>
         <kind>archive</kind>
         <file>rtsv5_A_le_eabi.lib</file>
         <name>fseek.c.obj</name>
      </input_file>
      <input_file id="fl-1c">
         <path>C:\ti\ccs1000\ccs\tools\compiler\ti-cgt-arm_20.2.0.LTS\lib\</path>
         <kind>archive</kind>
         <file>rtsv5_A_le_eabi.lib</file>
         <name>ftell.c.obj</name>
      </input_file>
      <input_file id="fl-1d">
         <path>C:\ti\ccs1000\ccs\tools\compiler\ti-cgt-arm_20.2.0.LTS\lib\</path>
         <kind>archive</kind>
         <file>rtsv5_A_le_eabi.lib</file>
         <name>_bufread.c.obj</name>
      </input_file>
      <input_file id="fl-1e">
         <path>C:\ti\ccs1000\ccs\tools\compiler\ti-cgt-arm_20.2.0.LTS\lib\</path>
         <kind>archive</kind>
         <file>rtsv5_A_le_eabi.lib</file>
         <name>_io_perm.c.obj</name>
      </input_file>
      <input_file id="fl-1f">
         <path>C:\ti\ccs1000\ccs\tools\compiler\ti-cgt-arm_20.2.0.LTS\lib\</path>
         <kind>archive</kind>
         <file>rtsv5_A_le_eabi.lib</file>
         <name>setvbuf.c.obj</name>
      </input_file>
      <input_file id="fl-20">
         <path>C:\ti\ccs1000\ccs\tools\compiler\ti-cgt-arm_20.2.0.LTS\lib\</path>
         <kind>archive</kind>
         <file>rtsv5_A_le_eabi.lib</file>
         <name>ungetc.c.obj</name>
      </input_file>
      <input_file id="fl-21">
         <path>C:\ti\ccs1000\ccs\tools\compiler\ti-cgt-arm_20.2.0.LTS\lib\</path>
         <kind>archive</kind>
         <file>rtsv5_A_le_eabi.lib</file>
         <name>ull_div32.asm.obj</name>
      </input_file>
      <input_file id="fl-22">
         <path>C:\ti\ccs1000\ccs\tools\compiler\ti-cgt-arm_20.2.0.LTS\lib\</path>
         <kind>archive</kind>
         <file>rtsv5_A_le_eabi.lib</file>
         <name>i_div32.asm.obj</name>
      </input_file>
      <input_file id="fl-23">
         <path>C:\ti\ccs1000\ccs\tools\compiler\ti-cgt-arm_20.2.0.LTS\lib\</path>
         <kind>archive</kind>
         <file>rtsv5_A_le_eabi.lib</file>
         <name>u_div32.asm.obj</name>
      </input_file>
      <input_file id="fl-24">
         <path>C:\ti\ccs1000\ccs\tools\compiler\ti-cgt-arm_20.2.0.LTS\lib\</path>
         <kind>archive</kind>
         <file>rtsv5_A_le_eabi.lib</file>
         <name>memset32.asm.obj</name>
      </input_file>
      <input_file id="fl-25">
         <path>C:\ti\ccs1000\ccs\tools\compiler\ti-cgt-arm_20.2.0.LTS\lib\</path>
         <kind>archive</kind>
         <file>rtsv5_A_le_eabi.lib</file>
         <name>boot_non_cortex_m.asm.obj</name>
      </input_file>
      <input_file id="fl-26">
         <path>C:\ti\ccs1000\ccs\tools\compiler\ti-cgt-arm_20.2.0.LTS\lib\</path>
         <kind>archive</kind>
         <file>rtsv5_A_le_eabi.lib</file>
         <name>fd_add32.asm.obj</name>
      </input_file>
      <input_file id="fl-27">
         <path>C:\ti\ccs1000\ccs\tools\compiler\ti-cgt-arm_20.2.0.LTS\lib\</path>
         <kind>archive</kind>
         <file>rtsv5_A_le_eabi.lib</file>
         <name>fd_cmp32.asm.obj</name>
      </input_file>
      <input_file id="fl-28">
         <path>C:\ti\ccs1000\ccs\tools\compiler\ti-cgt-arm_20.2.0.LTS\lib\</path>
         <kind>archive</kind>
         <file>rtsv5_A_le_eabi.lib</file>
         <name>fd_div32.asm.obj</name>
      </input_file>
      <input_file id="fl-29">
         <path>C:\ti\ccs1000\ccs\tools\compiler\ti-cgt-arm_20.2.0.LTS\lib\</path>
         <kind>archive</kind>
         <file>rtsv5_A_le_eabi.lib</file>
         <name>fd_mul32.asm.obj</name>
      </input_file>
      <input_file id="fl-2a">
         <path>C:\ti\ccs1000\ccs\tools\compiler\ti-cgt-arm_20.2.0.LTS\lib\</path>
         <kind>archive</kind>
         <file>rtsv5_A_le_eabi.lib</file>
         <name>fd_toi32.asm.obj</name>
      </input_file>
      <input_file id="fl-2b">
         <path>C:\ti\ccs1000\ccs\tools\compiler\ti-cgt-arm_20.2.0.LTS\lib\</path>
         <kind>archive</kind>
         <file>rtsv5_A_le_eabi.lib</file>
         <name>i_tofd32.asm.obj</name>
      </input_file>
      <input_file id="fl-2c">
         <path>C:\ti\ccs1000\ccs\tools\compiler\ti-cgt-arm_20.2.0.LTS\lib\</path>
         <kind>archive</kind>
         <file>rtsv5_A_le_eabi.lib</file>
         <name>memcpy32.asm.obj</name>
      </input_file>
      <input_file id="fl-2d">
         <path>C:\ti\ccs1000\ccs\tools\compiler\ti-cgt-arm_20.2.0.LTS\lib\</path>
         <kind>archive</kind>
         <file>rtsv5_A_le_eabi.lib</file>
         <name>mpu_init.c.obj</name>
      </input_file>
      <input_file id="fl-2e">
         <path>C:\ti\ccs1000\ccs\tools\compiler\ti-cgt-arm_20.2.0.LTS\lib\</path>
         <kind>archive</kind>
         <file>rtsv5_A_le_eabi.lib</file>
         <name>autoinit.c.obj</name>
      </input_file>
      <input_file id="fl-2f">
         <path>C:\ti\ccs1000\ccs\tools\compiler\ti-cgt-arm_20.2.0.LTS\lib\</path>
         <kind>archive</kind>
         <file>rtsv5_A_le_eabi.lib</file>
         <name>pre_init.c.obj</name>
      </input_file>
      <input_file id="fl-30">
         <path>C:\ti\ccs1000\ccs\tools\compiler\ti-cgt-arm_20.2.0.LTS\lib\</path>
         <kind>archive</kind>
         <file>rtsv5_A_le_eabi.lib</file>
         <name>cpy_tbl.c.obj</name>
      </input_file>
      <input_file id="fl-31">
         <path>C:\ti\ccs1000\ccs\tools\compiler\ti-cgt-arm_20.2.0.LTS\lib\</path>
         <kind>archive</kind>
         <file>rtsv5_A_le_eabi.lib</file>
         <name>copy_zero_init.c.obj</name>
      </input_file>
      <input_file id="fl-32">
         <path>C:\ti\ccs1000\ccs\tools\compiler\ti-cgt-arm_20.2.0.LTS\lib\</path>
         <kind>archive</kind>
         <file>rtsv5_A_le_eabi.lib</file>
         <name>copy_decompress_none.c.obj</name>
      </input_file>
      <input_file id="fl-33">
         <path>C:\ti\ccs1000\ccs\tools\compiler\ti-cgt-arm_20.2.0.LTS\lib\</path>
         <kind>archive</kind>
         <file>rtsv5_A_le_eabi.lib</file>
         <name>copy_decompress_lzss.c.obj</name>
      </input_file>
      <input_file id="fl-34">
         <path>C:\ti\ccs1000\ccs\tools\compiler\ti-cgt-arm_20.2.0.LTS\lib\</path>
         <kind>archive</kind>
         <file>rtsv5_A_le_eabi.lib</file>
         <name>exit.c.obj</name>
      </input_file>
      <input_file id="fl-35">
         <path>C:\ti\ccs1000\ccs\tools\compiler\ti-cgt-arm_20.2.0.LTS\lib\</path>
         <kind>archive</kind>
         <file>rtsv5_A_le_eabi.lib</file>
         <name>_lock.c.obj</name>
      </input_file>
      <input_file id="fl-36">
         <path>C:\ti\ccs1000\ccs\tools\compiler\ti-cgt-arm_20.2.0.LTS\lib\</path>
         <kind>archive</kind>
         <file>rtsv5_A_le_eabi.lib</file>
         <name>_ltoa.c.obj</name>
      </input_file>
      <input_file id="fl-37">
         <path>C:\ti\ccs1000\ccs\tools\compiler\ti-cgt-arm_20.2.0.LTS\lib\</path>
         <kind>archive</kind>
         <file>rtsv5_A_le_eabi.lib</file>
         <name>args_main.c.obj</name>
      </input_file>
      <input_file id="fl-38">
         <path>C:\ti\ccs1000\ccs\tools\compiler\ti-cgt-arm_20.2.0.LTS\lib\</path>
         <kind>archive</kind>
         <file>rtsv5_A_le_eabi.lib</file>
         <name>atoi.c.obj</name>
      </input_file>
      <input_file id="fl-39">
         <path>C:\ti\ccs1000\ccs\tools\compiler\ti-cgt-arm_20.2.0.LTS\lib\</path>
         <kind>archive</kind>
         <file>rtsv5_A_le_eabi.lib</file>
         <name>ctype.c.obj</name>
      </input_file>
      <input_file id="fl-3a">
         <path>C:\ti\ccs1000\ccs\tools\compiler\ti-cgt-arm_20.2.0.LTS\lib\</path>
         <kind>archive</kind>
         <file>rtsv5_A_le_eabi.lib</file>
         <name>defs.c.obj</name>
      </input_file>
      <input_file id="fl-3b">
         <path>C:\ti\ccs1000\ccs\tools\compiler\ti-cgt-arm_20.2.0.LTS\lib\</path>
         <kind>archive</kind>
         <file>rtsv5_A_le_eabi.lib</file>
         <name>memccpy.c.obj</name>
      </input_file>
      <input_file id="fl-3c">
         <path>C:\ti\ccs1000\ccs\tools\compiler\ti-cgt-arm_20.2.0.LTS\lib\</path>
         <kind>archive</kind>
         <file>rtsv5_A_le_eabi.lib</file>
         <name>memchr.c.obj</name>
      </input_file>
      <input_file id="fl-3d">
         <path>C:\ti\ccs1000\ccs\tools\compiler\ti-cgt-arm_20.2.0.LTS\lib\</path>
         <kind>archive</kind>
         <file>rtsv5_A_le_eabi.lib</file>
         <name>memory.c.obj</name>
      </input_file>
      <input_file id="fl-3e">
         <path>C:\ti\ccs1000\ccs\tools\compiler\ti-cgt-arm_20.2.0.LTS\lib\</path>
         <kind>archive</kind>
         <file>rtsv5_A_le_eabi.lib</file>
         <name>strchr.c.obj</name>
      </input_file>
      <input_file id="fl-3f">
         <path>C:\ti\ccs1000\ccs\tools\compiler\ti-cgt-arm_20.2.0.LTS\lib\</path>
         <kind>archive</kind>
         <file>rtsv5_A_le_eabi.lib</file>
         <name>strcmp.c.obj</name>
      </input_file>
      <input_file id="fl-40">
         <path>C:\ti\ccs1000\ccs\tools\compiler\ti-cgt-arm_20.2.0.LTS\lib\</path>
         <kind>archive</kind>
         <file>rtsv5_A_le_eabi.lib</file>
         <name>strlen.c.obj</name>
      </input_file>
      <input_file id="fl-41">
         <path>C:\ti\ccs1000\ccs\tools\compiler\ti-cgt-arm_20.2.0.LTS\lib\</path>
         <kind>archive</kind>
         <file>rtsv5_A_le_eabi.lib</file>
         <name>write.c.obj</name>
      </input_file>
      <input_file id="fl-42">
         <path>C:\ti\ccs1000\ccs\tools\compiler\ti-cgt-arm_20.2.0.LTS\lib\</path>
         <kind>archive</kind>
         <file>rtsv5_A_le_eabi.lib</file>
         <name>host_device.c.obj</name>
      </input_file>
      <input_file id="fl-43">
         <path>C:\ti\ccs1000\ccs\tools\compiler\ti-cgt-arm_20.2.0.LTS\lib\</path>
         <kind>archive</kind>
         <file>rtsv5_A_le_eabi.lib</file>
         <name>remove.c.obj</name>
      </input_file>
      <input_file id="fl-44">
         <path>C:\ti\ccs1000\ccs\tools\compiler\ti-cgt-arm_20.2.0.LTS\lib\</path>
         <kind>archive</kind>
         <file>rtsv5_A_le_eabi.lib</file>
         <name>read.c.obj</name>
      </input_file>
      <input_file id="fl-45">
         <path>C:\ti\ccs1000\ccs\tools\compiler\ti-cgt-arm_20.2.0.LTS\lib\</path>
         <kind>archive</kind>
         <file>rtsv5_A_le_eabi.lib</file>
         <name>open.c.obj</name>
      </input_file>
      <input_file id="fl-46">
         <path>C:\ti\ccs1000\ccs\tools\compiler\ti-cgt-arm_20.2.0.LTS\lib\</path>
         <kind>archive</kind>
         <file>rtsv5_A_le_eabi.lib</file>
         <name>lseek.c.obj</name>
      </input_file>
      <input_file id="fl-47">
         <path>C:\ti\ccs1000\ccs\tools\compiler\ti-cgt-arm_20.2.0.LTS\lib\</path>
         <kind>archive</kind>
         <file>rtsv5_A_le_eabi.lib</file>
         <name>close.c.obj</name>
      </input_file>
      <input_file id="fl-48">
         <path>C:\ti\ccs1000\ccs\tools\compiler\ti-cgt-arm_20.2.0.LTS\lib\</path>
         <kind>archive</kind>
         <file>rtsv5_A_le_eabi.lib</file>
         <name>errno.c.obj</name>
      </input_file>
      <input_file id="fl-49">
         <path>C:\ti\ccs1000\ccs\tools\compiler\ti-cgt-arm_20.2.0.LTS\lib\</path>
         <kind>archive</kind>
         <file>rtsv5_A_le_eabi.lib</file>
         <name>s_frexp.c.obj</name>
      </input_file>
      <input_file id="fl-4a">
         <path>C:\ti\ccs1000\ccs\tools\compiler\ti-cgt-arm_20.2.0.LTS\lib\</path>
         <kind>archive</kind>
         <file>rtsv5_A_le_eabi.lib</file>
         <name>s_scalbn.c.obj</name>
      </input_file>
      <input_file id="fl-4b">
         <path>C:\ti\ccs1000\ccs\tools\compiler\ti-cgt-arm_20.2.0.LTS\lib\</path>
         <kind>archive</kind>
         <file>rtsv5_A_le_eabi.lib</file>
         <name>s_copysign.c.obj</name>
      </input_file>
      <input_file id="fl-4c">
         <path>C:\ti\ccs1000\ccs\tools\compiler\ti-cgt-arm_20.2.0.LTS\lib\</path>
         <kind>archive</kind>
         <file>rtsv5_A_le_eabi.lib</file>
         <name>wcslen.c.obj</name>
      </input_file>
      <input_file id="fl-4d">
         <path>C:\ti\ccs1000\ccs\tools\compiler\ti-cgt-arm_20.2.0.LTS\lib\</path>
         <kind>archive</kind>
         <file>rtsv5_A_le_eabi.lib</file>
         <name>_scanfi.c.obj</name>
      </input_file>
      <input_file id="fl-4e">
         <path>C:\ti\ccs1000\ccs\tools\compiler\ti-cgt-arm_20.2.0.LTS\lib\</path>
         <kind>archive</kind>
         <file>rtsv5_A_le_eabi.lib</file>
         <name>getdevice.c.obj</name>
      </input_file>
      <input_file id="fl-4f">
         <path>C:\ti\ccs1000\ccs\tools\compiler\ti-cgt-arm_20.2.0.LTS\lib\</path>
         <kind>archive</kind>
         <file>rtsv5_A_le_eabi.lib</file>
         <name>div0.asm.obj</name>
      </input_file>
      <input_file id="fl-50">
         <path>C:\ti\ccs1000\ccs\tools\compiler\ti-cgt-arm_20.2.0.LTS\lib\</path>
         <kind>archive</kind>
         <file>rtsv5_A_le_eabi.lib</file>
         <name>fd_tos32.asm.obj</name>
      </input_file>
      <input_file id="fl-51">
         <path>C:\ti\ccs1000\ccs\tools\compiler\ti-cgt-arm_20.2.0.LTS\lib\</path>
         <kind>archive</kind>
         <file>rtsv5_A_le_eabi.lib</file>
         <name>strcpy.c.obj</name>
      </input_file>
      <input_file id="fl-52">
         <path>C:\ti\ccs1000\ccs\tools\compiler\ti-cgt-arm_20.2.0.LTS\lib\</path>
         <kind>archive</kind>
         <file>rtsv5_A_le_eabi.lib</file>
         <name>strncpy.c.obj</name>
      </input_file>
      <input_file id="fl-53">
         <path>C:\ti\ccs1000\ccs\tools\compiler\ti-cgt-arm_20.2.0.LTS\lib\</path>
         <kind>archive</kind>
         <file>rtsv5_A_le_eabi.lib</file>
         <name>strrchr.c.obj</name>
      </input_file>
      <input_file id="fl-54">
         <path>C:\ti\ccs1000\ccs\tools\compiler\ti-cgt-arm_20.2.0.LTS\lib\</path>
         <kind>archive</kind>
         <file>rtsv5_A_le_eabi.lib</file>
         <name>strtod.c.obj</name>
      </input_file>
      <input_file id="fl-55">
         <path>C:\ti\ccs1000\ccs\tools\compiler\ti-cgt-arm_20.2.0.LTS\lib\</path>
         <kind>archive</kind>
         <file>rtsv5_A_le_eabi.lib</file>
         <name>strtol.c.obj</name>
      </input_file>
      <input_file id="fl-56">
         <path>C:\ti\ccs1000\ccs\tools\compiler\ti-cgt-arm_20.2.0.LTS\lib\</path>
         <kind>archive</kind>
         <file>rtsv5_A_le_eabi.lib</file>
         <name>strtoll.c.obj</name>
      </input_file>
      <input_file id="fl-57">
         <path>C:\ti\ccs1000\ccs\tools\compiler\ti-cgt-arm_20.2.0.LTS\lib\</path>
         <kind>archive</kind>
         <file>rtsv5_A_le_eabi.lib</file>
         <name>strtoul.c.obj</name>
      </input_file>
      <input_file id="fl-58">
         <path>C:\ti\ccs1000\ccs\tools\compiler\ti-cgt-arm_20.2.0.LTS\lib\</path>
         <kind>archive</kind>
         <file>rtsv5_A_le_eabi.lib</file>
         <name>strtoull.c.obj</name>
      </input_file>
      <input_file id="fl-59">
         <path>C:\ti\ccs1000\ccs\tools\compiler\ti-cgt-arm_20.2.0.LTS\lib\</path>
         <kind>archive</kind>
         <file>rtsv5_A_le_eabi.lib</file>
         <name>unlink.c.obj</name>
      </input_file>
      <input_file id="fl-5a">
         <path>C:\ti\ccs1000\ccs\tools\compiler\ti-cgt-arm_20.2.0.LTS\lib\</path>
         <kind>archive</kind>
         <file>rtsv5_A_le_eabi.lib</file>
         <name>hostclose.c.obj</name>
      </input_file>
      <input_file id="fl-5b">
         <path>C:\ti\ccs1000\ccs\tools\compiler\ti-cgt-arm_20.2.0.LTS\lib\</path>
         <kind>archive</kind>
         <file>rtsv5_A_le_eabi.lib</file>
         <name>hostlseek.c.obj</name>
      </input_file>
      <input_file id="fl-5c">
         <path>C:\ti\ccs1000\ccs\tools\compiler\ti-cgt-arm_20.2.0.LTS\lib\</path>
         <kind>archive</kind>
         <file>rtsv5_A_le_eabi.lib</file>
         <name>hostopen.c.obj</name>
      </input_file>
      <input_file id="fl-5d">
         <path>C:\ti\ccs1000\ccs\tools\compiler\ti-cgt-arm_20.2.0.LTS\lib\</path>
         <kind>archive</kind>
         <file>rtsv5_A_le_eabi.lib</file>
         <name>hostread.c.obj</name>
      </input_file>
      <input_file id="fl-5e">
         <path>C:\ti\ccs1000\ccs\tools\compiler\ti-cgt-arm_20.2.0.LTS\lib\</path>
         <kind>archive</kind>
         <file>rtsv5_A_le_eabi.lib</file>
         <name>hostrename.c.obj</name>
      </input_file>
      <input_file id="fl-5f">
         <path>C:\ti\ccs1000\ccs\tools\compiler\ti-cgt-arm_20.2.0.LTS\lib\</path>
         <kind>archive</kind>
         <file>rtsv5_A_le_eabi.lib</file>
         <name>hostunlink.c.obj</name>
      </input_file>
      <input_file id="fl-60">
         <path>C:\ti\ccs1000\ccs\tools\compiler\ti-cgt-arm_20.2.0.LTS\lib\</path>
         <kind>archive</kind>
         <file>rtsv5_A_le_eabi.lib</file>
         <name>hostwrite.c.obj</name>
      </input_file>
      <input_file id="fl-61">
         <path>C:\ti\ccs1000\ccs\tools\compiler\ti-cgt-arm_20.2.0.LTS\lib\</path>
         <kind>archive</kind>
         <file>rtsv5_A_le_eabi.lib</file>
         <name>trgmsg.c.obj</name>
      </input_file>
   </input_file_list>
   <object_component_list>
      <object_component id="oc-19b">
         <name>.text</name>
         <load_address>0x402f8000</load_address>
         <run_address>0x402f8000</run_address>
         <size>0x1e90</size>
         <input_file_ref idref="fl-8"/>
      </object_component>
      <object_component id="oc-16a">
         <name>.text:__TI_scanfi</name>
         <load_address>0x402f9e90</load_address>
         <run_address>0x402f9e90</run_address>
         <size>0x1198</size>
         <input_file_ref idref="fl-4d"/>
      </object_component>
      <object_component id="oc-151">
         <name>.text:__TI_printfi</name>
         <load_address>0x402fb028</load_address>
         <run_address>0x402fb028</run_address>
         <size>0xffc</size>
         <input_file_ref idref="fl-12"/>
      </object_component>
      <object_component id="oc-1b0">
         <name>.text</name>
         <load_address>0x402fc024</load_address>
         <run_address>0x402fc024</run_address>
         <size>0xe64</size>
         <input_file_ref idref="fl-3"/>
      </object_component>
      <object_component id="oc-1c3">
         <name>.text</name>
         <load_address>0x402fce88</load_address>
         <run_address>0x402fce88</run_address>
         <size>0xb14</size>
         <input_file_ref idref="fl-6"/>
      </object_component>
      <object_component id="oc-195">
         <name>.text</name>
         <load_address>0x402fd99c</load_address>
         <run_address>0x402fd99c</run_address>
         <size>0xa1c</size>
         <input_file_ref idref="fl-9"/>
      </object_component>
      <object_component id="oc-289">
         <name>.text:strtod</name>
         <load_address>0x402fe3b8</load_address>
         <run_address>0x402fe3b8</run_address>
         <size>0x644</size>
         <input_file_ref idref="fl-54"/>
      </object_component>
      <object_component id="oc-106">
         <name>.text</name>
         <load_address>0x402fe9fc</load_address>
         <run_address>0x402fe9fc</run_address>
         <size>0x530</size>
         <input_file_ref idref="fl-2"/>
      </object_component>
      <object_component id="oc-d1">
         <name>.text</name>
         <load_address>0x402fef2c</load_address>
         <run_address>0x402fef2c</run_address>
         <size>0x370</size>
         <input_file_ref idref="fl-7"/>
      </object_component>
      <object_component id="oc-231">
         <name>.text:_pconv_a</name>
         <load_address>0x402ff29c</load_address>
         <run_address>0x402ff29c</run_address>
         <size>0x368</size>
         <input_file_ref idref="fl-12"/>
      </object_component>
      <object_component id="oc-29a">
         <name>.text:strtoll</name>
         <load_address>0x402ff604</load_address>
         <run_address>0x402ff604</run_address>
         <size>0x2d0</size>
         <input_file_ref idref="fl-56"/>
      </object_component>
      <object_component id="oc-332">
         <name>.text</name>
         <load_address>0x402ff8d4</load_address>
         <run_address>0x402ff8d4</run_address>
         <size>0x2b8</size>
         <input_file_ref idref="fl-21"/>
      </object_component>
      <object_component id="oc-21f">
         <name>.text:_pconv_g</name>
         <load_address>0x402ffb8c</load_address>
         <run_address>0x402ffb8c</run_address>
         <size>0x2ac</size>
         <input_file_ref idref="fl-12"/>
      </object_component>
      <object_component id="oc-283">
         <name>.text:strtoull</name>
         <load_address>0x402ffe38</load_address>
         <run_address>0x402ffe38</run_address>
         <size>0x240</size>
         <input_file_ref idref="fl-58"/>
      </object_component>
      <object_component id="oc-357">
         <name>.text</name>
         <load_address>0x40300078</load_address>
         <run_address>0x40300078</run_address>
         <size>0x214</size>
         <input_file_ref idref="fl-26"/>
      </object_component>
      <object_component id="oc-10c">
         <name>.text</name>
         <load_address>0x4030028c</load_address>
         <run_address>0x4030028c</run_address>
         <size>0x20c</size>
         <input_file_ref idref="fl-4"/>
      </object_component>
      <object_component id="oc-294">
         <name>.text:strtol</name>
         <load_address>0x40300498</load_address>
         <run_address>0x40300498</run_address>
         <size>0x1f4</size>
         <input_file_ref idref="fl-55"/>
      </object_component>
      <object_component id="oc-18f">
         <name>.text</name>
         <load_address>0x4030068c</load_address>
         <run_address>0x4030068c</run_address>
         <size>0x1d4</size>
         <input_file_ref idref="fl-b"/>
      </object_component>
      <object_component id="oc-27d">
         <name>.text:strtoul</name>
         <load_address>0x40300860</load_address>
         <run_address>0x40300860</run_address>
         <size>0x1b8</size>
         <input_file_ref idref="fl-57"/>
      </object_component>
      <object_component id="oc-22b">
         <name>.text:_pconv_e</name>
         <load_address>0x40300a18</load_address>
         <run_address>0x40300a18</run_address>
         <size>0x1b0</size>
         <input_file_ref idref="fl-12"/>
      </object_component>
      <object_component id="oc-369">
         <name>.text:fcvt</name>
         <load_address>0x40300bc8</load_address>
         <run_address>0x40300bc8</run_address>
         <size>0x1b0</size>
         <input_file_ref idref="fl-12"/>
      </object_component>
      <object_component id="oc-25a">
         <name>.text:fputs</name>
         <load_address>0x40300d78</load_address>
         <run_address>0x40300d78</run_address>
         <size>0x1a4</size>
         <input_file_ref idref="fl-19"/>
      </object_component>
      <object_component id="oc-4f8">
         <name>.text:aligned_alloc</name>
         <load_address>0x40300f1c</load_address>
         <run_address>0x40300f1c</run_address>
         <size>0x198</size>
         <input_file_ref idref="fl-3d"/>
      </object_component>
      <object_component id="oc-3f5">
         <name>.text:_openfile</name>
         <load_address>0x403010b4</load_address>
         <run_address>0x403010b4</run_address>
         <size>0x190</size>
         <input_file_ref idref="fl-17"/>
      </object_component>
      <object_component id="oc-33d">
         <name>.text</name>
         <load_address>0x40301244</load_address>
         <run_address>0x40301244</run_address>
         <size>0x190</size>
         <input_file_ref idref="fl-28"/>
      </object_component>
      <object_component id="oc-2f3">
         <name>.text:fread</name>
         <load_address>0x403013d4</load_address>
         <run_address>0x403013d4</run_address>
         <size>0x184</size>
         <input_file_ref idref="fl-1a"/>
      </object_component>
      <object_component id="oc-32">
         <name>.text</name>
         <load_address>0x40301558</load_address>
         <run_address>0x40301558</run_address>
         <size>0x180</size>
         <input_file_ref idref="fl-2c"/>
      </object_component>
      <object_component id="oc-488">
         <name>.text:free</name>
         <load_address>0x403016d8</load_address>
         <run_address>0x403016d8</run_address>
         <size>0x174</size>
         <input_file_ref idref="fl-3d"/>
      </object_component>
      <object_component id="oc-3e4">
         <name>.text:setvbuf</name>
         <load_address>0x4030184c</load_address>
         <run_address>0x4030184c</run_address>
         <size>0x154</size>
         <input_file_ref idref="fl-1f"/>
      </object_component>
      <object_component id="oc-37d">
         <name>.text:scalbn</name>
         <load_address>0x403019a0</load_address>
         <run_address>0x403019a0</run_address>
         <size>0x144</size>
         <input_file_ref idref="fl-4a"/>
      </object_component>
      <object_component id="oc-4b5">
         <name>.text:open</name>
         <load_address>0x40301ae4</load_address>
         <run_address>0x40301ae4</run_address>
         <size>0x128</size>
         <input_file_ref idref="fl-45"/>
      </object_component>
      <object_component id="oc-338">
         <name>.text</name>
         <load_address>0x40301c0c</load_address>
         <run_address>0x40301c0c</run_address>
         <size>0x128</size>
         <input_file_ref idref="fl-29"/>
      </object_component>
      <object_component id="oc-2ee">
         <name>.text</name>
         <load_address>0x40301d34</load_address>
         <run_address>0x40301d34</run_address>
         <size>0x114</size>
         <input_file_ref idref="fl-22"/>
      </object_component>
      <object_component id="oc-219">
         <name>.text:_ltostr</name>
         <load_address>0x40301e48</load_address>
         <run_address>0x40301e48</run_address>
         <size>0x10d</size>
         <input_file_ref idref="fl-12"/>
      </object_component>
      <object_component id="oc-261">
         <name>.text:fputc</name>
         <load_address>0x40301f58</load_address>
         <run_address>0x40301f58</run_address>
         <size>0x100</size>
         <input_file_ref idref="fl-18"/>
      </object_component>
      <object_component id="oc-2d6">
         <name>.text:fopen</name>
         <load_address>0x40302058</load_address>
         <run_address>0x40302058</run_address>
         <size>0xf8</size>
         <input_file_ref idref="fl-17"/>
      </object_component>
      <object_component id="oc-3d6">
         <name>.text:__TI_buff_read</name>
         <load_address>0x40302150</load_address>
         <run_address>0x40302150</run_address>
         <size>0xf0</size>
         <input_file_ref idref="fl-1d"/>
      </object_component>
      <object_component id="oc-303">
         <name>.text</name>
         <load_address>0x40302240</load_address>
         <run_address>0x40302240</run_address>
         <size>0xf0</size>
         <input_file_ref idref="fl-23"/>
      </object_component>
      <object_component id="oc-17c">
         <name>.text:_chkmbc</name>
         <load_address>0x40302330</load_address>
         <run_address>0x40302330</run_address>
         <size>0xec</size>
         <input_file_ref idref="fl-13"/>
      </object_component>
      <object_component id="oc-237">
         <name>.text:__aeabi_cdcmple</name>
         <load_address>0x4030241c</load_address>
         <run_address>0x4030241c</run_address>
         <size>0xe0</size>
         <input_file_ref idref="fl-27"/>
      </object_component>
      <object_component id="oc-342">
         <name>.text:__aeabi_cdrcmple</name>
         <load_address>0x403024fc</load_address>
         <run_address>0x403024fc</run_address>
         <size>0xe0</size>
         <input_file_ref idref="fl-27"/>
      </object_component>
      <object_component id="oc-2b5">
         <name>.text:fgetc</name>
         <load_address>0x403025dc</load_address>
         <run_address>0x403025dc</run_address>
         <size>0xd4</size>
         <input_file_ref idref="fl-16"/>
      </object_component>
      <object_component id="oc-362">
         <name>.text:_mcpy</name>
         <load_address>0x403026b0</load_address>
         <run_address>0x403026b0</run_address>
         <size>0xc8</size>
         <input_file_ref idref="fl-12"/>
      </object_component>
      <object_component id="oc-2bc">
         <name>.text:ungetc</name>
         <load_address>0x40302778</load_address>
         <run_address>0x40302778</run_address>
         <size>0xc8</size>
         <input_file_ref idref="fl-20"/>
      </object_component>
      <object_component id="oc-40d">
         <name>.text:__TI_closefile</name>
         <load_address>0x40302840</load_address>
         <run_address>0x40302840</run_address>
         <size>0xb8</size>
         <input_file_ref idref="fl-14"/>
      </object_component>
      <object_component id="oc-69">
         <name>.text</name>
         <load_address>0x403028f8</load_address>
         <run_address>0x403028f8</run_address>
         <size>0xb0</size>
         <input_file_ref idref="fl-24"/>
      </object_component>
      <object_component id="oc-51a">
         <name>.text:HOSTlseek</name>
         <load_address>0x403029a8</load_address>
         <run_address>0x403029a8</run_address>
         <size>0xac</size>
         <input_file_ref idref="fl-5b"/>
      </object_component>
      <object_component id="oc-100">
         <name>.text:fflush</name>
         <load_address>0x40302a54</load_address>
         <run_address>0x40302a54</run_address>
         <size>0xac</size>
         <input_file_ref idref="fl-15"/>
      </object_component>
      <object_component id="oc-544">
         <name>.text:split</name>
         <load_address>0x40302b00</load_address>
         <run_address>0x40302b00</run_address>
         <size>0xac</size>
         <input_file_ref idref="fl-3d"/>
      </object_component>
      <object_component id="oc-2dc">
         <name>.text:fseek</name>
         <load_address>0x40302bac</load_address>
         <run_address>0x40302bac</run_address>
         <size>0xa8</size>
         <input_file_ref idref="fl-1b"/>
      </object_component>
      <object_component id="oc-526">
         <name>.text:HOSTrename</name>
         <load_address>0x40302c54</load_address>
         <run_address>0x40302c54</run_address>
         <size>0xa4</size>
         <input_file_ref idref="fl-5e"/>
      </object_component>
      <object_component id="oc-2e2">
         <name>.text:ftell</name>
         <load_address>0x40302cf8</load_address>
         <run_address>0x40302cf8</run_address>
         <size>0xa4</size>
         <input_file_ref idref="fl-1c"/>
      </object_component>
      <object_component id="oc-3a4">
         <name>.text:__TI_wrt_ok</name>
         <load_address>0x40302d9c</load_address>
         <run_address>0x40302d9c</run_address>
         <size>0xa0</size>
         <input_file_ref idref="fl-1e"/>
      </object_component>
      <object_component id="oc-4c4">
         <name>.text:close</name>
         <load_address>0x40302e3c</load_address>
         <run_address>0x40302e3c</run_address>
         <size>0x9c</size>
         <input_file_ref idref="fl-47"/>
      </object_component>
      <object_component id="oc-11">
         <name>.text:decompress:lzss:__TI_decompress_lzss</name>
         <load_address>0x40302ed8</load_address>
         <run_address>0x40302ed8</run_address>
         <size>0x9c</size>
         <input_file_ref idref="fl-33"/>
      </object_component>
      <object_component id="oc-f4">
         <name>.text:printf</name>
         <load_address>0x40302f74</load_address>
         <run_address>0x40302f74</run_address>
         <size>0x9c</size>
         <input_file_ref idref="fl-11"/>
      </object_component>
      <object_component id="oc-28f">
         <name>.text</name>
         <load_address>0x40303010</load_address>
         <run_address>0x40303010</run_address>
         <size>0x9c</size>
         <input_file_ref idref="fl-50"/>
      </object_component>
      <object_component id="oc-fa">
         <name>.text:scanf</name>
         <load_address>0x403030ac</load_address>
         <run_address>0x403030ac</run_address>
         <size>0x9c</size>
         <input_file_ref idref="fl-13"/>
      </object_component>
      <object_component id="oc-502">
         <name>.text:HOSTopen</name>
         <load_address>0x40303148</load_address>
         <run_address>0x40303148</run_address>
         <size>0x98</size>
         <input_file_ref idref="fl-5c"/>
      </object_component>
      <object_component id="oc-35c">
         <name>.text:_ecpy</name>
         <load_address>0x403031e0</load_address>
         <run_address>0x403031e0</run_address>
         <size>0x98</size>
         <input_file_ref idref="fl-12"/>
      </object_component>
      <object_component id="oc-50e">
         <name>.text:HOSTread</name>
         <load_address>0x40303278</load_address>
         <run_address>0x40303278</run_address>
         <size>0x90</size>
         <input_file_ref idref="fl-5d"/>
      </object_component>
      <object_component id="oc-514">
         <name>.text:HOSTwrite</name>
         <load_address>0x40303308</load_address>
         <run_address>0x40303308</run_address>
         <size>0x90</size>
         <input_file_ref idref="fl-60"/>
      </object_component>
      <object_component id="oc-112">
         <name>.text</name>
         <load_address>0x40303398</load_address>
         <run_address>0x40303398</run_address>
         <size>0x90</size>
         <input_file_ref idref="fl-5"/>
      </object_component>
      <object_component id="oc-377">
         <name>.text:frexp</name>
         <load_address>0x40303428</load_address>
         <run_address>0x40303428</run_address>
         <size>0x88</size>
         <input_file_ref idref="fl-49"/>
      </object_component>
      <object_component id="oc-184">
         <name>.text:__TI_doflush</name>
         <load_address>0x403034b0</load_address>
         <run_address>0x403034b0</run_address>
         <size>0x84</size>
         <input_file_ref idref="fl-15"/>
      </object_component>
      <object_component id="oc-225">
         <name>.text:_pconv_f</name>
         <load_address>0x40303534</load_address>
         <run_address>0x40303534</run_address>
         <size>0x84</size>
         <input_file_ref idref="fl-12"/>
      </object_component>
      <object_component id="oc-213">
         <name>.text:atoi</name>
         <load_address>0x403035b8</load_address>
         <run_address>0x403035b8</run_address>
         <size>0x84</size>
         <input_file_ref idref="fl-38"/>
      </object_component>
      <object_component id="oc-34c">
         <name>.text:__TI_ltoa</name>
         <load_address>0x4030363c</load_address>
         <run_address>0x4030363c</run_address>
         <size>0x80</size>
         <input_file_ref idref="fl-36"/>
      </object_component>
      <object_component id="oc-df">
         <name>.text:exit</name>
         <load_address>0x403036bc</load_address>
         <run_address>0x403036bc</run_address>
         <size>0x7c</size>
         <input_file_ref idref="fl-34"/>
      </object_component>
      <object_component id="oc-3d0">
         <name>.text:__TI_rd_ok</name>
         <load_address>0x40303738</load_address>
         <run_address>0x40303738</run_address>
         <size>0x78</size>
         <input_file_ref idref="fl-1e"/>
      </object_component>
      <object_component id="oc-508">
         <name>.text:HOSTclose</name>
         <load_address>0x403037b0</load_address>
         <run_address>0x403037b0</run_address>
         <size>0x74</size>
         <input_file_ref idref="fl-5a"/>
      </object_component>
      <object_component id="oc-520">
         <name>.text:HOSTunlink</name>
         <load_address>0x40303824</load_address>
         <run_address>0x40303824</run_address>
         <size>0x70</size>
         <input_file_ref idref="fl-5f"/>
      </object_component>
      <object_component id="oc-530">
         <name>.text:getdevice</name>
         <load_address>0x40303894</load_address>
         <run_address>0x40303894</run_address>
         <size>0x6c</size>
         <input_file_ref idref="fl-4e"/>
      </object_component>
      <object_component id="oc-36f">
         <name>.text:_fcpy</name>
         <load_address>0x40303900</load_address>
         <run_address>0x40303900</run_address>
         <size>0x64</size>
         <input_file_ref idref="fl-12"/>
      </object_component>
      <object_component id="oc-a1">
         <name>.text:__TI_auto_init_nobinit_nopinit:__TI_auto_init_nobinit_nopinit</name>
         <load_address>0x40303964</load_address>
         <run_address>0x40303964</run_address>
         <size>0x60</size>
         <input_file_ref idref="fl-2e"/>
      </object_component>
      <object_component id="oc-347">
         <name>.text</name>
         <load_address>0x403039c4</load_address>
         <run_address>0x403039c4</run_address>
         <size>0x5c</size>
         <input_file_ref idref="fl-2a"/>
      </object_component>
      <object_component id="oc-551">
         <name>.text:__TI_readmsg</name>
         <load_address>0x40303a20</load_address>
         <run_address>0x40303a20</run_address>
         <size>0x58</size>
         <input_file_ref idref="fl-61"/>
      </object_component>
      <object_component id="oc-494">
         <name>.text:__TI_cleanup</name>
         <load_address>0x40303a78</load_address>
         <run_address>0x40303a78</run_address>
         <size>0x54</size>
         <input_file_ref idref="fl-17"/>
      </object_component>
      <object_component id="oc-54b">
         <name>.text:__TI_writemsg</name>
         <load_address>0x40303acc</load_address>
         <run_address>0x40303acc</run_address>
         <size>0x54</size>
         <input_file_ref idref="fl-61"/>
      </object_component>
      <object_component id="oc-56d">
         <name>.text:finddevice</name>
         <load_address>0x40303b20</load_address>
         <run_address>0x40303b20</run_address>
         <size>0x54</size>
         <input_file_ref idref="fl-4e"/>
      </object_component>
      <object_component id="oc-2e8">
         <name>.text:fclose</name>
         <load_address>0x40303b74</load_address>
         <run_address>0x40303b74</run_address>
         <size>0x4c</size>
         <input_file_ref idref="fl-14"/>
      </object_component>
      <object_component id="oc-567">
         <name>.text:strncpy</name>
         <load_address>0x40303bc0</load_address>
         <run_address>0x40303bc0</run_address>
         <size>0x48</size>
         <input_file_ref idref="fl-52"/>
      </object_component>
      <object_component id="oc-4ca">
         <name>.text:unlink</name>
         <load_address>0x40303c08</load_address>
         <run_address>0x40303c08</run_address>
         <size>0x48</size>
         <input_file_ref idref="fl-59"/>
      </object_component>
      <object_component id="oc-3fe">
         <name>.text:lseek</name>
         <load_address>0x40303c50</load_address>
         <run_address>0x40303c50</run_address>
         <size>0x44</size>
         <input_file_ref idref="fl-46"/>
      </object_component>
      <object_component id="oc-3dc">
         <name>.text:read</name>
         <load_address>0x40303c94</load_address>
         <run_address>0x40303c94</run_address>
         <size>0x44</size>
         <input_file_ref idref="fl-44"/>
      </object_component>
      <object_component id="oc-2c6">
         <name>.text:write</name>
         <load_address>0x40303cd8</load_address>
         <run_address>0x40303cd8</run_address>
         <size>0x44</size>
         <input_file_ref idref="fl-41"/>
      </object_component>
      <object_component id="oc-4f1">
         <name>.text:free_list_insert</name>
         <load_address>0x40303d1c</load_address>
         <run_address>0x40303d1c</run_address>
         <size>0x40</size>
         <input_file_ref idref="fl-3d"/>
      </object_component>
      <object_component id="oc-4a">
         <name>.text</name>
         <load_address>0x40303d5c</load_address>
         <run_address>0x40303d5c</run_address>
         <size>0x3c</size>
         <input_file_ref idref="fl-25"/>
      </object_component>
      <object_component id="oc-352">
         <name>.text</name>
         <load_address>0x40303d98</load_address>
         <run_address>0x40303d98</run_address>
         <size>0x3c</size>
         <input_file_ref idref="fl-2b"/>
      </object_component>
      <object_component id="oc-4eb">
         <name>.text:free_list_remove</name>
         <load_address>0x40303dd4</load_address>
         <run_address>0x40303dd4</run_address>
         <size>0x30</size>
         <input_file_ref idref="fl-3d"/>
      </object_component>
      <object_component id="oc-23c">
         <name>.text:memccpy</name>
         <load_address>0x40303e04</load_address>
         <run_address>0x40303e04</run_address>
         <size>0x30</size>
         <input_file_ref idref="fl-3b"/>
      </object_component>
      <object_component id="oc-3aa">
         <name>.text:memchr</name>
         <load_address>0x40303e34</load_address>
         <run_address>0x40303e34</run_address>
         <size>0x2c</size>
         <input_file_ref idref="fl-3c"/>
      </object_component>
      <object_component id="oc-2a0">
         <name>.text:strrchr</name>
         <load_address>0x40303e60</load_address>
         <run_address>0x40303e60</run_address>
         <size>0x2c</size>
         <input_file_ref idref="fl-53"/>
      </object_component>
      <object_component id="oc-3e">
         <name>.text:decompress:ZI:__TI_zero_init_nomemset:__TI_zero_init_nomemset</name>
         <load_address>0x40303e8c</load_address>
         <run_address>0x40303e8c</run_address>
         <size>0x28</size>
         <input_file_ref idref="fl-31"/>
      </object_component>
      <object_component id="oc-2a6">
         <name>.text:strchr</name>
         <load_address>0x40303eb4</load_address>
         <run_address>0x40303eb4</run_address>
         <size>0x28</size>
         <input_file_ref idref="fl-3e"/>
      </object_component>
      <object_component id="oc-1c9">
         <name>.text:strcmp</name>
         <load_address>0x40303edc</load_address>
         <run_address>0x40303edc</run_address>
         <size>0x28</size>
         <input_file_ref idref="fl-3f"/>
      </object_component>
      <object_component id="oc-242">
         <name>.text:wcslen</name>
         <load_address>0x40303f04</load_address>
         <run_address>0x40303f04</run_address>
         <size>0x24</size>
         <input_file_ref idref="fl-4c"/>
      </object_component>
      <object_component id="oc-7c">
         <name>.text:_args_main</name>
         <load_address>0x40303f28</load_address>
         <run_address>0x40303f28</run_address>
         <size>0x20</size>
         <input_file_ref idref="fl-37"/>
      </object_component>
      <object_component id="oc-20d">
         <name>.text:strlen</name>
         <load_address>0x40303f48</load_address>
         <run_address>0x40303f48</run_address>
         <size>0x20</size>
         <input_file_ref idref="fl-40"/>
      </object_component>
      <object_component id="oc-277">
         <name>.text:strcpy</name>
         <load_address>0x40303f68</load_address>
         <run_address>0x40303f68</run_address>
         <size>0x1c</size>
         <input_file_ref idref="fl-51"/>
      </object_component>
      <object_component id="oc-17">
         <name>.text:decompress:none:__TI_decompress_none</name>
         <load_address>0x40303f84</load_address>
         <run_address>0x40303f84</run_address>
         <size>0x14</size>
         <input_file_ref idref="fl-32"/>
      </object_component>
      <object_component id="oc-176">
         <name>.text:_uninpchar</name>
         <load_address>0x40303f98</load_address>
         <run_address>0x40303f98</run_address>
         <size>0x10</size>
         <input_file_ref idref="fl-13"/>
      </object_component>
      <object_component id="oc-449">
         <name>.text:copysign</name>
         <load_address>0x40303fa8</load_address>
         <run_address>0x40303fa8</run_address>
         <size>0x10</size>
         <input_file_ref idref="fl-4b"/>
      </object_component>
      <object_component id="oc-248">
         <name>.text:__aeabi_errno_addr</name>
         <load_address>0x40303fb8</load_address>
         <run_address>0x40303fb8</run_address>
         <size>0xc</size>
         <input_file_ref idref="fl-48"/>
      </object_component>
      <object_component id="oc-48e">
         <name>.text:malloc</name>
         <load_address>0x40303fc4</load_address>
         <run_address>0x40303fc4</run_address>
         <size>0xc</size>
         <input_file_ref idref="fl-3d"/>
      </object_component>
      <object_component id="oc-170">
         <name>.text:_inpchar</name>
         <load_address>0x40303fd0</load_address>
         <run_address>0x40303fd0</run_address>
         <size>0x8</size>
         <input_file_ref idref="fl-13"/>
      </object_component>
      <object_component id="oc-75">
         <name>.text:_system_pre_init</name>
         <load_address>0x40303fd8</load_address>
         <run_address>0x40303fd8</run_address>
         <size>0x8</size>
         <input_file_ref idref="fl-2f"/>
      </object_component>
      <object_component id="oc-d9">
         <name>.text:abort:abort</name>
         <load_address>0x40303fe0</load_address>
         <run_address>0x40303fe0</run_address>
         <size>0x8</size>
         <input_file_ref idref="fl-34"/>
      </object_component>
      <object_component id="oc-1e">
         <name>.text</name>
         <load_address>0x40303fe8</load_address>
         <run_address>0x40303fe8</run_address>
         <size>0x8</size>
         <input_file_ref idref="fl-a"/>
      </object_component>
      <object_component id="oc-6f">
         <name>.text:__mpu_init</name>
         <load_address>0x40303ff0</load_address>
         <run_address>0x40303ff0</run_address>
         <size>0x4</size>
         <input_file_ref idref="fl-2d"/>
      </object_component>
      <object_component id="oc-1f5">
         <name>.text:_nop</name>
         <load_address>0x40303ff4</load_address>
         <run_address>0x40303ff4</run_address>
         <size>0x4</size>
         <input_file_ref idref="fl-35"/>
      </object_component>
      <object_component id="oc-15d">
         <name>.text:_outc</name>
         <load_address>0x40303ff8</load_address>
         <run_address>0x40303ff8</run_address>
         <size>0x4</size>
         <input_file_ref idref="fl-11"/>
      </object_component>
      <object_component id="oc-157">
         <name>.text:_outs</name>
         <load_address>0x40303ffc</load_address>
         <run_address>0x40303ffc</run_address>
         <size>0x4</size>
         <input_file_ref idref="fl-11"/>
      </object_component>
      <object_component id="oc-415">
         <name>.text</name>
         <load_address>0x40304000</load_address>
         <run_address>0x40304000</run_address>
         <size>0x4</size>
         <input_file_ref idref="fl-4f"/>
      </object_component>
      <object_component id="oc-274">
         <name>.const:.string:_ctypes_</name>
         <load_address>0x4030a8b0</load_address>
         <run_address>0x4030a8b0</run_address>
         <size>0x101</size>
         <input_file_ref idref="fl-39"/>
      </object_component>
      <object_component id="oc-2ac">
         <name>.const:.string:flit$1</name>
         <load_address>0x4030a9b1</load_address>
         <run_address>0x4030a9b1</run_address>
         <size>0x7</size>
         <input_file_ref idref="fl-4d"/>
      </object_component>
      <object_component id="oc-3bd">
         <name>.const:digits</name>
         <load_address>0x4030a9b8</load_address>
         <run_address>0x4030a9b8</run_address>
         <size>0x80</size>
         <input_file_ref idref="fl-54"/>
      </object_component>
      <object_component id="oc-3c0">
         <name>.const:powerof10</name>
         <load_address>0x4030aa38</load_address>
         <run_address>0x4030aa38</run_address>
         <size>0x48</size>
         <input_file_ref idref="fl-54"/>
      </object_component>
      <object_component id="oc-318">
         <name>.const:DEVICE_ASYNC_MEM_interfaces</name>
         <load_address>0x4030aa80</load_address>
         <run_address>0x4030aa80</run_address>
         <size>0x14</size>
         <input_file_ref idref="fl-2"/>
      </object_component>
      <object_component id="oc-2ad">
         <name>.const:.string:barr$2</name>
         <load_address>0x4030aa94</load_address>
         <run_address>0x4030aa94</run_address>
         <size>0x6</size>
         <input_file_ref idref="fl-4d"/>
      </object_component>
      <object_component id="oc-2f9">
         <name>.bss</name>
         <uninitialized>true</uninitialized>
         <run_address>0x4030a8a0</run_address>
         <size>0x4</size>
         <input_file_ref idref="fl-9"/>
      </object_component>
      <object_component id="oc-2d1">
         <name>.bss</name>
         <uninitialized>true</uninitialized>
         <run_address>0x4030a8a4</run_address>
         <size>0x4</size>
         <input_file_ref idref="fl-b"/>
      </object_component>
      <object_component id="oc-583">
         <name>.bss:_CIOBUF_</name>
         <uninitialized>true</uninitialized>
         <run_address>0x4030a6b4</run_address>
         <size>0x120</size>
         <input_file_ref idref="fl-61"/>
      </object_component>
      <object_component id="oc-1a7">
         <name>.common:AM335X_DEVICE_NAND_ECC_info</name>
         <uninitialized>true</uninitialized>
         <run_address>0x4030a874</run_address>
         <size>0x24</size>
      </object_component>
      <object_component id="oc-121">
         <name>.common:loadblock</name>
         <uninitialized>true</uninitialized>
         <run_address>0x4030a8a8</run_address>
         <size>0x4</size>
      </object_component>
      <object_component id="oc-4d0">
         <name>.common:__TI_tmpnams</name>
         <uninitialized>true</uninitialized>
         <run_address>0x4030a7d4</run_address>
         <size>0xa0</size>
      </object_component>
      <object_component id="oc-557">
         <name>.common:parmbuf</name>
         <uninitialized>true</uninitialized>
         <run_address>0x4030a898</run_address>
         <size>0x8</size>
      </object_component>
      <object_component id="oc-23">
         <name>.stack</name>
         <uninitialized>true</uninitialized>
         <run_address>0x40304008</run_address>
         <size>0x0</size>
         <input_file_ref idref="fl-25"/>
      </object_component>
      <object_component id="oc-5ce">
         <name>.stack</name>
         <uninitialized>true</uninitialized>
         <run_address>0x40304008</run_address>
         <size>0x0</size>
      </object_component>
      <object_component id="oc-1a4">
         <name>.data:AM335X_DEVICE_NAND_PAGE_layout</name>
         <load_address>0x4030a5bc</load_address>
         <run_address>0x4030a5bc</run_address>
         <size>0x48</size>
         <input_file_ref idref="fl-2"/>
      </object_component>
      <object_component id="oc-1ad">
         <name>.data:DEVICE_NAND_CHIP_infoTable</name>
         <load_address>0x4030a008</load_address>
         <run_address>0x4030a008</run_address>
         <size>0x27c</size>
         <input_file_ref idref="fl-2"/>
      </object_component>
      <object_component id="oc-1b9">
         <name>.data:GPMC_ConfigNANDDefault</name>
         <load_address>0x4030a604</load_address>
         <run_address>0x4030a604</run_address>
         <size>0x30</size>
         <input_file_ref idref="fl-2"/>
      </object_component>
      <object_component id="oc-1b6">
         <name>.data:AM335X_DEVICE_ASYNC_MEM_info</name>
         <load_address>0x4030a64c</load_address>
         <run_address>0x4030a64c</run_address>
         <size>0x10</size>
         <input_file_ref idref="fl-2"/>
      </object_component>
      <object_component id="oc-1a1">
         <name>.data:PAD_Conf_NANDFlash</name>
         <load_address>0x4030a474</load_address>
         <run_address>0x4030a474</run_address>
         <size>0x80</size>
         <input_file_ref idref="fl-2"/>
      </object_component>
      <object_component id="oc-1aa">
         <name>.data:AM335X_DEVICE_NAND_BB_info</name>
         <load_address>0x4030a688</load_address>
         <run_address>0x4030a688</run_address>
         <size>0xc</size>
         <input_file_ref idref="fl-3"/>
      </object_component>
      <object_component id="oc-314">
         <name>.data</name>
         <load_address>0x4030a6a4</load_address>
         <run_address>0x4030a6a4</run_address>
         <size>0x4</size>
         <input_file_ref idref="fl-3"/>
      </object_component>
      <object_component id="oc-118">
         <name>.data</name>
         <load_address>0x4030a65c</load_address>
         <run_address>0x4030a65c</run_address>
         <size>0x10</size>
         <input_file_ref idref="fl-7"/>
      </object_component>
      <object_component id="oc-11e">
         <name>.data:app_fileName</name>
         <load_address>0x4030a284</load_address>
         <run_address>0x4030a284</run_address>
         <size>0x100</size>
         <input_file_ref idref="fl-7"/>
      </object_component>
      <object_component id="oc-124">
         <name>.data:PAD_Conf_I2C0</name>
         <load_address>0x4030a634</load_address>
         <run_address>0x4030a634</run_address>
         <size>0x18</size>
         <input_file_ref idref="fl-7"/>
      </object_component>
      <object_component id="oc-3fb">
         <name>.data</name>
         <load_address>0x4030a6ac</load_address>
         <run_address>0x4030a6ac</run_address>
         <size>0x4</size>
         <input_file_ref idref="fl-17"/>
      </object_component>
      <object_component id="oc-135">
         <name>.data:$O1$$</name>
         <load_address>0x4030a67c</load_address>
         <run_address>0x4030a67c</run_address>
         <size>0xc</size>
         <input_file_ref idref="fl-34"/>
      </object_component>
      <object_component id="oc-138">
         <name>.data:$O1$$</name>
         <load_address>0x4030a694</load_address>
         <run_address>0x4030a694</run_address>
         <size>0x8</size>
         <input_file_ref idref="fl-35"/>
      </object_component>
      <object_component id="oc-11b">
         <name>.data:_ftable</name>
         <load_address>0x4030a384</load_address>
         <run_address>0x4030a384</run_address>
         <size>0xf0</size>
         <input_file_ref idref="fl-3a"/>
      </object_component>
      <object_component id="oc-18a">
         <name>.data</name>
         <load_address>0x4030a66c</load_address>
         <run_address>0x4030a66c</run_address>
         <size>0x10</size>
         <input_file_ref idref="fl-3a"/>
      </object_component>
      <object_component id="oc-53f">
         <name>.data:$O1$$</name>
         <load_address>0x4030a69c</load_address>
         <run_address>0x4030a69c</run_address>
         <size>0x8</size>
         <input_file_ref idref="fl-3d"/>
      </object_component>
      <object_component id="oc-4a3">
         <name>.data:_device</name>
         <load_address>0x4030a4f4</load_address>
         <run_address>0x4030a4f4</run_address>
         <size>0x78</size>
         <input_file_ref idref="fl-42"/>
      </object_component>
      <object_component id="oc-3ec">
         <name>.data:_stream</name>
         <load_address>0x4030a56c</load_address>
         <run_address>0x4030a56c</run_address>
         <size>0x50</size>
         <input_file_ref idref="fl-42"/>
      </object_component>
      <object_component id="oc-536">
         <name>.data</name>
         <load_address>0x4030a6b0</load_address>
         <run_address>0x4030a6b0</run_address>
         <size>0x4</size>
         <input_file_ref idref="fl-45"/>
      </object_component>
      <object_component id="oc-38e">
         <name>.data</name>
         <load_address>0x4030a6a8</load_address>
         <run_address>0x4030a6a8</run_address>
         <size>0x4</size>
         <input_file_ref idref="fl-48"/>
      </object_component>
      <object_component id="oc-5cc">
         <name>.cinit..data.load</name>
         <load_address>0x4030aaa0</load_address>
         <run_address>0x4030aaa0</run_address>
         <size>0x23a</size>
      </object_component>
      <object_component id="oc-5c9">
         <name>__TI_handler_table</name>
         <load_address>0x4030acdc</load_address>
         <run_address>0x4030acdc</run_address>
         <size>0xc</size>
      </object_component>
      <object_component id="oc-5cb">
         <name>.cinit..bss.load</name>
         <load_address>0x4030ace8</load_address>
         <run_address>0x4030ace8</run_address>
         <size>0x8</size>
      </object_component>
      <object_component id="oc-5ca">
         <name>__TI_cinit_table</name>
         <load_address>0x4030acf0</load_address>
         <run_address>0x4030acf0</run_address>
         <size>0x10</size>
      </object_component>
      <object_component id="oc-24">
         <name>.sysmem</name>
         <uninitialized>true</uninitialized>
         <run_address>0x40308008</run_address>
         <size>0x10</size>
         <input_file_ref idref="fl-3d"/>
      </object_component>
      <object_component id="oc-5cf">
         <name>.sysmem</name>
         <uninitialized>true</uninitialized>
         <run_address>0x40308008</run_address>
         <size>0x0</size>
      </object_component>
      <object_component id="oc-1bd">
         <name>.debug_info</name>
         <load_address>0x0</load_address>
         <run_address>0x0</run_address>
         <size>0x66a</size>
         <input_file_ref idref="fl-2"/>
      </object_component>
      <object_component id="oc-1a5">
         <name>.debug_info</name>
         <load_address>0x66a</load_address>
         <run_address>0x66a</run_address>
         <size>0x1a8</size>
         <input_file_ref idref="fl-2"/>
      </object_component>
      <object_component id="oc-1ae">
         <name>.debug_info</name>
         <load_address>0x812</load_address>
         <run_address>0x812</run_address>
         <size>0x1a0</size>
         <input_file_ref idref="fl-2"/>
      </object_component>
      <object_component id="oc-1ba">
         <name>.debug_info</name>
         <load_address>0x9b2</load_address>
         <run_address>0x9b2</run_address>
         <size>0x198</size>
         <input_file_ref idref="fl-2"/>
      </object_component>
      <object_component id="oc-319">
         <name>.debug_info</name>
         <load_address>0xb4a</load_address>
         <run_address>0xb4a</run_address>
         <size>0x1a2</size>
         <input_file_ref idref="fl-2"/>
      </object_component>
      <object_component id="oc-1b7">
         <name>.debug_info</name>
         <load_address>0xcec</load_address>
         <run_address>0xcec</run_address>
         <size>0x1a4</size>
         <input_file_ref idref="fl-2"/>
      </object_component>
      <object_component id="oc-1a2">
         <name>.debug_info</name>
         <load_address>0xe90</load_address>
         <run_address>0xe90</run_address>
         <size>0x18f</size>
         <input_file_ref idref="fl-2"/>
      </object_component>
      <object_component id="oc-109">
         <name>.debug_info</name>
         <load_address>0x101f</load_address>
         <run_address>0x101f</run_address>
         <size>0x13c0</size>
         <input_file_ref idref="fl-2"/>
      </object_component>
      <object_component id="oc-2fd">
         <name>.debug_info</name>
         <load_address>0x23df</load_address>
         <run_address>0x23df</run_address>
         <size>0xae</size>
         <input_file_ref idref="fl-2"/>
      </object_component>
      <object_component id="oc-1be">
         <name>.debug_info</name>
         <load_address>0x248d</load_address>
         <run_address>0x248d</run_address>
         <size>0xa30</size>
         <input_file_ref idref="fl-2"/>
      </object_component>
      <object_component id="oc-1e2">
         <name>.debug_info</name>
         <load_address>0x2ebd</load_address>
         <run_address>0x2ebd</run_address>
         <size>0x10f</size>
         <input_file_ref idref="fl-2"/>
      </object_component>
      <object_component id="oc-2d">
         <name>.debug_info</name>
         <load_address>0x2fcc</load_address>
         <run_address>0x2fcc</run_address>
         <size>0x84</size>
         <input_file_ref idref="fl-2"/>
      </object_component>
      <object_component id="oc-128">
         <name>.debug_info</name>
         <load_address>0x3050</load_address>
         <run_address>0x3050</run_address>
         <size>0x109</size>
         <input_file_ref idref="fl-2"/>
      </object_component>
      <object_component id="oc-1a8">
         <name>.debug_info</name>
         <load_address>0x3159</load_address>
         <run_address>0x3159</run_address>
         <size>0x4e5</size>
         <input_file_ref idref="fl-3"/>
      </object_component>
      <object_component id="oc-1ab">
         <name>.debug_info</name>
         <load_address>0x363e</load_address>
         <run_address>0x363e</run_address>
         <size>0x19d</size>
         <input_file_ref idref="fl-3"/>
      </object_component>
      <object_component id="oc-315">
         <name>.debug_info</name>
         <load_address>0x37db</load_address>
         <run_address>0x37db</run_address>
         <size>0x191</size>
         <input_file_ref idref="fl-3"/>
      </object_component>
      <object_component id="oc-1b2">
         <name>.debug_info</name>
         <load_address>0x396c</load_address>
         <run_address>0x396c</run_address>
         <size>0x211f</size>
         <input_file_ref idref="fl-3"/>
      </object_component>
      <object_component id="oc-97">
         <name>.debug_info</name>
         <load_address>0x5a8b</load_address>
         <run_address>0x5a8b</run_address>
         <size>0x2c</size>
         <input_file_ref idref="fl-3"/>
      </object_component>
      <object_component id="oc-1d5">
         <name>.debug_info</name>
         <load_address>0x5ab7</load_address>
         <run_address>0x5ab7</run_address>
         <size>0x31d</size>
         <input_file_ref idref="fl-4"/>
      </object_component>
      <object_component id="oc-110">
         <name>.debug_info</name>
         <load_address>0x5dd4</load_address>
         <run_address>0x5dd4</run_address>
         <size>0x58e</size>
         <input_file_ref idref="fl-4"/>
      </object_component>
      <object_component id="oc-1d0">
         <name>.debug_info</name>
         <load_address>0x6362</load_address>
         <run_address>0x6362</run_address>
         <size>0x10d</size>
         <input_file_ref idref="fl-4"/>
      </object_component>
      <object_component id="oc-1d7">
         <name>.debug_info</name>
         <load_address>0x646f</load_address>
         <run_address>0x646f</run_address>
         <size>0x255</size>
         <input_file_ref idref="fl-5"/>
      </object_component>
      <object_component id="oc-113">
         <name>.debug_info</name>
         <load_address>0x66c4</load_address>
         <run_address>0x66c4</run_address>
         <size>0x783</size>
         <input_file_ref idref="fl-5"/>
      </object_component>
      <object_component id="oc-1e7">
         <name>.debug_info</name>
         <load_address>0x6e47</load_address>
         <run_address>0x6e47</run_address>
         <size>0x26b</size>
         <input_file_ref idref="fl-5"/>
      </object_component>
      <object_component id="oc-26f">
         <name>.debug_info</name>
         <load_address>0x70b2</load_address>
         <run_address>0x70b2</run_address>
         <size>0x2a4</size>
         <input_file_ref idref="fl-5"/>
      </object_component>
      <object_component id="oc-1ec">
         <name>.debug_info</name>
         <load_address>0x7356</load_address>
         <run_address>0x7356</run_address>
         <size>0xcc</size>
         <input_file_ref idref="fl-5"/>
      </object_component>
      <object_component id="oc-165">
         <name>.debug_info</name>
         <load_address>0x7422</load_address>
         <run_address>0x7422</run_address>
         <size>0x2c</size>
         <input_file_ref idref="fl-5"/>
      </object_component>
      <object_component id="oc-322">
         <name>.debug_info</name>
         <load_address>0x744e</load_address>
         <run_address>0x744e</run_address>
         <size>0x42f</size>
         <input_file_ref idref="fl-6"/>
      </object_component>
      <object_component id="oc-1c6">
         <name>.debug_info</name>
         <load_address>0x787d</load_address>
         <run_address>0x787d</run_address>
         <size>0x1640</size>
         <input_file_ref idref="fl-6"/>
      </object_component>
      <object_component id="oc-42a">
         <name>.debug_info</name>
         <load_address>0x8ebd</load_address>
         <run_address>0x8ebd</run_address>
         <size>0x10f</size>
         <input_file_ref idref="fl-6"/>
      </object_component>
      <object_component id="oc-122">
         <name>.debug_info</name>
         <load_address>0x8fcc</load_address>
         <run_address>0x8fcc</run_address>
         <size>0x5f2</size>
         <input_file_ref idref="fl-7"/>
      </object_component>
      <object_component id="oc-119">
         <name>.debug_info</name>
         <load_address>0x95be</load_address>
         <run_address>0x95be</run_address>
         <size>0x1de</size>
         <input_file_ref idref="fl-7"/>
      </object_component>
      <object_component id="oc-11f">
         <name>.debug_info</name>
         <load_address>0x979c</load_address>
         <run_address>0x979c</run_address>
         <size>0x17b</size>
         <input_file_ref idref="fl-7"/>
      </object_component>
      <object_component id="oc-125">
         <name>.debug_info</name>
         <load_address>0x9917</load_address>
         <run_address>0x9917</run_address>
         <size>0x17c</size>
         <input_file_ref idref="fl-7"/>
      </object_component>
      <object_component id="oc-d2">
         <name>.debug_info</name>
         <load_address>0x9a93</load_address>
         <run_address>0x9a93</run_address>
         <size>0x67b</size>
         <input_file_ref idref="fl-7"/>
      </object_component>
      <object_component id="oc-309">
         <name>.debug_info</name>
         <load_address>0xa10e</load_address>
         <run_address>0xa10e</run_address>
         <size>0x48b</size>
         <input_file_ref idref="fl-8"/>
      </object_component>
      <object_component id="oc-19d">
         <name>.debug_info</name>
         <load_address>0xa599</load_address>
         <run_address>0xa599</run_address>
         <size>0x4540</size>
         <input_file_ref idref="fl-8"/>
      </object_component>
      <object_component id="oc-302">
         <name>.debug_info</name>
         <load_address>0xead9</load_address>
         <run_address>0xead9</run_address>
         <size>0x966</size>
         <input_file_ref idref="fl-9"/>
      </object_component>
      <object_component id="oc-2fa">
         <name>.debug_info</name>
         <load_address>0xf43f</load_address>
         <run_address>0xf43f</run_address>
         <size>0x176</size>
         <input_file_ref idref="fl-9"/>
      </object_component>
      <object_component id="oc-196">
         <name>.debug_info</name>
         <load_address>0xf5b5</load_address>
         <run_address>0xf5b5</run_address>
         <size>0xc43</size>
         <input_file_ref idref="fl-9"/>
      </object_component>
      <object_component id="oc-21">
         <name>.debug_info</name>
         <load_address>0x101f8</load_address>
         <run_address>0x101f8</run_address>
         <size>0x1e1</size>
         <input_file_ref idref="fl-a"/>
      </object_component>
      <object_component id="oc-2d5">
         <name>.debug_info</name>
         <load_address>0x103d9</load_address>
         <run_address>0x103d9</run_address>
         <size>0x1f4</size>
         <input_file_ref idref="fl-b"/>
      </object_component>
      <object_component id="oc-2d2">
         <name>.debug_info</name>
         <load_address>0x105cd</load_address>
         <run_address>0x105cd</run_address>
         <size>0x176</size>
         <input_file_ref idref="fl-b"/>
      </object_component>
      <object_component id="oc-193">
         <name>.debug_info</name>
         <load_address>0x10743</load_address>
         <run_address>0x10743</run_address>
         <size>0xaee</size>
         <input_file_ref idref="fl-b"/>
      </object_component>
      <object_component id="oc-164">
         <name>.debug_info</name>
         <load_address>0x11231</load_address>
         <run_address>0x11231</run_address>
         <size>0x2b7</size>
         <input_file_ref idref="fl-11"/>
      </object_component>
      <object_component id="oc-15e">
         <name>.debug_info</name>
         <load_address>0x114e8</load_address>
         <run_address>0x114e8</run_address>
         <size>0x157</size>
         <input_file_ref idref="fl-11"/>
      </object_component>
      <object_component id="oc-158">
         <name>.debug_info</name>
         <load_address>0x1163f</load_address>
         <run_address>0x1163f</run_address>
         <size>0x166</size>
         <input_file_ref idref="fl-11"/>
      </object_component>
      <object_component id="oc-f5">
         <name>.debug_info</name>
         <load_address>0x117a5</load_address>
         <run_address>0x117a5</run_address>
         <size>0x1ac</size>
         <input_file_ref idref="fl-11"/>
      </object_component>
      <object_component id="oc-26a">
         <name>.debug_info</name>
         <load_address>0x11951</load_address>
         <run_address>0x11951</run_address>
         <size>0xb2</size>
         <input_file_ref idref="fl-11"/>
      </object_component>
      <object_component id="oc-24f">
         <name>.debug_info</name>
         <load_address>0x11a03</load_address>
         <run_address>0x11a03</run_address>
         <size>0x458</size>
         <input_file_ref idref="fl-12"/>
      </object_component>
      <object_component id="oc-21d">
         <name>.debug_info</name>
         <load_address>0x11e5b</load_address>
         <run_address>0x11e5b</run_address>
         <size>0x22a</size>
         <input_file_ref idref="fl-12"/>
      </object_component>
      <object_component id="oc-360">
         <name>.debug_info</name>
         <load_address>0x12085</load_address>
         <run_address>0x12085</run_address>
         <size>0x1b3</size>
         <input_file_ref idref="fl-12"/>
      </object_component>
      <object_component id="oc-366">
         <name>.debug_info</name>
         <load_address>0x12238</load_address>
         <run_address>0x12238</run_address>
         <size>0x21b</size>
         <input_file_ref idref="fl-12"/>
      </object_component>
      <object_component id="oc-223">
         <name>.debug_info</name>
         <load_address>0x12453</load_address>
         <run_address>0x12453</run_address>
         <size>0x3ba</size>
         <input_file_ref idref="fl-12"/>
      </object_component>
      <object_component id="oc-36d">
         <name>.debug_info</name>
         <load_address>0x1280d</load_address>
         <run_address>0x1280d</run_address>
         <size>0x30c</size>
         <input_file_ref idref="fl-12"/>
      </object_component>
      <object_component id="oc-373">
         <name>.debug_info</name>
         <load_address>0x12b19</load_address>
         <run_address>0x12b19</run_address>
         <size>0x215</size>
         <input_file_ref idref="fl-12"/>
      </object_component>
      <object_component id="oc-229">
         <name>.debug_info</name>
         <load_address>0x12d2e</load_address>
         <run_address>0x12d2e</run_address>
         <size>0x228</size>
         <input_file_ref idref="fl-12"/>
      </object_component>
      <object_component id="oc-22f">
         <name>.debug_info</name>
         <load_address>0x12f56</load_address>
         <run_address>0x12f56</run_address>
         <size>0x303</size>
         <input_file_ref idref="fl-12"/>
      </object_component>
      <object_component id="oc-235">
         <name>.debug_info</name>
         <load_address>0x13259</load_address>
         <run_address>0x13259</run_address>
         <size>0x4b4</size>
         <input_file_ref idref="fl-12"/>
      </object_component>
      <object_component id="oc-155">
         <name>.debug_info</name>
         <load_address>0x1370d</load_address>
         <run_address>0x1370d</run_address>
         <size>0x5e9</size>
         <input_file_ref idref="fl-12"/>
      </object_component>
      <object_component id="oc-250">
         <name>.debug_info</name>
         <load_address>0x13cf6</load_address>
         <run_address>0x13cf6</run_address>
         <size>0x86</size>
         <input_file_ref idref="fl-12"/>
      </object_component>
      <object_component id="oc-39a">
         <name>.debug_info</name>
         <load_address>0x13d7c</load_address>
         <run_address>0x13d7c</run_address>
         <size>0x39</size>
         <input_file_ref idref="fl-12"/>
      </object_component>
      <object_component id="oc-45e">
         <name>.debug_info</name>
         <load_address>0x13db5</load_address>
         <run_address>0x13db5</run_address>
         <size>0xb6</size>
         <input_file_ref idref="fl-12"/>
      </object_component>
      <object_component id="oc-39f">
         <name>.debug_info</name>
         <load_address>0x13e6b</load_address>
         <run_address>0x13e6b</run_address>
         <size>0x46</size>
         <input_file_ref idref="fl-12"/>
      </object_component>
      <object_component id="oc-255">
         <name>.debug_info</name>
         <load_address>0x13eb1</load_address>
         <run_address>0x13eb1</run_address>
         <size>0x46</size>
         <input_file_ref idref="fl-12"/>
      </object_component>
      <object_component id="oc-395">
         <name>.debug_info</name>
         <load_address>0x13ef7</load_address>
         <run_address>0x13ef7</run_address>
         <size>0x2c</size>
         <input_file_ref idref="fl-12"/>
      </object_component>
      <object_component id="oc-183">
         <name>.debug_info</name>
         <load_address>0x13f23</load_address>
         <run_address>0x13f23</run_address>
         <size>0x324</size>
         <input_file_ref idref="fl-13"/>
      </object_component>
      <object_component id="oc-180">
         <name>.debug_info</name>
         <load_address>0x14247</load_address>
         <run_address>0x14247</run_address>
         <size>0x222</size>
         <input_file_ref idref="fl-13"/>
      </object_component>
      <object_component id="oc-174">
         <name>.debug_info</name>
         <load_address>0x14469</load_address>
         <run_address>0x14469</run_address>
         <size>0x161</size>
         <input_file_ref idref="fl-13"/>
      </object_component>
      <object_component id="oc-178">
         <name>.debug_info</name>
         <load_address>0x145ca</load_address>
[...]
      </symbol>
      <symbol id="sm-5ea">
         <name>fflush</name>
         <value>0x40302a54</value>
         <object_component_ref idref="oc-100"/>
      </symbol>
      <symbol id="sm-5fe">
         <name>getc</name>
         <value>0x403025dc</value>
         <object_component_ref idref="oc-2b5"/>
      </symbol>
      <symbol id="sm-5ff">
         <name>fgetc</name>
         <value>0x403025dc</value>
         <object_component_ref idref="oc-2b5"/>
      </symbol>
      <symbol id="sm-645">
         <name>__TI_cleanup</name>
         <value>0x40303a78</value>
         <object_component_ref idref="oc-494"/>
      </symbol>
      <symbol id="sm-646">
         <name>fopen</name>
         <value>0x40302058</value>
         <object_component_ref idref="oc-2d6"/>
      </symbol>
      <symbol id="sm-65c">
         <name>putc</name>
         <value>0x40301f58</value>
         <object_component_ref idref="oc-261"/>
      </symbol>
      <symbol id="sm-65d">
         <name>fputc</name>
         <value>0x40301f58</value>
         <object_component_ref idref="oc-261"/>
      </symbol>
      <symbol id="sm-67a">
         <name>fputs</name>
         <value>0x40300d78</value>
         <object_component_ref idref="oc-25a"/>
      </symbol>
      <symbol id="sm-695">
         <name>fread</name>
         <value>0x403013d4</value>
         <object_component_ref idref="oc-2f3"/>
      </symbol>
      <symbol id="sm-6ac">
         <name>fseek</name>
         <value>0x40302bac</value>
         <object_component_ref idref="oc-2dc"/>
      </symbol>
      <symbol id="sm-6c5">
         <name>ftell</name>
         <value>0x40302cf8</value>
         <object_component_ref idref="oc-2e2"/>
      </symbol>
      <symbol id="sm-6dd">
         <name>__TI_buff_read</name>
         <value>0x40302150</value>
         <object_component_ref idref="oc-3d6"/>
      </symbol>
      <symbol id="sm-700">
         <name>__TI_wrt_ok</name>
         <value>0x40302d9c</value>
         <object_component_ref idref="oc-3a4"/>
      </symbol>
      <symbol id="sm-701">
         <name>__TI_rd_ok</name>
         <value>0x40303738</value>
         <object_component_ref idref="oc-3d0"/>
      </symbol>
      <symbol id="sm-71c">
         <name>setvbuf</name>
         <value>0x4030184c</value>
         <object_component_ref idref="oc-3e4"/>
      </symbol>
      <symbol id="sm-72f">
         <name>ungetc</name>
         <value>0x40302778</value>
         <object_component_ref idref="oc-2bc"/>
      </symbol>
      <symbol id="sm-74b">
         <name>__aeabi_uldivmod</name>
         <value>0x402ff8d4</value>
         <object_component_ref idref="oc-332"/>
      </symbol>
      <symbol id="sm-75d">
         <name>__aeabi_idivmod</name>
         <value>0x40301d34</value>
         <object_component_ref idref="oc-2ee"/>
      </symbol>
      <symbol id="sm-75e">
         <name>__aeabi_idiv</name>
         <value>0x40301d34</value>
         <object_component_ref idref="oc-2ee"/>
      </symbol>
      <symbol id="sm-770">
         <name>__aeabi_uidivmod</name>
         <value>0x40302240</value>
         <object_component_ref idref="oc-303"/>
      </symbol>
      <symbol id="sm-771">
         <name>__aeabi_uidiv</name>
         <value>0x40302240</value>
         <object_component_ref idref="oc-303"/>
      </symbol>
      <symbol id="sm-780">
         <name>__aeabi_memset</name>
         <value>0x403028fc</value>
         <object_component_ref idref="oc-69"/>
      </symbol>
      <symbol id="sm-781">
         <name>memset</name>
         <value>0x40302908</value>
         <object_component_ref idref="oc-69"/>
      </symbol>
      <symbol id="sm-782">
         <name>__aeabi_memset8</name>
         <value>0x403028fc</value>
         <object_component_ref idref="oc-69"/>
      </symbol>
      <symbol id="sm-783">
         <name>__aeabi_memset4</name>
         <value>0x403028fc</value>
         <object_component_ref idref="oc-69"/>
      </symbol>
      <symbol id="sm-784">
         <name>__aeabi_memclr8</name>
         <value>0x403028f8</value>
         <object_component_ref idref="oc-69"/>
      </symbol>
      <symbol id="sm-785">
         <name>__aeabi_memclr4</name>
         <value>0x403028f8</value>
         <object_component_ref idref="oc-69"/>
      </symbol>
      <symbol id="sm-786">
         <name>__aeabi_memclr</name>
         <value>0x403028f8</value>
         <object_component_ref idref="oc-69"/>
      </symbol>
      <symbol id="sm-794">
         <name>_c_int00</name>
         <value>0x40303d5c</value>
         <object_component_ref idref="oc-4a"/>
      </symbol>
      <symbol id="sm-795">
         <name>__stack</name>
         <value>0x40304008</value>
         <object_component_ref idref="oc-23"/>
      </symbol>
      <symbol id="sm-7ac">
         <name>__aeabi_dsub</name>
         <value>0x40300078</value>
         <object_component_ref idref="oc-357"/>
      </symbol>
      <symbol id="sm-7ad">
         <name>__aeabi_dadd</name>
         <value>0x40300084</value>
         <object_component_ref idref="oc-357"/>
      </symbol>
      <symbol id="sm-7cf">
         <name>__aeabi_cdcmpeq</name>
         <value>0x4030241c</value>
         <object_component_ref idref="oc-237"/>
      </symbol>
      <symbol id="sm-7d0">
         <name>__aeabi_cdcmple</name>
         <value>0x4030241c</value>
         <object_component_ref idref="oc-237"/>
      </symbol>
      <symbol id="sm-7d1">
         <name>__aeabi_cdrcmple</name>
         <value>0x403024fc</value>
         <object_component_ref idref="oc-342"/>
      </symbol>
      <symbol id="sm-7e5">
         <name>__aeabi_ddiv</name>
         <value>0x40301244</value>
         <object_component_ref idref="oc-33d"/>
      </symbol>
      <symbol id="sm-7f0">
         <name>__aeabi_dmul</name>
         <value>0x40301c0c</value>
         <object_component_ref idref="oc-338"/>
      </symbol>
      <symbol id="sm-7fa">
         <name>__aeabi_d2iz</name>
         <value>0x403039c4</value>
         <object_component_ref idref="oc-347"/>
      </symbol>
      <symbol id="sm-804">
         <name>__aeabi_i2d</name>
         <value>0x40303d98</value>
         <object_component_ref idref="oc-352"/>
      </symbol>
      <symbol id="sm-81d">
         <name>memcpy</name>
         <value>0x40301558</value>
         <object_component_ref idref="oc-32"/>
      </symbol>
      <symbol id="sm-81e">
         <name>__aeabi_memcpy</name>
         <value>0x40301558</value>
         <object_component_ref idref="oc-32"/>
      </symbol>
      <symbol id="sm-81f">
         <name>__aeabi_memcpy8</name>
         <value>0x40301558</value>
         <object_component_ref idref="oc-32"/>
      </symbol>
      <symbol id="sm-820">
         <name>__aeabi_memcpy4</name>
         <value>0x40301558</value>
         <object_component_ref idref="oc-32"/>
      </symbol>
      <symbol id="sm-82a">
         <name>__mpu_init</name>
         <value>0x40303ff0</value>
         <object_component_ref idref="oc-6f"/>
      </symbol>
      <symbol id="sm-852">
         <name>__TI_auto_init_nobinit_nopinit</name>
         <value>0x40303964</value>
         <object_component_ref idref="oc-a1"/>
      </symbol>
      <symbol id="sm-85c">
         <name>_system_pre_init</name>
         <value>0x40303fd8</value>
         <object_component_ref idref="oc-75"/>
      </symbol>
      <symbol id="sm-870">
         <name>__TI_zero_init_nomemset</name>
         <value>0x40303e8c</value>
         <object_component_ref idref="oc-3e"/>
      </symbol>
      <symbol id="sm-887">
         <name>__TI_decompress_none</name>
         <value>0x40303f84</value>
         <object_component_ref idref="oc-17"/>
      </symbol>
      <symbol id="sm-8ac">
         <name>__TI_decompress_lzss</name>
         <value>0x40302ed8</value>
         <object_component_ref idref="oc-11"/>
      </symbol>
      <symbol id="sm-8d2">
         <name>C$$EXIT</name>
         <value>0x40303fe0</value>
         <object_component_ref idref="oc-d9"/>
      </symbol>
      <symbol id="sm-8d3">
         <name>abort</name>
         <value>0x40303fe0</value>
         <object_component_ref idref="oc-d9"/>
      </symbol>
      <symbol id="sm-8d4">
         <name>__TI_dtors_ptr</name>
         <value>0x4030a680</value>
         <object_component_ref idref="oc-135"/>
      </symbol>
      <symbol id="sm-8d5">
         <name>__TI_cleanup_ptr</name>
         <value>0x4030a67c</value>
         <object_component_ref idref="oc-135"/>
      </symbol>
      <symbol id="sm-8d6">
         <name>__TI_enable_exit_profile_output</name>
         <value>0x4030a684</value>
         <object_component_ref idref="oc-135"/>
      </symbol>
      <symbol id="sm-8d7">
         <name>exit</name>
         <value>0x403036bc</value>
         <object_component_ref idref="oc-df"/>
      </symbol>
      <symbol id="sm-8ec">
         <name>_nop</name>
         <value>0x40303ff4</value>
         <object_component_ref idref="oc-1f5"/>
      </symbol>
      <symbol id="sm-8ed">
         <name>_lock</name>
         <value>0x4030a694</value>
         <object_component_ref idref="oc-138"/>
      </symbol>
      <symbol id="sm-8ee">
         <name>_unlock</name>
         <value>0x4030a698</value>
         <object_component_ref idref="oc-138"/>
      </symbol>
      <symbol id="sm-8fc">
         <name>__TI_ltoa</name>
         <value>0x4030363c</value>
         <object_component_ref idref="oc-34c"/>
      </symbol>
      <symbol id="sm-910">
         <name>_args_main</name>
         <value>0x40303f28</value>
         <object_component_ref idref="oc-7c"/>
      </symbol>
      <symbol id="sm-925">
         <name>atoi</name>
         <value>0x403035b8</value>
         <object_component_ref idref="oc-213"/>
      </symbol>
      <symbol id="sm-930">
         <name>_ctypes_</name>
         <value>0x4030a8b0</value>
         <object_component_ref idref="oc-274"/>
      </symbol>
      <symbol id="sm-945">
         <name>__TI_tmpnams</name>
         <value>0x4030a7d4</value>
      </symbol>
      <symbol id="sm-946">
         <name>__aeabi_stdout</name>
         <value>0x4030a674</value>
         <object_component_ref idref="oc-18a"/>
      </symbol>
      <symbol id="sm-947">
         <name>__aeabi_stderr</name>
         <value>0x4030a678</value>
         <object_component_ref idref="oc-18a"/>
      </symbol>
      <symbol id="sm-948">
         <name>__aeabi_stdin</name>
         <value>0x4030a670</value>
         <object_component_ref idref="oc-18a"/>
      </symbol>
      <symbol id="sm-949">
         <name>_ftable</name>
         <value>0x4030a384</value>
         <object_component_ref idref="oc-11b"/>
      </symbol>
      <symbol id="sm-94a">
         <name>__TI_ft_end</name>
         <value>0x4030a66c</value>
         <object_component_ref idref="oc-18a"/>
      </symbol>
      <symbol id="sm-959">
         <name>memccpy</name>
         <value>0x40303e04</value>
         <object_component_ref idref="oc-23c"/>
      </symbol>
      <symbol id="sm-968">
         <name>memchr</name>
         <value>0x40303e34</value>
         <object_component_ref idref="oc-3aa"/>
      </symbol>
      <symbol id="sm-9e7">
         <name>_sys_memory</name>
         <value>0x40308008</value>
         <object_component_ref idref="oc-24"/>
      </symbol>
      <symbol id="sm-9e8">
         <name>free</name>
         <value>0x403016d8</value>
         <object_component_ref idref="oc-488"/>
      </symbol>
      <symbol id="sm-9e9">
         <name>memalign</name>
         <value>0x40300f1c</value>
         <object_component_ref idref="oc-4f8"/>
      </symbol>
      <symbol id="sm-9ea">
         <name>malloc</name>
         <value>0x40303fc4</value>
         <object_component_ref idref="oc-48e"/>
      </symbol>
      <symbol id="sm-9eb">
         <name>aligned_alloc</name>
         <value>0x40300f1c</value>
         <object_component_ref idref="oc-4f8"/>
      </symbol>
      <symbol id="sm-9fa">
         <name>strchr</name>
         <value>0x40303eb4</value>
         <object_component_ref idref="oc-2a6"/>
      </symbol>
      <symbol id="sm-a08">
         <name>strcmp</name>
         <value>0x40303edc</value>
         <object_component_ref idref="oc-1c9"/>
      </symbol>
      <symbol id="sm-a16">
         <name>strlen</name>
         <value>0x40303f48</value>
         <object_component_ref idref="oc-20d"/>
      </symbol>
      <symbol id="sm-a2b">
         <name>write</name>
         <value>0x40303cd8</value>
         <object_component_ref idref="oc-2c6"/>
      </symbol>
      <symbol id="sm-a3c">
         <name>_stream</name>
         <value>0x4030a56c</value>
         <object_component_ref idref="oc-3ec"/>
      </symbol>
      <symbol id="sm-a3d">
         <name>_device</name>
         <value>0x4030a4f4</value>
         <object_component_ref idref="oc-4a3"/>
      </symbol>
      <symbol id="sm-a4e">
         <name>read</name>
         <value>0x40303c94</value>
         <object_component_ref idref="oc-3dc"/>
      </symbol>
      <symbol id="sm-a6d">
         <name>open</name>
         <value>0x40301ae4</value>
         <object_component_ref idref="oc-4b5"/>
      </symbol>
      <symbol id="sm-a7d">
         <name>lseek</name>
         <value>0x40303c50</value>
         <object_component_ref idref="oc-3fe"/>
      </symbol>
      <symbol id="sm-a91">
         <name>close</name>
         <value>0x40302e3c</value>
         <object_component_ref idref="oc-4c4"/>
      </symbol>
      <symbol id="sm-aa7">
         <name>__aeabi_errno_addr</name>
         <value>0x40303fb8</value>
         <object_component_ref idref="oc-248"/>
      </symbol>
      <symbol id="sm-aa8">
         <name>errno</name>
         <value>0x4030a6a8</value>
         <object_component_ref idref="oc-38e"/>
      </symbol>
      <symbol id="sm-ac7">
         <name>frexpl</name>
         <value>0x40303428</value>
         <object_component_ref idref="oc-377"/>
      </symbol>
      <symbol id="sm-ac8">
         <name>frexp</name>
         <value>0x40303428</value>
         <object_component_ref idref="oc-377"/>
      </symbol>
      <symbol id="sm-aea">
         <name>scalbn</name>
         <value>0x403019a0</value>
         <object_component_ref idref="oc-37d"/>
      </symbol>
      <symbol id="sm-aeb">
         <name>scalbnl</name>
         <value>0x403019a0</value>
         <object_component_ref idref="oc-37d"/>
      </symbol>
      <symbol id="sm-aec">
         <name>ldexpl</name>
         <value>0x403019a0</value>
         <object_component_ref idref="oc-37d"/>
      </symbol>
      <symbol id="sm-aed">
         <name>ldexp</name>
         <value>0x403019a0</value>
         <object_component_ref idref="oc-37d"/>
      </symbol>
      <symbol id="sm-af7">
         <name>copysign</name>
         <value>0x40303fa8</value>
         <object_component_ref idref="oc-449"/>
      </symbol>
      <symbol id="sm-af8">
         <name>copysignl</name>
         <value>0x40303fa8</value>
         <object_component_ref idref="oc-449"/>
      </symbol>
      <symbol id="sm-b11">
         <name>wcslen</name>
         <value>0x40303f04</value>
         <object_component_ref idref="oc-242"/>
      </symbol>
      <symbol id="sm-bb0">
         <name>__TI_scanfi</name>
         <value>0x402f9e94</value>
         <object_component_ref idref="oc-16a"/>
      </symbol>
      <symbol id="sm-bd2">
         <name>finddevice</name>
         <value>0x40303b20</value>
         <object_component_ref idref="oc-56d"/>
      </symbol>
      <symbol id="sm-bd3">
         <name>getdevice</name>
         <value>0x40303894</value>
         <object_component_ref idref="oc-530"/>
      </symbol>
      <symbol id="sm-bdd">
         <name>__aeabi_idiv0</name>
         <value>0x40304000</value>
         <object_component_ref idref="oc-415"/>
      </symbol>
      <symbol id="sm-bde">
         <name>__aeabi_ldiv0</name>
         <value>0x40304000</value>
         <object_component_ref idref="oc-415"/>
      </symbol>
      <symbol id="sm-bea">
         <name>__aeabi_d2f</name>
         <value>0x40303010</value>
         <object_component_ref idref="oc-28f"/>
      </symbol>
      <symbol id="sm-bf8">
         <name>strcpy</name>
         <value>0x40303f68</value>
         <object_component_ref idref="oc-277"/>
      </symbol>
      <symbol id="sm-c07">
         <name>strncpy</name>
         <value>0x40303bc0</value>
         <object_component_ref idref="oc-567"/>
      </symbol>
      <symbol id="sm-c16">
         <name>strrchr</name>
         <value>0x40303e60</value>
         <object_component_ref idref="oc-2a0"/>
      </symbol>
      <symbol id="sm-c73">
         <name>strtold</name>
         <value>0x402fe3b8</value>
         <object_component_ref idref="oc-289"/>
      </symbol>
      <symbol id="sm-c74">
         <name>strtod</name>
         <value>0x402fe3b8</value>
         <object_component_ref idref="oc-289"/>
      </symbol>
      <symbol id="sm-c96">
         <name>strtol</name>
         <value>0x40300498</value>
         <object_component_ref idref="oc-294"/>
      </symbol>
      <symbol id="sm-cbc">
         <name>strtoll</name>
         <value>0x402ff604</value>
         <object_component_ref idref="oc-29a"/>
      </symbol>
      <symbol id="sm-cdb">
         <name>strtoul</name>
         <value>0x40300860</value>
         <object_component_ref idref="oc-27d"/>
      </symbol>
      <symbol id="sm-cfe">
         <name>strtoull</name>
         <value>0x402ffe38</value>
         <object_component_ref idref="oc-283"/>
      </symbol>
      <symbol id="sm-d0e">
         <name>unlink</name>
         <value>0x40303c08</value>
         <object_component_ref idref="oc-4ca"/>
      </symbol>
      <symbol id="sm-d1f">
         <name>HOSTclose</name>
         <value>0x403037b0</value>
         <object_component_ref idref="oc-508"/>
      </symbol>
      <symbol id="sm-d30">
         <name>HOSTlseek</name>
         <value>0x403029a8</value>
         <object_component_ref idref="oc-51a"/>
      </symbol>
      <symbol id="sm-d42">
         <name>parmbuf</name>
         <value>0x4030a898</value>
      </symbol>
      <symbol id="sm-d43">
         <name>HOSTopen</name>
         <value>0x40303148</value>
         <object_component_ref idref="oc-502"/>
      </symbol>
      <symbol id="sm-d54">
         <name>HOSTread</name>
         <value>0x40303278</value>
         <object_component_ref idref="oc-50e"/>
      </symbol>
      <symbol id="sm-d65">
         <name>HOSTrename</name>
         <value>0x40302c54</value>
         <object_component_ref idref="oc-526"/>
      </symbol>
      <symbol id="sm-d76">
         <name>HOSTunlink</name>
         <value>0x40303824</value>
         <object_component_ref idref="oc-520"/>
      </symbol>
      <symbol id="sm-d87">
         <name>HOSTwrite</name>
         <value>0x40303308</value>
         <object_component_ref idref="oc-514"/>
      </symbol>
      <symbol id="sm-daa">
         <name>__TI_readmsg</name>
         <value>0x40303a20</value>
         <object_component_ref idref="oc-551"/>
      </symbol>
      <symbol id="sm-dab">
         <name>C$$IO$$</name>
         <value>0x40303b14</value>
         <object_component_ref idref="oc-54b"/>
      </symbol>
      <symbol id="sm-dac">
         <name>__CIOBUF_</name>
         <value>0x4030a6b4</value>
         <object_component_ref idref="oc-583"/>
      </symbol>
      <symbol id="sm-dad">
         <name>__TI_writemsg</name>
         <value>0x40303acc</value>
         <object_component_ref idref="oc-54b"/>
      </symbol>
      <symbol id="sm-dae">
         <name>__TI_static_base__</name>
         <value>0x4030aaa0</value>
      </symbol>
      <symbol id="sm-db1">
         <name>_system_post_cinit</name>
         <value>0x0</value>
      </symbol>
      <symbol id="sm-db2">
         <name>remove</name>
         <value>0x40303c08</value>
      </symbol>
   </symbol_table>
   <title>Link successful</title>
</link_info>
